2026-08-09 21:55:37,078 INFO Code.src.models.classifier: Using ESM-2 encoder on cuda:0
2026-08-09 22:04:39,642 INFO Code.src.utils.embedding_cache: Saved frozen embeddings: /home/ubuntu/protein-sequence-augmentation/data/processed/embeddings/solubility/esm2/shared/train_da44ec7cad2b5ec4.pt
2026-08-09 22:05:42,645 INFO Code.src.utils.embedding_cache: Saved frozen embeddings: /home/ubuntu/protein-sequence-augmentation/data/processed/embeddings/solubility/esm2/shared/valid_49fff6daf19bd622.pt
2026-08-09 22:05:45,151 INFO Code.src.training.classification_pipeline: Epoch 1/30
2026-08-09 22:05:58,388 INFO Code.src.training.classification_pipeline: Epoch 1: train loss 0.6517, val loss 0.6351, val accuracy 0.6402
2026-08-09 22:05:58,389 INFO Code.src.training.classification_pipeline: Epoch 2/30
2026-08-09 22:06:11,208 INFO Code.src.training.classification_pipeline: Epoch 2: train loss 0.6322, val loss 0.6253, val accuracy 0.6525
2026-08-09 22:06:11,209 INFO Code.src.training.classification_pipeline: Epoch 3/30
2026-08-09 22:06:24,259 INFO Code.src.training.classification_pipeline: Epoch 3: train loss 0.6257, val loss 0.6209, val accuracy 0.6538
2026-08-09 22:06:24,260 INFO Code.src.training.classification_pipeline: Epoch 4/30
2026-08-09 22:06:37,141 INFO Code.src.training.classification_pipeline: Epoch 4: train loss 0.6220, val loss 0.6180, val accuracy 0.6570
2026-08-09 22:06:37,141 INFO Code.src.training.classification_pipeline: Epoch 5/30
2026-08-09 22:06:50,157 INFO Code.src.training.classification_pipeline: Epoch 5: train loss 0.6197, val loss 0.6164, val accuracy 0.6595
2026-08-09 22:06:50,157 INFO Code.src.training.classification_pipeline: Epoch 6/30
2026-08-09 22:07:03,016 INFO Code.src.training.classification_pipeline: Epoch 6: train loss 0.6179, val loss 0.6149, val accuracy 0.6569
2026-08-09 22:07:03,016 INFO Code.src.training.classification_pipeline: Epoch 7/30
2026-08-09 22:07:18,401 INFO Code.src.training.classification_pipeline: Epoch 7: train loss 0.6165, val loss 0.6141, val accuracy 0.6592
2026-08-09 22:07:18,401 INFO Code.src.training.classification_pipeline: Epoch 8/30
2026-08-09 22:07:34,970 INFO Code.src.training.classification_pipeline: Epoch 8: train loss 0.6154, val loss 0.6131, val accuracy 0.6590
2026-08-09 22:07:34,970 INFO Code.src.training.classification_pipeline: Epoch 9/30
2026-08-09 22:07:53,342 INFO Code.src.training.classification_pipeline: Epoch 9: train loss 0.6144, val loss 0.6127, val accuracy 0.6613
2026-08-09 22:07:53,342 INFO Code.src.training.classification_pipeline: Epoch 10/30
2026-08-09 22:08:10,215 INFO Code.src.training.classification_pipeline: Epoch 10: train loss 0.6136, val loss 0.6119, val accuracy 0.6603
2026-08-09 22:08:10,215 INFO Code.src.training.classification_pipeline: Epoch 11/30
2026-08-09 22:08:30,712 INFO Code.src.training.classification_pipeline: Epoch 11: train loss 0.6128, val loss 0.6107, val accuracy 0.6587
2026-08-09 22:08:30,712 INFO Code.src.training.classification_pipeline: Epoch 12/30
2026-08-09 22:08:51,418 INFO Code.src.training.classification_pipeline: Epoch 12: train loss 0.6121, val loss 0.6101, val accuracy 0.6570
2026-08-09 22:08:51,418 INFO Code.src.training.classification_pipeline: Epoch 13/30
2026-08-09 22:09:15,881 INFO Code.src.training.classification_pipeline: Epoch 13: train loss 0.6115, val loss 0.6097, val accuracy 0.6593
2026-08-09 22:09:15,881 INFO Code.src.training.classification_pipeline: Epoch 14/30
2026-08-09 22:09:36,535 INFO Code.src.training.classification_pipeline: Epoch 14: train loss 0.6108, val loss 0.6097, val accuracy 0.6634
2026-08-09 22:09:36,535 INFO Code.src.training.classification_pipeline: Epoch 15/30
2026-08-09 22:09:54,354 INFO Code.src.training.classification_pipeline: Epoch 15: train loss 0.6104, val loss 0.6091, val accuracy 0.6582
2026-08-09 22:09:54,355 INFO Code.src.training.classification_pipeline: Epoch 16/30
2026-08-09 22:10:11,728 INFO Code.src.training.classification_pipeline: Epoch 16: train loss 0.6100, val loss 0.6084, val accuracy 0.6583
2026-08-09 22:10:11,728 INFO Code.src.training.classification_pipeline: Epoch 17/30
2026-08-09 22:10:29,837 INFO Code.src.training.classification_pipeline: Epoch 17: train loss 0.6095, val loss 0.6083, val accuracy 0.6615
2026-08-09 22:10:29,838 INFO Code.src.training.classification_pipeline: Epoch 18/30
2026-08-09 22:10:50,247 INFO Code.src.training.classification_pipeline: Epoch 18: train loss 0.6091, val loss 0.6077, val accuracy 0.6590
2026-08-09 22:10:50,248 INFO Code.src.training.classification_pipeline: Epoch 19/30
2026-08-09 22:11:13,692 INFO Code.src.training.classification_pipeline: Epoch 19: train loss 0.6087, val loss 0.6073, val accuracy 0.6605
2026-08-09 22:11:13,692 INFO Code.src.training.classification_pipeline: Epoch 20/30
2026-08-09 22:11:29,082 INFO Code.src.training.classification_pipeline: Epoch 20: train loss 0.6083, val loss 0.6072, val accuracy 0.6593
2026-08-09 22:11:29,082 INFO Code.src.training.classification_pipeline: Epoch 21/30
2026-08-09 22:11:44,511 INFO Code.src.training.classification_pipeline: Epoch 21: train loss 0.6080, val loss 0.6068, val accuracy 0.6613
2026-08-09 22:11:44,511 INFO Code.src.training.classification_pipeline: Epoch 22/30
2026-08-09 22:11:59,935 INFO Code.src.training.classification_pipeline: Epoch 22: train loss 0.6077, val loss 0.6065, val accuracy 0.6628
2026-08-09 22:11:59,935 INFO Code.src.training.classification_pipeline: Epoch 23/30
2026-08-09 22:12:15,472 INFO Code.src.training.classification_pipeline: Epoch 23: train loss 0.6073, val loss 0.6064, val accuracy 0.6616
2026-08-09 22:12:15,473 INFO Code.src.training.classification_pipeline: Epoch 24/30
2026-08-09 22:12:30,177 INFO Code.src.training.classification_pipeline: Epoch 24: train loss 0.6071, val loss 0.6061, val accuracy 0.6629
2026-08-09 22:12:30,177 INFO Code.src.training.classification_pipeline: Epoch 25/30
2026-08-09 22:12:46,376 INFO Code.src.training.classification_pipeline: Epoch 25: train loss 0.6068, val loss 0.6060, val accuracy 0.6632
2026-08-09 22:12:46,377 INFO Code.src.training.classification_pipeline: Epoch 26/30
2026-08-09 22:13:02,196 INFO Code.src.training.classification_pipeline: Epoch 26: train loss 0.6066, val loss 0.6055, val accuracy 0.6619
2026-08-09 22:13:02,196 INFO Code.src.training.classification_pipeline: Epoch 27/30
2026-08-09 22:13:18,186 INFO Code.src.training.classification_pipeline: Epoch 27: train loss 0.6064, val loss 0.6054, val accuracy 0.6628
2026-08-09 22:13:18,186 INFO Code.src.training.classification_pipeline: Epoch 28/30
2026-08-09 22:13:34,228 INFO Code.src.training.classification_pipeline: Epoch 28: train loss 0.6061, val loss 0.6052, val accuracy 0.6642
2026-08-09 22:13:34,228 INFO Code.src.training.classification_pipeline: Epoch 29/30
2026-08-09 22:13:49,251 INFO Code.src.training.classification_pipeline: Epoch 29: train loss 0.6058, val loss 0.6050, val accuracy 0.6651
2026-08-09 22:13:49,251 INFO Code.src.training.classification_pipeline: Epoch 30/30
2026-08-09 22:14:02,347 INFO Code.src.training.classification_pipeline: Epoch 30: train loss 0.6056, val loss 0.6049, val accuracy 0.6644
