2026-07-26 20:28:04,361 INFO __main__: Saved frozen embeddings: /home/ubuntu/research/protein-sequence-augmentation/data/processed/embeddings/solubility/random_autoencoder/seed_43/train_eb6c20899c3bb661.pt
2026-07-26 20:28:49,529 INFO __main__: Saved frozen embeddings: /home/ubuntu/research/protein-sequence-augmentation/data/processed/embeddings/solubility/random_autoencoder/seed_43/valid_6404a18e24fc43d3.pt
2026-07-26 20:29:02,974 INFO __main__: Saved frozen embeddings: /home/ubuntu/research/protein-sequence-augmentation/data/processed/embeddings/solubility/random_autoencoder/seed_43/test_8cbc9ff708d0b344.pt
2026-07-26 20:29:03,086 INFO Code.src.training.classification_pipeline: Epoch 1/30
2026-07-26 20:30:03,973 INFO Code.src.training.classification_pipeline: Epoch 1: train loss 0.6731, val loss 0.6641, val accuracy 0.5952
2026-07-26 20:30:03,973 INFO Code.src.training.classification_pipeline: Epoch 2/30
2026-07-26 20:31:04,649 INFO Code.src.training.classification_pipeline: Epoch 2: train loss 0.6653, val loss 0.6581, val accuracy 0.6080
2026-07-26 20:31:04,649 INFO Code.src.training.classification_pipeline: Epoch 3/30
2026-07-26 20:32:05,423 INFO Code.src.training.classification_pipeline: Epoch 3: train loss 0.6617, val loss 0.6552, val accuracy 0.6150
2026-07-26 20:32:05,423 INFO Code.src.training.classification_pipeline: Epoch 4/30
2026-07-26 20:32:53,299 INFO Code.src.training.classification_pipeline: Epoch 4: train loss 0.6597, val loss 0.6552, val accuracy 0.6197
2026-07-26 20:32:53,300 INFO Code.src.training.classification_pipeline: Epoch 5/30
2026-07-26 20:33:54,212 INFO Code.src.training.classification_pipeline: Epoch 5: train loss 0.6579, val loss 0.6520, val accuracy 0.6170
2026-07-26 20:33:54,212 INFO Code.src.training.classification_pipeline: Epoch 6/30
2026-07-26 20:34:55,136 INFO Code.src.training.classification_pipeline: Epoch 6: train loss 0.6570, val loss 0.6509, val accuracy 0.6162
2026-07-26 20:34:55,136 INFO Code.src.training.classification_pipeline: Epoch 7/30
2026-07-26 20:35:56,031 INFO Code.src.training.classification_pipeline: Epoch 7: train loss 0.6561, val loss 0.6501, val accuracy 0.6170
2026-07-26 20:35:56,031 INFO Code.src.training.classification_pipeline: Epoch 8/30
2026-07-26 20:36:44,319 INFO Code.src.training.classification_pipeline: Epoch 8: train loss 0.6550, val loss 0.6493, val accuracy 0.6239
2026-07-26 20:36:44,319 INFO Code.src.training.classification_pipeline: Epoch 9/30
2026-07-26 20:37:45,076 INFO Code.src.training.classification_pipeline: Epoch 9: train loss 0.6540, val loss 0.6489, val accuracy 0.6165
2026-07-26 20:37:45,076 INFO Code.src.training.classification_pipeline: Epoch 10/30
2026-07-26 20:38:45,909 INFO Code.src.training.classification_pipeline: Epoch 10: train loss 0.6536, val loss 0.6480, val accuracy 0.6243
2026-07-26 20:38:45,909 INFO Code.src.training.classification_pipeline: Epoch 11/30
2026-07-26 20:39:46,754 INFO Code.src.training.classification_pipeline: Epoch 11: train loss 0.6528, val loss 0.6470, val accuracy 0.6236
2026-07-26 20:39:46,754 INFO Code.src.training.classification_pipeline: Epoch 12/30
2026-07-26 20:40:43,551 INFO Code.src.training.classification_pipeline: Epoch 12: train loss 0.6521, val loss 0.6469, val accuracy 0.6250
2026-07-26 20:40:43,551 INFO Code.src.training.classification_pipeline: Epoch 13/30
2026-07-26 20:41:33,745 INFO Code.src.training.classification_pipeline: Epoch 13: train loss 0.6516, val loss 0.6462, val accuracy 0.6255
2026-07-26 20:41:33,745 INFO Code.src.training.classification_pipeline: Epoch 14/30
2026-07-26 20:42:34,629 INFO Code.src.training.classification_pipeline: Epoch 14: train loss 0.6510, val loss 0.6454, val accuracy 0.6247
2026-07-26 20:42:34,629 INFO Code.src.training.classification_pipeline: Epoch 15/30
2026-07-26 20:43:35,480 INFO Code.src.training.classification_pipeline: Epoch 15: train loss 0.6502, val loss 0.6449, val accuracy 0.6263
2026-07-26 20:43:35,480 INFO Code.src.training.classification_pipeline: Epoch 16/30
2026-07-26 20:44:36,373 INFO Code.src.training.classification_pipeline: Epoch 16: train loss 0.6497, val loss 0.6469, val accuracy 0.6275
2026-07-26 20:44:36,373 INFO Code.src.training.classification_pipeline: Epoch 17/30
2026-07-26 20:45:24,331 INFO Code.src.training.classification_pipeline: Epoch 17: train loss 0.6492, val loss 0.6445, val accuracy 0.6250
2026-07-26 20:45:24,331 INFO Code.src.training.classification_pipeline: Epoch 18/30
2026-07-26 20:46:25,008 INFO Code.src.training.classification_pipeline: Epoch 18: train loss 0.6486, val loss 0.6493, val accuracy 0.6124
2026-07-26 20:46:25,008 INFO Code.src.training.classification_pipeline: Epoch 19/30
2026-07-26 20:47:25,787 INFO Code.src.training.classification_pipeline: Epoch 19: train loss 0.6480, val loss 0.6440, val accuracy 0.6268
2026-07-26 20:47:25,787 INFO Code.src.training.classification_pipeline: Epoch 20/30
2026-07-26 20:48:26,607 INFO Code.src.training.classification_pipeline: Epoch 20: train loss 0.6476, val loss 0.6436, val accuracy 0.6258
2026-07-26 20:48:26,607 INFO Code.src.training.classification_pipeline: Epoch 21/30
2026-07-26 20:49:17,375 INFO Code.src.training.classification_pipeline: Epoch 21: train loss 0.6471, val loss 0.6423, val accuracy 0.6232
2026-07-26 20:49:17,375 INFO Code.src.training.classification_pipeline: Epoch 22/30
2026-07-26 20:50:03,764 INFO Code.src.training.classification_pipeline: Epoch 22: train loss 0.6467, val loss 0.6423, val accuracy 0.6266
2026-07-26 20:50:03,764 INFO Code.src.training.classification_pipeline: Epoch 23/30
2026-07-26 20:51:04,523 INFO Code.src.training.classification_pipeline: Epoch 23: train loss 0.6463, val loss 0.6417, val accuracy 0.6262
2026-07-26 20:51:04,524 INFO Code.src.training.classification_pipeline: Epoch 24/30
2026-07-26 20:52:05,648 INFO Code.src.training.classification_pipeline: Epoch 24: train loss 0.6457, val loss 0.6412, val accuracy 0.6223
2026-07-26 20:52:05,648 INFO Code.src.training.classification_pipeline: Epoch 25/30
2026-07-26 20:53:06,443 INFO Code.src.training.classification_pipeline: Epoch 25: train loss 0.6453, val loss 0.6419, val accuracy 0.6285
2026-07-26 20:53:06,443 INFO Code.src.training.classification_pipeline: Epoch 26/30
2026-07-26 20:53:55,640 INFO Code.src.training.classification_pipeline: Epoch 26: train loss 0.6451, val loss 0.6434, val accuracy 0.6314
2026-07-26 20:53:55,640 INFO Code.src.training.classification_pipeline: Epoch 27/30
2026-07-26 20:54:57,067 INFO Code.src.training.classification_pipeline: Epoch 27: train loss 0.6444, val loss 0.6398, val accuracy 0.6250
2026-07-26 20:54:57,067 INFO Code.src.training.classification_pipeline: Epoch 28/30
2026-07-26 20:55:58,323 INFO Code.src.training.classification_pipeline: Epoch 28: train loss 0.6441, val loss 0.6396, val accuracy 0.6252
2026-07-26 20:55:58,323 INFO Code.src.training.classification_pipeline: Epoch 29/30
2026-07-26 20:56:59,549 INFO Code.src.training.classification_pipeline: Epoch 29: train loss 0.6437, val loss 0.6395, val accuracy 0.6224
2026-07-26 20:56:59,549 INFO Code.src.training.classification_pipeline: Epoch 30/30
2026-07-26 20:57:56,165 INFO Code.src.training.classification_pipeline: Epoch 30: train loss 0.6434, val loss 0.6390, val accuracy 0.6237
2026-07-26 20:57:56,296 INFO Code.src.training.classification_pipeline: Test Loss: 0.6708 | Test Acc: 0.5638 | Test F1 (Macro): 0.5158
