2026-07-30 03:54:26,794 INFO Code.src.utils.embedding_cache: Using cached frozen embeddings: /home/ubuntu/protein-sequence-augmentation/data/processed/embeddings/solubility/trained_autoencoder/shared/train_5865efccb4c0f33b.pt
2026-07-30 03:54:26,828 INFO Code.src.utils.embedding_cache: Using cached frozen embeddings: /home/ubuntu/protein-sequence-augmentation/data/processed/embeddings/solubility/trained_autoencoder/shared/valid_e57addc1474b2f72.pt
2026-07-30 03:54:26,831 INFO Code.src.training.classification_pipeline: Epoch 1/30
2026-07-30 03:54:34,010 INFO Code.src.training.classification_pipeline: Epoch 1: train loss 0.6260, val loss 0.6162, val accuracy 0.6366
2026-07-30 03:54:34,010 INFO Code.src.training.classification_pipeline: Epoch 2/30
2026-07-30 03:54:41,181 INFO Code.src.training.classification_pipeline: Epoch 2: train loss 0.6207, val loss 0.6159, val accuracy 0.6381
2026-07-30 03:54:41,181 INFO Code.src.training.classification_pipeline: Epoch 3/30
2026-07-30 03:54:48,373 INFO Code.src.training.classification_pipeline: Epoch 3: train loss 0.6209, val loss 0.6163, val accuracy 0.6344
2026-07-30 03:54:48,373 INFO Code.src.training.classification_pipeline: Epoch 4/30
2026-07-30 03:54:55,475 INFO Code.src.training.classification_pipeline: Epoch 4: train loss 0.6207, val loss 0.6165, val accuracy 0.6374
2026-07-30 03:54:55,475 INFO Code.src.training.classification_pipeline: Epoch 5/30
2026-07-30 03:55:02,840 INFO Code.src.training.classification_pipeline: Epoch 5: train loss 0.6204, val loss 0.6165, val accuracy 0.6397
2026-07-30 03:55:02,840 INFO Code.src.training.classification_pipeline: Epoch 6/30
2026-07-30 03:55:10,261 INFO Code.src.training.classification_pipeline: Epoch 6: train loss 0.6206, val loss 0.6193, val accuracy 0.6337
2026-07-30 03:55:10,261 INFO Code.src.training.classification_pipeline: Epoch 7/30
2026-07-30 03:55:17,434 INFO Code.src.training.classification_pipeline: Epoch 7: train loss 0.6205, val loss 0.6158, val accuracy 0.6404
2026-07-30 03:55:17,434 INFO Code.src.training.classification_pipeline: Epoch 8/30
2026-07-30 03:55:24,619 INFO Code.src.training.classification_pipeline: Epoch 8: train loss 0.6205, val loss 0.6178, val accuracy 0.6309
2026-07-30 03:55:24,619 INFO Code.src.training.classification_pipeline: Epoch 9/30
2026-07-30 03:55:31,866 INFO Code.src.training.classification_pipeline: Epoch 9: train loss 0.6204, val loss 0.6175, val accuracy 0.6322
2026-07-30 03:55:31,866 INFO Code.src.training.classification_pipeline: Epoch 10/30
2026-07-30 03:55:39,039 INFO Code.src.training.classification_pipeline: Epoch 10: train loss 0.6207, val loss 0.6184, val accuracy 0.6344
2026-07-30 03:55:39,039 INFO Code.src.training.classification_pipeline: Epoch 11/30
2026-07-30 03:55:46,194 INFO Code.src.training.classification_pipeline: Epoch 11: train loss 0.6205, val loss 0.6170, val accuracy 0.6370
2026-07-30 03:55:46,194 INFO Code.src.training.classification_pipeline: Epoch 12/30
2026-07-30 03:55:53,503 INFO Code.src.training.classification_pipeline: Epoch 12: train loss 0.6209, val loss 0.6177, val accuracy 0.6357
2026-07-30 03:55:53,503 INFO Code.src.training.classification_pipeline: Early stopping at epoch 12.
