2026-08-04 08:53:21,814 INFO Code.src.training.classification_pipeline: Unfreezing the autoencoder encoding path.
2026-08-04 08:53:21,815 INFO Code.src.training.classification_pipeline: Epoch 1/30
2026-08-04 08:59:14,705 INFO Code.src.training.classification_pipeline: Epoch 1: train loss 0.5642, val loss 0.5377, val accuracy 0.7099
2026-08-04 08:59:14,705 INFO Code.src.training.classification_pipeline: Epoch 2/30
2026-08-04 09:04:58,777 INFO Code.src.training.classification_pipeline: Epoch 2: train loss 0.5305, val loss 0.5203, val accuracy 0.7060
2026-08-04 09:04:58,777 INFO Code.src.training.classification_pipeline: Epoch 3/30
2026-08-04 09:10:42,168 INFO Code.src.training.classification_pipeline: Epoch 3: train loss 0.5147, val loss 0.5064, val accuracy 0.7280
2026-08-04 09:10:42,168 INFO Code.src.training.classification_pipeline: Epoch 4/30
2026-08-04 09:16:25,073 INFO Code.src.training.classification_pipeline: Epoch 4: train loss 0.4987, val loss 0.5025, val accuracy 0.7277
2026-08-04 09:16:25,073 INFO Code.src.training.classification_pipeline: Epoch 5/30
2026-08-04 09:22:08,044 INFO Code.src.training.classification_pipeline: Epoch 5: train loss 0.4848, val loss 0.5167, val accuracy 0.7300
2026-08-04 09:22:08,044 INFO Code.src.training.classification_pipeline: Epoch 6/30
2026-08-04 09:27:50,190 INFO Code.src.training.classification_pipeline: Epoch 6: train loss 0.4681, val loss 0.5316, val accuracy 0.7295
2026-08-04 09:27:50,190 INFO Code.src.training.classification_pipeline: Epoch 7/30
2026-08-04 09:33:33,270 INFO Code.src.training.classification_pipeline: Epoch 7: train loss 0.4499, val loss 0.5234, val accuracy 0.7249
2026-08-04 09:33:33,270 INFO Code.src.training.classification_pipeline: Epoch 8/30
2026-08-04 09:39:17,770 INFO Code.src.training.classification_pipeline: Epoch 8: train loss 0.4252, val loss 0.6036, val accuracy 0.7293
2026-08-04 09:39:17,770 INFO Code.src.training.classification_pipeline: Epoch 9/30
2026-08-04 09:45:01,259 INFO Code.src.training.classification_pipeline: Epoch 9: train loss 0.3959, val loss 0.5538, val accuracy 0.7252
2026-08-04 09:45:01,259 INFO Code.src.training.classification_pipeline: Early stopping at epoch 9.
2026-08-04 09:45:09,644 INFO Code.src.training.classification_pipeline: Test Loss: 0.5162 | Test Acc: 0.7174 | Test F1 (Macro): 0.7162
