2026-08-06 03:12:23,308 INFO Code.src.utils.embedding_cache: Using cached frozen embeddings: /home/ubuntu/protein-sequence-augmentation/data/processed/embeddings/solubility/trained_autoencoder+esm2/shared/train_dcfe06a62f306b78.pt
2026-08-06 03:12:23,355 INFO Code.src.utils.embedding_cache: Using cached frozen embeddings: /home/ubuntu/protein-sequence-augmentation/data/processed/embeddings/solubility/trained_autoencoder+esm2/shared/valid_384a5550d3ed6132.pt
2026-08-06 03:12:23,563 INFO Code.src.training.classification_pipeline: Epoch 1/30
2026-08-06 03:12:33,198 INFO Code.src.training.classification_pipeline: Epoch 1: train loss 0.5688, val loss 0.5396, val accuracy 0.7132
2026-08-06 03:12:33,198 INFO Code.src.training.classification_pipeline: Epoch 2/30
2026-08-06 03:12:42,906 INFO Code.src.training.classification_pipeline: Epoch 2: train loss 0.5205, val loss 0.5170, val accuracy 0.7337
2026-08-06 03:12:42,906 INFO Code.src.training.classification_pipeline: Epoch 3/30
2026-08-06 03:12:52,688 INFO Code.src.training.classification_pipeline: Epoch 3: train loss 0.4908, val loss 0.5063, val accuracy 0.7396
2026-08-06 03:12:52,688 INFO Code.src.training.classification_pipeline: Epoch 4/30
2026-08-06 03:13:02,515 INFO Code.src.training.classification_pipeline: Epoch 4: train loss 0.4690, val loss 0.5022, val accuracy 0.7466
2026-08-06 03:13:02,515 INFO Code.src.training.classification_pipeline: Epoch 5/30
2026-08-06 03:13:12,376 INFO Code.src.training.classification_pipeline: Epoch 5: train loss 0.4506, val loss 0.5021, val accuracy 0.7434
2026-08-06 03:13:12,376 INFO Code.src.training.classification_pipeline: Epoch 6/30
2026-08-06 03:13:22,316 INFO Code.src.training.classification_pipeline: Epoch 6: train loss 0.4351, val loss 0.5042, val accuracy 0.7424
2026-08-06 03:13:22,316 INFO Code.src.training.classification_pipeline: Epoch 7/30
2026-08-06 03:13:32,109 INFO Code.src.training.classification_pipeline: Epoch 7: train loss 0.4196, val loss 0.5044, val accuracy 0.7506
2026-08-06 03:13:32,109 INFO Code.src.training.classification_pipeline: Epoch 8/30
2026-08-06 03:13:41,930 INFO Code.src.training.classification_pipeline: Epoch 8: train loss 0.4039, val loss 0.5171, val accuracy 0.7512
2026-08-06 03:13:41,930 INFO Code.src.training.classification_pipeline: Epoch 9/30
2026-08-06 03:13:51,702 INFO Code.src.training.classification_pipeline: Epoch 9: train loss 0.3900, val loss 0.5231, val accuracy 0.7416
2026-08-06 03:13:51,702 INFO Code.src.training.classification_pipeline: Epoch 10/30
2026-08-06 03:14:01,440 INFO Code.src.training.classification_pipeline: Epoch 10: train loss 0.3763, val loss 0.5324, val accuracy 0.7377
2026-08-06 03:14:01,440 INFO Code.src.training.classification_pipeline: Early stopping at epoch 10.
