2026-08-03 18:42:08,257 INFO Code.src.training.classification_pipeline: Unfreezing the autoencoder encoding path.
2026-08-03 18:42:08,258 INFO Code.src.training.classification_pipeline: Epoch 1/30
2026-08-03 18:48:18,356 INFO Code.src.training.classification_pipeline: Epoch 1: train loss 0.5702, val loss 0.5334, val accuracy 0.7179
2026-08-03 18:48:18,356 INFO Code.src.training.classification_pipeline: Epoch 2/30
2026-08-03 18:54:17,993 INFO Code.src.training.classification_pipeline: Epoch 2: train loss 0.5389, val loss 0.5231, val accuracy 0.7240
2026-08-03 18:54:17,993 INFO Code.src.training.classification_pipeline: Epoch 3/30
2026-08-03 19:00:17,228 INFO Code.src.training.classification_pipeline: Epoch 3: train loss 0.5209, val loss 0.5070, val accuracy 0.7342
2026-08-03 19:00:17,228 INFO Code.src.training.classification_pipeline: Epoch 4/30
2026-08-03 19:06:17,185 INFO Code.src.training.classification_pipeline: Epoch 4: train loss 0.5069, val loss 0.5008, val accuracy 0.7341
2026-08-03 19:06:17,185 INFO Code.src.training.classification_pipeline: Epoch 5/30
2026-08-03 19:12:15,333 INFO Code.src.training.classification_pipeline: Epoch 5: train loss 0.4929, val loss 0.5094, val accuracy 0.7381
2026-08-03 19:12:15,333 INFO Code.src.training.classification_pipeline: Epoch 6/30
2026-08-03 19:18:14,067 INFO Code.src.training.classification_pipeline: Epoch 6: train loss 0.4776, val loss 0.5247, val accuracy 0.7338
2026-08-03 19:18:14,067 INFO Code.src.training.classification_pipeline: Epoch 7/30
2026-08-03 19:24:12,759 INFO Code.src.training.classification_pipeline: Epoch 7: train loss 0.4600, val loss 0.5114, val accuracy 0.7378
2026-08-03 19:24:12,759 INFO Code.src.training.classification_pipeline: Epoch 8/30
2026-08-03 19:30:10,494 INFO Code.src.training.classification_pipeline: Epoch 8: train loss 0.4391, val loss 0.5395, val accuracy 0.7378
2026-08-03 19:30:10,494 INFO Code.src.training.classification_pipeline: Epoch 9/30
2026-08-03 19:36:09,729 INFO Code.src.training.classification_pipeline: Epoch 9: train loss 0.4098, val loss 0.6097, val accuracy 0.7326
2026-08-03 19:36:09,729 INFO Code.src.training.classification_pipeline: Early stopping at epoch 9.
2026-08-03 19:36:14,646 INFO Code.src.training.classification_pipeline: Test Loss: 0.5172 | Test Acc: 0.7189 | Test F1 (Macro): 0.7130
