2026-08-15 06:45:21,394 INFO Code.src.utils.embedding_cache: Using cached frozen embeddings: /home/ubuntu/protein-sequence-augmentation/data/processed/embeddings/solubility/esm2/shared/train_54ee3d5d42d1482a.pt
2026-08-15 06:45:21,428 INFO Code.src.utils.embedding_cache: Using cached frozen embeddings: /home/ubuntu/protein-sequence-augmentation/data/processed/embeddings/solubility/esm2/shared/valid_f48b877da233da73.pt
2026-08-15 06:45:21,438 INFO Code.src.utils.embedding_cache: Using cached frozen embeddings: /home/ubuntu/protein-sequence-augmentation/data/processed/embeddings/solubility/esm2/shared/test_ce41ee4f102f27a9.pt
2026-08-15 06:45:21,503 INFO Code.src.training.classification_pipeline: Epoch 1/30
2026-08-15 06:45:29,971 INFO Code.src.training.classification_pipeline: Epoch 1: train loss 0.6517, val loss 0.6351, val accuracy 0.6425
2026-08-15 06:45:29,971 INFO Code.src.training.classification_pipeline: Epoch 2/30
2026-08-15 06:45:38,545 INFO Code.src.training.classification_pipeline: Epoch 2: train loss 0.6323, val loss 0.6255, val accuracy 0.6528
2026-08-15 06:45:38,545 INFO Code.src.training.classification_pipeline: Epoch 3/30
2026-08-15 06:45:47,159 INFO Code.src.training.classification_pipeline: Epoch 3: train loss 0.6257, val loss 0.6208, val accuracy 0.6541
2026-08-15 06:45:47,159 INFO Code.src.training.classification_pipeline: Epoch 4/30
2026-08-15 06:45:55,615 INFO Code.src.training.classification_pipeline: Epoch 4: train loss 0.6220, val loss 0.6183, val accuracy 0.6551
2026-08-15 06:45:55,615 INFO Code.src.training.classification_pipeline: Epoch 5/30
2026-08-15 06:46:04,238 INFO Code.src.training.classification_pipeline: Epoch 5: train loss 0.6196, val loss 0.6165, val accuracy 0.6566
2026-08-15 06:46:04,238 INFO Code.src.training.classification_pipeline: Epoch 6/30
2026-08-15 06:46:12,688 INFO Code.src.training.classification_pipeline: Epoch 6: train loss 0.6178, val loss 0.6149, val accuracy 0.6586
2026-08-15 06:46:12,688 INFO Code.src.training.classification_pipeline: Epoch 7/30
2026-08-15 06:46:21,233 INFO Code.src.training.classification_pipeline: Epoch 7: train loss 0.6164, val loss 0.6138, val accuracy 0.6599
2026-08-15 06:46:21,233 INFO Code.src.training.classification_pipeline: Epoch 8/30
2026-08-15 06:46:29,734 INFO Code.src.training.classification_pipeline: Epoch 8: train loss 0.6153, val loss 0.6129, val accuracy 0.6577
2026-08-15 06:46:29,734 INFO Code.src.training.classification_pipeline: Epoch 9/30
2026-08-15 06:46:38,120 INFO Code.src.training.classification_pipeline: Epoch 9: train loss 0.6143, val loss 0.6121, val accuracy 0.6593
2026-08-15 06:46:38,120 INFO Code.src.training.classification_pipeline: Epoch 10/30
2026-08-15 06:46:46,564 INFO Code.src.training.classification_pipeline: Epoch 10: train loss 0.6134, val loss 0.6114, val accuracy 0.6583
2026-08-15 06:46:46,564 INFO Code.src.training.classification_pipeline: Epoch 11/30
2026-08-15 06:46:55,005 INFO Code.src.training.classification_pipeline: Epoch 11: train loss 0.6126, val loss 0.6108, val accuracy 0.6603
2026-08-15 06:46:55,005 INFO Code.src.training.classification_pipeline: Epoch 12/30
2026-08-15 06:47:03,390 INFO Code.src.training.classification_pipeline: Epoch 12: train loss 0.6120, val loss 0.6103, val accuracy 0.6613
2026-08-15 06:47:03,390 INFO Code.src.training.classification_pipeline: Epoch 13/30
2026-08-15 06:47:11,932 INFO Code.src.training.classification_pipeline: Epoch 13: train loss 0.6114, val loss 0.6096, val accuracy 0.6590
2026-08-15 06:47:11,932 INFO Code.src.training.classification_pipeline: Epoch 14/30
2026-08-15 06:47:20,430 INFO Code.src.training.classification_pipeline: Epoch 14: train loss 0.6108, val loss 0.6096, val accuracy 0.6603
2026-08-15 06:47:20,430 INFO Code.src.training.classification_pipeline: Epoch 15/30
2026-08-15 06:47:28,860 INFO Code.src.training.classification_pipeline: Epoch 15: train loss 0.6103, val loss 0.6088, val accuracy 0.6577
2026-08-15 06:47:28,861 INFO Code.src.training.classification_pipeline: Epoch 16/30
2026-08-15 06:47:37,292 INFO Code.src.training.classification_pipeline: Epoch 16: train loss 0.6099, val loss 0.6086, val accuracy 0.6602
2026-08-15 06:47:37,293 INFO Code.src.training.classification_pipeline: Epoch 17/30
2026-08-15 06:47:45,606 INFO Code.src.training.classification_pipeline: Epoch 17: train loss 0.6094, val loss 0.6080, val accuracy 0.6577
2026-08-15 06:47:45,607 INFO Code.src.training.classification_pipeline: Epoch 18/30
2026-08-15 06:47:54,037 INFO Code.src.training.classification_pipeline: Epoch 18: train loss 0.6090, val loss 0.6078, val accuracy 0.6587
2026-08-15 06:47:54,037 INFO Code.src.training.classification_pipeline: Epoch 19/30
2026-08-15 06:48:02,617 INFO Code.src.training.classification_pipeline: Epoch 19: train loss 0.6085, val loss 0.6075, val accuracy 0.6599
2026-08-15 06:48:02,617 INFO Code.src.training.classification_pipeline: Epoch 20/30
2026-08-15 06:48:11,041 INFO Code.src.training.classification_pipeline: Epoch 20: train loss 0.6083, val loss 0.6071, val accuracy 0.6605
2026-08-15 06:48:11,041 INFO Code.src.training.classification_pipeline: Epoch 21/30
2026-08-15 06:48:19,499 INFO Code.src.training.classification_pipeline: Epoch 21: train loss 0.6079, val loss 0.6079, val accuracy 0.6636
2026-08-15 06:48:19,499 INFO Code.src.training.classification_pipeline: Epoch 22/30
2026-08-15 06:48:27,851 INFO Code.src.training.classification_pipeline: Epoch 22: train loss 0.6076, val loss 0.6069, val accuracy 0.6616
2026-08-15 06:48:27,852 INFO Code.src.training.classification_pipeline: Epoch 23/30
2026-08-15 06:48:36,176 INFO Code.src.training.classification_pipeline: Epoch 23: train loss 0.6073, val loss 0.6063, val accuracy 0.6605
2026-08-15 06:48:36,176 INFO Code.src.training.classification_pipeline: Epoch 24/30
2026-08-15 06:48:44,768 INFO Code.src.training.classification_pipeline: Epoch 24: train loss 0.6070, val loss 0.6062, val accuracy 0.6629
2026-08-15 06:48:44,768 INFO Code.src.training.classification_pipeline: Epoch 25/30
2026-08-15 06:48:53,171 INFO Code.src.training.classification_pipeline: Epoch 25: train loss 0.6067, val loss 0.6059, val accuracy 0.6625
2026-08-15 06:48:53,171 INFO Code.src.training.classification_pipeline: Epoch 26/30
2026-08-15 06:49:01,733 INFO Code.src.training.classification_pipeline: Epoch 26: train loss 0.6065, val loss 0.6058, val accuracy 0.6631
2026-08-15 06:49:01,733 INFO Code.src.training.classification_pipeline: Epoch 27/30
2026-08-15 06:49:10,250 INFO Code.src.training.classification_pipeline: Epoch 27: train loss 0.6063, val loss 0.6054, val accuracy 0.6632
2026-08-15 06:49:10,250 INFO Code.src.training.classification_pipeline: Epoch 28/30
2026-08-15 06:49:18,687 INFO Code.src.training.classification_pipeline: Epoch 28: train loss 0.6060, val loss 0.6053, val accuracy 0.6632
2026-08-15 06:49:18,687 INFO Code.src.training.classification_pipeline: Epoch 29/30
2026-08-15 06:49:27,180 INFO Code.src.training.classification_pipeline: Epoch 29: train loss 0.6058, val loss 0.6050, val accuracy 0.6652
2026-08-15 06:49:27,180 INFO Code.src.training.classification_pipeline: Epoch 30/30
2026-08-15 06:49:35,658 INFO Code.src.training.classification_pipeline: Epoch 30: train loss 0.6055, val loss 0.6057, val accuracy 0.6639
2026-08-15 06:49:35,806 INFO Code.src.training.classification_pipeline: Test Loss: 0.6670 | Test Acc: 0.6053 | Test F1 (Macro): 0.5902
