2026-08-06 03:03:32,436 INFO Code.src.utils.embedding_cache: Using cached frozen embeddings: /home/ubuntu/protein-sequence-augmentation/data/processed/embeddings/solubility/trained_autoencoder/shared/train_32ec744182962352.pt
2026-08-06 03:03:32,486 INFO Code.src.utils.embedding_cache: Using cached frozen embeddings: /home/ubuntu/protein-sequence-augmentation/data/processed/embeddings/solubility/trained_autoencoder/shared/valid_c5a14ca0fc6e5426.pt
2026-08-06 03:03:32,624 INFO Code.src.training.classification_pipeline: Epoch 1/30
2026-08-06 03:03:42,842 INFO Code.src.training.classification_pipeline: Epoch 1: train loss 0.6096, val loss 0.5805, val accuracy 0.6765
2026-08-06 03:03:42,842 INFO Code.src.training.classification_pipeline: Epoch 2/30
2026-08-06 03:03:53,015 INFO Code.src.training.classification_pipeline: Epoch 2: train loss 0.5733, val loss 0.5611, val accuracy 0.6929
2026-08-06 03:03:53,015 INFO Code.src.training.classification_pipeline: Epoch 3/30
2026-08-06 03:04:03,342 INFO Code.src.training.classification_pipeline: Epoch 3: train loss 0.5516, val loss 0.5467, val accuracy 0.7047
2026-08-06 03:04:03,342 INFO Code.src.training.classification_pipeline: Epoch 4/30
2026-08-06 03:04:13,479 INFO Code.src.training.classification_pipeline: Epoch 4: train loss 0.5346, val loss 0.5377, val accuracy 0.7125
2026-08-06 03:04:13,479 INFO Code.src.training.classification_pipeline: Epoch 5/30
2026-08-06 03:04:23,831 INFO Code.src.training.classification_pipeline: Epoch 5: train loss 0.5225, val loss 0.5331, val accuracy 0.7132
2026-08-06 03:04:23,831 INFO Code.src.training.classification_pipeline: Epoch 6/30
2026-08-06 03:04:34,073 INFO Code.src.training.classification_pipeline: Epoch 6: train loss 0.5142, val loss 0.5283, val accuracy 0.7190
2026-08-06 03:04:34,073 INFO Code.src.training.classification_pipeline: Epoch 7/30
2026-08-06 03:04:44,119 INFO Code.src.training.classification_pipeline: Epoch 7: train loss 0.5059, val loss 0.5262, val accuracy 0.7249
2026-08-06 03:04:44,119 INFO Code.src.training.classification_pipeline: Epoch 8/30
2026-08-06 03:04:54,181 INFO Code.src.training.classification_pipeline: Epoch 8: train loss 0.4987, val loss 0.5267, val accuracy 0.7260
2026-08-06 03:04:54,182 INFO Code.src.training.classification_pipeline: Epoch 9/30
2026-08-06 03:05:04,218 INFO Code.src.training.classification_pipeline: Epoch 9: train loss 0.4919, val loss 0.5251, val accuracy 0.7262
2026-08-06 03:05:04,219 INFO Code.src.training.classification_pipeline: Epoch 10/30
2026-08-06 03:05:14,501 INFO Code.src.training.classification_pipeline: Epoch 10: train loss 0.4866, val loss 0.5265, val accuracy 0.7247
2026-08-06 03:05:14,501 INFO Code.src.training.classification_pipeline: Epoch 11/30
2026-08-06 03:05:24,824 INFO Code.src.training.classification_pipeline: Epoch 11: train loss 0.4803, val loss 0.5223, val accuracy 0.7313
2026-08-06 03:05:24,824 INFO Code.src.training.classification_pipeline: Epoch 12/30
2026-08-06 03:05:35,031 INFO Code.src.training.classification_pipeline: Epoch 12: train loss 0.4751, val loss 0.5251, val accuracy 0.7312
2026-08-06 03:05:35,031 INFO Code.src.training.classification_pipeline: Epoch 13/30
2026-08-06 03:05:45,226 INFO Code.src.training.classification_pipeline: Epoch 13: train loss 0.4693, val loss 0.5239, val accuracy 0.7300
2026-08-06 03:05:45,226 INFO Code.src.training.classification_pipeline: Epoch 14/30
2026-08-06 03:05:55,446 INFO Code.src.training.classification_pipeline: Epoch 14: train loss 0.4650, val loss 0.5250, val accuracy 0.7308
2026-08-06 03:05:55,446 INFO Code.src.training.classification_pipeline: Epoch 15/30
2026-08-06 03:06:05,684 INFO Code.src.training.classification_pipeline: Epoch 15: train loss 0.4602, val loss 0.5274, val accuracy 0.7305
2026-08-06 03:06:05,684 INFO Code.src.training.classification_pipeline: Epoch 16/30
2026-08-06 03:06:15,817 INFO Code.src.training.classification_pipeline: Epoch 16: train loss 0.4553, val loss 0.5270, val accuracy 0.7290
2026-08-06 03:06:15,817 INFO Code.src.training.classification_pipeline: Early stopping at epoch 16.
