2026-07-30 05:51:02,544 INFO Code.src.utils.embedding_cache: Using cached frozen embeddings: /home/ubuntu/protein-sequence-augmentation/data/processed/embeddings/solubility/trained_autoencoder/shared/train_5865efccb4c0f33b.pt
2026-07-30 05:51:02,579 INFO Code.src.utils.embedding_cache: Using cached frozen embeddings: /home/ubuntu/protein-sequence-augmentation/data/processed/embeddings/solubility/trained_autoencoder/shared/valid_e57addc1474b2f72.pt
2026-07-30 05:51:02,583 INFO Code.src.training.classification_pipeline: Epoch 1/30
2026-07-30 05:51:11,283 INFO Code.src.training.classification_pipeline: Epoch 1: train loss 0.6317, val loss 0.6082, val accuracy 0.6442
2026-07-30 05:51:11,284 INFO Code.src.training.classification_pipeline: Epoch 2/30
2026-07-30 05:51:20,154 INFO Code.src.training.classification_pipeline: Epoch 2: train loss 0.6052, val loss 0.5975, val accuracy 0.6521
2026-07-30 05:51:20,154 INFO Code.src.training.classification_pipeline: Epoch 3/30
2026-07-30 05:51:28,814 INFO Code.src.training.classification_pipeline: Epoch 3: train loss 0.5924, val loss 0.5869, val accuracy 0.6587
2026-07-30 05:51:28,815 INFO Code.src.training.classification_pipeline: Epoch 4/30
2026-07-30 05:51:37,696 INFO Code.src.training.classification_pipeline: Epoch 4: train loss 0.5792, val loss 0.5764, val accuracy 0.6723
2026-07-30 05:51:37,697 INFO Code.src.training.classification_pipeline: Epoch 5/30
2026-07-30 05:51:46,450 INFO Code.src.training.classification_pipeline: Epoch 5: train loss 0.5656, val loss 0.5676, val accuracy 0.6799
2026-07-30 05:51:46,450 INFO Code.src.training.classification_pipeline: Epoch 6/30
2026-07-30 05:51:55,013 INFO Code.src.training.classification_pipeline: Epoch 6: train loss 0.5541, val loss 0.5600, val accuracy 0.6842
2026-07-30 05:51:55,013 INFO Code.src.training.classification_pipeline: Epoch 7/30
2026-07-30 05:52:03,800 INFO Code.src.training.classification_pipeline: Epoch 7: train loss 0.5449, val loss 0.5551, val accuracy 0.6904
2026-07-30 05:52:03,800 INFO Code.src.training.classification_pipeline: Epoch 8/30
2026-07-30 05:52:12,619 INFO Code.src.training.classification_pipeline: Epoch 8: train loss 0.5375, val loss 0.5543, val accuracy 0.6917
2026-07-30 05:52:12,619 INFO Code.src.training.classification_pipeline: Epoch 9/30
2026-07-30 05:52:21,315 INFO Code.src.training.classification_pipeline: Epoch 9: train loss 0.5303, val loss 0.5510, val accuracy 0.6953
2026-07-30 05:52:21,315 INFO Code.src.training.classification_pipeline: Epoch 10/30
2026-07-30 05:52:30,175 INFO Code.src.training.classification_pipeline: Epoch 10: train loss 0.5255, val loss 0.5496, val accuracy 0.6945
2026-07-30 05:52:30,175 INFO Code.src.training.classification_pipeline: Epoch 11/30
2026-07-30 05:52:38,928 INFO Code.src.training.classification_pipeline: Epoch 11: train loss 0.5203, val loss 0.5470, val accuracy 0.6961
2026-07-30 05:52:38,928 INFO Code.src.training.classification_pipeline: Epoch 12/30
2026-07-30 05:52:47,783 INFO Code.src.training.classification_pipeline: Epoch 12: train loss 0.5152, val loss 0.5477, val accuracy 0.6981
2026-07-30 05:52:47,783 INFO Code.src.training.classification_pipeline: Epoch 13/30
2026-07-30 05:52:56,516 INFO Code.src.training.classification_pipeline: Epoch 13: train loss 0.5096, val loss 0.5463, val accuracy 0.6982
2026-07-30 05:52:56,516 INFO Code.src.training.classification_pipeline: Epoch 14/30
2026-07-30 05:53:05,506 INFO Code.src.training.classification_pipeline: Epoch 14: train loss 0.5065, val loss 0.5469, val accuracy 0.6968
2026-07-30 05:53:05,506 INFO Code.src.training.classification_pipeline: Epoch 15/30
2026-07-30 05:53:14,430 INFO Code.src.training.classification_pipeline: Epoch 15: train loss 0.5026, val loss 0.5466, val accuracy 0.6986
2026-07-30 05:53:14,430 INFO Code.src.training.classification_pipeline: Epoch 16/30
2026-07-30 05:53:23,273 INFO Code.src.training.classification_pipeline: Epoch 16: train loss 0.4987, val loss 0.5468, val accuracy 0.7005
2026-07-30 05:53:23,273 INFO Code.src.training.classification_pipeline: Epoch 17/30
2026-07-30 05:53:31,970 INFO Code.src.training.classification_pipeline: Epoch 17: train loss 0.4949, val loss 0.5445, val accuracy 0.6995
2026-07-30 05:53:31,970 INFO Code.src.training.classification_pipeline: Epoch 18/30
2026-07-30 05:53:40,829 INFO Code.src.training.classification_pipeline: Epoch 18: train loss 0.4915, val loss 0.5449, val accuracy 0.6999
2026-07-30 05:53:40,829 INFO Code.src.training.classification_pipeline: Epoch 19/30
2026-07-30 05:53:49,634 INFO Code.src.training.classification_pipeline: Epoch 19: train loss 0.4886, val loss 0.5470, val accuracy 0.6991
2026-07-30 05:53:49,634 INFO Code.src.training.classification_pipeline: Epoch 20/30
2026-07-30 05:53:58,348 INFO Code.src.training.classification_pipeline: Epoch 20: train loss 0.4848, val loss 0.5478, val accuracy 0.7010
2026-07-30 05:53:58,348 INFO Code.src.training.classification_pipeline: Epoch 21/30
2026-07-30 05:54:07,073 INFO Code.src.training.classification_pipeline: Epoch 21: train loss 0.4832, val loss 0.5471, val accuracy 0.7008
2026-07-30 05:54:07,073 INFO Code.src.training.classification_pipeline: Epoch 22/30
2026-07-30 05:54:15,711 INFO Code.src.training.classification_pipeline: Epoch 22: train loss 0.4807, val loss 0.5482, val accuracy 0.6976
2026-07-30 05:54:15,711 INFO Code.src.training.classification_pipeline: Early stopping at epoch 22.
