2026-08-15 06:13:20,902 INFO Code.src.utils.embedding_cache: Using cached frozen embeddings: /home/ubuntu/protein-sequence-augmentation/data/processed/embeddings/solubility/esm2/shared/train_54ee3d5d42d1482a.pt
2026-08-15 06:13:20,936 INFO Code.src.utils.embedding_cache: Using cached frozen embeddings: /home/ubuntu/protein-sequence-augmentation/data/processed/embeddings/solubility/esm2/shared/valid_f48b877da233da73.pt
2026-08-15 06:13:20,947 INFO Code.src.utils.embedding_cache: Using cached frozen embeddings: /home/ubuntu/protein-sequence-augmentation/data/processed/embeddings/solubility/esm2/shared/test_ce41ee4f102f27a9.pt
2026-08-15 06:13:21,011 INFO Code.src.training.classification_pipeline: Epoch 1/30
2026-08-15 06:13:29,469 INFO Code.src.training.classification_pipeline: Epoch 1: train loss 0.6520, val loss 0.6351, val accuracy 0.6406
2026-08-15 06:13:29,469 INFO Code.src.training.classification_pipeline: Epoch 2/30
2026-08-15 06:13:37,957 INFO Code.src.training.classification_pipeline: Epoch 2: train loss 0.6322, val loss 0.6255, val accuracy 0.6528
2026-08-15 06:13:37,957 INFO Code.src.training.classification_pipeline: Epoch 3/30
2026-08-15 06:13:46,373 INFO Code.src.training.classification_pipeline: Epoch 3: train loss 0.6256, val loss 0.6209, val accuracy 0.6538
2026-08-15 06:13:46,374 INFO Code.src.training.classification_pipeline: Epoch 4/30
2026-08-15 06:13:54,808 INFO Code.src.training.classification_pipeline: Epoch 4: train loss 0.6220, val loss 0.6181, val accuracy 0.6577
2026-08-15 06:13:54,809 INFO Code.src.training.classification_pipeline: Epoch 5/30
2026-08-15 06:14:03,176 INFO Code.src.training.classification_pipeline: Epoch 5: train loss 0.6195, val loss 0.6163, val accuracy 0.6572
2026-08-15 06:14:03,176 INFO Code.src.training.classification_pipeline: Epoch 6/30
2026-08-15 06:14:11,634 INFO Code.src.training.classification_pipeline: Epoch 6: train loss 0.6178, val loss 0.6149, val accuracy 0.6567
2026-08-15 06:14:11,634 INFO Code.src.training.classification_pipeline: Epoch 7/30
2026-08-15 06:14:20,122 INFO Code.src.training.classification_pipeline: Epoch 7: train loss 0.6164, val loss 0.6136, val accuracy 0.6557
2026-08-15 06:14:20,122 INFO Code.src.training.classification_pipeline: Epoch 8/30
2026-08-15 06:14:28,633 INFO Code.src.training.classification_pipeline: Epoch 8: train loss 0.6152, val loss 0.6128, val accuracy 0.6573
2026-08-15 06:14:28,633 INFO Code.src.training.classification_pipeline: Epoch 9/30
2026-08-15 06:14:37,210 INFO Code.src.training.classification_pipeline: Epoch 9: train loss 0.6142, val loss 0.6121, val accuracy 0.6590
2026-08-15 06:14:37,210 INFO Code.src.training.classification_pipeline: Epoch 10/30
2026-08-15 06:14:45,675 INFO Code.src.training.classification_pipeline: Epoch 10: train loss 0.6134, val loss 0.6113, val accuracy 0.6599
2026-08-15 06:14:45,675 INFO Code.src.training.classification_pipeline: Epoch 11/30
2026-08-15 06:14:54,204 INFO Code.src.training.classification_pipeline: Epoch 11: train loss 0.6127, val loss 0.6107, val accuracy 0.6574
2026-08-15 06:14:54,204 INFO Code.src.training.classification_pipeline: Epoch 12/30
2026-08-15 06:15:02,550 INFO Code.src.training.classification_pipeline: Epoch 12: train loss 0.6119, val loss 0.6101, val accuracy 0.6540
2026-08-15 06:15:02,551 INFO Code.src.training.classification_pipeline: Epoch 13/30
2026-08-15 06:15:10,945 INFO Code.src.training.classification_pipeline: Epoch 13: train loss 0.6113, val loss 0.6096, val accuracy 0.6567
2026-08-15 06:15:10,945 INFO Code.src.training.classification_pipeline: Epoch 14/30
2026-08-15 06:15:19,287 INFO Code.src.training.classification_pipeline: Epoch 14: train loss 0.6108, val loss 0.6091, val accuracy 0.6583
2026-08-15 06:15:19,287 INFO Code.src.training.classification_pipeline: Epoch 15/30
2026-08-15 06:15:27,626 INFO Code.src.training.classification_pipeline: Epoch 15: train loss 0.6102, val loss 0.6086, val accuracy 0.6598
2026-08-15 06:15:27,626 INFO Code.src.training.classification_pipeline: Epoch 16/30
2026-08-15 06:15:36,126 INFO Code.src.training.classification_pipeline: Epoch 16: train loss 0.6098, val loss 0.6083, val accuracy 0.6582
2026-08-15 06:15:36,127 INFO Code.src.training.classification_pipeline: Epoch 17/30
2026-08-15 06:15:44,570 INFO Code.src.training.classification_pipeline: Epoch 17: train loss 0.6094, val loss 0.6084, val accuracy 0.6612
2026-08-15 06:15:44,570 INFO Code.src.training.classification_pipeline: Epoch 18/30
2026-08-15 06:15:53,075 INFO Code.src.training.classification_pipeline: Epoch 18: train loss 0.6089, val loss 0.6081, val accuracy 0.6625
2026-08-15 06:15:53,075 INFO Code.src.training.classification_pipeline: Epoch 19/30
2026-08-15 06:16:01,613 INFO Code.src.training.classification_pipeline: Epoch 19: train loss 0.6086, val loss 0.6074, val accuracy 0.6602
2026-08-15 06:16:01,614 INFO Code.src.training.classification_pipeline: Epoch 20/30
2026-08-15 06:16:10,041 INFO Code.src.training.classification_pipeline: Epoch 20: train loss 0.6082, val loss 0.6070, val accuracy 0.6606
2026-08-15 06:16:10,041 INFO Code.src.training.classification_pipeline: Epoch 21/30
2026-08-15 06:16:18,520 INFO Code.src.training.classification_pipeline: Epoch 21: train loss 0.6079, val loss 0.6067, val accuracy 0.6603
2026-08-15 06:16:18,520 INFO Code.src.training.classification_pipeline: Epoch 22/30
2026-08-15 06:16:26,892 INFO Code.src.training.classification_pipeline: Epoch 22: train loss 0.6076, val loss 0.6068, val accuracy 0.6639
2026-08-15 06:16:26,892 INFO Code.src.training.classification_pipeline: Epoch 23/30
2026-08-15 06:16:35,466 INFO Code.src.training.classification_pipeline: Epoch 23: train loss 0.6072, val loss 0.6065, val accuracy 0.6615
2026-08-15 06:16:35,466 INFO Code.src.training.classification_pipeline: Epoch 24/30
2026-08-15 06:16:43,994 INFO Code.src.training.classification_pipeline: Epoch 24: train loss 0.6070, val loss 0.6059, val accuracy 0.6621
2026-08-15 06:16:43,994 INFO Code.src.training.classification_pipeline: Epoch 25/30
2026-08-15 06:16:52,441 INFO Code.src.training.classification_pipeline: Epoch 25: train loss 0.6068, val loss 0.6057, val accuracy 0.6609
2026-08-15 06:16:52,441 INFO Code.src.training.classification_pipeline: Epoch 26/30
2026-08-15 06:17:00,878 INFO Code.src.training.classification_pipeline: Epoch 26: train loss 0.6065, val loss 0.6058, val accuracy 0.6641
2026-08-15 06:17:00,878 INFO Code.src.training.classification_pipeline: Epoch 27/30
2026-08-15 06:17:09,459 INFO Code.src.training.classification_pipeline: Epoch 27: train loss 0.6063, val loss 0.6061, val accuracy 0.6626
2026-08-15 06:17:09,459 INFO Code.src.training.classification_pipeline: Epoch 28/30
2026-08-15 06:17:18,006 INFO Code.src.training.classification_pipeline: Epoch 28: train loss 0.6061, val loss 0.6053, val accuracy 0.6621
2026-08-15 06:17:18,006 INFO Code.src.training.classification_pipeline: Epoch 29/30
2026-08-15 06:17:26,333 INFO Code.src.training.classification_pipeline: Epoch 29: train loss 0.6058, val loss 0.6050, val accuracy 0.6648
2026-08-15 06:17:26,333 INFO Code.src.training.classification_pipeline: Epoch 30/30
2026-08-15 06:17:34,712 INFO Code.src.training.classification_pipeline: Epoch 30: train loss 0.6056, val loss 0.6049, val accuracy 0.6646
2026-08-15 06:17:34,862 INFO Code.src.training.classification_pipeline: Test Loss: 0.6704 | Test Acc: 0.5978 | Test F1 (Macro): 0.5795
