2026-07-25 04:48:18,541 INFO __main__: Using cached frozen embeddings: /home/ubuntu/research/protein-sequence-augmentation/data/processed/embeddings/solubility/trained_autoencoder+esm2/shared/train_8244284d419f1dea.pt
2026-07-25 04:48:18,579 INFO __main__: Using cached frozen embeddings: /home/ubuntu/research/protein-sequence-augmentation/data/processed/embeddings/solubility/trained_autoencoder+esm2/shared/valid_e1c6419d18e74b81.pt
2026-07-25 04:48:18,585 INFO Code.src.training.classification_pipeline: Epoch 1/30
2026-07-25 04:49:16,015 INFO Code.src.training.classification_pipeline: Epoch 1: train loss 0.5762, val loss 0.5550, val accuracy 0.7048
2026-07-25 04:49:16,015 INFO Code.src.training.classification_pipeline: Epoch 2/30
2026-07-25 04:50:13,490 INFO Code.src.training.classification_pipeline: Epoch 2: train loss 0.5553, val loss 0.5512, val accuracy 0.7103
2026-07-25 04:50:13,490 INFO Code.src.training.classification_pipeline: Epoch 3/30
2026-07-25 04:50:53,802 INFO Code.src.training.classification_pipeline: Epoch 3: train loss 0.5515, val loss 0.5491, val accuracy 0.7093
2026-07-25 04:50:53,802 INFO Code.src.training.classification_pipeline: Epoch 4/30
2026-07-25 04:51:51,218 INFO Code.src.training.classification_pipeline: Epoch 4: train loss 0.5490, val loss 0.5478, val accuracy 0.7181
2026-07-25 04:51:51,218 INFO Code.src.training.classification_pipeline: Epoch 5/30
2026-07-25 04:52:48,779 INFO Code.src.training.classification_pipeline: Epoch 5: train loss 0.5472, val loss 0.5461, val accuracy 0.7141
2026-07-25 04:52:48,779 INFO Code.src.training.classification_pipeline: Epoch 6/30
2026-07-25 04:53:36,662 INFO Code.src.training.classification_pipeline: Epoch 6: train loss 0.5466, val loss 0.5484, val accuracy 0.7164
2026-07-25 04:53:36,662 INFO Code.src.training.classification_pipeline: Epoch 7/30
2026-07-25 04:54:25,493 INFO Code.src.training.classification_pipeline: Epoch 7: train loss 0.5450, val loss 0.5420, val accuracy 0.7187
2026-07-25 04:54:25,493 INFO Code.src.training.classification_pipeline: Epoch 8/30
2026-07-25 04:55:22,890 INFO Code.src.training.classification_pipeline: Epoch 8: train loss 0.5445, val loss 0.5449, val accuracy 0.7165
2026-07-25 04:55:22,890 INFO Code.src.training.classification_pipeline: Epoch 9/30
2026-07-25 04:56:20,172 INFO Code.src.training.classification_pipeline: Epoch 9: train loss 0.5437, val loss 0.5456, val accuracy 0.7184
2026-07-25 04:56:20,172 INFO Code.src.training.classification_pipeline: Epoch 10/30
2026-07-25 04:57:05,666 INFO Code.src.training.classification_pipeline: Epoch 10: train loss 0.5433, val loss 0.5458, val accuracy 0.7146
2026-07-25 04:57:05,666 INFO Code.src.training.classification_pipeline: Epoch 11/30
2026-07-25 04:58:03,009 INFO Code.src.training.classification_pipeline: Epoch 11: train loss 0.5427, val loss 0.5413, val accuracy 0.7156
2026-07-25 04:58:03,009 INFO Code.src.training.classification_pipeline: Epoch 12/30
2026-07-25 04:59:00,421 INFO Code.src.training.classification_pipeline: Epoch 12: train loss 0.5428, val loss 0.5421, val accuracy 0.7182
2026-07-25 04:59:00,421 INFO Code.src.training.classification_pipeline: Epoch 13/30
2026-07-25 04:59:40,811 INFO Code.src.training.classification_pipeline: Epoch 13: train loss 0.5418, val loss 0.5416, val accuracy 0.7132
2026-07-25 04:59:40,811 INFO Code.src.training.classification_pipeline: Epoch 14/30
2026-07-25 05:00:38,174 INFO Code.src.training.classification_pipeline: Epoch 14: train loss 0.5416, val loss 0.5403, val accuracy 0.7151
2026-07-25 05:00:38,174 INFO Code.src.training.classification_pipeline: Epoch 15/30
2026-07-25 05:01:35,489 INFO Code.src.training.classification_pipeline: Epoch 15: train loss 0.5413, val loss 0.5482, val accuracy 0.7133
2026-07-25 05:01:35,489 INFO Code.src.training.classification_pipeline: Epoch 16/30
2026-07-25 05:02:25,025 INFO Code.src.training.classification_pipeline: Epoch 16: train loss 0.5407, val loss 0.5475, val accuracy 0.7125
2026-07-25 05:02:25,025 INFO Code.src.training.classification_pipeline: Epoch 17/30
2026-07-25 05:03:11,573 INFO Code.src.training.classification_pipeline: Epoch 17: train loss 0.5405, val loss 0.5439, val accuracy 0.7156
2026-07-25 05:03:11,574 INFO Code.src.training.classification_pipeline: Epoch 18/30
2026-07-25 05:04:08,946 INFO Code.src.training.classification_pipeline: Epoch 18: train loss 0.5403, val loss 0.5386, val accuracy 0.7198
2026-07-25 05:04:08,947 INFO Code.src.training.classification_pipeline: Epoch 19/30
2026-07-25 05:05:06,351 INFO Code.src.training.classification_pipeline: Epoch 19: train loss 0.5402, val loss 0.5406, val accuracy 0.7221
2026-07-25 05:05:06,351 INFO Code.src.training.classification_pipeline: Epoch 20/30
2026-07-25 05:05:46,920 INFO Code.src.training.classification_pipeline: Epoch 20: train loss 0.5392, val loss 0.5473, val accuracy 0.7123
2026-07-25 05:05:46,920 INFO Code.src.training.classification_pipeline: Epoch 21/30
2026-07-25 05:06:44,391 INFO Code.src.training.classification_pipeline: Epoch 21: train loss 0.5393, val loss 0.5417, val accuracy 0.7161
2026-07-25 05:06:44,392 INFO Code.src.training.classification_pipeline: Epoch 22/30
2026-07-25 05:07:41,775 INFO Code.src.training.classification_pipeline: Epoch 22: train loss 0.5395, val loss 0.5402, val accuracy 0.7197
2026-07-25 05:07:41,775 INFO Code.src.training.classification_pipeline: Epoch 23/30
2026-07-25 05:08:24,787 INFO Code.src.training.classification_pipeline: Epoch 23: train loss 0.5388, val loss 0.5419, val accuracy 0.7155
2026-07-25 05:08:24,788 INFO Code.src.training.classification_pipeline: Early stopping at epoch 23.
