2026-08-15 06:56:45,404 INFO Code.src.utils.embedding_cache: Saved frozen embeddings: /home/ubuntu/protein-sequence-augmentation/data/processed/embeddings/solubility/random_autoencoder/seed_44/train_dde15e17ec8024c6.pt
2026-08-15 06:57:04,495 INFO Code.src.utils.embedding_cache: Saved frozen embeddings: /home/ubuntu/protein-sequence-augmentation/data/processed/embeddings/solubility/random_autoencoder/seed_44/valid_83fc01a4dc909ef7.pt
2026-08-15 06:57:12,960 INFO Code.src.utils.embedding_cache: Saved frozen embeddings: /home/ubuntu/protein-sequence-augmentation/data/processed/embeddings/solubility/random_autoencoder/seed_44/test_b61d12e17d0bf290.pt
2026-08-15 06:57:13,173 INFO Code.src.training.classification_pipeline: Epoch 1/30
2026-08-15 06:57:21,505 INFO Code.src.training.classification_pipeline: Epoch 1: train loss 0.6790, val loss 0.6775, val accuracy 0.5827
2026-08-15 06:57:21,505 INFO Code.src.training.classification_pipeline: Epoch 2/30
2026-08-15 06:57:29,844 INFO Code.src.training.classification_pipeline: Epoch 2: train loss 0.6770, val loss 0.6761, val accuracy 0.5827
2026-08-15 06:57:29,844 INFO Code.src.training.classification_pipeline: Epoch 3/30
2026-08-15 06:57:38,226 INFO Code.src.training.classification_pipeline: Epoch 3: train loss 0.6756, val loss 0.6743, val accuracy 0.5827
2026-08-15 06:57:38,226 INFO Code.src.training.classification_pipeline: Epoch 4/30
2026-08-15 06:57:46,572 INFO Code.src.training.classification_pipeline: Epoch 4: train loss 0.6742, val loss 0.6731, val accuracy 0.5827
2026-08-15 06:57:46,572 INFO Code.src.training.classification_pipeline: Epoch 5/30
2026-08-15 06:57:54,918 INFO Code.src.training.classification_pipeline: Epoch 5: train loss 0.6731, val loss 0.6720, val accuracy 0.5837
2026-08-15 06:57:54,918 INFO Code.src.training.classification_pipeline: Epoch 6/30
2026-08-15 06:58:03,290 INFO Code.src.training.classification_pipeline: Epoch 6: train loss 0.6720, val loss 0.6703, val accuracy 0.5835
2026-08-15 06:58:03,290 INFO Code.src.training.classification_pipeline: Epoch 7/30
2026-08-15 06:58:11,676 INFO Code.src.training.classification_pipeline: Epoch 7: train loss 0.6710, val loss 0.6692, val accuracy 0.5851
2026-08-15 06:58:11,676 INFO Code.src.training.classification_pipeline: Epoch 8/30
2026-08-15 06:58:20,211 INFO Code.src.training.classification_pipeline: Epoch 8: train loss 0.6700, val loss 0.6683, val accuracy 0.5864
2026-08-15 06:58:20,212 INFO Code.src.training.classification_pipeline: Epoch 9/30
2026-08-15 06:58:28,660 INFO Code.src.training.classification_pipeline: Epoch 9: train loss 0.6692, val loss 0.6673, val accuracy 0.5860
2026-08-15 06:58:28,660 INFO Code.src.training.classification_pipeline: Epoch 10/30
2026-08-15 06:58:37,164 INFO Code.src.training.classification_pipeline: Epoch 10: train loss 0.6684, val loss 0.6667, val accuracy 0.5923
2026-08-15 06:58:37,164 INFO Code.src.training.classification_pipeline: Epoch 11/30
2026-08-15 06:58:45,618 INFO Code.src.training.classification_pipeline: Epoch 11: train loss 0.6677, val loss 0.6657, val accuracy 0.5892
2026-08-15 06:58:45,618 INFO Code.src.training.classification_pipeline: Epoch 12/30
2026-08-15 06:58:54,027 INFO Code.src.training.classification_pipeline: Epoch 12: train loss 0.6671, val loss 0.6652, val accuracy 0.5886
2026-08-15 06:58:54,028 INFO Code.src.training.classification_pipeline: Epoch 13/30
2026-08-15 06:59:02,520 INFO Code.src.training.classification_pipeline: Epoch 13: train loss 0.6664, val loss 0.6642, val accuracy 0.5913
2026-08-15 06:59:02,520 INFO Code.src.training.classification_pipeline: Epoch 14/30
2026-08-15 06:59:11,048 INFO Code.src.training.classification_pipeline: Epoch 14: train loss 0.6659, val loss 0.6636, val accuracy 0.5918
2026-08-15 06:59:11,048 INFO Code.src.training.classification_pipeline: Epoch 15/30
2026-08-15 06:59:19,718 INFO Code.src.training.classification_pipeline: Epoch 15: train loss 0.6654, val loss 0.6629, val accuracy 0.6003
2026-08-15 06:59:19,719 INFO Code.src.training.classification_pipeline: Epoch 16/30
2026-08-15 06:59:28,307 INFO Code.src.training.classification_pipeline: Epoch 16: train loss 0.6649, val loss 0.6623, val accuracy 0.6018
2026-08-15 06:59:28,307 INFO Code.src.training.classification_pipeline: Epoch 17/30
2026-08-15 06:59:36,779 INFO Code.src.training.classification_pipeline: Epoch 17: train loss 0.6644, val loss 0.6620, val accuracy 0.6075
2026-08-15 06:59:36,779 INFO Code.src.training.classification_pipeline: Epoch 18/30
2026-08-15 06:59:45,335 INFO Code.src.training.classification_pipeline: Epoch 18: train loss 0.6640, val loss 0.6613, val accuracy 0.6023
2026-08-15 06:59:45,335 INFO Code.src.training.classification_pipeline: Epoch 19/30
2026-08-15 06:59:53,944 INFO Code.src.training.classification_pipeline: Epoch 19: train loss 0.6635, val loss 0.6608, val accuracy 0.6056
2026-08-15 06:59:53,944 INFO Code.src.training.classification_pipeline: Epoch 20/30
2026-08-15 07:00:02,555 INFO Code.src.training.classification_pipeline: Epoch 20: train loss 0.6632, val loss 0.6603, val accuracy 0.6066
2026-08-15 07:00:02,555 INFO Code.src.training.classification_pipeline: Epoch 21/30
2026-08-15 07:00:11,190 INFO Code.src.training.classification_pipeline: Epoch 21: train loss 0.6628, val loss 0.6609, val accuracy 0.5980
2026-08-15 07:00:11,190 INFO Code.src.training.classification_pipeline: Epoch 22/30
2026-08-15 07:00:19,633 INFO Code.src.training.classification_pipeline: Epoch 22: train loss 0.6624, val loss 0.6601, val accuracy 0.6155
2026-08-15 07:00:19,633 INFO Code.src.training.classification_pipeline: Epoch 23/30
2026-08-15 07:00:27,948 INFO Code.src.training.classification_pipeline: Epoch 23: train loss 0.6621, val loss 0.6591, val accuracy 0.6088
2026-08-15 07:00:27,949 INFO Code.src.training.classification_pipeline: Epoch 24/30
2026-08-15 07:00:36,519 INFO Code.src.training.classification_pipeline: Epoch 24: train loss 0.6618, val loss 0.6593, val accuracy 0.6147
2026-08-15 07:00:36,519 INFO Code.src.training.classification_pipeline: Epoch 25/30
2026-08-15 07:00:44,960 INFO Code.src.training.classification_pipeline: Epoch 25: train loss 0.6615, val loss 0.6585, val accuracy 0.6092
2026-08-15 07:00:44,960 INFO Code.src.training.classification_pipeline: Epoch 26/30
2026-08-15 07:00:53,374 INFO Code.src.training.classification_pipeline: Epoch 26: train loss 0.6612, val loss 0.6582, val accuracy 0.6096
2026-08-15 07:00:53,374 INFO Code.src.training.classification_pipeline: Epoch 27/30
2026-08-15 07:01:01,771 INFO Code.src.training.classification_pipeline: Epoch 27: train loss 0.6610, val loss 0.6579, val accuracy 0.6154
2026-08-15 07:01:01,771 INFO Code.src.training.classification_pipeline: Epoch 28/30
2026-08-15 07:01:10,283 INFO Code.src.training.classification_pipeline: Epoch 28: train loss 0.6607, val loss 0.6578, val accuracy 0.6095
2026-08-15 07:01:10,284 INFO Code.src.training.classification_pipeline: Epoch 29/30
2026-08-15 07:01:18,755 INFO Code.src.training.classification_pipeline: Epoch 29: train loss 0.6606, val loss 0.6572, val accuracy 0.6162
2026-08-15 07:01:18,755 INFO Code.src.training.classification_pipeline: Epoch 30/30
2026-08-15 07:01:27,202 INFO Code.src.training.classification_pipeline: Epoch 30: train loss 0.6602, val loss 0.6575, val accuracy 0.6085
2026-08-15 07:01:27,349 INFO Code.src.training.classification_pipeline: Test Loss: 0.6877 | Test Acc: 0.5348 | Test F1 (Macro): 0.4593
