2026-08-15 06:05:37,261 INFO Code.src.utils.embedding_cache: Saved frozen embeddings: /home/ubuntu/protein-sequence-augmentation/data/processed/embeddings/solubility/trained_autoencoder+esm2/shared/train_3a70c42e2bd26da7.pt
2026-08-15 06:06:53,027 INFO Code.src.utils.embedding_cache: Saved frozen embeddings: /home/ubuntu/protein-sequence-augmentation/data/processed/embeddings/solubility/trained_autoencoder+esm2/shared/valid_ee1b933f54bbe2fc.pt
2026-08-15 06:07:19,451 INFO Code.src.utils.embedding_cache: Saved frozen embeddings: /home/ubuntu/protein-sequence-augmentation/data/processed/embeddings/solubility/trained_autoencoder+esm2/shared/test_ecffdcd859dd4e77.pt
2026-08-15 06:07:19,793 INFO Code.src.training.classification_pipeline: Epoch 1/30
2026-08-15 06:07:28,609 INFO Code.src.training.classification_pipeline: Epoch 1: train loss 0.5927, val loss 0.5634, val accuracy 0.6925
2026-08-15 06:07:28,609 INFO Code.src.training.classification_pipeline: Epoch 2/30
2026-08-15 06:07:37,442 INFO Code.src.training.classification_pipeline: Epoch 2: train loss 0.5589, val loss 0.5545, val accuracy 0.7028
2026-08-15 06:07:37,442 INFO Code.src.training.classification_pipeline: Epoch 3/30
2026-08-15 06:07:46,083 INFO Code.src.training.classification_pipeline: Epoch 3: train loss 0.5526, val loss 0.5514, val accuracy 0.7044
2026-08-15 06:07:46,083 INFO Code.src.training.classification_pipeline: Epoch 4/30
2026-08-15 06:07:54,948 INFO Code.src.training.classification_pipeline: Epoch 4: train loss 0.5490, val loss 0.5494, val accuracy 0.7103
2026-08-15 06:07:54,948 INFO Code.src.training.classification_pipeline: Epoch 5/30
2026-08-15 06:08:03,696 INFO Code.src.training.classification_pipeline: Epoch 5: train loss 0.5467, val loss 0.5467, val accuracy 0.7125
2026-08-15 06:08:03,696 INFO Code.src.training.classification_pipeline: Epoch 6/30
2026-08-15 06:08:12,279 INFO Code.src.training.classification_pipeline: Epoch 6: train loss 0.5452, val loss 0.5468, val accuracy 0.7126
2026-08-15 06:08:12,280 INFO Code.src.training.classification_pipeline: Epoch 7/30
2026-08-15 06:08:20,895 INFO Code.src.training.classification_pipeline: Epoch 7: train loss 0.5439, val loss 0.5458, val accuracy 0.7159
2026-08-15 06:08:20,895 INFO Code.src.training.classification_pipeline: Epoch 8/30
2026-08-15 06:08:29,540 INFO Code.src.training.classification_pipeline: Epoch 8: train loss 0.5426, val loss 0.5445, val accuracy 0.7143
2026-08-15 06:08:29,540 INFO Code.src.training.classification_pipeline: Epoch 9/30
2026-08-15 06:08:38,229 INFO Code.src.training.classification_pipeline: Epoch 9: train loss 0.5420, val loss 0.5445, val accuracy 0.7168
2026-08-15 06:08:38,229 INFO Code.src.training.classification_pipeline: Epoch 10/30
2026-08-15 06:08:46,914 INFO Code.src.training.classification_pipeline: Epoch 10: train loss 0.5413, val loss 0.5454, val accuracy 0.7145
2026-08-15 06:08:46,914 INFO Code.src.training.classification_pipeline: Epoch 11/30
2026-08-15 06:08:55,690 INFO Code.src.training.classification_pipeline: Epoch 11: train loss 0.5406, val loss 0.5434, val accuracy 0.7145
2026-08-15 06:08:55,690 INFO Code.src.training.classification_pipeline: Epoch 12/30
2026-08-15 06:09:04,316 INFO Code.src.training.classification_pipeline: Epoch 12: train loss 0.5401, val loss 0.5425, val accuracy 0.7162
2026-08-15 06:09:04,316 INFO Code.src.training.classification_pipeline: Epoch 13/30
2026-08-15 06:09:12,956 INFO Code.src.training.classification_pipeline: Epoch 13: train loss 0.5395, val loss 0.5424, val accuracy 0.7156
2026-08-15 06:09:12,956 INFO Code.src.training.classification_pipeline: Epoch 14/30
2026-08-15 06:09:21,557 INFO Code.src.training.classification_pipeline: Epoch 14: train loss 0.5390, val loss 0.5421, val accuracy 0.7177
2026-08-15 06:09:21,557 INFO Code.src.training.classification_pipeline: Epoch 15/30
2026-08-15 06:09:30,212 INFO Code.src.training.classification_pipeline: Epoch 15: train loss 0.5386, val loss 0.5436, val accuracy 0.7152
2026-08-15 06:09:30,212 INFO Code.src.training.classification_pipeline: Epoch 16/30
2026-08-15 06:09:38,947 INFO Code.src.training.classification_pipeline: Epoch 16: train loss 0.5381, val loss 0.5420, val accuracy 0.7165
2026-08-15 06:09:38,947 INFO Code.src.training.classification_pipeline: Epoch 17/30
2026-08-15 06:09:47,614 INFO Code.src.training.classification_pipeline: Epoch 17: train loss 0.5378, val loss 0.5415, val accuracy 0.7197
2026-08-15 06:09:47,614 INFO Code.src.training.classification_pipeline: Epoch 18/30
2026-08-15 06:09:56,359 INFO Code.src.training.classification_pipeline: Epoch 18: train loss 0.5375, val loss 0.5390, val accuracy 0.7224
2026-08-15 06:09:56,359 INFO Code.src.training.classification_pipeline: Epoch 19/30
2026-08-15 06:10:04,951 INFO Code.src.training.classification_pipeline: Epoch 19: train loss 0.5372, val loss 0.5401, val accuracy 0.7167
2026-08-15 06:10:04,952 INFO Code.src.training.classification_pipeline: Epoch 20/30
2026-08-15 06:10:13,791 INFO Code.src.training.classification_pipeline: Epoch 20: train loss 0.5367, val loss 0.5433, val accuracy 0.7143
2026-08-15 06:10:13,791 INFO Code.src.training.classification_pipeline: Epoch 21/30
2026-08-15 06:10:22,558 INFO Code.src.training.classification_pipeline: Epoch 21: train loss 0.5366, val loss 0.5394, val accuracy 0.7191
2026-08-15 06:10:22,558 INFO Code.src.training.classification_pipeline: Epoch 22/30
2026-08-15 06:10:31,280 INFO Code.src.training.classification_pipeline: Epoch 22: train loss 0.5365, val loss 0.5395, val accuracy 0.7185
2026-08-15 06:10:31,280 INFO Code.src.training.classification_pipeline: Epoch 23/30
2026-08-15 06:10:40,107 INFO Code.src.training.classification_pipeline: Epoch 23: train loss 0.5360, val loss 0.5383, val accuracy 0.7187
2026-08-15 06:10:40,107 INFO Code.src.training.classification_pipeline: Epoch 24/30
2026-08-15 06:10:48,831 INFO Code.src.training.classification_pipeline: Epoch 24: train loss 0.5359, val loss 0.5390, val accuracy 0.7194
2026-08-15 06:10:48,831 INFO Code.src.training.classification_pipeline: Epoch 25/30
2026-08-15 06:10:57,601 INFO Code.src.training.classification_pipeline: Epoch 25: train loss 0.5357, val loss 0.5401, val accuracy 0.7178
2026-08-15 06:10:57,601 INFO Code.src.training.classification_pipeline: Epoch 26/30
2026-08-15 06:11:06,259 INFO Code.src.training.classification_pipeline: Epoch 26: train loss 0.5355, val loss 0.5378, val accuracy 0.7215
2026-08-15 06:11:06,259 INFO Code.src.training.classification_pipeline: Epoch 27/30
2026-08-15 06:11:15,035 INFO Code.src.training.classification_pipeline: Epoch 27: train loss 0.5351, val loss 0.5375, val accuracy 0.7208
2026-08-15 06:11:15,035 INFO Code.src.training.classification_pipeline: Epoch 28/30
2026-08-15 06:11:23,798 INFO Code.src.training.classification_pipeline: Epoch 28: train loss 0.5351, val loss 0.5380, val accuracy 0.7203
2026-08-15 06:11:23,799 INFO Code.src.training.classification_pipeline: Epoch 29/30
2026-08-15 06:11:32,477 INFO Code.src.training.classification_pipeline: Epoch 29: train loss 0.5344, val loss 0.5382, val accuracy 0.7194
2026-08-15 06:11:32,477 INFO Code.src.training.classification_pipeline: Epoch 30/30
2026-08-15 06:11:41,044 INFO Code.src.training.classification_pipeline: Epoch 30: train loss 0.5344, val loss 0.5369, val accuracy 0.7213
2026-08-15 06:11:41,195 INFO Code.src.training.classification_pipeline: Test Loss: 0.5935 | Test Acc: 0.6818 | Test F1 (Macro): 0.6765
