2026-07-25 18:47:07,844 INFO __main__: Using cached frozen embeddings: /home/ubuntu/research/protein-sequence-augmentation/data/processed/embeddings/solubility/trained_autoencoder+esm2/shared/train_8244284d419f1dea.pt
2026-07-25 18:47:07,882 INFO __main__: Using cached frozen embeddings: /home/ubuntu/research/protein-sequence-augmentation/data/processed/embeddings/solubility/trained_autoencoder+esm2/shared/valid_e1c6419d18e74b81.pt
2026-07-25 18:47:07,894 INFO Code.src.training.classification_pipeline: Epoch 1/30
2026-07-25 18:48:07,416 INFO Code.src.training.classification_pipeline: Epoch 1: train loss 0.5594, val loss 0.5202, val accuracy 0.7257
2026-07-25 18:48:07,416 INFO Code.src.training.classification_pipeline: Epoch 2/30
2026-07-25 18:49:06,843 INFO Code.src.training.classification_pipeline: Epoch 2: train loss 0.5185, val loss 0.5071, val accuracy 0.7352
2026-07-25 18:49:06,843 INFO Code.src.training.classification_pipeline: Epoch 3/30
2026-07-25 18:49:54,161 INFO Code.src.training.classification_pipeline: Epoch 3: train loss 0.5034, val loss 0.5010, val accuracy 0.7385
2026-07-25 18:49:54,161 INFO Code.src.training.classification_pipeline: Epoch 4/30
2026-07-25 18:50:53,576 INFO Code.src.training.classification_pipeline: Epoch 4: train loss 0.4945, val loss 0.5049, val accuracy 0.7364
2026-07-25 18:50:53,576 INFO Code.src.training.classification_pipeline: Epoch 5/30
2026-07-25 18:51:52,873 INFO Code.src.training.classification_pipeline: Epoch 5: train loss 0.4865, val loss 0.4982, val accuracy 0.7384
2026-07-25 18:51:52,874 INFO Code.src.training.classification_pipeline: Epoch 6/30
2026-07-25 18:52:40,383 INFO Code.src.training.classification_pipeline: Epoch 6: train loss 0.4790, val loss 0.5092, val accuracy 0.7404
2026-07-25 18:52:40,383 INFO Code.src.training.classification_pipeline: Epoch 7/30
2026-07-25 18:53:39,939 INFO Code.src.training.classification_pipeline: Epoch 7: train loss 0.4747, val loss 0.5029, val accuracy 0.7429
2026-07-25 18:53:39,939 INFO Code.src.training.classification_pipeline: Epoch 8/30
2026-07-25 18:54:39,408 INFO Code.src.training.classification_pipeline: Epoch 8: train loss 0.4715, val loss 0.5121, val accuracy 0.7413
2026-07-25 18:54:39,408 INFO Code.src.training.classification_pipeline: Epoch 9/30
2026-07-25 18:55:29,464 INFO Code.src.training.classification_pipeline: Epoch 9: train loss 0.4641, val loss 0.5014, val accuracy 0.7466
2026-07-25 18:55:29,464 INFO Code.src.training.classification_pipeline: Epoch 10/30
2026-07-25 18:56:28,874 INFO Code.src.training.classification_pipeline: Epoch 10: train loss 0.4619, val loss 0.5087, val accuracy 0.7380
2026-07-25 18:56:28,874 INFO Code.src.training.classification_pipeline: Early stopping at epoch 10.
