2026-07-30 14:38:29,275 INFO Code.src.utils.embedding_cache: Using cached frozen embeddings: /home/ubuntu/protein-sequence-augmentation/data/processed/embeddings/solubility/trained_autoencoder/shared/train_5865efccb4c0f33b.pt
2026-07-30 14:38:29,309 INFO Code.src.utils.embedding_cache: Using cached frozen embeddings: /home/ubuntu/protein-sequence-augmentation/data/processed/embeddings/solubility/trained_autoencoder/shared/valid_e57addc1474b2f72.pt
2026-07-30 14:38:34,034 INFO Code.src.utils.embedding_cache: Saved frozen embeddings: /home/ubuntu/protein-sequence-augmentation/data/processed/embeddings/solubility/trained_autoencoder/shared/test_d02ae158b730724c.pt
2026-07-30 14:38:34,116 INFO Code.src.training.classification_pipeline: Epoch 1/30
2026-07-30 14:38:41,540 INFO Code.src.training.classification_pipeline: Epoch 1: train loss 0.6260, val loss 0.6162, val accuracy 0.6367
2026-07-30 14:38:41,540 INFO Code.src.training.classification_pipeline: Epoch 2/30
2026-07-30 14:38:48,764 INFO Code.src.training.classification_pipeline: Epoch 2: train loss 0.6207, val loss 0.6159, val accuracy 0.6381
2026-07-30 14:38:48,764 INFO Code.src.training.classification_pipeline: Epoch 3/30
2026-07-30 14:38:56,037 INFO Code.src.training.classification_pipeline: Epoch 3: train loss 0.6208, val loss 0.6163, val accuracy 0.6345
2026-07-30 14:38:56,037 INFO Code.src.training.classification_pipeline: Epoch 4/30
2026-07-30 14:39:03,360 INFO Code.src.training.classification_pipeline: Epoch 4: train loss 0.6207, val loss 0.6165, val accuracy 0.6370
2026-07-30 14:39:03,360 INFO Code.src.training.classification_pipeline: Epoch 5/30
2026-07-30 14:39:10,768 INFO Code.src.training.classification_pipeline: Epoch 5: train loss 0.6204, val loss 0.6165, val accuracy 0.6396
2026-07-30 14:39:10,769 INFO Code.src.training.classification_pipeline: Epoch 6/30
2026-07-30 14:39:18,147 INFO Code.src.training.classification_pipeline: Epoch 6: train loss 0.6206, val loss 0.6193, val accuracy 0.6338
2026-07-30 14:39:18,147 INFO Code.src.training.classification_pipeline: Epoch 7/30
2026-07-30 14:39:25,443 INFO Code.src.training.classification_pipeline: Epoch 7: train loss 0.6205, val loss 0.6158, val accuracy 0.6406
2026-07-30 14:39:25,443 INFO Code.src.training.classification_pipeline: Epoch 8/30
2026-07-30 14:39:32,702 INFO Code.src.training.classification_pipeline: Epoch 8: train loss 0.6205, val loss 0.6178, val accuracy 0.6311
2026-07-30 14:39:32,703 INFO Code.src.training.classification_pipeline: Epoch 9/30
2026-07-30 14:39:39,944 INFO Code.src.training.classification_pipeline: Epoch 9: train loss 0.6204, val loss 0.6174, val accuracy 0.6322
2026-07-30 14:39:39,945 INFO Code.src.training.classification_pipeline: Epoch 10/30
2026-07-30 14:39:47,156 INFO Code.src.training.classification_pipeline: Epoch 10: train loss 0.6207, val loss 0.6183, val accuracy 0.6340
2026-07-30 14:39:47,156 INFO Code.src.training.classification_pipeline: Epoch 11/30
2026-07-30 14:39:54,397 INFO Code.src.training.classification_pipeline: Epoch 11: train loss 0.6205, val loss 0.6169, val accuracy 0.6373
2026-07-30 14:39:54,397 INFO Code.src.training.classification_pipeline: Epoch 12/30
2026-07-30 14:40:01,559 INFO Code.src.training.classification_pipeline: Epoch 12: train loss 0.6209, val loss 0.6177, val accuracy 0.6360
2026-07-30 14:40:01,560 INFO Code.src.training.classification_pipeline: Early stopping at epoch 12.
2026-07-30 14:40:01,677 INFO Code.src.training.classification_pipeline: Test Loss: 0.6469 | Test Acc: 0.6093 | Test F1 (Macro): 0.5967
