2026-07-26 17:53:26,172 INFO __main__: Using cached frozen embeddings: /home/ubuntu/research/protein-sequence-augmentation/data/processed/embeddings/solubility/trained_autoencoder/shared/train_b6a98083cbdcf2b6.pt
2026-07-26 17:53:26,208 INFO __main__: Using cached frozen embeddings: /home/ubuntu/research/protein-sequence-augmentation/data/processed/embeddings/solubility/trained_autoencoder/shared/valid_936244d146f5418b.pt
2026-07-26 17:53:26,219 INFO __main__: Using cached frozen embeddings: /home/ubuntu/research/protein-sequence-augmentation/data/processed/embeddings/solubility/trained_autoencoder/shared/test_fab541465a619f84.pt
2026-07-26 17:53:26,231 INFO Code.src.training.classification_pipeline: Epoch 1/30
2026-07-26 17:54:29,216 INFO Code.src.training.classification_pipeline: Epoch 1: train loss 0.6059, val loss 0.5773, val accuracy 0.6778
2026-07-26 17:54:29,216 INFO Code.src.training.classification_pipeline: Epoch 2/30
2026-07-26 17:55:30,578 INFO Code.src.training.classification_pipeline: Epoch 2: train loss 0.5674, val loss 0.5571, val accuracy 0.6966
2026-07-26 17:55:30,578 INFO Code.src.training.classification_pipeline: Epoch 3/30
2026-07-26 17:56:23,238 INFO Code.src.training.classification_pipeline: Epoch 3: train loss 0.5437, val loss 0.5429, val accuracy 0.7057
2026-07-26 17:56:23,238 INFO Code.src.training.classification_pipeline: Epoch 4/30
2026-07-26 17:57:26,033 INFO Code.src.training.classification_pipeline: Epoch 4: train loss 0.5259, val loss 0.5355, val accuracy 0.7141
2026-07-26 17:57:26,033 INFO Code.src.training.classification_pipeline: Epoch 5/30
2026-07-26 17:58:28,942 INFO Code.src.training.classification_pipeline: Epoch 5: train loss 0.5134, val loss 0.5319, val accuracy 0.7200
2026-07-26 17:58:28,942 INFO Code.src.training.classification_pipeline: Epoch 6/30
2026-07-26 17:59:31,794 INFO Code.src.training.classification_pipeline: Epoch 6: train loss 0.5033, val loss 0.5281, val accuracy 0.7226
2026-07-26 17:59:31,794 INFO Code.src.training.classification_pipeline: Epoch 7/30
2026-07-26 18:00:23,443 INFO Code.src.training.classification_pipeline: Epoch 7: train loss 0.4942, val loss 0.5268, val accuracy 0.7256
2026-07-26 18:00:23,443 INFO Code.src.training.classification_pipeline: Epoch 8/30
2026-07-26 18:01:26,346 INFO Code.src.training.classification_pipeline: Epoch 8: train loss 0.4855, val loss 0.5275, val accuracy 0.7256
2026-07-26 18:01:26,347 INFO Code.src.training.classification_pipeline: Epoch 9/30
2026-07-26 18:02:29,380 INFO Code.src.training.classification_pipeline: Epoch 9: train loss 0.4776, val loss 0.5277, val accuracy 0.7253
2026-07-26 18:02:29,380 INFO Code.src.training.classification_pipeline: Epoch 10/30
2026-07-26 18:03:32,248 INFO Code.src.training.classification_pipeline: Epoch 10: train loss 0.4704, val loss 0.5295, val accuracy 0.7259
2026-07-26 18:03:32,248 INFO Code.src.training.classification_pipeline: Epoch 11/30
2026-07-26 18:04:24,505 INFO Code.src.training.classification_pipeline: Epoch 11: train loss 0.4624, val loss 0.5267, val accuracy 0.7324
2026-07-26 18:04:24,505 INFO Code.src.training.classification_pipeline: Epoch 12/30
2026-07-26 18:05:27,296 INFO Code.src.training.classification_pipeline: Epoch 12: train loss 0.4556, val loss 0.5306, val accuracy 0.7315
2026-07-26 18:05:27,296 INFO Code.src.training.classification_pipeline: Epoch 13/30
2026-07-26 18:06:30,144 INFO Code.src.training.classification_pipeline: Epoch 13: train loss 0.4472, val loss 0.5309, val accuracy 0.7267
2026-07-26 18:06:30,144 INFO Code.src.training.classification_pipeline: Epoch 14/30
2026-07-26 18:07:32,986 INFO Code.src.training.classification_pipeline: Epoch 14: train loss 0.4404, val loss 0.5338, val accuracy 0.7308
2026-07-26 18:07:32,986 INFO Code.src.training.classification_pipeline: Epoch 15/30
2026-07-26 18:08:26,739 INFO Code.src.training.classification_pipeline: Epoch 15: train loss 0.4343, val loss 0.5393, val accuracy 0.7267
2026-07-26 18:08:26,739 INFO Code.src.training.classification_pipeline: Epoch 16/30
2026-07-26 18:09:18,190 INFO Code.src.training.classification_pipeline: Epoch 16: train loss 0.4284, val loss 0.5390, val accuracy 0.7269
2026-07-26 18:09:18,190 INFO Code.src.training.classification_pipeline: Early stopping at epoch 16.
2026-07-26 18:09:19,819 INFO Code.src.training.classification_pipeline: Test Loss: 0.5569 | Test Acc: 0.7074 | Test F1 (Macro): 0.7043
