2026-08-11 21:40:29,168 INFO Code.src.utils.embedding_cache: Using cached frozen embeddings: /home/ubuntu/research/protein-sequence-augmentation/data/processed/embeddings/solubility/trained_autoencoder/shared/train_87d0b6aef732c97d.pt
2026-08-11 21:40:29,210 INFO Code.src.utils.embedding_cache: Using cached frozen embeddings: /home/ubuntu/research/protein-sequence-augmentation/data/processed/embeddings/solubility/trained_autoencoder/shared/valid_172e0293e17769b2.pt
2026-08-11 21:40:29,221 INFO Code.src.utils.embedding_cache: Using cached frozen embeddings: /home/ubuntu/research/protein-sequence-augmentation/data/processed/embeddings/solubility/trained_autoencoder/shared/test_780dc53be0daff1d.pt
2026-08-11 21:40:29,308 INFO Code.src.training.classification_pipeline: Epoch 1/30
2026-08-11 21:40:39,164 INFO Code.src.training.classification_pipeline: Epoch 1: train loss 0.6286, val loss 0.6021, val accuracy 0.6501
2026-08-11 21:40:39,165 INFO Code.src.training.classification_pipeline: Epoch 2/30
2026-08-11 21:40:48,426 INFO Code.src.training.classification_pipeline: Epoch 2: train loss 0.5928, val loss 0.5809, val accuracy 0.6701
2026-08-11 21:40:48,426 INFO Code.src.training.classification_pipeline: Epoch 3/30
2026-08-11 21:40:57,820 INFO Code.src.training.classification_pipeline: Epoch 3: train loss 0.5707, val loss 0.5646, val accuracy 0.6863
2026-08-11 21:40:57,820 INFO Code.src.training.classification_pipeline: Epoch 4/30
2026-08-11 21:41:07,104 INFO Code.src.training.classification_pipeline: Epoch 4: train loss 0.5526, val loss 0.5540, val accuracy 0.7001
2026-08-11 21:41:07,104 INFO Code.src.training.classification_pipeline: Epoch 5/30
2026-08-11 21:41:16,410 INFO Code.src.training.classification_pipeline: Epoch 5: train loss 0.5386, val loss 0.5471, val accuracy 0.7035
2026-08-11 21:41:16,410 INFO Code.src.training.classification_pipeline: Epoch 6/30
2026-08-11 21:41:25,711 INFO Code.src.training.classification_pipeline: Epoch 6: train loss 0.5275, val loss 0.5442, val accuracy 0.7041
2026-08-11 21:41:25,711 INFO Code.src.training.classification_pipeline: Epoch 7/30
2026-08-11 21:41:34,975 INFO Code.src.training.classification_pipeline: Epoch 7: train loss 0.5178, val loss 0.5434, val accuracy 0.7080
2026-08-11 21:41:34,975 INFO Code.src.training.classification_pipeline: Epoch 8/30
2026-08-11 21:41:44,279 INFO Code.src.training.classification_pipeline: Epoch 8: train loss 0.5085, val loss 0.5420, val accuracy 0.7086
2026-08-11 21:41:44,279 INFO Code.src.training.classification_pipeline: Epoch 9/30
2026-08-11 21:41:53,699 INFO Code.src.training.classification_pipeline: Epoch 9: train loss 0.4986, val loss 0.5398, val accuracy 0.7107
2026-08-11 21:41:53,699 INFO Code.src.training.classification_pipeline: Epoch 10/30
2026-08-11 21:42:02,975 INFO Code.src.training.classification_pipeline: Epoch 10: train loss 0.4890, val loss 0.5422, val accuracy 0.7080
2026-08-11 21:42:02,975 INFO Code.src.training.classification_pipeline: Epoch 11/30
2026-08-11 21:42:12,203 INFO Code.src.training.classification_pipeline: Epoch 11: train loss 0.4810, val loss 0.5398, val accuracy 0.7086
2026-08-11 21:42:12,203 INFO Code.src.training.classification_pipeline: Epoch 12/30
2026-08-11 21:42:21,528 INFO Code.src.training.classification_pipeline: Epoch 12: train loss 0.4717, val loss 0.5439, val accuracy 0.7069
2026-08-11 21:42:21,528 INFO Code.src.training.classification_pipeline: Epoch 13/30
2026-08-11 21:42:30,820 INFO Code.src.training.classification_pipeline: Epoch 13: train loss 0.4625, val loss 0.5425, val accuracy 0.7100
2026-08-11 21:42:30,820 INFO Code.src.training.classification_pipeline: Epoch 14/30
2026-08-11 21:42:40,106 INFO Code.src.training.classification_pipeline: Epoch 14: train loss 0.4537, val loss 0.5452, val accuracy 0.7043
2026-08-11 21:42:40,106 INFO Code.src.training.classification_pipeline: Epoch 15/30
2026-08-11 21:42:49,341 INFO Code.src.training.classification_pipeline: Epoch 15: train loss 0.4443, val loss 0.5510, val accuracy 0.7038
2026-08-11 21:42:49,341 INFO Code.src.training.classification_pipeline: Epoch 16/30
2026-08-11 21:42:58,640 INFO Code.src.training.classification_pipeline: Epoch 16: train loss 0.4366, val loss 0.5521, val accuracy 0.7074
2026-08-11 21:42:58,640 INFO Code.src.training.classification_pipeline: Early stopping at epoch 16.
2026-08-11 21:42:58,792 INFO Code.src.training.classification_pipeline: Test Loss: 0.6025 | Test Acc: 0.6633 | Test F1 (Macro): 0.6572
