2026-08-03 19:40:24,325 INFO Code.src.training.classification_pipeline: Unfreezing the autoencoder encoding path.
2026-08-03 19:40:24,325 INFO Code.src.training.classification_pipeline: Epoch 1/30
2026-08-03 19:46:18,334 INFO Code.src.training.classification_pipeline: Epoch 1: train loss 0.5696, val loss 0.5287, val accuracy 0.7184
2026-08-03 19:46:18,335 INFO Code.src.training.classification_pipeline: Epoch 2/30
2026-08-03 19:52:03,438 INFO Code.src.training.classification_pipeline: Epoch 2: train loss 0.5291, val loss 0.5109, val accuracy 0.7285
2026-08-03 19:52:03,438 INFO Code.src.training.classification_pipeline: Epoch 3/30
2026-08-03 19:57:47,996 INFO Code.src.training.classification_pipeline: Epoch 3: train loss 0.5128, val loss 0.5012, val accuracy 0.7429
2026-08-03 19:57:47,996 INFO Code.src.training.classification_pipeline: Epoch 4/30
2026-08-03 20:03:33,696 INFO Code.src.training.classification_pipeline: Epoch 4: train loss 0.5008, val loss 0.5000, val accuracy 0.7409
2026-08-03 20:03:33,696 INFO Code.src.training.classification_pipeline: Epoch 5/30
2026-08-03 20:09:18,912 INFO Code.src.training.classification_pipeline: Epoch 5: train loss 0.4871, val loss 0.4926, val accuracy 0.7458
2026-08-03 20:09:18,912 INFO Code.src.training.classification_pipeline: Epoch 6/30
2026-08-03 20:15:03,192 INFO Code.src.training.classification_pipeline: Epoch 6: train loss 0.4730, val loss 0.5468, val accuracy 0.7365
2026-08-03 20:15:03,192 INFO Code.src.training.classification_pipeline: Epoch 7/30
2026-08-03 20:20:48,159 INFO Code.src.training.classification_pipeline: Epoch 7: train loss 0.4532, val loss 0.5121, val accuracy 0.7383
2026-08-03 20:20:48,159 INFO Code.src.training.classification_pipeline: Epoch 8/30
2026-08-03 20:26:35,377 INFO Code.src.training.classification_pipeline: Epoch 8: train loss 0.4291, val loss 0.5484, val accuracy 0.7280
2026-08-03 20:26:35,377 INFO Code.src.training.classification_pipeline: Epoch 9/30
2026-08-03 20:32:19,965 INFO Code.src.training.classification_pipeline: Epoch 9: train loss 0.3986, val loss 0.6390, val accuracy 0.7197
2026-08-03 20:32:19,965 INFO Code.src.training.classification_pipeline: Epoch 10/30
2026-08-03 20:38:04,124 INFO Code.src.training.classification_pipeline: Epoch 10: train loss 0.3588, val loss 0.6429, val accuracy 0.7100
2026-08-03 20:38:04,124 INFO Code.src.training.classification_pipeline: Early stopping at epoch 10.
2026-08-03 20:38:12,502 INFO Code.src.training.classification_pipeline: Test Loss: 0.5234 | Test Acc: 0.7004 | Test F1 (Macro): 0.6897
