2026-08-11 21:28:52,083 INFO Code.src.utils.embedding_cache: Using cached frozen embeddings: /home/ubuntu/research/protein-sequence-augmentation/data/processed/embeddings/solubility/random_autoencoder/seed_42/train_652642273c135e15.pt
2026-08-11 21:28:52,127 INFO Code.src.utils.embedding_cache: Using cached frozen embeddings: /home/ubuntu/research/protein-sequence-augmentation/data/processed/embeddings/solubility/random_autoencoder/seed_42/valid_b2ad3d4830d01bff.pt
2026-08-11 21:28:52,138 INFO Code.src.utils.embedding_cache: Using cached frozen embeddings: /home/ubuntu/research/protein-sequence-augmentation/data/processed/embeddings/solubility/random_autoencoder/seed_42/test_0fa252c062e03a91.pt
2026-08-11 21:28:52,225 INFO Code.src.training.classification_pipeline: Epoch 1/30
2026-08-11 21:29:01,775 INFO Code.src.training.classification_pipeline: Epoch 1: train loss 0.6782, val loss 0.6759, val accuracy 0.5827
2026-08-11 21:29:01,775 INFO Code.src.training.classification_pipeline: Epoch 2/30
2026-08-11 21:29:11,407 INFO Code.src.training.classification_pipeline: Epoch 2: train loss 0.6743, val loss 0.6694, val accuracy 0.5841
2026-08-11 21:29:11,407 INFO Code.src.training.classification_pipeline: Epoch 3/30
2026-08-11 21:29:20,938 INFO Code.src.training.classification_pipeline: Epoch 3: train loss 0.6687, val loss 0.6626, val accuracy 0.5968
2026-08-11 21:29:20,938 INFO Code.src.training.classification_pipeline: Epoch 4/30
2026-08-11 21:29:30,482 INFO Code.src.training.classification_pipeline: Epoch 4: train loss 0.6639, val loss 0.6583, val accuracy 0.6148
2026-08-11 21:29:30,482 INFO Code.src.training.classification_pipeline: Epoch 5/30
2026-08-11 21:29:40,071 INFO Code.src.training.classification_pipeline: Epoch 5: train loss 0.6614, val loss 0.6553, val accuracy 0.6142
2026-08-11 21:29:40,071 INFO Code.src.training.classification_pipeline: Epoch 6/30
2026-08-11 21:29:49,707 INFO Code.src.training.classification_pipeline: Epoch 6: train loss 0.6601, val loss 0.6552, val accuracy 0.6125
2026-08-11 21:29:49,707 INFO Code.src.training.classification_pipeline: Epoch 7/30
2026-08-11 21:29:59,302 INFO Code.src.training.classification_pipeline: Epoch 7: train loss 0.6590, val loss 0.6530, val accuracy 0.6200
2026-08-11 21:29:59,302 INFO Code.src.training.classification_pipeline: Epoch 8/30
2026-08-11 21:30:08,711 INFO Code.src.training.classification_pipeline: Epoch 8: train loss 0.6581, val loss 0.6518, val accuracy 0.6145
2026-08-11 21:30:08,711 INFO Code.src.training.classification_pipeline: Epoch 9/30
2026-08-11 21:30:18,266 INFO Code.src.training.classification_pipeline: Epoch 9: train loss 0.6572, val loss 0.6509, val accuracy 0.6165
2026-08-11 21:30:18,266 INFO Code.src.training.classification_pipeline: Epoch 10/30
2026-08-11 21:30:27,682 INFO Code.src.training.classification_pipeline: Epoch 10: train loss 0.6568, val loss 0.6516, val accuracy 0.6174
2026-08-11 21:30:27,682 INFO Code.src.training.classification_pipeline: Epoch 11/30
2026-08-11 21:30:37,466 INFO Code.src.training.classification_pipeline: Epoch 11: train loss 0.6562, val loss 0.6500, val accuracy 0.6167
2026-08-11 21:30:37,466 INFO Code.src.training.classification_pipeline: Epoch 12/30
2026-08-11 21:30:47,076 INFO Code.src.training.classification_pipeline: Epoch 12: train loss 0.6556, val loss 0.6482, val accuracy 0.6243
2026-08-11 21:30:47,076 INFO Code.src.training.classification_pipeline: Epoch 13/30
2026-08-11 21:30:56,733 INFO Code.src.training.classification_pipeline: Epoch 13: train loss 0.6548, val loss 0.6487, val accuracy 0.6285
2026-08-11 21:30:56,733 INFO Code.src.training.classification_pipeline: Epoch 14/30
2026-08-11 21:31:06,273 INFO Code.src.training.classification_pipeline: Epoch 14: train loss 0.6540, val loss 0.6480, val accuracy 0.6210
2026-08-11 21:31:06,273 INFO Code.src.training.classification_pipeline: Epoch 15/30
2026-08-11 21:31:15,959 INFO Code.src.training.classification_pipeline: Epoch 15: train loss 0.6536, val loss 0.6502, val accuracy 0.6232
2026-08-11 21:31:15,959 INFO Code.src.training.classification_pipeline: Epoch 16/30
2026-08-11 21:31:25,505 INFO Code.src.training.classification_pipeline: Epoch 16: train loss 0.6529, val loss 0.6497, val accuracy 0.6232
2026-08-11 21:31:25,505 INFO Code.src.training.classification_pipeline: Epoch 17/30
2026-08-11 21:31:34,904 INFO Code.src.training.classification_pipeline: Epoch 17: train loss 0.6522, val loss 0.6464, val accuracy 0.6285
2026-08-11 21:31:34,904 INFO Code.src.training.classification_pipeline: Epoch 18/30
2026-08-11 21:31:44,539 INFO Code.src.training.classification_pipeline: Epoch 18: train loss 0.6516, val loss 0.6449, val accuracy 0.6304
2026-08-11 21:31:44,539 INFO Code.src.training.classification_pipeline: Epoch 19/30
2026-08-11 21:31:54,131 INFO Code.src.training.classification_pipeline: Epoch 19: train loss 0.6507, val loss 0.6447, val accuracy 0.6247
2026-08-11 21:31:54,131 INFO Code.src.training.classification_pipeline: Epoch 20/30
2026-08-11 21:32:04,124 INFO Code.src.training.classification_pipeline: Epoch 20: train loss 0.6500, val loss 0.6463, val accuracy 0.6282
2026-08-11 21:32:04,124 INFO Code.src.training.classification_pipeline: Epoch 21/30
2026-08-11 21:32:13,621 INFO Code.src.training.classification_pipeline: Epoch 21: train loss 0.6495, val loss 0.6431, val accuracy 0.6301
2026-08-11 21:32:13,621 INFO Code.src.training.classification_pipeline: Epoch 22/30
2026-08-11 21:32:23,156 INFO Code.src.training.classification_pipeline: Epoch 22: train loss 0.6490, val loss 0.6418, val accuracy 0.6312
2026-08-11 21:32:23,156 INFO Code.src.training.classification_pipeline: Epoch 23/30
2026-08-11 21:32:33,010 INFO Code.src.training.classification_pipeline: Epoch 23: train loss 0.6482, val loss 0.6475, val accuracy 0.6184
2026-08-11 21:32:33,010 INFO Code.src.training.classification_pipeline: Epoch 24/30
2026-08-11 21:32:42,700 INFO Code.src.training.classification_pipeline: Epoch 24: train loss 0.6475, val loss 0.6470, val accuracy 0.6150
2026-08-11 21:32:42,700 INFO Code.src.training.classification_pipeline: Epoch 25/30
2026-08-11 21:32:52,557 INFO Code.src.training.classification_pipeline: Epoch 25: train loss 0.6469, val loss 0.6403, val accuracy 0.6321
2026-08-11 21:32:52,557 INFO Code.src.training.classification_pipeline: Epoch 26/30
2026-08-11 21:33:02,101 INFO Code.src.training.classification_pipeline: Epoch 26: train loss 0.6466, val loss 0.6394, val accuracy 0.6330
2026-08-11 21:33:02,101 INFO Code.src.training.classification_pipeline: Epoch 27/30
2026-08-11 21:33:11,806 INFO Code.src.training.classification_pipeline: Epoch 27: train loss 0.6459, val loss 0.6380, val accuracy 0.6327
2026-08-11 21:33:11,806 INFO Code.src.training.classification_pipeline: Epoch 28/30
2026-08-11 21:33:21,442 INFO Code.src.training.classification_pipeline: Epoch 28: train loss 0.6448, val loss 0.6458, val accuracy 0.6186
2026-08-11 21:33:21,442 INFO Code.src.training.classification_pipeline: Epoch 29/30
2026-08-11 21:33:31,191 INFO Code.src.training.classification_pipeline: Epoch 29: train loss 0.6441, val loss 0.6400, val accuracy 0.6341
2026-08-11 21:33:31,191 INFO Code.src.training.classification_pipeline: Epoch 30/30
2026-08-11 21:33:40,713 INFO Code.src.training.classification_pipeline: Epoch 30: train loss 0.6436, val loss 0.6370, val accuracy 0.6379
2026-08-11 21:33:40,865 INFO Code.src.training.classification_pipeline: Test Loss: 0.6695 | Test Acc: 0.5578 | Test F1 (Macro): 0.5197
