2026-07-25 02:49:22,513 INFO __main__: Saved frozen embeddings: /home/ubuntu/protein-sequence-augmentation/data/processed/embeddings/solubility/random_autoencoder/seed_44/train_c70d991480effa93.pt
2026-07-25 02:49:38,139 INFO __main__: Saved frozen embeddings: /home/ubuntu/protein-sequence-augmentation/data/processed/embeddings/solubility/random_autoencoder/seed_44/valid_c29eda69214ed5ea.pt
2026-07-25 02:49:42,951 INFO __main__: Saved frozen embeddings: /home/ubuntu/protein-sequence-augmentation/data/processed/embeddings/solubility/random_autoencoder/seed_44/test_243260eacc61c3fb.pt
2026-07-25 02:49:43,055 INFO Code.src.training.classification_pipeline: Epoch 1/30
2026-07-25 02:49:50,681 INFO Code.src.training.classification_pipeline: Epoch 1: train loss 0.6744, val loss 0.6667, val accuracy 0.5909
2026-07-25 02:49:50,681 INFO Code.src.training.classification_pipeline: Epoch 2/30
2026-07-25 02:49:58,261 INFO Code.src.training.classification_pipeline: Epoch 2: train loss 0.6666, val loss 0.6622, val accuracy 0.6138
2026-07-25 02:49:58,261 INFO Code.src.training.classification_pipeline: Epoch 3/30
2026-07-25 02:50:05,891 INFO Code.src.training.classification_pipeline: Epoch 3: train loss 0.6627, val loss 0.6572, val accuracy 0.6155
2026-07-25 02:50:05,891 INFO Code.src.training.classification_pipeline: Epoch 4/30
2026-07-25 02:50:13,462 INFO Code.src.training.classification_pipeline: Epoch 4: train loss 0.6604, val loss 0.6550, val accuracy 0.6188
2026-07-25 02:50:13,462 INFO Code.src.training.classification_pipeline: Epoch 5/30
2026-07-25 02:50:21,037 INFO Code.src.training.classification_pipeline: Epoch 5: train loss 0.6593, val loss 0.6537, val accuracy 0.6142
2026-07-25 02:50:21,037 INFO Code.src.training.classification_pipeline: Epoch 6/30
2026-07-25 02:50:28,560 INFO Code.src.training.classification_pipeline: Epoch 6: train loss 0.6583, val loss 0.6541, val accuracy 0.6232
2026-07-25 02:50:28,560 INFO Code.src.training.classification_pipeline: Epoch 7/30
2026-07-25 02:50:36,144 INFO Code.src.training.classification_pipeline: Epoch 7: train loss 0.6574, val loss 0.6522, val accuracy 0.6178
2026-07-25 02:50:36,145 INFO Code.src.training.classification_pipeline: Epoch 8/30
2026-07-25 02:50:43,722 INFO Code.src.training.classification_pipeline: Epoch 8: train loss 0.6565, val loss 0.6502, val accuracy 0.6227
2026-07-25 02:50:43,722 INFO Code.src.training.classification_pipeline: Epoch 9/30
2026-07-25 02:50:51,305 INFO Code.src.training.classification_pipeline: Epoch 9: train loss 0.6561, val loss 0.6502, val accuracy 0.6174
2026-07-25 02:50:51,305 INFO Code.src.training.classification_pipeline: Epoch 10/30
2026-07-25 02:50:58,849 INFO Code.src.training.classification_pipeline: Epoch 10: train loss 0.6556, val loss 0.6516, val accuracy 0.6253
2026-07-25 02:50:58,849 INFO Code.src.training.classification_pipeline: Epoch 11/30
2026-07-25 02:51:06,764 INFO Code.src.training.classification_pipeline: Epoch 11: train loss 0.6548, val loss 0.6501, val accuracy 0.6196
2026-07-25 02:51:06,764 INFO Code.src.training.classification_pipeline: Epoch 12/30
2026-07-25 02:51:14,338 INFO Code.src.training.classification_pipeline: Epoch 12: train loss 0.6546, val loss 0.6509, val accuracy 0.6171
2026-07-25 02:51:14,338 INFO Code.src.training.classification_pipeline: Epoch 13/30
2026-07-25 02:51:21,917 INFO Code.src.training.classification_pipeline: Epoch 13: train loss 0.6541, val loss 0.6529, val accuracy 0.6160
2026-07-25 02:51:21,917 INFO Code.src.training.classification_pipeline: Epoch 14/30
2026-07-25 02:51:29,648 INFO Code.src.training.classification_pipeline: Epoch 14: train loss 0.6537, val loss 0.6469, val accuracy 0.6253
2026-07-25 02:51:29,648 INFO Code.src.training.classification_pipeline: Epoch 15/30
2026-07-25 02:51:37,177 INFO Code.src.training.classification_pipeline: Epoch 15: train loss 0.6534, val loss 0.6466, val accuracy 0.6265
2026-07-25 02:51:37,177 INFO Code.src.training.classification_pipeline: Epoch 16/30
2026-07-25 02:51:50,525 INFO Code.src.training.classification_pipeline: Epoch 16: train loss 0.6530, val loss 0.6463, val accuracy 0.6292
2026-07-25 02:51:50,525 INFO Code.src.training.classification_pipeline: Epoch 17/30
2026-07-25 02:51:58,098 INFO Code.src.training.classification_pipeline: Epoch 17: train loss 0.6528, val loss 0.6464, val accuracy 0.6285
2026-07-25 02:51:58,098 INFO Code.src.training.classification_pipeline: Epoch 18/30
2026-07-25 02:52:05,664 INFO Code.src.training.classification_pipeline: Epoch 18: train loss 0.6523, val loss 0.6458, val accuracy 0.6214
2026-07-25 02:52:05,664 INFO Code.src.training.classification_pipeline: Epoch 19/30
2026-07-25 02:52:13,257 INFO Code.src.training.classification_pipeline: Epoch 19: train loss 0.6520, val loss 0.6452, val accuracy 0.6276
2026-07-25 02:52:13,257 INFO Code.src.training.classification_pipeline: Epoch 20/30
2026-07-25 02:52:20,845 INFO Code.src.training.classification_pipeline: Epoch 20: train loss 0.6517, val loss 0.6450, val accuracy 0.6243
2026-07-25 02:52:20,845 INFO Code.src.training.classification_pipeline: Epoch 21/30
2026-07-25 02:52:28,401 INFO Code.src.training.classification_pipeline: Epoch 21: train loss 0.6512, val loss 0.6478, val accuracy 0.6207
2026-07-25 02:52:28,401 INFO Code.src.training.classification_pipeline: Epoch 22/30
2026-07-25 02:52:35,985 INFO Code.src.training.classification_pipeline: Epoch 22: train loss 0.6511, val loss 0.6447, val accuracy 0.6312
2026-07-25 02:52:35,985 INFO Code.src.training.classification_pipeline: Epoch 23/30
2026-07-25 02:52:43,557 INFO Code.src.training.classification_pipeline: Epoch 23: train loss 0.6509, val loss 0.6456, val accuracy 0.6214
2026-07-25 02:52:43,557 INFO Code.src.training.classification_pipeline: Epoch 24/30
2026-07-25 02:52:51,113 INFO Code.src.training.classification_pipeline: Epoch 24: train loss 0.6504, val loss 0.6453, val accuracy 0.6292
2026-07-25 02:52:51,113 INFO Code.src.training.classification_pipeline: Epoch 25/30
2026-07-25 02:52:58,832 INFO Code.src.training.classification_pipeline: Epoch 25: train loss 0.6506, val loss 0.6435, val accuracy 0.6301
2026-07-25 02:52:58,832 INFO Code.src.training.classification_pipeline: Epoch 26/30
2026-07-25 02:53:06,421 INFO Code.src.training.classification_pipeline: Epoch 26: train loss 0.6501, val loss 0.6433, val accuracy 0.6309
2026-07-25 02:53:06,421 INFO Code.src.training.classification_pipeline: Epoch 27/30
2026-07-25 02:53:13,981 INFO Code.src.training.classification_pipeline: Epoch 27: train loss 0.6495, val loss 0.6499, val accuracy 0.6209
2026-07-25 02:53:13,981 INFO Code.src.training.classification_pipeline: Epoch 28/30
2026-07-25 02:53:21,530 INFO Code.src.training.classification_pipeline: Epoch 28: train loss 0.6496, val loss 0.6429, val accuracy 0.6305
2026-07-25 02:53:21,531 INFO Code.src.training.classification_pipeline: Epoch 29/30
2026-07-25 02:53:29,111 INFO Code.src.training.classification_pipeline: Epoch 29: train loss 0.6495, val loss 0.6434, val accuracy 0.6236
2026-07-25 02:53:29,111 INFO Code.src.training.classification_pipeline: Epoch 30/30
2026-07-25 02:53:36,698 INFO Code.src.training.classification_pipeline: Epoch 30: train loss 0.6490, val loss 0.6425, val accuracy 0.6301
2026-07-25 02:53:36,831 INFO Code.src.training.classification_pipeline: Test Loss: 0.6766 | Test Acc: 0.5778 | Test F1 (Macro): 0.5439
