2026-08-12 19:42:59,167 INFO Code.src.utils.embedding_cache: Using cached frozen embeddings: /home/ubuntu/research/protein-sequence-augmentation/data/processed/embeddings/solubility/esm2/shared/train_96ea95d5317c2f65.pt
2026-08-12 19:42:59,199 INFO Code.src.utils.embedding_cache: Using cached frozen embeddings: /home/ubuntu/research/protein-sequence-augmentation/data/processed/embeddings/solubility/esm2/shared/valid_6f51f55f059f680d.pt
2026-08-12 19:42:59,210 INFO Code.src.utils.embedding_cache: Using cached frozen embeddings: /home/ubuntu/research/protein-sequence-augmentation/data/processed/embeddings/solubility/esm2/shared/test_780fc3c941174add.pt
2026-08-12 19:42:59,253 INFO Code.src.training.classification_pipeline: Epoch 1/30
2026-08-12 19:43:07,171 INFO Code.src.training.classification_pipeline: Epoch 1: train loss 0.6517, val loss 0.6351, val accuracy 0.6425
2026-08-12 19:43:07,171 INFO Code.src.training.classification_pipeline: Epoch 2/30
2026-08-12 19:43:15,327 INFO Code.src.training.classification_pipeline: Epoch 2: train loss 0.6323, val loss 0.6255, val accuracy 0.6528
2026-08-12 19:43:15,327 INFO Code.src.training.classification_pipeline: Epoch 3/30
2026-08-12 19:43:23,263 INFO Code.src.training.classification_pipeline: Epoch 3: train loss 0.6257, val loss 0.6208, val accuracy 0.6541
2026-08-12 19:43:23,263 INFO Code.src.training.classification_pipeline: Epoch 4/30
2026-08-12 19:43:31,218 INFO Code.src.training.classification_pipeline: Epoch 4: train loss 0.6220, val loss 0.6183, val accuracy 0.6551
2026-08-12 19:43:31,218 INFO Code.src.training.classification_pipeline: Epoch 5/30
2026-08-12 19:43:39,215 INFO Code.src.training.classification_pipeline: Epoch 5: train loss 0.6196, val loss 0.6165, val accuracy 0.6566
2026-08-12 19:43:39,215 INFO Code.src.training.classification_pipeline: Epoch 6/30
2026-08-12 19:43:47,218 INFO Code.src.training.classification_pipeline: Epoch 6: train loss 0.6178, val loss 0.6149, val accuracy 0.6586
2026-08-12 19:43:47,218 INFO Code.src.training.classification_pipeline: Epoch 7/30
2026-08-12 19:43:55,238 INFO Code.src.training.classification_pipeline: Epoch 7: train loss 0.6164, val loss 0.6138, val accuracy 0.6599
2026-08-12 19:43:55,238 INFO Code.src.training.classification_pipeline: Epoch 8/30
2026-08-12 19:44:03,251 INFO Code.src.training.classification_pipeline: Epoch 8: train loss 0.6153, val loss 0.6129, val accuracy 0.6577
2026-08-12 19:44:03,251 INFO Code.src.training.classification_pipeline: Epoch 9/30
2026-08-12 19:44:11,341 INFO Code.src.training.classification_pipeline: Epoch 9: train loss 0.6143, val loss 0.6121, val accuracy 0.6593
2026-08-12 19:44:11,341 INFO Code.src.training.classification_pipeline: Epoch 10/30
2026-08-12 19:44:19,343 INFO Code.src.training.classification_pipeline: Epoch 10: train loss 0.6134, val loss 0.6114, val accuracy 0.6583
2026-08-12 19:44:19,343 INFO Code.src.training.classification_pipeline: Epoch 11/30
2026-08-12 19:44:27,358 INFO Code.src.training.classification_pipeline: Epoch 11: train loss 0.6126, val loss 0.6108, val accuracy 0.6603
2026-08-12 19:44:27,358 INFO Code.src.training.classification_pipeline: Epoch 12/30
2026-08-12 19:44:35,380 INFO Code.src.training.classification_pipeline: Epoch 12: train loss 0.6120, val loss 0.6103, val accuracy 0.6613
2026-08-12 19:44:35,380 INFO Code.src.training.classification_pipeline: Epoch 13/30
2026-08-12 19:44:43,338 INFO Code.src.training.classification_pipeline: Epoch 13: train loss 0.6114, val loss 0.6096, val accuracy 0.6590
2026-08-12 19:44:43,338 INFO Code.src.training.classification_pipeline: Epoch 14/30
2026-08-12 19:44:51,294 INFO Code.src.training.classification_pipeline: Epoch 14: train loss 0.6108, val loss 0.6096, val accuracy 0.6603
2026-08-12 19:44:51,294 INFO Code.src.training.classification_pipeline: Epoch 15/30
2026-08-12 19:44:59,231 INFO Code.src.training.classification_pipeline: Epoch 15: train loss 0.6103, val loss 0.6088, val accuracy 0.6577
2026-08-12 19:44:59,231 INFO Code.src.training.classification_pipeline: Epoch 16/30
2026-08-12 19:45:07,165 INFO Code.src.training.classification_pipeline: Epoch 16: train loss 0.6099, val loss 0.6086, val accuracy 0.6602
2026-08-12 19:45:07,165 INFO Code.src.training.classification_pipeline: Epoch 17/30
2026-08-12 19:45:15,093 INFO Code.src.training.classification_pipeline: Epoch 17: train loss 0.6094, val loss 0.6080, val accuracy 0.6577
2026-08-12 19:45:15,093 INFO Code.src.training.classification_pipeline: Epoch 18/30
2026-08-12 19:45:23,154 INFO Code.src.training.classification_pipeline: Epoch 18: train loss 0.6090, val loss 0.6078, val accuracy 0.6587
2026-08-12 19:45:23,154 INFO Code.src.training.classification_pipeline: Epoch 19/30
2026-08-12 19:45:31,061 INFO Code.src.training.classification_pipeline: Epoch 19: train loss 0.6085, val loss 0.6075, val accuracy 0.6599
2026-08-12 19:45:31,061 INFO Code.src.training.classification_pipeline: Epoch 20/30
2026-08-12 19:45:38,979 INFO Code.src.training.classification_pipeline: Epoch 20: train loss 0.6083, val loss 0.6071, val accuracy 0.6605
2026-08-12 19:45:38,979 INFO Code.src.training.classification_pipeline: Epoch 21/30
2026-08-12 19:45:46,910 INFO Code.src.training.classification_pipeline: Epoch 21: train loss 0.6079, val loss 0.6079, val accuracy 0.6636
2026-08-12 19:45:46,911 INFO Code.src.training.classification_pipeline: Epoch 22/30
2026-08-12 19:45:54,841 INFO Code.src.training.classification_pipeline: Epoch 22: train loss 0.6076, val loss 0.6069, val accuracy 0.6616
2026-08-12 19:45:54,841 INFO Code.src.training.classification_pipeline: Epoch 23/30
2026-08-12 19:46:02,758 INFO Code.src.training.classification_pipeline: Epoch 23: train loss 0.6073, val loss 0.6063, val accuracy 0.6605
2026-08-12 19:46:02,758 INFO Code.src.training.classification_pipeline: Epoch 24/30
2026-08-12 19:46:10,755 INFO Code.src.training.classification_pipeline: Epoch 24: train loss 0.6070, val loss 0.6062, val accuracy 0.6629
2026-08-12 19:46:10,755 INFO Code.src.training.classification_pipeline: Epoch 25/30
2026-08-12 19:46:18,688 INFO Code.src.training.classification_pipeline: Epoch 25: train loss 0.6067, val loss 0.6059, val accuracy 0.6625
2026-08-12 19:46:18,688 INFO Code.src.training.classification_pipeline: Epoch 26/30
2026-08-12 19:46:26,642 INFO Code.src.training.classification_pipeline: Epoch 26: train loss 0.6065, val loss 0.6058, val accuracy 0.6631
2026-08-12 19:46:26,642 INFO Code.src.training.classification_pipeline: Epoch 27/30
2026-08-12 19:46:34,566 INFO Code.src.training.classification_pipeline: Epoch 27: train loss 0.6063, val loss 0.6054, val accuracy 0.6632
2026-08-12 19:46:34,566 INFO Code.src.training.classification_pipeline: Epoch 28/30
2026-08-12 19:46:42,503 INFO Code.src.training.classification_pipeline: Epoch 28: train loss 0.6060, val loss 0.6053, val accuracy 0.6632
2026-08-12 19:46:42,503 INFO Code.src.training.classification_pipeline: Epoch 29/30
2026-08-12 19:46:50,443 INFO Code.src.training.classification_pipeline: Epoch 29: train loss 0.6058, val loss 0.6050, val accuracy 0.6652
2026-08-12 19:46:50,443 INFO Code.src.training.classification_pipeline: Epoch 30/30
2026-08-12 19:46:58,381 INFO Code.src.training.classification_pipeline: Epoch 30: train loss 0.6055, val loss 0.6057, val accuracy 0.6639
2026-08-12 19:46:58,522 INFO Code.src.training.classification_pipeline: Test Loss: 0.6670 | Test Acc: 0.6053 | Test F1 (Macro): 0.5902
