2026-07-30 15:15:33,046 INFO Code.src.utils.embedding_cache: Saved frozen embeddings: /home/ubuntu/protein-sequence-augmentation/data/processed/embeddings/solubility/random_autoencoder/seed_44/train_ab365e7859c6486f.pt
2026-07-30 15:15:48,331 INFO Code.src.utils.embedding_cache: Saved frozen embeddings: /home/ubuntu/protein-sequence-augmentation/data/processed/embeddings/solubility/random_autoencoder/seed_44/valid_6254308fbf4aeff6.pt
2026-07-30 15:15:53,201 INFO Code.src.utils.embedding_cache: Saved frozen embeddings: /home/ubuntu/protein-sequence-augmentation/data/processed/embeddings/solubility/random_autoencoder/seed_44/test_80f1e8200fc365ba.pt
2026-07-30 15:15:53,308 INFO Code.src.training.classification_pipeline: Epoch 1/30
2026-07-30 15:16:00,573 INFO Code.src.training.classification_pipeline: Epoch 1: train loss 0.6769, val loss 0.6723, val accuracy 0.5838
2026-07-30 15:16:00,573 INFO Code.src.training.classification_pipeline: Epoch 2/30
2026-07-30 15:16:07,847 INFO Code.src.training.classification_pipeline: Epoch 2: train loss 0.6715, val loss 0.6693, val accuracy 0.6020
2026-07-30 15:16:07,848 INFO Code.src.training.classification_pipeline: Epoch 3/30
2026-07-30 15:16:15,176 INFO Code.src.training.classification_pipeline: Epoch 3: train loss 0.6679, val loss 0.6639, val accuracy 0.6013
2026-07-30 15:16:15,177 INFO Code.src.training.classification_pipeline: Epoch 4/30
2026-07-30 15:16:22,516 INFO Code.src.training.classification_pipeline: Epoch 4: train loss 0.6652, val loss 0.6617, val accuracy 0.5978
2026-07-30 15:16:22,516 INFO Code.src.training.classification_pipeline: Epoch 5/30
2026-07-30 15:16:29,681 INFO Code.src.training.classification_pipeline: Epoch 5: train loss 0.6634, val loss 0.6592, val accuracy 0.6093
2026-07-30 15:16:29,681 INFO Code.src.training.classification_pipeline: Epoch 6/30
2026-07-30 15:16:36,915 INFO Code.src.training.classification_pipeline: Epoch 6: train loss 0.6621, val loss 0.6579, val accuracy 0.6126
2026-07-30 15:16:36,915 INFO Code.src.training.classification_pipeline: Epoch 7/30
2026-07-30 15:16:44,255 INFO Code.src.training.classification_pipeline: Epoch 7: train loss 0.6608, val loss 0.6564, val accuracy 0.6124
2026-07-30 15:16:44,255 INFO Code.src.training.classification_pipeline: Epoch 8/30
2026-07-30 15:16:51,621 INFO Code.src.training.classification_pipeline: Epoch 8: train loss 0.6598, val loss 0.6557, val accuracy 0.6162
2026-07-30 15:16:51,621 INFO Code.src.training.classification_pipeline: Epoch 9/30
2026-07-30 15:16:58,894 INFO Code.src.training.classification_pipeline: Epoch 9: train loss 0.6592, val loss 0.6552, val accuracy 0.6116
2026-07-30 15:16:58,895 INFO Code.src.training.classification_pipeline: Epoch 10/30
2026-07-30 15:17:06,125 INFO Code.src.training.classification_pipeline: Epoch 10: train loss 0.6586, val loss 0.6543, val accuracy 0.6150
2026-07-30 15:17:06,125 INFO Code.src.training.classification_pipeline: Epoch 11/30
2026-07-30 15:17:13,353 INFO Code.src.training.classification_pipeline: Epoch 11: train loss 0.6578, val loss 0.6534, val accuracy 0.6154
2026-07-30 15:17:13,354 INFO Code.src.training.classification_pipeline: Epoch 12/30
2026-07-30 15:17:20,636 INFO Code.src.training.classification_pipeline: Epoch 12: train loss 0.6576, val loss 0.6541, val accuracy 0.6115
2026-07-30 15:17:20,636 INFO Code.src.training.classification_pipeline: Epoch 13/30
2026-07-30 15:17:27,953 INFO Code.src.training.classification_pipeline: Epoch 13: train loss 0.6573, val loss 0.6554, val accuracy 0.6134
2026-07-30 15:17:27,953 INFO Code.src.training.classification_pipeline: Epoch 14/30
2026-07-30 15:17:35,343 INFO Code.src.training.classification_pipeline: Epoch 14: train loss 0.6568, val loss 0.6518, val accuracy 0.6167
2026-07-30 15:17:35,343 INFO Code.src.training.classification_pipeline: Epoch 15/30
2026-07-30 15:17:42,568 INFO Code.src.training.classification_pipeline: Epoch 15: train loss 0.6566, val loss 0.6513, val accuracy 0.6186
2026-07-30 15:17:42,568 INFO Code.src.training.classification_pipeline: Epoch 16/30
2026-07-30 15:17:49,915 INFO Code.src.training.classification_pipeline: Epoch 16: train loss 0.6563, val loss 0.6517, val accuracy 0.6220
2026-07-30 15:17:49,915 INFO Code.src.training.classification_pipeline: Epoch 17/30
2026-07-30 15:17:57,346 INFO Code.src.training.classification_pipeline: Epoch 17: train loss 0.6561, val loss 0.6507, val accuracy 0.6210
2026-07-30 15:17:57,346 INFO Code.src.training.classification_pipeline: Epoch 18/30
2026-07-30 15:18:04,634 INFO Code.src.training.classification_pipeline: Epoch 18: train loss 0.6557, val loss 0.6507, val accuracy 0.6181
2026-07-30 15:18:04,635 INFO Code.src.training.classification_pipeline: Epoch 19/30
2026-07-30 15:18:12,071 INFO Code.src.training.classification_pipeline: Epoch 19: train loss 0.6554, val loss 0.6501, val accuracy 0.6200
2026-07-30 15:18:12,071 INFO Code.src.training.classification_pipeline: Epoch 20/30
2026-07-30 15:18:19,194 INFO Code.src.training.classification_pipeline: Epoch 20: train loss 0.6553, val loss 0.6498, val accuracy 0.6211
2026-07-30 15:18:19,195 INFO Code.src.training.classification_pipeline: Epoch 21/30
2026-07-30 15:18:26,517 INFO Code.src.training.classification_pipeline: Epoch 21: train loss 0.6548, val loss 0.6528, val accuracy 0.6121
2026-07-30 15:18:26,517 INFO Code.src.training.classification_pipeline: Epoch 22/30
2026-07-30 15:18:33,741 INFO Code.src.training.classification_pipeline: Epoch 22: train loss 0.6547, val loss 0.6502, val accuracy 0.6268
2026-07-30 15:18:33,741 INFO Code.src.training.classification_pipeline: Epoch 23/30
2026-07-30 15:18:40,983 INFO Code.src.training.classification_pipeline: Epoch 23: train loss 0.6546, val loss 0.6496, val accuracy 0.6171
2026-07-30 15:18:40,984 INFO Code.src.training.classification_pipeline: Epoch 24/30
2026-07-30 15:18:48,167 INFO Code.src.training.classification_pipeline: Epoch 24: train loss 0.6543, val loss 0.6505, val accuracy 0.6242
2026-07-30 15:18:48,167 INFO Code.src.training.classification_pipeline: Epoch 25/30
2026-07-30 15:18:55,585 INFO Code.src.training.classification_pipeline: Epoch 25: train loss 0.6543, val loss 0.6487, val accuracy 0.6224
2026-07-30 15:18:55,585 INFO Code.src.training.classification_pipeline: Epoch 26/30
2026-07-30 15:19:02,864 INFO Code.src.training.classification_pipeline: Epoch 26: train loss 0.6540, val loss 0.6484, val accuracy 0.6220
2026-07-30 15:19:02,865 INFO Code.src.training.classification_pipeline: Epoch 27/30
2026-07-30 15:19:10,119 INFO Code.src.training.classification_pipeline: Epoch 27: train loss 0.6537, val loss 0.6513, val accuracy 0.6227
2026-07-30 15:19:10,119 INFO Code.src.training.classification_pipeline: Epoch 28/30
2026-07-30 15:19:17,373 INFO Code.src.training.classification_pipeline: Epoch 28: train loss 0.6536, val loss 0.6482, val accuracy 0.6207
2026-07-30 15:19:17,373 INFO Code.src.training.classification_pipeline: Epoch 29/30
2026-07-30 15:19:24,767 INFO Code.src.training.classification_pipeline: Epoch 29: train loss 0.6536, val loss 0.6478, val accuracy 0.6217
2026-07-30 15:19:24,767 INFO Code.src.training.classification_pipeline: Epoch 30/30
2026-07-30 15:19:31,961 INFO Code.src.training.classification_pipeline: Epoch 30: train loss 0.6533, val loss 0.6477, val accuracy 0.6233
2026-07-30 15:19:32,091 INFO Code.src.training.classification_pipeline: Test Loss: 0.6868 | Test Acc: 0.5563 | Test F1 (Macro): 0.5060
