2026-08-04 11:28:57,307 INFO Code.src.training.classification_pipeline: Unfreezing the autoencoder encoding path.
2026-08-04 11:28:57,307 INFO Code.src.training.classification_pipeline: Epoch 1/30
2026-08-04 11:34:51,583 INFO Code.src.training.classification_pipeline: Epoch 1: train loss 0.5359, val loss 0.5053, val accuracy 0.7394
2026-08-04 11:34:51,584 INFO Code.src.training.classification_pipeline: Epoch 2/30
2026-08-04 11:40:37,397 INFO Code.src.training.classification_pipeline: Epoch 2: train loss 0.4989, val loss 0.4842, val accuracy 0.7494
2026-08-04 11:40:37,397 INFO Code.src.training.classification_pipeline: Epoch 3/30
2026-08-04 11:46:22,047 INFO Code.src.training.classification_pipeline: Epoch 3: train loss 0.4833, val loss 0.4876, val accuracy 0.7453
2026-08-04 11:46:22,047 INFO Code.src.training.classification_pipeline: Epoch 4/30
2026-08-04 11:52:07,691 INFO Code.src.training.classification_pipeline: Epoch 4: train loss 0.4677, val loss 0.4855, val accuracy 0.7509
2026-08-04 11:52:07,691 INFO Code.src.training.classification_pipeline: Epoch 5/30
2026-08-04 11:57:51,550 INFO Code.src.training.classification_pipeline: Epoch 5: train loss 0.4689, val loss 0.5398, val accuracy 0.7267
2026-08-04 11:57:51,550 INFO Code.src.training.classification_pipeline: Epoch 6/30
2026-08-04 12:03:35,991 INFO Code.src.training.classification_pipeline: Epoch 6: train loss 0.4760, val loss 0.5166, val accuracy 0.7300
2026-08-04 12:03:35,991 INFO Code.src.training.classification_pipeline: Epoch 7/30
2026-08-04 12:09:06,210 ERROR __main__: Run failed: Code/results/classifier/solubility/v0/end_to_end/mlp/trained_autoencoder/seed_43
Traceback (most recent call last):
  File "/home/ubuntu/protein-sequence-augmentation/Code/src/training/train_classifier.py", line 1059, in run_one
    history = pipeline.fit(
        train_loader=train_loader,
    ...<3 lines>...
        resume_from=resume_path if resume_path and resume_path.is_file() else None,
    )
  File "/home/ubuntu/protein-sequence-augmentation/Code/src/training/classification_pipeline.py", line 666, in fit
    train_metrics = self.train_epoch(train_loader)
  File "/home/ubuntu/protein-sequence-augmentation/Code/src/training/classification_pipeline.py", line 619, in train_epoch
    metrics, _ = self._collect_split(
                 ~~~~~~~~~~~~~~~~~~~^
        train_loader, training=True, description="Training"
        ^^^^^^^^^^^^^^^^^^^^^^^^^^^^^^^^^^^^^^^^^^^^^^^^^^^
    )
    ^
  File "/home/ubuntu/protein-sequence-augmentation/Code/src/training/classification_pipeline.py", line 538, in _collect_split
    metrics = self._calculate_metrics(
        labels_array,
    ...<2 lines>...
        loss=total_loss / total_samples,
    )
  File "/home/ubuntu/protein-sequence-augmentation/Code/src/training/classification_pipeline.py", line 580, in _calculate_metrics
    auroc = float(roc_auc_score(positive_labels, positive_probabilities))
                  ~~~~~~~~~~~~~^^^^^^^^^^^^^^^^^^^^^^^^^^^^^^^^^^^^^^^^^
  File "/home/ubuntu/protein-sequence-augmentation/.venv/lib/python3.14/site-packages/sklearn/utils/_param_validation.py", line 218, in wrapper
    return func(*args, **kwargs)
  File "/home/ubuntu/protein-sequence-augmentation/.venv/lib/python3.14/site-packages/sklearn/metrics/_ranking.py", line 710, in roc_auc_score
    y_score = check_array(y_score, ensure_2d=False)
  File "/home/ubuntu/protein-sequence-augmentation/.venv/lib/python3.14/site-packages/sklearn/utils/validation.py", line 1087, in check_array
    _assert_all_finite(
    ~~~~~~~~~~~~~~~~~~^
        array,
        ^^^^^^
    ...<2 lines>...
        allow_nan=ensure_all_finite == "allow-nan",
        ^^^^^^^^^^^^^^^^^^^^^^^^^^^^^^^^^^^^^^^^^^^
    )
    ^
  File "/home/ubuntu/protein-sequence-augmentation/.venv/lib/python3.14/site-packages/sklearn/utils/validation.py", line 137, in _assert_all_finite
    _assert_all_finite_element_wise(
    ~~~~~~~~~~~~~~~~~~~~~~~~~~~~~~~^
        X,
        ^^
    ...<4 lines>...
        input_name=input_name,
        ^^^^^^^^^^^^^^^^^^^^^^
    )
    ^
  File "/home/ubuntu/protein-sequence-augmentation/.venv/lib/python3.14/site-packages/sklearn/utils/validation.py", line 186, in _assert_all_finite_element_wise
    raise ValueError(msg_err)
ValueError: Input contains NaN.
