2026-07-25 03:05:53,072 INFO __main__: Using cached frozen embeddings: /home/ubuntu/protein-sequence-augmentation/data/processed/embeddings/solubility/esm2/shared/train_5b81aae505f7de18.pt
2026-07-25 03:05:53,107 INFO __main__: Using cached frozen embeddings: /home/ubuntu/protein-sequence-augmentation/data/processed/embeddings/solubility/esm2/shared/valid_8670af8275f2b1fb.pt
2026-07-25 03:05:53,118 INFO __main__: Using cached frozen embeddings: /home/ubuntu/protein-sequence-augmentation/data/processed/embeddings/solubility/esm2/shared/test_81c568d5fe0d23a8.pt
2026-07-25 03:05:53,122 INFO Code.src.training.classification_pipeline: Epoch 1/30
2026-07-25 03:06:02,098 INFO Code.src.training.classification_pipeline: Epoch 1: train loss 0.6158, val loss 0.5984, val accuracy 0.6668
2026-07-25 03:06:02,098 INFO Code.src.training.classification_pipeline: Epoch 2/30
2026-07-25 03:06:11,099 INFO Code.src.training.classification_pipeline: Epoch 2: train loss 0.5954, val loss 0.5940, val accuracy 0.6757
2026-07-25 03:06:11,100 INFO Code.src.training.classification_pipeline: Epoch 3/30
2026-07-25 03:06:20,078 INFO Code.src.training.classification_pipeline: Epoch 3: train loss 0.5832, val loss 0.5791, val accuracy 0.6844
2026-07-25 03:06:20,078 INFO Code.src.training.classification_pipeline: Epoch 4/30
2026-07-25 03:06:29,044 INFO Code.src.training.classification_pipeline: Epoch 4: train loss 0.5747, val loss 0.5830, val accuracy 0.6825
2026-07-25 03:06:29,044 INFO Code.src.training.classification_pipeline: Epoch 5/30
2026-07-25 03:06:38,016 INFO Code.src.training.classification_pipeline: Epoch 5: train loss 0.5683, val loss 0.5704, val accuracy 0.6874
2026-07-25 03:06:38,016 INFO Code.src.training.classification_pipeline: Epoch 6/30
2026-07-25 03:06:46,993 INFO Code.src.training.classification_pipeline: Epoch 6: train loss 0.5613, val loss 0.5785, val accuracy 0.6877
2026-07-25 03:06:46,993 INFO Code.src.training.classification_pipeline: Epoch 7/30
2026-07-25 03:06:55,935 INFO Code.src.training.classification_pipeline: Epoch 7: train loss 0.5561, val loss 0.5647, val accuracy 0.6935
2026-07-25 03:06:55,935 INFO Code.src.training.classification_pipeline: Epoch 8/30
2026-07-25 03:07:04,902 INFO Code.src.training.classification_pipeline: Epoch 8: train loss 0.5497, val loss 0.5683, val accuracy 0.7031
2026-07-25 03:07:04,902 INFO Code.src.training.classification_pipeline: Epoch 9/30
2026-07-25 03:07:14,067 INFO Code.src.training.classification_pipeline: Epoch 9: train loss 0.5449, val loss 0.5643, val accuracy 0.6950
2026-07-25 03:07:14,067 INFO Code.src.training.classification_pipeline: Epoch 10/30
2026-07-25 03:07:23,003 INFO Code.src.training.classification_pipeline: Epoch 10: train loss 0.5400, val loss 0.5634, val accuracy 0.7034
2026-07-25 03:07:23,003 INFO Code.src.training.classification_pipeline: Epoch 11/30
2026-07-25 03:07:31,936 INFO Code.src.training.classification_pipeline: Epoch 11: train loss 0.5357, val loss 0.5709, val accuracy 0.6979
2026-07-25 03:07:31,936 INFO Code.src.training.classification_pipeline: Epoch 12/30
2026-07-25 03:07:40,891 INFO Code.src.training.classification_pipeline: Epoch 12: train loss 0.5316, val loss 0.5813, val accuracy 0.6880
2026-07-25 03:07:40,891 INFO Code.src.training.classification_pipeline: Epoch 13/30
2026-07-25 03:07:49,859 INFO Code.src.training.classification_pipeline: Epoch 13: train loss 0.5287, val loss 0.5667, val accuracy 0.7001
2026-07-25 03:07:49,859 INFO Code.src.training.classification_pipeline: Epoch 14/30
2026-07-25 03:07:58,787 INFO Code.src.training.classification_pipeline: Epoch 14: train loss 0.5267, val loss 0.5687, val accuracy 0.7008
2026-07-25 03:07:58,787 INFO Code.src.training.classification_pipeline: Epoch 15/30
2026-07-25 03:08:15,722 INFO Code.src.training.classification_pipeline: Epoch 15: train loss 0.5225, val loss 0.5686, val accuracy 0.7005
2026-07-25 03:08:15,722 INFO Code.src.training.classification_pipeline: Early stopping at epoch 15.
2026-07-25 03:08:15,861 INFO Code.src.training.classification_pipeline: Test Loss: 0.6555 | Test Acc: 0.6488 | Test F1 (Macro): 0.6429
