2026-07-25 02:44:43,119 INFO __main__: Using cached frozen embeddings: /home/ubuntu/protein-sequence-augmentation/data/processed/embeddings/solubility/trained_autoencoder+esm2/shared/train_96768307afbc007e.pt
2026-07-25 02:44:43,158 INFO __main__: Using cached frozen embeddings: /home/ubuntu/protein-sequence-augmentation/data/processed/embeddings/solubility/trained_autoencoder+esm2/shared/valid_d24178e944164365.pt
2026-07-25 02:44:43,170 INFO __main__: Using cached frozen embeddings: /home/ubuntu/protein-sequence-augmentation/data/processed/embeddings/solubility/trained_autoencoder+esm2/shared/test_3c7e52efa47fc4f9.pt
2026-07-25 02:44:43,173 INFO Code.src.training.classification_pipeline: Epoch 1/30
2026-07-25 02:44:50,850 INFO Code.src.training.classification_pipeline: Epoch 1: train loss 0.5882, val loss 0.5748, val accuracy 0.6952
2026-07-25 02:44:50,850 INFO Code.src.training.classification_pipeline: Epoch 2/30
2026-07-25 02:44:58,556 INFO Code.src.training.classification_pipeline: Epoch 2: train loss 0.5747, val loss 0.5661, val accuracy 0.7011
2026-07-25 02:44:58,556 INFO Code.src.training.classification_pipeline: Epoch 3/30
2026-07-25 02:45:10,082 INFO Code.src.training.classification_pipeline: Epoch 3: train loss 0.5735, val loss 0.5586, val accuracy 0.7158
2026-07-25 02:45:10,083 INFO Code.src.training.classification_pipeline: Epoch 4/30
2026-07-25 02:45:23,090 INFO Code.src.training.classification_pipeline: Epoch 4: train loss 0.5719, val loss 0.6101, val accuracy 0.6884
2026-07-25 02:45:23,090 INFO Code.src.training.classification_pipeline: Epoch 5/30
2026-07-25 02:45:30,718 INFO Code.src.training.classification_pipeline: Epoch 5: train loss 0.5683, val loss 0.5729, val accuracy 0.7057
2026-07-25 02:45:30,718 INFO Code.src.training.classification_pipeline: Epoch 6/30
2026-07-25 02:45:38,355 INFO Code.src.training.classification_pipeline: Epoch 6: train loss 0.5689, val loss 0.5657, val accuracy 0.7067
2026-07-25 02:45:38,355 INFO Code.src.training.classification_pipeline: Epoch 7/30
2026-07-25 02:45:45,939 INFO Code.src.training.classification_pipeline: Epoch 7: train loss 0.5681, val loss 0.5628, val accuracy 0.7099
2026-07-25 02:45:45,939 INFO Code.src.training.classification_pipeline: Epoch 8/30
2026-07-25 02:45:54,351 INFO Code.src.training.classification_pipeline: Epoch 8: train loss 0.5675, val loss 0.5634, val accuracy 0.7038
2026-07-25 02:45:54,351 INFO Code.src.training.classification_pipeline: Early stopping at epoch 8.
2026-07-25 02:45:54,480 INFO Code.src.training.classification_pipeline: Test Loss: 0.6204 | Test Acc: 0.6733 | Test F1 (Macro): 0.6680
