2026-08-12 19:58:14,723 INFO Code.src.utils.embedding_cache: Using cached frozen embeddings: /home/ubuntu/research/protein-sequence-augmentation/data/processed/embeddings/solubility/random_autoencoder/seed_44/train_3eb14f131b2ebc75.pt
2026-08-12 19:58:14,764 INFO Code.src.utils.embedding_cache: Using cached frozen embeddings: /home/ubuntu/research/protein-sequence-augmentation/data/processed/embeddings/solubility/random_autoencoder/seed_44/valid_057c66fab81aad81.pt
2026-08-12 19:58:14,775 INFO Code.src.utils.embedding_cache: Using cached frozen embeddings: /home/ubuntu/research/protein-sequence-augmentation/data/processed/embeddings/solubility/random_autoencoder/seed_44/test_ac6dd3a3ac4a833d.pt
2026-08-12 19:58:14,863 INFO Code.src.training.classification_pipeline: Epoch 1/30
2026-08-12 19:58:24,580 INFO Code.src.training.classification_pipeline: Epoch 1: train loss 0.6784, val loss 0.6756, val accuracy 0.5827
2026-08-12 19:58:24,580 INFO Code.src.training.classification_pipeline: Epoch 2/30
2026-08-12 19:58:34,230 INFO Code.src.training.classification_pipeline: Epoch 2: train loss 0.6743, val loss 0.6722, val accuracy 0.5906
2026-08-12 19:58:34,230 INFO Code.src.training.classification_pipeline: Epoch 3/30
2026-08-12 19:58:43,951 INFO Code.src.training.classification_pipeline: Epoch 3: train loss 0.6690, val loss 0.6638, val accuracy 0.6029
2026-08-12 19:58:43,951 INFO Code.src.training.classification_pipeline: Epoch 4/30
2026-08-12 19:58:53,478 INFO Code.src.training.classification_pipeline: Epoch 4: train loss 0.6645, val loss 0.6589, val accuracy 0.6082
2026-08-12 19:58:53,478 INFO Code.src.training.classification_pipeline: Epoch 5/30
2026-08-12 19:59:02,906 INFO Code.src.training.classification_pipeline: Epoch 5: train loss 0.6615, val loss 0.6559, val accuracy 0.6152
2026-08-12 19:59:02,906 INFO Code.src.training.classification_pipeline: Epoch 6/30
2026-08-12 19:59:12,329 INFO Code.src.training.classification_pipeline: Epoch 6: train loss 0.6600, val loss 0.6559, val accuracy 0.6210
2026-08-12 19:59:12,329 INFO Code.src.training.classification_pipeline: Epoch 7/30
2026-08-12 19:59:22,211 INFO Code.src.training.classification_pipeline: Epoch 7: train loss 0.6589, val loss 0.6527, val accuracy 0.6162
2026-08-12 19:59:22,211 INFO Code.src.training.classification_pipeline: Epoch 8/30
2026-08-12 19:59:31,924 INFO Code.src.training.classification_pipeline: Epoch 8: train loss 0.6576, val loss 0.6513, val accuracy 0.6197
2026-08-12 19:59:31,924 INFO Code.src.training.classification_pipeline: Epoch 9/30
2026-08-12 19:59:41,596 INFO Code.src.training.classification_pipeline: Epoch 9: train loss 0.6573, val loss 0.6510, val accuracy 0.6194
2026-08-12 19:59:41,596 INFO Code.src.training.classification_pipeline: Epoch 10/30
2026-08-12 19:59:51,025 INFO Code.src.training.classification_pipeline: Epoch 10: train loss 0.6564, val loss 0.6529, val accuracy 0.6258
2026-08-12 19:59:51,025 INFO Code.src.training.classification_pipeline: Epoch 11/30
2026-08-12 20:00:00,377 INFO Code.src.training.classification_pipeline: Epoch 11: train loss 0.6559, val loss 0.6512, val accuracy 0.6162
2026-08-12 20:00:00,378 INFO Code.src.training.classification_pipeline: Epoch 12/30
2026-08-12 20:00:09,719 INFO Code.src.training.classification_pipeline: Epoch 12: train loss 0.6555, val loss 0.6535, val accuracy 0.6152
2026-08-12 20:00:09,719 INFO Code.src.training.classification_pipeline: Epoch 13/30
2026-08-12 20:00:19,086 INFO Code.src.training.classification_pipeline: Epoch 13: train loss 0.6551, val loss 0.6507, val accuracy 0.6161
2026-08-12 20:00:19,086 INFO Code.src.training.classification_pipeline: Epoch 14/30
2026-08-12 20:00:28,543 INFO Code.src.training.classification_pipeline: Epoch 14: train loss 0.6543, val loss 0.6477, val accuracy 0.6258
2026-08-12 20:00:28,543 INFO Code.src.training.classification_pipeline: Epoch 15/30
2026-08-12 20:00:37,949 INFO Code.src.training.classification_pipeline: Epoch 15: train loss 0.6539, val loss 0.6472, val accuracy 0.6273
2026-08-12 20:00:37,949 INFO Code.src.training.classification_pipeline: Epoch 16/30
2026-08-12 20:00:47,336 INFO Code.src.training.classification_pipeline: Epoch 16: train loss 0.6533, val loss 0.6471, val accuracy 0.6249
2026-08-12 20:00:47,336 INFO Code.src.training.classification_pipeline: Epoch 17/30
2026-08-12 20:00:56,638 INFO Code.src.training.classification_pipeline: Epoch 17: train loss 0.6533, val loss 0.6463, val accuracy 0.6285
2026-08-12 20:00:56,638 INFO Code.src.training.classification_pipeline: Epoch 18/30
2026-08-12 20:01:06,074 INFO Code.src.training.classification_pipeline: Epoch 18: train loss 0.6525, val loss 0.6460, val accuracy 0.6226
2026-08-12 20:01:06,074 INFO Code.src.training.classification_pipeline: Epoch 19/30
2026-08-12 20:01:15,640 INFO Code.src.training.classification_pipeline: Epoch 19: train loss 0.6519, val loss 0.6474, val accuracy 0.6273
2026-08-12 20:01:15,641 INFO Code.src.training.classification_pipeline: Epoch 20/30
2026-08-12 20:01:25,195 INFO Code.src.training.classification_pipeline: Epoch 20: train loss 0.6516, val loss 0.6445, val accuracy 0.6246
2026-08-12 20:01:25,195 INFO Code.src.training.classification_pipeline: Epoch 21/30
2026-08-12 20:01:34,787 INFO Code.src.training.classification_pipeline: Epoch 21: train loss 0.6512, val loss 0.6449, val accuracy 0.6219
2026-08-12 20:01:34,788 INFO Code.src.training.classification_pipeline: Epoch 22/30
2026-08-12 20:01:44,232 INFO Code.src.training.classification_pipeline: Epoch 22: train loss 0.6509, val loss 0.6442, val accuracy 0.6325
2026-08-12 20:01:44,232 INFO Code.src.training.classification_pipeline: Epoch 23/30
2026-08-12 20:01:53,852 INFO Code.src.training.classification_pipeline: Epoch 23: train loss 0.6502, val loss 0.6444, val accuracy 0.6232
2026-08-12 20:01:53,852 INFO Code.src.training.classification_pipeline: Epoch 24/30
2026-08-12 20:02:03,286 INFO Code.src.training.classification_pipeline: Epoch 24: train loss 0.6497, val loss 0.6444, val accuracy 0.6245
2026-08-12 20:02:03,286 INFO Code.src.training.classification_pipeline: Epoch 25/30
2026-08-12 20:02:12,675 INFO Code.src.training.classification_pipeline: Epoch 25: train loss 0.6497, val loss 0.6414, val accuracy 0.6307
2026-08-12 20:02:12,675 INFO Code.src.training.classification_pipeline: Epoch 26/30
2026-08-12 20:02:22,112 INFO Code.src.training.classification_pipeline: Epoch 26: train loss 0.6489, val loss 0.6414, val accuracy 0.6330
2026-08-12 20:02:22,112 INFO Code.src.training.classification_pipeline: Epoch 27/30
2026-08-12 20:02:31,442 INFO Code.src.training.classification_pipeline: Epoch 27: train loss 0.6483, val loss 0.6480, val accuracy 0.6147
2026-08-12 20:02:31,442 INFO Code.src.training.classification_pipeline: Epoch 28/30
2026-08-12 20:02:40,932 INFO Code.src.training.classification_pipeline: Epoch 28: train loss 0.6478, val loss 0.6417, val accuracy 0.6317
2026-08-12 20:02:40,932 INFO Code.src.training.classification_pipeline: Epoch 29/30
2026-08-12 20:02:50,337 INFO Code.src.training.classification_pipeline: Epoch 29: train loss 0.6480, val loss 0.6422, val accuracy 0.6236
2026-08-12 20:02:50,337 INFO Code.src.training.classification_pipeline: Epoch 30/30
2026-08-12 20:02:59,817 INFO Code.src.training.classification_pipeline: Epoch 30: train loss 0.6472, val loss 0.6395, val accuracy 0.6325
2026-08-12 20:02:59,973 INFO Code.src.training.classification_pipeline: Test Loss: 0.6763 | Test Acc: 0.5733 | Test F1 (Macro): 0.5383
