2026-07-30 14:30:25,162 INFO Code.src.utils.embedding_cache: Using cached frozen embeddings: /home/ubuntu/protein-sequence-augmentation/data/processed/embeddings/solubility/random_autoencoder/seed_42/train_69b4a682aad300d0.pt
2026-07-30 14:30:25,198 INFO Code.src.utils.embedding_cache: Using cached frozen embeddings: /home/ubuntu/protein-sequence-augmentation/data/processed/embeddings/solubility/random_autoencoder/seed_42/valid_9b4e599c4c2e9237.pt
2026-07-30 14:30:30,405 INFO Code.src.utils.embedding_cache: Saved frozen embeddings: /home/ubuntu/protein-sequence-augmentation/data/processed/embeddings/solubility/random_autoencoder/seed_42/test_90395d594741aa05.pt
2026-07-30 14:30:30,485 INFO Code.src.training.classification_pipeline: Epoch 1/30
2026-07-30 14:30:38,408 INFO Code.src.training.classification_pipeline: Epoch 1: train loss 0.6755, val loss 0.6702, val accuracy 0.5835
2026-07-30 14:30:38,408 INFO Code.src.training.classification_pipeline: Epoch 2/30
2026-07-30 14:30:45,989 INFO Code.src.training.classification_pipeline: Epoch 2: train loss 0.6697, val loss 0.6650, val accuracy 0.5975
2026-07-30 14:30:45,989 INFO Code.src.training.classification_pipeline: Epoch 3/30
2026-07-30 14:30:53,559 INFO Code.src.training.classification_pipeline: Epoch 3: train loss 0.6663, val loss 0.6616, val accuracy 0.5990
2026-07-30 14:30:53,559 INFO Code.src.training.classification_pipeline: Epoch 4/30
2026-07-30 14:31:01,130 INFO Code.src.training.classification_pipeline: Epoch 4: train loss 0.6636, val loss 0.6593, val accuracy 0.6115
2026-07-30 14:31:01,130 INFO Code.src.training.classification_pipeline: Epoch 5/30
2026-07-30 14:31:08,712 INFO Code.src.training.classification_pipeline: Epoch 5: train loss 0.6619, val loss 0.6572, val accuracy 0.6115
2026-07-30 14:31:08,712 INFO Code.src.training.classification_pipeline: Epoch 6/30
2026-07-30 14:31:16,354 INFO Code.src.training.classification_pipeline: Epoch 6: train loss 0.6607, val loss 0.6562, val accuracy 0.6072
2026-07-30 14:31:16,354 INFO Code.src.training.classification_pipeline: Epoch 7/30
2026-07-30 14:31:23,885 INFO Code.src.training.classification_pipeline: Epoch 7: train loss 0.6599, val loss 0.6547, val accuracy 0.6154
2026-07-30 14:31:23,885 INFO Code.src.training.classification_pipeline: Epoch 8/30
2026-07-30 14:31:31,409 INFO Code.src.training.classification_pipeline: Epoch 8: train loss 0.6589, val loss 0.6538, val accuracy 0.6155
2026-07-30 14:31:31,409 INFO Code.src.training.classification_pipeline: Epoch 9/30
2026-07-30 14:31:38,982 INFO Code.src.training.classification_pipeline: Epoch 9: train loss 0.6583, val loss 0.6534, val accuracy 0.6160
2026-07-30 14:31:38,982 INFO Code.src.training.classification_pipeline: Epoch 10/30
2026-07-30 14:31:46,548 INFO Code.src.training.classification_pipeline: Epoch 10: train loss 0.6579, val loss 0.6537, val accuracy 0.6118
2026-07-30 14:31:46,548 INFO Code.src.training.classification_pipeline: Epoch 11/30
2026-07-30 14:31:54,103 INFO Code.src.training.classification_pipeline: Epoch 11: train loss 0.6573, val loss 0.6529, val accuracy 0.6135
2026-07-30 14:31:54,103 INFO Code.src.training.classification_pipeline: Epoch 12/30
2026-07-30 14:32:01,796 INFO Code.src.training.classification_pipeline: Epoch 12: train loss 0.6569, val loss 0.6514, val accuracy 0.6235
2026-07-30 14:32:01,796 INFO Code.src.training.classification_pipeline: Epoch 13/30
2026-07-30 14:32:09,367 INFO Code.src.training.classification_pipeline: Epoch 13: train loss 0.6565, val loss 0.6508, val accuracy 0.6229
2026-07-30 14:32:09,367 INFO Code.src.training.classification_pipeline: Epoch 14/30
2026-07-30 14:32:16,933 INFO Code.src.training.classification_pipeline: Epoch 14: train loss 0.6558, val loss 0.6513, val accuracy 0.6157
2026-07-30 14:32:16,933 INFO Code.src.training.classification_pipeline: Epoch 15/30
2026-07-30 14:32:24,502 INFO Code.src.training.classification_pipeline: Epoch 15: train loss 0.6558, val loss 0.6519, val accuracy 0.6245
2026-07-30 14:32:24,502 INFO Code.src.training.classification_pipeline: Epoch 16/30
2026-07-30 14:32:32,050 INFO Code.src.training.classification_pipeline: Epoch 16: train loss 0.6552, val loss 0.6506, val accuracy 0.6279
2026-07-30 14:32:32,050 INFO Code.src.training.classification_pipeline: Epoch 17/30
2026-07-30 14:32:39,610 INFO Code.src.training.classification_pipeline: Epoch 17: train loss 0.6550, val loss 0.6493, val accuracy 0.6255
2026-07-30 14:32:39,610 INFO Code.src.training.classification_pipeline: Epoch 18/30
2026-07-30 14:32:47,142 INFO Code.src.training.classification_pipeline: Epoch 18: train loss 0.6547, val loss 0.6489, val accuracy 0.6249
2026-07-30 14:32:47,142 INFO Code.src.training.classification_pipeline: Epoch 19/30
2026-07-30 14:32:54,687 INFO Code.src.training.classification_pipeline: Epoch 19: train loss 0.6544, val loss 0.6498, val accuracy 0.6180
2026-07-30 14:32:54,687 INFO Code.src.training.classification_pipeline: Epoch 20/30
2026-07-30 14:33:02,258 INFO Code.src.training.classification_pipeline: Epoch 20: train loss 0.6541, val loss 0.6504, val accuracy 0.6276
2026-07-30 14:33:02,258 INFO Code.src.training.classification_pipeline: Epoch 21/30
2026-07-30 14:33:09,832 INFO Code.src.training.classification_pipeline: Epoch 21: train loss 0.6538, val loss 0.6481, val accuracy 0.6273
2026-07-30 14:33:09,832 INFO Code.src.training.classification_pipeline: Epoch 22/30
2026-07-30 14:33:17,398 INFO Code.src.training.classification_pipeline: Epoch 22: train loss 0.6537, val loss 0.6480, val accuracy 0.6260
2026-07-30 14:33:17,398 INFO Code.src.training.classification_pipeline: Epoch 23/30
2026-07-30 14:33:24,564 INFO Code.src.training.classification_pipeline: Epoch 23: train loss 0.6534, val loss 0.6477, val accuracy 0.6255
2026-07-30 14:33:24,564 INFO Code.src.training.classification_pipeline: Epoch 24/30
2026-07-30 14:33:31,741 INFO Code.src.training.classification_pipeline: Epoch 24: train loss 0.6532, val loss 0.6500, val accuracy 0.6157
2026-07-30 14:33:31,741 INFO Code.src.training.classification_pipeline: Epoch 25/30
2026-07-30 14:33:38,726 INFO Code.src.training.classification_pipeline: Epoch 25: train loss 0.6529, val loss 0.6478, val accuracy 0.6285
2026-07-30 14:33:38,726 INFO Code.src.training.classification_pipeline: Epoch 26/30
2026-07-30 14:33:45,854 INFO Code.src.training.classification_pipeline: Epoch 26: train loss 0.6527, val loss 0.6469, val accuracy 0.6271
2026-07-30 14:33:45,855 INFO Code.src.training.classification_pipeline: Epoch 27/30
2026-07-30 14:33:52,967 INFO Code.src.training.classification_pipeline: Epoch 27: train loss 0.6527, val loss 0.6469, val accuracy 0.6259
2026-07-30 14:33:52,968 INFO Code.src.training.classification_pipeline: Epoch 28/30
2026-07-30 14:34:00,243 INFO Code.src.training.classification_pipeline: Epoch 28: train loss 0.6523, val loss 0.6494, val accuracy 0.6164
2026-07-30 14:34:00,244 INFO Code.src.training.classification_pipeline: Epoch 29/30
2026-07-30 14:34:07,416 INFO Code.src.training.classification_pipeline: Epoch 29: train loss 0.6519, val loss 0.6466, val accuracy 0.6275
2026-07-30 14:34:07,416 INFO Code.src.training.classification_pipeline: Epoch 30/30
2026-07-30 14:34:14,554 INFO Code.src.training.classification_pipeline: Epoch 30: train loss 0.6517, val loss 0.6465, val accuracy 0.6288
2026-07-30 14:34:14,681 INFO Code.src.training.classification_pipeline: Test Loss: 0.6785 | Test Acc: 0.5518 | Test F1 (Macro): 0.5166
