2026-08-09 09:45:02,319 INFO Code.src.training.classification_pipeline: Unfreezing the autoencoder encoding path.
2026-08-09 09:45:02,320 INFO Code.src.training.classification_pipeline: Unfreezing the complete ESM-2 encoder.
2026-08-09 09:45:02,323 INFO Code.src.training.classification_pipeline: Epoch 1/10
2026-08-09 10:14:08,223 INFO Code.src.training.classification_pipeline: Epoch 1: train loss 0.5667, val loss 0.5242, val accuracy 0.7234
2026-08-09 10:14:08,223 INFO Code.src.training.classification_pipeline: Epoch 2/10
2026-08-09 10:42:39,002 INFO Code.src.training.classification_pipeline: Epoch 2: train loss 0.5077, val loss 0.4903, val accuracy 0.7518
2026-08-09 10:42:39,003 INFO Code.src.training.classification_pipeline: Epoch 3/10
2026-08-09 11:11:24,276 INFO Code.src.training.classification_pipeline: Epoch 3: train loss 0.4805, val loss 0.4856, val accuracy 0.7479
2026-08-09 11:11:24,276 INFO Code.src.training.classification_pipeline: Epoch 4/10
2026-08-09 11:40:05,412 INFO Code.src.training.classification_pipeline: Epoch 4: train loss 0.4650, val loss 0.4774, val accuracy 0.7577
2026-08-09 11:40:05,412 INFO Code.src.training.classification_pipeline: Epoch 5/10
2026-08-09 12:08:38,718 INFO Code.src.training.classification_pipeline: Epoch 5: train loss 0.4537, val loss 0.4741, val accuracy 0.7630
2026-08-09 12:08:38,718 INFO Code.src.training.classification_pipeline: Epoch 6/10
2026-08-09 12:37:41,495 INFO Code.src.training.classification_pipeline: Epoch 6: train loss 0.4427, val loss 0.4725, val accuracy 0.7630
2026-08-09 12:37:41,495 INFO Code.src.training.classification_pipeline: Epoch 7/10
2026-08-09 13:06:39,904 INFO Code.src.training.classification_pipeline: Epoch 7: train loss 0.4323, val loss 0.4749, val accuracy 0.7619
2026-08-09 13:06:39,904 INFO Code.src.training.classification_pipeline: Epoch 8/10
2026-08-09 13:35:40,366 INFO Code.src.training.classification_pipeline: Epoch 8: train loss 0.4218, val loss 0.4764, val accuracy 0.7603
2026-08-09 13:35:40,367 INFO Code.src.training.classification_pipeline: Epoch 9/10
2026-08-09 14:04:50,600 INFO Code.src.training.classification_pipeline: Epoch 9: train loss 0.4116, val loss 0.4779, val accuracy 0.7655
2026-08-09 14:04:50,600 INFO Code.src.training.classification_pipeline: Early stopping at epoch 9.
