2026-07-24 21:48:20,424 INFO __main__: Using cached frozen embeddings: /home/ubuntu/research/protein-sequence-augmentation/data/processed/embeddings/solubility/random_autoencoder/seed_42/train_836ac9256635cb89.pt
2026-07-24 21:48:20,467 INFO __main__: Using cached frozen embeddings: /home/ubuntu/research/protein-sequence-augmentation/data/processed/embeddings/solubility/random_autoencoder/seed_42/valid_8c5be334f4dbdcc1.pt
2026-07-24 21:48:20,473 INFO Code.src.training.classification_pipeline: Epoch 1/30
2026-07-24 21:49:15,951 INFO Code.src.training.classification_pipeline: Epoch 1: train loss 0.6732, val loss 0.6657, val accuracy 0.5980
2026-07-24 21:49:15,952 INFO Code.src.training.classification_pipeline: Epoch 2/30
2026-07-24 21:49:59,503 INFO Code.src.training.classification_pipeline: Epoch 2: train loss 0.6665, val loss 0.6622, val accuracy 0.6154
2026-07-24 21:49:59,503 INFO Code.src.training.classification_pipeline: Epoch 3/30
2026-07-24 21:50:54,916 INFO Code.src.training.classification_pipeline: Epoch 3: train loss 0.6641, val loss 0.6585, val accuracy 0.6039
2026-07-24 21:50:54,916 INFO Code.src.training.classification_pipeline: Epoch 4/30
2026-07-24 21:51:50,319 INFO Code.src.training.classification_pipeline: Epoch 4: train loss 0.6623, val loss 0.6570, val accuracy 0.6161
2026-07-24 21:51:50,320 INFO Code.src.training.classification_pipeline: Epoch 5/30
2026-07-24 21:52:34,407 INFO Code.src.training.classification_pipeline: Epoch 5: train loss 0.6614, val loss 0.6563, val accuracy 0.6096
2026-07-24 21:52:34,407 INFO Code.src.training.classification_pipeline: Epoch 6/30
2026-07-24 21:53:30,012 INFO Code.src.training.classification_pipeline: Epoch 6: train loss 0.6610, val loss 0.6574, val accuracy 0.6033
2026-07-24 21:53:30,012 INFO Code.src.training.classification_pipeline: Epoch 7/30
2026-07-24 21:54:25,483 INFO Code.src.training.classification_pipeline: Epoch 7: train loss 0.6605, val loss 0.6560, val accuracy 0.6217
2026-07-24 21:54:25,483 INFO Code.src.training.classification_pipeline: Epoch 8/30
2026-07-24 21:55:09,682 INFO Code.src.training.classification_pipeline: Epoch 8: train loss 0.6601, val loss 0.6549, val accuracy 0.6122
2026-07-24 21:55:09,682 INFO Code.src.training.classification_pipeline: Epoch 9/30
2026-07-24 21:56:05,149 INFO Code.src.training.classification_pipeline: Epoch 9: train loss 0.6598, val loss 0.6545, val accuracy 0.6162
2026-07-24 21:56:05,149 INFO Code.src.training.classification_pipeline: Epoch 10/30
2026-07-24 21:57:00,653 INFO Code.src.training.classification_pipeline: Epoch 10: train loss 0.6598, val loss 0.6554, val accuracy 0.6070
2026-07-24 21:57:00,653 INFO Code.src.training.classification_pipeline: Epoch 11/30
2026-07-24 21:57:42,592 INFO Code.src.training.classification_pipeline: Epoch 11: train loss 0.6596, val loss 0.6549, val accuracy 0.6088
2026-07-24 21:57:42,592 INFO Code.src.training.classification_pipeline: Epoch 12/30
2026-07-24 21:58:38,024 INFO Code.src.training.classification_pipeline: Epoch 12: train loss 0.6592, val loss 0.6536, val accuracy 0.6164
2026-07-24 21:58:38,024 INFO Code.src.training.classification_pipeline: Epoch 13/30
2026-07-24 21:59:33,458 INFO Code.src.training.classification_pipeline: Epoch 13: train loss 0.6592, val loss 0.6544, val accuracy 0.6230
2026-07-24 21:59:33,458 INFO Code.src.training.classification_pipeline: Epoch 14/30
2026-07-24 22:00:18,734 INFO Code.src.training.classification_pipeline: Epoch 14: train loss 0.6588, val loss 0.6544, val accuracy 0.6095
2026-07-24 22:00:18,734 INFO Code.src.training.classification_pipeline: Epoch 15/30
2026-07-24 22:01:14,163 INFO Code.src.training.classification_pipeline: Epoch 15: train loss 0.6590, val loss 0.6589, val accuracy 0.6223
2026-07-24 22:01:14,163 INFO Code.src.training.classification_pipeline: Epoch 16/30
2026-07-24 22:02:09,762 INFO Code.src.training.classification_pipeline: Epoch 16: train loss 0.6586, val loss 0.6568, val accuracy 0.6250
2026-07-24 22:02:09,762 INFO Code.src.training.classification_pipeline: Epoch 17/30
2026-07-24 22:02:51,204 INFO Code.src.training.classification_pipeline: Epoch 17: train loss 0.6587, val loss 0.6543, val accuracy 0.6242
2026-07-24 22:02:51,204 INFO Code.src.training.classification_pipeline: Early stopping at epoch 17.
