2026-07-24 23:25:36,168 INFO __main__: Using cached frozen embeddings: /home/ubuntu/research/protein-sequence-augmentation/data/processed/embeddings/solubility/trained_autoencoder/shared/train_aca2e7f82ea59e5f.pt
2026-07-24 23:25:36,215 INFO __main__: Using cached frozen embeddings: /home/ubuntu/research/protein-sequence-augmentation/data/processed/embeddings/solubility/trained_autoencoder/shared/valid_04c5b7b88272c605.pt
2026-07-24 23:25:36,222 INFO Code.src.training.classification_pipeline: Epoch 1/30
2026-07-24 23:26:17,284 INFO Code.src.training.classification_pipeline: Epoch 1: train loss 0.6139, val loss 0.5929, val accuracy 0.6667
2026-07-24 23:26:17,284 INFO Code.src.training.classification_pipeline: Epoch 2/30
2026-07-24 23:27:12,648 INFO Code.src.training.classification_pipeline: Epoch 2: train loss 0.5928, val loss 0.5867, val accuracy 0.6740
2026-07-24 23:27:12,648 INFO Code.src.training.classification_pipeline: Epoch 3/30
2026-07-24 23:28:08,226 INFO Code.src.training.classification_pipeline: Epoch 3: train loss 0.5878, val loss 0.5834, val accuracy 0.6769
2026-07-24 23:28:08,226 INFO Code.src.training.classification_pipeline: Epoch 4/30
2026-07-24 23:28:50,092 INFO Code.src.training.classification_pipeline: Epoch 4: train loss 0.5849, val loss 0.5818, val accuracy 0.6802
2026-07-24 23:28:50,092 INFO Code.src.training.classification_pipeline: Epoch 5/30
2026-07-24 23:29:45,429 INFO Code.src.training.classification_pipeline: Epoch 5: train loss 0.5833, val loss 0.5803, val accuracy 0.6796
2026-07-24 23:29:45,429 INFO Code.src.training.classification_pipeline: Epoch 6/30
2026-07-24 23:30:40,998 INFO Code.src.training.classification_pipeline: Epoch 6: train loss 0.5823, val loss 0.5793, val accuracy 0.6801
2026-07-24 23:30:40,998 INFO Code.src.training.classification_pipeline: Epoch 7/30
2026-07-24 23:31:25,360 INFO Code.src.training.classification_pipeline: Epoch 7: train loss 0.5814, val loss 0.5793, val accuracy 0.6811
2026-07-24 23:31:25,360 INFO Code.src.training.classification_pipeline: Epoch 8/30
2026-07-24 23:32:20,853 INFO Code.src.training.classification_pipeline: Epoch 8: train loss 0.5808, val loss 0.5790, val accuracy 0.6822
2026-07-24 23:32:20,853 INFO Code.src.training.classification_pipeline: Epoch 9/30
2026-07-24 23:33:16,279 INFO Code.src.training.classification_pipeline: Epoch 9: train loss 0.5805, val loss 0.5785, val accuracy 0.6845
2026-07-24 23:33:16,279 INFO Code.src.training.classification_pipeline: Epoch 10/30
2026-07-24 23:33:58,029 INFO Code.src.training.classification_pipeline: Epoch 10: train loss 0.5800, val loss 0.5794, val accuracy 0.6812
2026-07-24 23:33:58,029 INFO Code.src.training.classification_pipeline: Epoch 11/30
2026-07-24 23:34:53,523 INFO Code.src.training.classification_pipeline: Epoch 11: train loss 0.5797, val loss 0.5770, val accuracy 0.6835
2026-07-24 23:34:53,523 INFO Code.src.training.classification_pipeline: Epoch 12/30
2026-07-24 23:35:48,933 INFO Code.src.training.classification_pipeline: Epoch 12: train loss 0.5794, val loss 0.5774, val accuracy 0.6844
2026-07-24 23:35:48,933 INFO Code.src.training.classification_pipeline: Epoch 13/30
2026-07-24 23:36:33,492 INFO Code.src.training.classification_pipeline: Epoch 13: train loss 0.5791, val loss 0.5773, val accuracy 0.6864
2026-07-24 23:36:33,492 INFO Code.src.training.classification_pipeline: Epoch 14/30
2026-07-24 23:37:28,982 INFO Code.src.training.classification_pipeline: Epoch 14: train loss 0.5788, val loss 0.5772, val accuracy 0.6854
2026-07-24 23:37:28,982 INFO Code.src.training.classification_pipeline: Epoch 15/30
2026-07-24 23:38:19,093 INFO Code.src.training.classification_pipeline: Epoch 15: train loss 0.5785, val loss 0.5775, val accuracy 0.6829
2026-07-24 23:38:19,093 INFO Code.src.training.classification_pipeline: Epoch 16/30
2026-07-24 23:39:07,886 INFO Code.src.training.classification_pipeline: Epoch 16: train loss 0.5784, val loss 0.5770, val accuracy 0.6847
2026-07-24 23:39:07,886 INFO Code.src.training.classification_pipeline: Early stopping at epoch 16.
