2026-08-15 06:29:27,842 INFO Code.src.utils.embedding_cache: Using cached frozen embeddings: /home/ubuntu/protein-sequence-augmentation/data/processed/embeddings/solubility/random_autoencoder/seed_43/train_c2f1d9c232ba26db.pt
2026-08-15 06:29:27,879 INFO Code.src.utils.embedding_cache: Using cached frozen embeddings: /home/ubuntu/protein-sequence-augmentation/data/processed/embeddings/solubility/random_autoencoder/seed_43/valid_276519d86774aa81.pt
2026-08-15 06:29:27,890 INFO Code.src.utils.embedding_cache: Using cached frozen embeddings: /home/ubuntu/protein-sequence-augmentation/data/processed/embeddings/solubility/random_autoencoder/seed_43/test_3fbef084b78e136b.pt
2026-08-15 06:29:28,003 INFO Code.src.training.classification_pipeline: Epoch 1/30
2026-08-15 06:29:37,890 INFO Code.src.training.classification_pipeline: Epoch 1: train loss 0.6779, val loss 0.6740, val accuracy 0.5827
2026-08-15 06:29:37,890 INFO Code.src.training.classification_pipeline: Epoch 2/30
2026-08-15 06:29:47,658 INFO Code.src.training.classification_pipeline: Epoch 2: train loss 0.6718, val loss 0.6655, val accuracy 0.5971
2026-08-15 06:29:47,658 INFO Code.src.training.classification_pipeline: Epoch 3/30
2026-08-15 06:29:57,357 INFO Code.src.training.classification_pipeline: Epoch 3: train loss 0.6653, val loss 0.6579, val accuracy 0.6057
2026-08-15 06:29:57,357 INFO Code.src.training.classification_pipeline: Epoch 4/30
2026-08-15 06:30:07,156 INFO Code.src.training.classification_pipeline: Epoch 4: train loss 0.6614, val loss 0.6556, val accuracy 0.6160
2026-08-15 06:30:07,156 INFO Code.src.training.classification_pipeline: Epoch 5/30
2026-08-15 06:30:17,011 INFO Code.src.training.classification_pipeline: Epoch 5: train loss 0.6590, val loss 0.6527, val accuracy 0.6162
2026-08-15 06:30:17,011 INFO Code.src.training.classification_pipeline: Epoch 6/30
2026-08-15 06:30:26,630 INFO Code.src.training.classification_pipeline: Epoch 6: train loss 0.6578, val loss 0.6515, val accuracy 0.6187
2026-08-15 06:30:26,631 INFO Code.src.training.classification_pipeline: Epoch 7/30
2026-08-15 06:30:36,395 INFO Code.src.training.classification_pipeline: Epoch 7: train loss 0.6566, val loss 0.6500, val accuracy 0.6190
2026-08-15 06:30:36,395 INFO Code.src.training.classification_pipeline: Epoch 8/30
2026-08-15 06:30:45,989 INFO Code.src.training.classification_pipeline: Epoch 8: train loss 0.6553, val loss 0.6493, val accuracy 0.6209
2026-08-15 06:30:45,989 INFO Code.src.training.classification_pipeline: Epoch 9/30
2026-08-15 06:30:55,810 INFO Code.src.training.classification_pipeline: Epoch 9: train loss 0.6540, val loss 0.6486, val accuracy 0.6216
2026-08-15 06:30:55,810 INFO Code.src.training.classification_pipeline: Epoch 10/30
2026-08-15 06:31:05,617 INFO Code.src.training.classification_pipeline: Epoch 10: train loss 0.6534, val loss 0.6482, val accuracy 0.6224
2026-08-15 06:31:05,618 INFO Code.src.training.classification_pipeline: Epoch 11/30
2026-08-15 06:31:15,496 INFO Code.src.training.classification_pipeline: Epoch 11: train loss 0.6523, val loss 0.6462, val accuracy 0.6239
2026-08-15 06:31:15,496 INFO Code.src.training.classification_pipeline: Epoch 12/30
2026-08-15 06:31:25,361 INFO Code.src.training.classification_pipeline: Epoch 12: train loss 0.6508, val loss 0.6458, val accuracy 0.6227
2026-08-15 06:31:25,361 INFO Code.src.training.classification_pipeline: Epoch 13/30
2026-08-15 06:31:35,267 INFO Code.src.training.classification_pipeline: Epoch 13: train loss 0.6501, val loss 0.6446, val accuracy 0.6237
2026-08-15 06:31:35,267 INFO Code.src.training.classification_pipeline: Epoch 14/30
2026-08-15 06:31:44,946 INFO Code.src.training.classification_pipeline: Epoch 14: train loss 0.6487, val loss 0.6427, val accuracy 0.6245
2026-08-15 06:31:44,946 INFO Code.src.training.classification_pipeline: Epoch 15/30
2026-08-15 06:31:54,877 INFO Code.src.training.classification_pipeline: Epoch 15: train loss 0.6474, val loss 0.6415, val accuracy 0.6245
2026-08-15 06:31:54,877 INFO Code.src.training.classification_pipeline: Epoch 16/30
2026-08-15 06:32:04,744 INFO Code.src.training.classification_pipeline: Epoch 16: train loss 0.6461, val loss 0.6426, val accuracy 0.6259
2026-08-15 06:32:04,744 INFO Code.src.training.classification_pipeline: Epoch 17/30
2026-08-15 06:32:14,473 INFO Code.src.training.classification_pipeline: Epoch 17: train loss 0.6447, val loss 0.6389, val accuracy 0.6266
2026-08-15 06:32:14,473 INFO Code.src.training.classification_pipeline: Epoch 18/30
2026-08-15 06:32:24,480 INFO Code.src.training.classification_pipeline: Epoch 18: train loss 0.6434, val loss 0.6478, val accuracy 0.6170
2026-08-15 06:32:24,480 INFO Code.src.training.classification_pipeline: Epoch 19/30
2026-08-15 06:32:34,300 INFO Code.src.training.classification_pipeline: Epoch 19: train loss 0.6421, val loss 0.6384, val accuracy 0.6269
2026-08-15 06:32:34,300 INFO Code.src.training.classification_pipeline: Epoch 20/30
2026-08-15 06:32:44,026 INFO Code.src.training.classification_pipeline: Epoch 20: train loss 0.6406, val loss 0.6357, val accuracy 0.6282
2026-08-15 06:32:44,026 INFO Code.src.training.classification_pipeline: Epoch 21/30
2026-08-15 06:32:53,854 INFO Code.src.training.classification_pipeline: Epoch 21: train loss 0.6396, val loss 0.6369, val accuracy 0.6226
2026-08-15 06:32:53,855 INFO Code.src.training.classification_pipeline: Epoch 22/30
2026-08-15 06:33:03,884 INFO Code.src.training.classification_pipeline: Epoch 22: train loss 0.6381, val loss 0.6344, val accuracy 0.6294
2026-08-15 06:33:03,884 INFO Code.src.training.classification_pipeline: Epoch 23/30
2026-08-15 06:33:13,836 INFO Code.src.training.classification_pipeline: Epoch 23: train loss 0.6366, val loss 0.6311, val accuracy 0.6324
2026-08-15 06:33:13,836 INFO Code.src.training.classification_pipeline: Epoch 24/30
2026-08-15 06:33:23,674 INFO Code.src.training.classification_pipeline: Epoch 24: train loss 0.6356, val loss 0.6309, val accuracy 0.6281
2026-08-15 06:33:23,675 INFO Code.src.training.classification_pipeline: Epoch 25/30
2026-08-15 06:33:33,606 INFO Code.src.training.classification_pipeline: Epoch 25: train loss 0.6342, val loss 0.6313, val accuracy 0.6312
2026-08-15 06:33:33,606 INFO Code.src.training.classification_pipeline: Epoch 26/30
2026-08-15 06:33:43,487 INFO Code.src.training.classification_pipeline: Epoch 26: train loss 0.6332, val loss 0.6358, val accuracy 0.6295
2026-08-15 06:33:43,487 INFO Code.src.training.classification_pipeline: Epoch 27/30
2026-08-15 06:33:53,262 INFO Code.src.training.classification_pipeline: Epoch 27: train loss 0.6317, val loss 0.6284, val accuracy 0.6278
2026-08-15 06:33:53,262 INFO Code.src.training.classification_pipeline: Epoch 28/30
2026-08-15 06:34:03,179 INFO Code.src.training.classification_pipeline: Epoch 28: train loss 0.6310, val loss 0.6281, val accuracy 0.6301
2026-08-15 06:34:03,179 INFO Code.src.training.classification_pipeline: Epoch 29/30
2026-08-15 06:34:13,031 INFO Code.src.training.classification_pipeline: Epoch 29: train loss 0.6298, val loss 0.6252, val accuracy 0.6347
2026-08-15 06:34:13,032 INFO Code.src.training.classification_pipeline: Epoch 30/30
2026-08-15 06:34:22,898 INFO Code.src.training.classification_pipeline: Epoch 30: train loss 0.6293, val loss 0.6267, val accuracy 0.6252
2026-08-15 06:34:23,060 INFO Code.src.training.classification_pipeline: Test Loss: 0.6476 | Test Acc: 0.6108 | Test F1 (Macro): 0.5883
