2026-07-30 05:58:01,995 INFO Code.src.utils.embedding_cache: Using cached frozen embeddings: /home/ubuntu/protein-sequence-augmentation/data/processed/embeddings/solubility/trained_autoencoder/shared/train_5865efccb4c0f33b.pt
2026-07-30 05:58:02,030 INFO Code.src.utils.embedding_cache: Using cached frozen embeddings: /home/ubuntu/protein-sequence-augmentation/data/processed/embeddings/solubility/trained_autoencoder/shared/valid_e57addc1474b2f72.pt
2026-07-30 05:58:02,034 INFO Code.src.training.classification_pipeline: Epoch 1/30
2026-07-30 05:58:10,808 INFO Code.src.training.classification_pipeline: Epoch 1: train loss 0.6148, val loss 0.5891, val accuracy 0.6576
2026-07-30 05:58:10,808 INFO Code.src.training.classification_pipeline: Epoch 2/30
2026-07-30 05:58:19,664 INFO Code.src.training.classification_pipeline: Epoch 2: train loss 0.5754, val loss 0.5634, val accuracy 0.6802
2026-07-30 05:58:19,664 INFO Code.src.training.classification_pipeline: Epoch 3/30
2026-07-30 05:58:28,645 INFO Code.src.training.classification_pipeline: Epoch 3: train loss 0.5517, val loss 0.5505, val accuracy 0.6927
2026-07-30 05:58:28,645 INFO Code.src.training.classification_pipeline: Epoch 4/30
2026-07-30 05:58:37,434 INFO Code.src.training.classification_pipeline: Epoch 4: train loss 0.5376, val loss 0.5473, val accuracy 0.6952
2026-07-30 05:58:37,434 INFO Code.src.training.classification_pipeline: Epoch 5/30
2026-07-30 05:58:46,142 INFO Code.src.training.classification_pipeline: Epoch 5: train loss 0.5269, val loss 0.5446, val accuracy 0.6942
2026-07-30 05:58:46,142 INFO Code.src.training.classification_pipeline: Epoch 6/30
2026-07-30 05:58:54,938 INFO Code.src.training.classification_pipeline: Epoch 6: train loss 0.5178, val loss 0.5443, val accuracy 0.7022
2026-07-30 05:58:54,938 INFO Code.src.training.classification_pipeline: Epoch 7/30
2026-07-30 05:59:03,741 INFO Code.src.training.classification_pipeline: Epoch 7: train loss 0.5089, val loss 0.5412, val accuracy 0.7047
2026-07-30 05:59:03,741 INFO Code.src.training.classification_pipeline: Epoch 8/30
2026-07-30 05:59:12,552 INFO Code.src.training.classification_pipeline: Epoch 8: train loss 0.5028, val loss 0.5496, val accuracy 0.7015
2026-07-30 05:59:12,552 INFO Code.src.training.classification_pipeline: Epoch 9/30
2026-07-30 05:59:21,282 INFO Code.src.training.classification_pipeline: Epoch 9: train loss 0.4952, val loss 0.5485, val accuracy 0.7011
2026-07-30 05:59:21,283 INFO Code.src.training.classification_pipeline: Epoch 10/30
2026-07-30 05:59:29,968 INFO Code.src.training.classification_pipeline: Epoch 10: train loss 0.4902, val loss 0.5488, val accuracy 0.6972
2026-07-30 05:59:29,968 INFO Code.src.training.classification_pipeline: Epoch 11/30
2026-07-30 05:59:38,793 INFO Code.src.training.classification_pipeline: Epoch 11: train loss 0.4838, val loss 0.5515, val accuracy 0.6985
2026-07-30 05:59:38,793 INFO Code.src.training.classification_pipeline: Epoch 12/30
2026-07-30 05:59:47,672 INFO Code.src.training.classification_pipeline: Epoch 12: train loss 0.4779, val loss 0.5527, val accuracy 0.6988
2026-07-30 05:59:47,672 INFO Code.src.training.classification_pipeline: Early stopping at epoch 12.
