2026-07-25 11:18:13,113 INFO __main__: Using cached frozen embeddings: /home/ubuntu/research/protein-sequence-augmentation/data/processed/embeddings/solubility/trained_autoencoder/shared/train_aca2e7f82ea59e5f.pt
2026-07-25 11:18:13,150 INFO __main__: Using cached frozen embeddings: /home/ubuntu/research/protein-sequence-augmentation/data/processed/embeddings/solubility/trained_autoencoder/shared/valid_04c5b7b88272c605.pt
2026-07-25 11:18:13,162 INFO Code.src.training.classification_pipeline: Epoch 1/30
2026-07-25 11:19:04,228 INFO Code.src.training.classification_pipeline: Epoch 1: train loss 0.6096, val loss 0.5805, val accuracy 0.6753
2026-07-25 11:19:04,228 INFO Code.src.training.classification_pipeline: Epoch 2/30
2026-07-25 11:20:04,377 INFO Code.src.training.classification_pipeline: Epoch 2: train loss 0.5736, val loss 0.5611, val accuracy 0.6940
2026-07-25 11:20:04,377 INFO Code.src.training.classification_pipeline: Epoch 3/30
2026-07-25 11:21:04,637 INFO Code.src.training.classification_pipeline: Epoch 3: train loss 0.5518, val loss 0.5468, val accuracy 0.7035
2026-07-25 11:21:04,637 INFO Code.src.training.classification_pipeline: Epoch 4/30
2026-07-25 11:21:54,683 INFO Code.src.training.classification_pipeline: Epoch 4: train loss 0.5350, val loss 0.5378, val accuracy 0.7136
2026-07-25 11:21:54,683 INFO Code.src.training.classification_pipeline: Epoch 5/30
2026-07-25 11:22:54,934 INFO Code.src.training.classification_pipeline: Epoch 5: train loss 0.5229, val loss 0.5329, val accuracy 0.7151
2026-07-25 11:22:54,934 INFO Code.src.training.classification_pipeline: Epoch 6/30
2026-07-25 11:23:55,096 INFO Code.src.training.classification_pipeline: Epoch 6: train loss 0.5148, val loss 0.5283, val accuracy 0.7211
2026-07-25 11:23:55,096 INFO Code.src.training.classification_pipeline: Epoch 7/30
2026-07-25 11:24:40,141 INFO Code.src.training.classification_pipeline: Epoch 7: train loss 0.5068, val loss 0.5262, val accuracy 0.7256
2026-07-25 11:24:40,141 INFO Code.src.training.classification_pipeline: Epoch 8/30
2026-07-25 11:25:40,454 INFO Code.src.training.classification_pipeline: Epoch 8: train loss 0.4998, val loss 0.5266, val accuracy 0.7286
2026-07-25 11:25:40,454 INFO Code.src.training.classification_pipeline: Epoch 9/30
2026-07-25 11:26:40,722 INFO Code.src.training.classification_pipeline: Epoch 9: train loss 0.4934, val loss 0.5250, val accuracy 0.7286
2026-07-25 11:26:40,722 INFO Code.src.training.classification_pipeline: Epoch 10/30
2026-07-25 11:27:32,172 INFO Code.src.training.classification_pipeline: Epoch 10: train loss 0.4883, val loss 0.5264, val accuracy 0.7283
2026-07-25 11:27:32,172 INFO Code.src.training.classification_pipeline: Epoch 11/30
2026-07-25 11:28:31,031 INFO Code.src.training.classification_pipeline: Epoch 11: train loss 0.4820, val loss 0.5222, val accuracy 0.7309
2026-07-25 11:28:31,031 INFO Code.src.training.classification_pipeline: Epoch 12/30
2026-07-25 11:29:31,311 INFO Code.src.training.classification_pipeline: Epoch 12: train loss 0.4772, val loss 0.5241, val accuracy 0.7306
2026-07-25 11:29:31,311 INFO Code.src.training.classification_pipeline: Epoch 13/30
2026-07-25 11:30:28,220 INFO Code.src.training.classification_pipeline: Epoch 13: train loss 0.4724, val loss 0.5227, val accuracy 0.7300
2026-07-25 11:30:28,221 INFO Code.src.training.classification_pipeline: Epoch 14/30
2026-07-25 11:31:20,223 INFO Code.src.training.classification_pipeline: Epoch 14: train loss 0.4681, val loss 0.5241, val accuracy 0.7300
2026-07-25 11:31:20,223 INFO Code.src.training.classification_pipeline: Epoch 15/30
2026-07-25 11:32:20,587 INFO Code.src.training.classification_pipeline: Epoch 15: train loss 0.4636, val loss 0.5257, val accuracy 0.7303
2026-07-25 11:32:20,587 INFO Code.src.training.classification_pipeline: Epoch 16/30
2026-07-25 11:33:20,872 INFO Code.src.training.classification_pipeline: Epoch 16: train loss 0.4595, val loss 0.5254, val accuracy 0.7286
2026-07-25 11:33:20,872 INFO Code.src.training.classification_pipeline: Early stopping at epoch 16.
