2026-07-30 05:55:25,280 INFO Code.src.utils.embedding_cache: Using cached frozen embeddings: /home/ubuntu/protein-sequence-augmentation/data/processed/embeddings/solubility/trained_autoencoder/shared/train_5865efccb4c0f33b.pt
2026-07-30 05:55:25,315 INFO Code.src.utils.embedding_cache: Using cached frozen embeddings: /home/ubuntu/protein-sequence-augmentation/data/processed/embeddings/solubility/trained_autoencoder/shared/valid_e57addc1474b2f72.pt
2026-07-30 05:55:25,319 INFO Code.src.training.classification_pipeline: Epoch 1/30
2026-07-30 05:55:33,921 INFO Code.src.training.classification_pipeline: Epoch 1: train loss 0.6151, val loss 0.5896, val accuracy 0.6570
2026-07-30 05:55:33,921 INFO Code.src.training.classification_pipeline: Epoch 2/30
2026-07-30 05:55:42,507 INFO Code.src.training.classification_pipeline: Epoch 2: train loss 0.5761, val loss 0.5644, val accuracy 0.6816
2026-07-30 05:55:42,507 INFO Code.src.training.classification_pipeline: Epoch 3/30
2026-07-30 05:55:51,140 INFO Code.src.training.classification_pipeline: Epoch 3: train loss 0.5515, val loss 0.5506, val accuracy 0.6927
2026-07-30 05:55:51,140 INFO Code.src.training.classification_pipeline: Epoch 4/30
2026-07-30 05:55:59,561 INFO Code.src.training.classification_pipeline: Epoch 4: train loss 0.5367, val loss 0.5479, val accuracy 0.6963
2026-07-30 05:55:59,561 INFO Code.src.training.classification_pipeline: Epoch 5/30
2026-07-30 05:56:08,001 INFO Code.src.training.classification_pipeline: Epoch 5: train loss 0.5248, val loss 0.5452, val accuracy 0.6942
2026-07-30 05:56:08,001 INFO Code.src.training.classification_pipeline: Epoch 6/30
2026-07-30 05:56:16,528 INFO Code.src.training.classification_pipeline: Epoch 6: train loss 0.5149, val loss 0.5466, val accuracy 0.6989
2026-07-30 05:56:16,528 INFO Code.src.training.classification_pipeline: Epoch 7/30
2026-07-30 05:56:25,161 INFO Code.src.training.classification_pipeline: Epoch 7: train loss 0.5051, val loss 0.5455, val accuracy 0.7050
2026-07-30 05:56:25,161 INFO Code.src.training.classification_pipeline: Epoch 8/30
2026-07-30 05:56:33,708 INFO Code.src.training.classification_pipeline: Epoch 8: train loss 0.4979, val loss 0.5523, val accuracy 0.7030
2026-07-30 05:56:33,708 INFO Code.src.training.classification_pipeline: Epoch 9/30
2026-07-30 05:56:42,213 INFO Code.src.training.classification_pipeline: Epoch 9: train loss 0.4891, val loss 0.5552, val accuracy 0.6968
2026-07-30 05:56:42,213 INFO Code.src.training.classification_pipeline: Epoch 10/30
2026-07-30 05:56:50,687 INFO Code.src.training.classification_pipeline: Epoch 10: train loss 0.4827, val loss 0.5546, val accuracy 0.6986
2026-07-30 05:56:50,687 INFO Code.src.training.classification_pipeline: Early stopping at epoch 10.
