2026-08-15 05:40:35,345 INFO Code.src.utils.embedding_cache: Using cached frozen embeddings: /home/ubuntu/protein-sequence-augmentation/data/processed/embeddings/solubility/random_autoencoder/seed_42/train_9c13e746e848ff44.pt
2026-08-15 05:40:35,393 INFO Code.src.utils.embedding_cache: Using cached frozen embeddings: /home/ubuntu/protein-sequence-augmentation/data/processed/embeddings/solubility/random_autoencoder/seed_42/valid_322be3c486800145.pt
2026-08-15 05:40:35,405 INFO Code.src.utils.embedding_cache: Using cached frozen embeddings: /home/ubuntu/protein-sequence-augmentation/data/processed/embeddings/solubility/random_autoencoder/seed_42/test_2e3c728f8c734297.pt
2026-08-15 05:40:35,538 INFO Code.src.training.classification_pipeline: Epoch 1/30
2026-08-15 05:40:45,446 INFO Code.src.training.classification_pipeline: Epoch 1: train loss 0.6780, val loss 0.6750, val accuracy 0.5827
2026-08-15 05:40:45,447 INFO Code.src.training.classification_pipeline: Epoch 2/30
2026-08-15 05:40:55,248 INFO Code.src.training.classification_pipeline: Epoch 2: train loss 0.6729, val loss 0.6670, val accuracy 0.5895
2026-08-15 05:40:55,248 INFO Code.src.training.classification_pipeline: Epoch 3/30
2026-08-15 05:41:04,910 INFO Code.src.training.classification_pipeline: Epoch 3: train loss 0.6665, val loss 0.6599, val accuracy 0.6044
2026-08-15 05:41:04,910 INFO Code.src.training.classification_pipeline: Epoch 4/30
2026-08-15 05:41:14,686 INFO Code.src.training.classification_pipeline: Epoch 4: train loss 0.6622, val loss 0.6562, val accuracy 0.6165
2026-08-15 05:41:14,686 INFO Code.src.training.classification_pipeline: Epoch 5/30
2026-08-15 05:41:24,534 INFO Code.src.training.classification_pipeline: Epoch 5: train loss 0.6601, val loss 0.6536, val accuracy 0.6188
2026-08-15 05:41:24,534 INFO Code.src.training.classification_pipeline: Epoch 6/30
2026-08-15 05:41:34,324 INFO Code.src.training.classification_pipeline: Epoch 6: train loss 0.6590, val loss 0.6534, val accuracy 0.6162
2026-08-15 05:41:34,325 INFO Code.src.training.classification_pipeline: Epoch 7/30
2026-08-15 05:41:44,123 INFO Code.src.training.classification_pipeline: Epoch 7: train loss 0.6580, val loss 0.6512, val accuracy 0.6226
2026-08-15 05:41:44,123 INFO Code.src.training.classification_pipeline: Epoch 8/30
2026-08-15 05:41:54,016 INFO Code.src.training.classification_pipeline: Epoch 8: train loss 0.6568, val loss 0.6501, val accuracy 0.6233
2026-08-15 05:41:54,016 INFO Code.src.training.classification_pipeline: Epoch 9/30
2026-08-15 05:42:03,615 INFO Code.src.training.classification_pipeline: Epoch 9: train loss 0.6561, val loss 0.6496, val accuracy 0.6216
2026-08-15 05:42:03,615 INFO Code.src.training.classification_pipeline: Epoch 10/30
2026-08-15 05:42:13,242 INFO Code.src.training.classification_pipeline: Epoch 10: train loss 0.6555, val loss 0.6495, val accuracy 0.6201
2026-08-15 05:42:13,242 INFO Code.src.training.classification_pipeline: Epoch 11/30
2026-08-15 05:42:23,040 INFO Code.src.training.classification_pipeline: Epoch 11: train loss 0.6547, val loss 0.6475, val accuracy 0.6256
2026-08-15 05:42:23,040 INFO Code.src.training.classification_pipeline: Epoch 12/30
2026-08-15 05:42:32,797 INFO Code.src.training.classification_pipeline: Epoch 12: train loss 0.6540, val loss 0.6460, val accuracy 0.6281
2026-08-15 05:42:32,797 INFO Code.src.training.classification_pipeline: Epoch 13/30
2026-08-15 05:42:42,556 INFO Code.src.training.classification_pipeline: Epoch 13: train loss 0.6530, val loss 0.6468, val accuracy 0.6307
2026-08-15 05:42:42,556 INFO Code.src.training.classification_pipeline: Epoch 14/30
2026-08-15 05:42:52,264 INFO Code.src.training.classification_pipeline: Epoch 14: train loss 0.6519, val loss 0.6463, val accuracy 0.6239
2026-08-15 05:42:52,264 INFO Code.src.training.classification_pipeline: Epoch 15/30
2026-08-15 05:43:01,973 INFO Code.src.training.classification_pipeline: Epoch 15: train loss 0.6512, val loss 0.6463, val accuracy 0.6262
2026-08-15 05:43:01,973 INFO Code.src.training.classification_pipeline: Epoch 16/30
2026-08-15 05:43:11,741 INFO Code.src.training.classification_pipeline: Epoch 16: train loss 0.6502, val loss 0.6455, val accuracy 0.6236
2026-08-15 05:43:11,741 INFO Code.src.training.classification_pipeline: Epoch 17/30
2026-08-15 05:43:21,448 INFO Code.src.training.classification_pipeline: Epoch 17: train loss 0.6494, val loss 0.6430, val accuracy 0.6286
2026-08-15 05:43:21,448 INFO Code.src.training.classification_pipeline: Epoch 18/30
2026-08-15 05:43:31,209 INFO Code.src.training.classification_pipeline: Epoch 18: train loss 0.6487, val loss 0.6414, val accuracy 0.6315
2026-08-15 05:43:31,209 INFO Code.src.training.classification_pipeline: Epoch 19/30
2026-08-15 05:43:41,137 INFO Code.src.training.classification_pipeline: Epoch 19: train loss 0.6478, val loss 0.6409, val accuracy 0.6312
2026-08-15 05:43:41,137 INFO Code.src.training.classification_pipeline: Epoch 20/30
2026-08-15 05:43:51,031 INFO Code.src.training.classification_pipeline: Epoch 20: train loss 0.6467, val loss 0.6421, val accuracy 0.6291
2026-08-15 05:43:51,031 INFO Code.src.training.classification_pipeline: Epoch 21/30
2026-08-15 05:44:00,985 INFO Code.src.training.classification_pipeline: Epoch 21: train loss 0.6460, val loss 0.6401, val accuracy 0.6332
2026-08-15 05:44:00,985 INFO Code.src.training.classification_pipeline: Epoch 22/30
2026-08-15 05:44:10,783 INFO Code.src.training.classification_pipeline: Epoch 22: train loss 0.6452, val loss 0.6378, val accuracy 0.6354
2026-08-15 05:44:10,784 INFO Code.src.training.classification_pipeline: Epoch 23/30
2026-08-15 05:44:20,640 INFO Code.src.training.classification_pipeline: Epoch 23: train loss 0.6441, val loss 0.6394, val accuracy 0.6288
2026-08-15 05:44:20,641 INFO Code.src.training.classification_pipeline: Epoch 24/30
2026-08-15 05:44:30,370 INFO Code.src.training.classification_pipeline: Epoch 24: train loss 0.6436, val loss 0.6410, val accuracy 0.6222
2026-08-15 05:44:30,370 INFO Code.src.training.classification_pipeline: Epoch 25/30
2026-08-15 05:44:40,162 INFO Code.src.training.classification_pipeline: Epoch 25: train loss 0.6427, val loss 0.6363, val accuracy 0.6328
2026-08-15 05:44:40,162 INFO Code.src.training.classification_pipeline: Epoch 26/30
2026-08-15 05:44:49,978 INFO Code.src.training.classification_pipeline: Epoch 26: train loss 0.6420, val loss 0.6345, val accuracy 0.6334
2026-08-15 05:44:49,979 INFO Code.src.training.classification_pipeline: Epoch 27/30
2026-08-15 05:44:59,627 INFO Code.src.training.classification_pipeline: Epoch 27: train loss 0.6412, val loss 0.6335, val accuracy 0.6379
2026-08-15 05:44:59,627 INFO Code.src.training.classification_pipeline: Epoch 28/30
2026-08-15 05:45:09,486 INFO Code.src.training.classification_pipeline: Epoch 28: train loss 0.6400, val loss 0.6396, val accuracy 0.6246
2026-08-15 05:45:09,486 INFO Code.src.training.classification_pipeline: Epoch 29/30
2026-08-15 05:45:19,297 INFO Code.src.training.classification_pipeline: Epoch 29: train loss 0.6389, val loss 0.6342, val accuracy 0.6373
2026-08-15 05:45:19,297 INFO Code.src.training.classification_pipeline: Epoch 30/30
2026-08-15 05:45:29,248 INFO Code.src.training.classification_pipeline: Epoch 30: train loss 0.6381, val loss 0.6319, val accuracy 0.6368
2026-08-15 05:45:29,409 INFO Code.src.training.classification_pipeline: Test Loss: 0.6618 | Test Acc: 0.5868 | Test F1 (Macro): 0.5657
