2026-07-25 00:18:41,060 INFO Code.src.models.classifier: Using ESM-2 encoder on cuda:0
2026-07-25 00:34:36,873 INFO __main__: Saved frozen embeddings: /home/ubuntu/research/protein-sequence-augmentation/data/processed/embeddings/solubility/esm2/shared/train_0dcdabeb748fb865.pt
2026-07-25 00:36:28,680 INFO __main__: Saved frozen embeddings: /home/ubuntu/research/protein-sequence-augmentation/data/processed/embeddings/solubility/esm2/shared/valid_c55c9076933759fb.pt
2026-07-25 00:36:28,873 INFO Code.src.training.classification_pipeline: Epoch 1/30
2026-07-25 00:37:15,387 INFO Code.src.training.classification_pipeline: Epoch 1: train loss 0.6517, val loss 0.6351, val accuracy 0.6402
2026-07-25 00:37:15,387 INFO Code.src.training.classification_pipeline: Epoch 2/30
2026-07-25 00:38:05,409 INFO Code.src.training.classification_pipeline: Epoch 2: train loss 0.6322, val loss 0.6253, val accuracy 0.6525
2026-07-25 00:38:05,410 INFO Code.src.training.classification_pipeline: Epoch 3/30
2026-07-25 00:39:01,664 INFO Code.src.training.classification_pipeline: Epoch 3: train loss 0.6257, val loss 0.6209, val accuracy 0.6538
2026-07-25 00:39:01,664 INFO Code.src.training.classification_pipeline: Epoch 4/30
2026-07-25 00:39:51,501 INFO Code.src.training.classification_pipeline: Epoch 4: train loss 0.6220, val loss 0.6180, val accuracy 0.6570
2026-07-25 00:39:51,501 INFO Code.src.training.classification_pipeline: Epoch 5/30
2026-07-25 00:40:38,298 INFO Code.src.training.classification_pipeline: Epoch 5: train loss 0.6197, val loss 0.6164, val accuracy 0.6595
2026-07-25 00:40:38,298 INFO Code.src.training.classification_pipeline: Epoch 6/30
2026-07-25 00:41:34,520 INFO Code.src.training.classification_pipeline: Epoch 6: train loss 0.6179, val loss 0.6149, val accuracy 0.6569
2026-07-25 00:41:34,520 INFO Code.src.training.classification_pipeline: Epoch 7/30
2026-07-25 00:42:27,429 INFO Code.src.training.classification_pipeline: Epoch 7: train loss 0.6165, val loss 0.6141, val accuracy 0.6592
2026-07-25 00:42:27,430 INFO Code.src.training.classification_pipeline: Epoch 8/30
2026-07-25 00:43:14,056 INFO Code.src.training.classification_pipeline: Epoch 8: train loss 0.6154, val loss 0.6131, val accuracy 0.6590
2026-07-25 00:43:14,056 INFO Code.src.training.classification_pipeline: Epoch 9/30
2026-07-25 00:44:10,290 INFO Code.src.training.classification_pipeline: Epoch 9: train loss 0.6144, val loss 0.6127, val accuracy 0.6613
2026-07-25 00:44:10,290 INFO Code.src.training.classification_pipeline: Epoch 10/30
2026-07-25 00:45:03,418 INFO Code.src.training.classification_pipeline: Epoch 10: train loss 0.6136, val loss 0.6119, val accuracy 0.6603
2026-07-25 00:45:03,418 INFO Code.src.training.classification_pipeline: Epoch 11/30
2026-07-25 00:45:47,194 INFO Code.src.training.classification_pipeline: Epoch 11: train loss 0.6128, val loss 0.6107, val accuracy 0.6587
2026-07-25 00:45:47,194 INFO Code.src.training.classification_pipeline: Epoch 12/30
2026-07-25 00:46:43,423 INFO Code.src.training.classification_pipeline: Epoch 12: train loss 0.6121, val loss 0.6101, val accuracy 0.6570
2026-07-25 00:46:43,423 INFO Code.src.training.classification_pipeline: Epoch 13/30
2026-07-25 00:47:39,665 INFO Code.src.training.classification_pipeline: Epoch 13: train loss 0.6115, val loss 0.6097, val accuracy 0.6593
2026-07-25 00:47:39,665 INFO Code.src.training.classification_pipeline: Epoch 14/30
2026-07-25 00:48:24,608 INFO Code.src.training.classification_pipeline: Epoch 14: train loss 0.6108, val loss 0.6097, val accuracy 0.6634
2026-07-25 00:48:24,608 INFO Code.src.training.classification_pipeline: Epoch 15/30
2026-07-25 00:49:20,830 INFO Code.src.training.classification_pipeline: Epoch 15: train loss 0.6104, val loss 0.6091, val accuracy 0.6582
2026-07-25 00:49:20,830 INFO Code.src.training.classification_pipeline: Epoch 16/30
2026-07-25 00:50:15,807 INFO Code.src.training.classification_pipeline: Epoch 16: train loss 0.6100, val loss 0.6084, val accuracy 0.6583
2026-07-25 00:50:15,807 INFO Code.src.training.classification_pipeline: Epoch 17/30
2026-07-25 00:51:02,067 INFO Code.src.training.classification_pipeline: Epoch 17: train loss 0.6095, val loss 0.6083, val accuracy 0.6615
2026-07-25 00:51:02,067 INFO Code.src.training.classification_pipeline: Epoch 18/30
2026-07-25 00:51:58,273 INFO Code.src.training.classification_pipeline: Epoch 18: train loss 0.6091, val loss 0.6077, val accuracy 0.6590
2026-07-25 00:51:58,273 INFO Code.src.training.classification_pipeline: Epoch 19/30
2026-07-25 00:52:52,110 INFO Code.src.training.classification_pipeline: Epoch 19: train loss 0.6087, val loss 0.6073, val accuracy 0.6605
2026-07-25 00:52:52,110 INFO Code.src.training.classification_pipeline: Epoch 20/30
2026-07-25 00:53:38,165 INFO Code.src.training.classification_pipeline: Epoch 20: train loss 0.6083, val loss 0.6072, val accuracy 0.6593
2026-07-25 00:53:38,165 INFO Code.src.training.classification_pipeline: Epoch 21/30
2026-07-25 00:54:34,464 INFO Code.src.training.classification_pipeline: Epoch 21: train loss 0.6080, val loss 0.6068, val accuracy 0.6613
2026-07-25 00:54:34,464 INFO Code.src.training.classification_pipeline: Epoch 22/30
2026-07-25 00:55:27,988 INFO Code.src.training.classification_pipeline: Epoch 22: train loss 0.6077, val loss 0.6065, val accuracy 0.6628
2026-07-25 00:55:27,988 INFO Code.src.training.classification_pipeline: Epoch 23/30
2026-07-25 00:56:14,001 INFO Code.src.training.classification_pipeline: Epoch 23: train loss 0.6073, val loss 0.6064, val accuracy 0.6616
2026-07-25 00:56:14,002 INFO Code.src.training.classification_pipeline: Epoch 24/30
2026-07-25 00:57:10,183 INFO Code.src.training.classification_pipeline: Epoch 24: train loss 0.6071, val loss 0.6061, val accuracy 0.6629
2026-07-25 00:57:10,183 INFO Code.src.training.classification_pipeline: Epoch 25/30
2026-07-25 00:58:03,936 INFO Code.src.training.classification_pipeline: Epoch 25: train loss 0.6068, val loss 0.6060, val accuracy 0.6632
2026-07-25 00:58:03,936 INFO Code.src.training.classification_pipeline: Epoch 26/30
2026-07-25 00:58:47,466 INFO Code.src.training.classification_pipeline: Epoch 26: train loss 0.6066, val loss 0.6055, val accuracy 0.6619
2026-07-25 00:58:47,466 INFO Code.src.training.classification_pipeline: Epoch 27/30
2026-07-25 00:59:43,688 INFO Code.src.training.classification_pipeline: Epoch 27: train loss 0.6064, val loss 0.6054, val accuracy 0.6628
2026-07-25 00:59:43,688 INFO Code.src.training.classification_pipeline: Epoch 28/30
2026-07-25 01:00:39,643 INFO Code.src.training.classification_pipeline: Epoch 28: train loss 0.6061, val loss 0.6052, val accuracy 0.6642
2026-07-25 01:00:39,643 INFO Code.src.training.classification_pipeline: Epoch 29/30
2026-07-25 01:01:21,755 INFO Code.src.training.classification_pipeline: Epoch 29: train loss 0.6058, val loss 0.6050, val accuracy 0.6651
2026-07-25 01:01:21,755 INFO Code.src.training.classification_pipeline: Epoch 30/30
2026-07-25 01:02:17,906 INFO Code.src.training.classification_pipeline: Epoch 30: train loss 0.6056, val loss 0.6049, val accuracy 0.6644
