2026-07-25 17:36:23,532 INFO __main__: Using cached frozen embeddings: /home/ubuntu/research/protein-sequence-augmentation/data/processed/embeddings/solubility/trained_autoencoder+esm2/shared/train_8244284d419f1dea.pt
2026-07-25 17:36:23,570 INFO __main__: Using cached frozen embeddings: /home/ubuntu/research/protein-sequence-augmentation/data/processed/embeddings/solubility/trained_autoencoder+esm2/shared/valid_e1c6419d18e74b81.pt
2026-07-25 17:36:23,582 INFO Code.src.training.classification_pipeline: Epoch 1/30
2026-07-25 17:37:22,987 INFO Code.src.training.classification_pipeline: Epoch 1: train loss 0.5688, val loss 0.5392, val accuracy 0.7122
2026-07-25 17:37:22,988 INFO Code.src.training.classification_pipeline: Epoch 2/30
2026-07-25 17:38:22,349 INFO Code.src.training.classification_pipeline: Epoch 2: train loss 0.5212, val loss 0.5173, val accuracy 0.7337
2026-07-25 17:38:22,349 INFO Code.src.training.classification_pipeline: Epoch 3/30
2026-07-25 17:39:10,396 INFO Code.src.training.classification_pipeline: Epoch 3: train loss 0.4916, val loss 0.5059, val accuracy 0.7398
2026-07-25 17:39:10,396 INFO Code.src.training.classification_pipeline: Epoch 4/30
2026-07-25 17:40:09,677 INFO Code.src.training.classification_pipeline: Epoch 4: train loss 0.4706, val loss 0.5017, val accuracy 0.7466
2026-07-25 17:40:09,677 INFO Code.src.training.classification_pipeline: Epoch 5/30
2026-07-25 17:41:08,971 INFO Code.src.training.classification_pipeline: Epoch 5: train loss 0.4528, val loss 0.5020, val accuracy 0.7396
2026-07-25 17:41:08,971 INFO Code.src.training.classification_pipeline: Epoch 6/30
2026-07-25 17:41:56,122 INFO Code.src.training.classification_pipeline: Epoch 6: train loss 0.4385, val loss 0.5038, val accuracy 0.7442
2026-07-25 17:41:56,123 INFO Code.src.training.classification_pipeline: Epoch 7/30
2026-07-25 17:42:55,487 INFO Code.src.training.classification_pipeline: Epoch 7: train loss 0.4237, val loss 0.5020, val accuracy 0.7504
2026-07-25 17:42:55,488 INFO Code.src.training.classification_pipeline: Epoch 8/30
2026-07-25 17:43:54,878 INFO Code.src.training.classification_pipeline: Epoch 8: train loss 0.4091, val loss 0.5139, val accuracy 0.7495
2026-07-25 17:43:54,878 INFO Code.src.training.classification_pipeline: Epoch 9/30
2026-07-25 17:44:40,906 INFO Code.src.training.classification_pipeline: Epoch 9: train loss 0.3964, val loss 0.5189, val accuracy 0.7463
2026-07-25 17:44:40,906 INFO Code.src.training.classification_pipeline: Early stopping at epoch 9.
