2026-07-30 03:52:14,685 INFO Code.src.utils.embedding_cache: Using cached frozen embeddings: /home/ubuntu/protein-sequence-augmentation/data/processed/embeddings/solubility/trained_autoencoder/shared/train_5865efccb4c0f33b.pt
2026-07-30 03:52:14,720 INFO Code.src.utils.embedding_cache: Using cached frozen embeddings: /home/ubuntu/protein-sequence-augmentation/data/processed/embeddings/solubility/trained_autoencoder/shared/valid_e57addc1474b2f72.pt
2026-07-30 03:52:14,723 INFO Code.src.training.classification_pipeline: Epoch 1/30
2026-07-30 03:52:22,009 INFO Code.src.training.classification_pipeline: Epoch 1: train loss 0.6329, val loss 0.6165, val accuracy 0.6416
2026-07-30 03:52:22,009 INFO Code.src.training.classification_pipeline: Epoch 2/30
2026-07-30 03:52:29,467 INFO Code.src.training.classification_pipeline: Epoch 2: train loss 0.6178, val loss 0.6146, val accuracy 0.6390
2026-07-30 03:52:29,467 INFO Code.src.training.classification_pipeline: Epoch 3/30
2026-07-30 03:52:36,843 INFO Code.src.training.classification_pipeline: Epoch 3: train loss 0.6170, val loss 0.6144, val accuracy 0.6380
2026-07-30 03:52:36,843 INFO Code.src.training.classification_pipeline: Epoch 4/30
2026-07-30 03:52:44,181 INFO Code.src.training.classification_pipeline: Epoch 4: train loss 0.6166, val loss 0.6143, val accuracy 0.6368
2026-07-30 03:52:44,181 INFO Code.src.training.classification_pipeline: Epoch 5/30
2026-07-30 03:52:51,342 INFO Code.src.training.classification_pipeline: Epoch 5: train loss 0.6163, val loss 0.6143, val accuracy 0.6386
2026-07-30 03:52:51,342 INFO Code.src.training.classification_pipeline: Epoch 6/30
2026-07-30 03:52:58,562 INFO Code.src.training.classification_pipeline: Epoch 6: train loss 0.6163, val loss 0.6144, val accuracy 0.6379
2026-07-30 03:52:58,562 INFO Code.src.training.classification_pipeline: Epoch 7/30
2026-07-30 03:53:05,944 INFO Code.src.training.classification_pipeline: Epoch 7: train loss 0.6162, val loss 0.6147, val accuracy 0.6357
2026-07-30 03:53:05,945 INFO Code.src.training.classification_pipeline: Epoch 8/30
2026-07-30 03:53:12,998 INFO Code.src.training.classification_pipeline: Epoch 8: train loss 0.6162, val loss 0.6150, val accuracy 0.6377
2026-07-30 03:53:12,998 INFO Code.src.training.classification_pipeline: Epoch 9/30
2026-07-30 03:53:20,158 INFO Code.src.training.classification_pipeline: Epoch 9: train loss 0.6162, val loss 0.6147, val accuracy 0.6345
2026-07-30 03:53:20,158 INFO Code.src.training.classification_pipeline: Early stopping at epoch 9.
