2026-07-25 03:09:44,154 INFO __main__: Using cached frozen embeddings: /home/ubuntu/protein-sequence-augmentation/data/processed/embeddings/solubility/trained_autoencoder+esm2/shared/train_96768307afbc007e.pt
2026-07-25 03:09:44,191 INFO __main__: Using cached frozen embeddings: /home/ubuntu/protein-sequence-augmentation/data/processed/embeddings/solubility/trained_autoencoder+esm2/shared/valid_d24178e944164365.pt
2026-07-25 03:09:44,203 INFO __main__: Using cached frozen embeddings: /home/ubuntu/protein-sequence-augmentation/data/processed/embeddings/solubility/trained_autoencoder+esm2/shared/test_3c7e52efa47fc4f9.pt
2026-07-25 03:09:44,207 INFO Code.src.training.classification_pipeline: Epoch 1/30
2026-07-25 03:09:53,322 INFO Code.src.training.classification_pipeline: Epoch 1: train loss 0.5468, val loss 0.5151, val accuracy 0.7337
2026-07-25 03:09:53,322 INFO Code.src.training.classification_pipeline: Epoch 2/30
2026-07-25 03:10:02,404 INFO Code.src.training.classification_pipeline: Epoch 2: train loss 0.4994, val loss 0.5074, val accuracy 0.7328
2026-07-25 03:10:02,404 INFO Code.src.training.classification_pipeline: Epoch 3/30
2026-07-25 03:10:11,494 INFO Code.src.training.classification_pipeline: Epoch 3: train loss 0.4754, val loss 0.5030, val accuracy 0.7406
2026-07-25 03:10:11,494 INFO Code.src.training.classification_pipeline: Epoch 4/30
2026-07-25 03:10:20,564 INFO Code.src.training.classification_pipeline: Epoch 4: train loss 0.4547, val loss 0.5153, val accuracy 0.7293
2026-07-25 03:10:20,564 INFO Code.src.training.classification_pipeline: Epoch 5/30
2026-07-25 03:10:29,636 INFO Code.src.training.classification_pipeline: Epoch 5: train loss 0.4330, val loss 0.5413, val accuracy 0.7319
2026-07-25 03:10:29,636 INFO Code.src.training.classification_pipeline: Epoch 6/30
2026-07-25 03:10:38,693 INFO Code.src.training.classification_pipeline: Epoch 6: train loss 0.4110, val loss 0.5618, val accuracy 0.7273
2026-07-25 03:10:38,693 INFO Code.src.training.classification_pipeline: Epoch 7/30
2026-07-25 03:10:47,771 INFO Code.src.training.classification_pipeline: Epoch 7: train loss 0.3871, val loss 0.5930, val accuracy 0.7254
2026-07-25 03:10:47,771 INFO Code.src.training.classification_pipeline: Epoch 8/30
2026-07-25 03:10:56,976 INFO Code.src.training.classification_pipeline: Epoch 8: train loss 0.3691, val loss 0.6279, val accuracy 0.7253
2026-07-25 03:10:56,976 INFO Code.src.training.classification_pipeline: Early stopping at epoch 8.
2026-07-25 03:10:57,119 INFO Code.src.training.classification_pipeline: Test Loss: 0.5685 | Test Acc: 0.7064 | Test F1 (Macro): 0.7032
