2026-07-30 05:45:33,478 INFO Code.src.utils.embedding_cache: Using cached frozen embeddings: /home/ubuntu/protein-sequence-augmentation/data/processed/embeddings/solubility/trained_autoencoder/shared/train_5865efccb4c0f33b.pt
2026-07-30 05:45:33,513 INFO Code.src.utils.embedding_cache: Using cached frozen embeddings: /home/ubuntu/protein-sequence-augmentation/data/processed/embeddings/solubility/trained_autoencoder/shared/valid_e57addc1474b2f72.pt
2026-07-30 05:45:33,517 INFO Code.src.training.classification_pipeline: Epoch 1/30
2026-07-30 05:45:42,050 INFO Code.src.training.classification_pipeline: Epoch 1: train loss 0.6317, val loss 0.6083, val accuracy 0.6451
2026-07-30 05:45:42,050 INFO Code.src.training.classification_pipeline: Epoch 2/30
2026-07-30 05:45:50,598 INFO Code.src.training.classification_pipeline: Epoch 2: train loss 0.6053, val loss 0.5978, val accuracy 0.6527
2026-07-30 05:45:50,598 INFO Code.src.training.classification_pipeline: Epoch 3/30
2026-07-30 05:45:59,081 INFO Code.src.training.classification_pipeline: Epoch 3: train loss 0.5929, val loss 0.5877, val accuracy 0.6576
2026-07-30 05:45:59,081 INFO Code.src.training.classification_pipeline: Epoch 4/30
2026-07-30 05:46:07,538 INFO Code.src.training.classification_pipeline: Epoch 4: train loss 0.5801, val loss 0.5773, val accuracy 0.6720
2026-07-30 05:46:07,538 INFO Code.src.training.classification_pipeline: Epoch 5/30
2026-07-30 05:46:16,038 INFO Code.src.training.classification_pipeline: Epoch 5: train loss 0.5665, val loss 0.5684, val accuracy 0.6805
2026-07-30 05:46:16,038 INFO Code.src.training.classification_pipeline: Epoch 6/30
2026-07-30 05:46:24,582 INFO Code.src.training.classification_pipeline: Epoch 6: train loss 0.5548, val loss 0.5607, val accuracy 0.6822
2026-07-30 05:46:24,582 INFO Code.src.training.classification_pipeline: Epoch 7/30
2026-07-30 05:46:33,112 INFO Code.src.training.classification_pipeline: Epoch 7: train loss 0.5452, val loss 0.5557, val accuracy 0.6917
2026-07-30 05:46:33,112 INFO Code.src.training.classification_pipeline: Epoch 8/30
2026-07-30 05:46:41,698 INFO Code.src.training.classification_pipeline: Epoch 8: train loss 0.5376, val loss 0.5545, val accuracy 0.6917
2026-07-30 05:46:41,698 INFO Code.src.training.classification_pipeline: Epoch 9/30
2026-07-30 05:46:50,091 INFO Code.src.training.classification_pipeline: Epoch 9: train loss 0.5299, val loss 0.5513, val accuracy 0.6971
2026-07-30 05:46:50,091 INFO Code.src.training.classification_pipeline: Epoch 10/30
2026-07-30 05:46:58,709 INFO Code.src.training.classification_pipeline: Epoch 10: train loss 0.5252, val loss 0.5500, val accuracy 0.6945
2026-07-30 05:46:58,709 INFO Code.src.training.classification_pipeline: Epoch 11/30
2026-07-30 05:47:07,318 INFO Code.src.training.classification_pipeline: Epoch 11: train loss 0.5197, val loss 0.5471, val accuracy 0.6984
2026-07-30 05:47:07,318 INFO Code.src.training.classification_pipeline: Epoch 12/30
2026-07-30 05:47:15,813 INFO Code.src.training.classification_pipeline: Epoch 12: train loss 0.5143, val loss 0.5482, val accuracy 0.6986
2026-07-30 05:47:15,813 INFO Code.src.training.classification_pipeline: Epoch 13/30
2026-07-30 05:47:24,243 INFO Code.src.training.classification_pipeline: Epoch 13: train loss 0.5083, val loss 0.5467, val accuracy 0.6988
2026-07-30 05:47:24,243 INFO Code.src.training.classification_pipeline: Epoch 14/30
2026-07-30 05:47:32,798 INFO Code.src.training.classification_pipeline: Epoch 14: train loss 0.5050, val loss 0.5469, val accuracy 0.6986
2026-07-30 05:47:32,798 INFO Code.src.training.classification_pipeline: Epoch 15/30
2026-07-30 05:47:41,576 INFO Code.src.training.classification_pipeline: Epoch 15: train loss 0.5012, val loss 0.5474, val accuracy 0.7011
2026-07-30 05:47:41,576 INFO Code.src.training.classification_pipeline: Epoch 16/30
2026-07-30 05:47:50,248 INFO Code.src.training.classification_pipeline: Epoch 16: train loss 0.4972, val loss 0.5476, val accuracy 0.7004
2026-07-30 05:47:50,248 INFO Code.src.training.classification_pipeline: Epoch 17/30
2026-07-30 05:47:58,616 INFO Code.src.training.classification_pipeline: Epoch 17: train loss 0.4932, val loss 0.5457, val accuracy 0.6978
2026-07-30 05:47:58,616 INFO Code.src.training.classification_pipeline: Epoch 18/30
2026-07-30 05:48:07,133 INFO Code.src.training.classification_pipeline: Epoch 18: train loss 0.4892, val loss 0.5471, val accuracy 0.7021
2026-07-30 05:48:07,133 INFO Code.src.training.classification_pipeline: Epoch 19/30
2026-07-30 05:48:15,610 INFO Code.src.training.classification_pipeline: Epoch 19: train loss 0.4863, val loss 0.5495, val accuracy 0.6984
2026-07-30 05:48:15,611 INFO Code.src.training.classification_pipeline: Epoch 20/30
2026-07-30 05:48:24,113 INFO Code.src.training.classification_pipeline: Epoch 20: train loss 0.4820, val loss 0.5503, val accuracy 0.6986
2026-07-30 05:48:24,113 INFO Code.src.training.classification_pipeline: Epoch 21/30
2026-07-30 05:48:32,860 INFO Code.src.training.classification_pipeline: Epoch 21: train loss 0.4796, val loss 0.5502, val accuracy 0.7001
2026-07-30 05:48:32,860 INFO Code.src.training.classification_pipeline: Epoch 22/30
2026-07-30 05:48:41,482 INFO Code.src.training.classification_pipeline: Epoch 22: train loss 0.4778, val loss 0.5516, val accuracy 0.6946
2026-07-30 05:48:41,483 INFO Code.src.training.classification_pipeline: Early stopping at epoch 22.
