2026-07-25 01:39:08,754 INFO __main__: Saved frozen embeddings: /home/ubuntu/protein-sequence-augmentation/data/processed/embeddings/solubility/random_autoencoder/seed_42/train_c638769e2d349b98.pt
2026-07-25 01:39:24,587 INFO __main__: Saved frozen embeddings: /home/ubuntu/protein-sequence-augmentation/data/processed/embeddings/solubility/random_autoencoder/seed_42/valid_0582a7f288ea9f0c.pt
2026-07-25 01:39:29,338 INFO __main__: Saved frozen embeddings: /home/ubuntu/protein-sequence-augmentation/data/processed/embeddings/solubility/random_autoencoder/seed_42/test_8469daca1e21a164.pt
2026-07-25 01:39:29,420 INFO Code.src.training.classification_pipeline: Epoch 1/30
2026-07-25 01:39:46,039 INFO Code.src.training.classification_pipeline: Epoch 1: train loss 0.6722, val loss 0.6602, val accuracy 0.6170
2026-07-25 01:39:46,039 INFO Code.src.training.classification_pipeline: Epoch 2/30
2026-07-25 01:39:54,901 INFO Code.src.training.classification_pipeline: Epoch 2: train loss 0.6632, val loss 0.6587, val accuracy 0.6141
2026-07-25 01:39:54,901 INFO Code.src.training.classification_pipeline: Epoch 3/30
2026-07-25 01:40:03,805 INFO Code.src.training.classification_pipeline: Epoch 3: train loss 0.6605, val loss 0.6509, val accuracy 0.6183
2026-07-25 01:40:03,805 INFO Code.src.training.classification_pipeline: Epoch 4/30
2026-07-25 01:40:12,720 INFO Code.src.training.classification_pipeline: Epoch 4: train loss 0.6583, val loss 0.6481, val accuracy 0.6245
2026-07-25 01:40:12,720 INFO Code.src.training.classification_pipeline: Epoch 5/30
2026-07-25 01:40:21,570 INFO Code.src.training.classification_pipeline: Epoch 5: train loss 0.6556, val loss 0.6506, val accuracy 0.6184
2026-07-25 01:40:21,570 INFO Code.src.training.classification_pipeline: Epoch 6/30
2026-07-25 01:40:30,405 INFO Code.src.training.classification_pipeline: Epoch 6: train loss 0.6549, val loss 0.6481, val accuracy 0.6183
2026-07-25 01:40:30,405 INFO Code.src.training.classification_pipeline: Epoch 7/30
2026-07-25 01:40:39,261 INFO Code.src.training.classification_pipeline: Epoch 7: train loss 0.6529, val loss 0.6446, val accuracy 0.6282
2026-07-25 01:40:39,261 INFO Code.src.training.classification_pipeline: Epoch 8/30
2026-07-25 01:40:48,138 INFO Code.src.training.classification_pipeline: Epoch 8: train loss 0.6520, val loss 0.6452, val accuracy 0.6191
2026-07-25 01:40:48,138 INFO Code.src.training.classification_pipeline: Epoch 9/30
2026-07-25 01:40:57,154 INFO Code.src.training.classification_pipeline: Epoch 9: train loss 0.6510, val loss 0.6403, val accuracy 0.6307
2026-07-25 01:40:57,155 INFO Code.src.training.classification_pipeline: Epoch 10/30
2026-07-25 01:41:05,997 INFO Code.src.training.classification_pipeline: Epoch 10: train loss 0.6496, val loss 0.6387, val accuracy 0.6285
2026-07-25 01:41:05,997 INFO Code.src.training.classification_pipeline: Epoch 11/30
2026-07-25 01:41:14,821 INFO Code.src.training.classification_pipeline: Epoch 11: train loss 0.6489, val loss 0.6401, val accuracy 0.6279
2026-07-25 01:41:14,821 INFO Code.src.training.classification_pipeline: Epoch 12/30
2026-07-25 01:41:23,710 INFO Code.src.training.classification_pipeline: Epoch 12: train loss 0.6469, val loss 0.6370, val accuracy 0.6271
2026-07-25 01:41:23,710 INFO Code.src.training.classification_pipeline: Epoch 13/30
2026-07-25 01:41:32,546 INFO Code.src.training.classification_pipeline: Epoch 13: train loss 0.6463, val loss 0.6495, val accuracy 0.6393
2026-07-25 01:41:32,546 INFO Code.src.training.classification_pipeline: Epoch 14/30
2026-07-25 01:41:41,410 INFO Code.src.training.classification_pipeline: Epoch 14: train loss 0.6442, val loss 0.6351, val accuracy 0.6317
2026-07-25 01:41:41,410 INFO Code.src.training.classification_pipeline: Epoch 15/30
2026-07-25 01:41:50,226 INFO Code.src.training.classification_pipeline: Epoch 15: train loss 0.6429, val loss 0.6330, val accuracy 0.6321
2026-07-25 01:41:50,227 INFO Code.src.training.classification_pipeline: Epoch 16/30
2026-07-25 01:41:59,052 INFO Code.src.training.classification_pipeline: Epoch 16: train loss 0.6421, val loss 0.6361, val accuracy 0.6412
2026-07-25 01:41:59,052 INFO Code.src.training.classification_pipeline: Epoch 17/30
2026-07-25 01:42:07,892 INFO Code.src.training.classification_pipeline: Epoch 17: train loss 0.6409, val loss 0.6302, val accuracy 0.6402
2026-07-25 01:42:07,892 INFO Code.src.training.classification_pipeline: Epoch 18/30
2026-07-25 01:42:16,678 INFO Code.src.training.classification_pipeline: Epoch 18: train loss 0.6402, val loss 0.6291, val accuracy 0.6445
2026-07-25 01:42:16,678 INFO Code.src.training.classification_pipeline: Epoch 19/30
2026-07-25 01:42:25,501 INFO Code.src.training.classification_pipeline: Epoch 19: train loss 0.6390, val loss 0.6308, val accuracy 0.6412
2026-07-25 01:42:25,501 INFO Code.src.training.classification_pipeline: Epoch 20/30
2026-07-25 01:42:34,499 INFO Code.src.training.classification_pipeline: Epoch 20: train loss 0.6376, val loss 0.6267, val accuracy 0.6373
2026-07-25 01:42:34,499 INFO Code.src.training.classification_pipeline: Epoch 21/30
2026-07-25 01:42:43,387 INFO Code.src.training.classification_pipeline: Epoch 21: train loss 0.6382, val loss 0.6406, val accuracy 0.6266
2026-07-25 01:42:43,387 INFO Code.src.training.classification_pipeline: Epoch 22/30
2026-07-25 01:42:52,249 INFO Code.src.training.classification_pipeline: Epoch 22: train loss 0.6370, val loss 0.6252, val accuracy 0.6406
2026-07-25 01:42:52,249 INFO Code.src.training.classification_pipeline: Epoch 23/30
2026-07-25 01:43:01,117 INFO Code.src.training.classification_pipeline: Epoch 23: train loss 0.6366, val loss 0.6470, val accuracy 0.6177
2026-07-25 01:43:01,117 INFO Code.src.training.classification_pipeline: Epoch 24/30
2026-07-25 01:43:10,003 INFO Code.src.training.classification_pipeline: Epoch 24: train loss 0.6367, val loss 0.6305, val accuracy 0.6268
2026-07-25 01:43:10,003 INFO Code.src.training.classification_pipeline: Epoch 25/30
2026-07-25 01:43:18,896 INFO Code.src.training.classification_pipeline: Epoch 25: train loss 0.6351, val loss 0.6300, val accuracy 0.6367
2026-07-25 01:43:18,897 INFO Code.src.training.classification_pipeline: Epoch 26/30
2026-07-25 01:43:27,739 INFO Code.src.training.classification_pipeline: Epoch 26: train loss 0.6349, val loss 0.6223, val accuracy 0.6442
2026-07-25 01:43:27,739 INFO Code.src.training.classification_pipeline: Epoch 27/30
2026-07-25 01:43:36,622 INFO Code.src.training.classification_pipeline: Epoch 27: train loss 0.6338, val loss 0.6220, val accuracy 0.6439
2026-07-25 01:43:36,622 INFO Code.src.training.classification_pipeline: Epoch 28/30
2026-07-25 01:43:45,499 INFO Code.src.training.classification_pipeline: Epoch 28: train loss 0.6341, val loss 0.6275, val accuracy 0.6351
2026-07-25 01:43:45,499 INFO Code.src.training.classification_pipeline: Epoch 29/30
2026-07-25 01:43:54,366 INFO Code.src.training.classification_pipeline: Epoch 29: train loss 0.6337, val loss 0.6366, val accuracy 0.6350
2026-07-25 01:43:54,366 INFO Code.src.training.classification_pipeline: Epoch 30/30
2026-07-25 01:44:03,213 INFO Code.src.training.classification_pipeline: Epoch 30: train loss 0.6325, val loss 0.6215, val accuracy 0.6409
2026-07-25 01:44:03,349 INFO Code.src.training.classification_pipeline: Test Loss: 0.6430 | Test Acc: 0.6223 | Test F1 (Macro): 0.6159
