2026-08-12 19:46:58,934 INFO Code.src.utils.embedding_cache: Using cached frozen embeddings: /home/ubuntu/research/protein-sequence-augmentation/data/processed/embeddings/solubility/esm2/shared/train_96ea95d5317c2f65.pt
2026-08-12 19:46:58,966 INFO Code.src.utils.embedding_cache: Using cached frozen embeddings: /home/ubuntu/research/protein-sequence-augmentation/data/processed/embeddings/solubility/esm2/shared/valid_6f51f55f059f680d.pt
2026-08-12 19:46:58,976 INFO Code.src.utils.embedding_cache: Using cached frozen embeddings: /home/ubuntu/research/protein-sequence-augmentation/data/processed/embeddings/solubility/esm2/shared/test_780fc3c941174add.pt
2026-08-12 19:46:59,020 INFO Code.src.training.classification_pipeline: Epoch 1/30
2026-08-12 19:47:08,384 INFO Code.src.training.classification_pipeline: Epoch 1: train loss 0.6324, val loss 0.6123, val accuracy 0.6595
2026-08-12 19:47:08,384 INFO Code.src.training.classification_pipeline: Epoch 2/30
2026-08-12 19:47:17,933 INFO Code.src.training.classification_pipeline: Epoch 2: train loss 0.6110, val loss 0.6045, val accuracy 0.6622
2026-08-12 19:47:17,933 INFO Code.src.training.classification_pipeline: Epoch 3/30
2026-08-12 19:47:27,160 INFO Code.src.training.classification_pipeline: Epoch 3: train loss 0.6029, val loss 0.5971, val accuracy 0.6723
2026-08-12 19:47:27,161 INFO Code.src.training.classification_pipeline: Epoch 4/30
2026-08-12 19:47:36,519 INFO Code.src.training.classification_pipeline: Epoch 4: train loss 0.5962, val loss 0.5925, val accuracy 0.6770
2026-08-12 19:47:36,519 INFO Code.src.training.classification_pipeline: Epoch 5/30
2026-08-12 19:47:45,701 INFO Code.src.training.classification_pipeline: Epoch 5: train loss 0.5908, val loss 0.5880, val accuracy 0.6768
2026-08-12 19:47:45,702 INFO Code.src.training.classification_pipeline: Epoch 6/30
2026-08-12 19:47:54,823 INFO Code.src.training.classification_pipeline: Epoch 6: train loss 0.5861, val loss 0.5855, val accuracy 0.6821
2026-08-12 19:47:54,823 INFO Code.src.training.classification_pipeline: Epoch 7/30
2026-08-12 19:48:03,925 INFO Code.src.training.classification_pipeline: Epoch 7: train loss 0.5820, val loss 0.5838, val accuracy 0.6793
2026-08-12 19:48:03,925 INFO Code.src.training.classification_pipeline: Epoch 8/30
2026-08-12 19:48:13,076 INFO Code.src.training.classification_pipeline: Epoch 8: train loss 0.5778, val loss 0.5814, val accuracy 0.6829
2026-08-12 19:48:13,076 INFO Code.src.training.classification_pipeline: Epoch 9/30
2026-08-12 19:48:22,328 INFO Code.src.training.classification_pipeline: Epoch 9: train loss 0.5746, val loss 0.5804, val accuracy 0.6840
2026-08-12 19:48:22,328 INFO Code.src.training.classification_pipeline: Epoch 10/30
2026-08-12 19:48:31,543 INFO Code.src.training.classification_pipeline: Epoch 10: train loss 0.5707, val loss 0.5753, val accuracy 0.6855
2026-08-12 19:48:31,543 INFO Code.src.training.classification_pipeline: Epoch 11/30
2026-08-12 19:48:40,800 INFO Code.src.training.classification_pipeline: Epoch 11: train loss 0.5676, val loss 0.5741, val accuracy 0.6894
2026-08-12 19:48:40,800 INFO Code.src.training.classification_pipeline: Epoch 12/30
2026-08-12 19:48:49,984 INFO Code.src.training.classification_pipeline: Epoch 12: train loss 0.5650, val loss 0.5752, val accuracy 0.6868
2026-08-12 19:48:49,984 INFO Code.src.training.classification_pipeline: Epoch 13/30
2026-08-12 19:48:59,168 INFO Code.src.training.classification_pipeline: Epoch 13: train loss 0.5625, val loss 0.5747, val accuracy 0.6909
2026-08-12 19:48:59,168 INFO Code.src.training.classification_pipeline: Epoch 14/30
2026-08-12 19:49:08,308 INFO Code.src.training.classification_pipeline: Epoch 14: train loss 0.5605, val loss 0.5692, val accuracy 0.6932
2026-08-12 19:49:08,308 INFO Code.src.training.classification_pipeline: Epoch 15/30
2026-08-12 19:49:17,511 INFO Code.src.training.classification_pipeline: Epoch 15: train loss 0.5572, val loss 0.5677, val accuracy 0.6935
2026-08-12 19:49:17,511 INFO Code.src.training.classification_pipeline: Epoch 16/30
2026-08-12 19:49:26,940 INFO Code.src.training.classification_pipeline: Epoch 16: train loss 0.5544, val loss 0.5714, val accuracy 0.6919
2026-08-12 19:49:26,940 INFO Code.src.training.classification_pipeline: Epoch 17/30
2026-08-12 19:49:36,258 INFO Code.src.training.classification_pipeline: Epoch 17: train loss 0.5531, val loss 0.5662, val accuracy 0.6984
2026-08-12 19:49:36,258 INFO Code.src.training.classification_pipeline: Epoch 18/30
2026-08-12 19:49:45,341 INFO Code.src.training.classification_pipeline: Epoch 18: train loss 0.5504, val loss 0.5665, val accuracy 0.6963
2026-08-12 19:49:45,341 INFO Code.src.training.classification_pipeline: Epoch 19/30
2026-08-12 19:49:54,544 INFO Code.src.training.classification_pipeline: Epoch 19: train loss 0.5475, val loss 0.5631, val accuracy 0.6966
2026-08-12 19:49:54,544 INFO Code.src.training.classification_pipeline: Epoch 20/30
2026-08-12 19:50:03,648 INFO Code.src.training.classification_pipeline: Epoch 20: train loss 0.5460, val loss 0.5628, val accuracy 0.6988
2026-08-12 19:50:03,648 INFO Code.src.training.classification_pipeline: Epoch 21/30
2026-08-12 19:50:12,805 INFO Code.src.training.classification_pipeline: Epoch 21: train loss 0.5438, val loss 0.5648, val accuracy 0.6955
2026-08-12 19:50:12,805 INFO Code.src.training.classification_pipeline: Epoch 22/30
2026-08-12 19:50:21,949 INFO Code.src.training.classification_pipeline: Epoch 22: train loss 0.5416, val loss 0.5621, val accuracy 0.6999
2026-08-12 19:50:21,949 INFO Code.src.training.classification_pipeline: Epoch 23/30
2026-08-12 19:50:31,373 INFO Code.src.training.classification_pipeline: Epoch 23: train loss 0.5408, val loss 0.5610, val accuracy 0.6973
2026-08-12 19:50:31,373 INFO Code.src.training.classification_pipeline: Epoch 24/30
2026-08-12 19:50:40,508 INFO Code.src.training.classification_pipeline: Epoch 24: train loss 0.5381, val loss 0.5611, val accuracy 0.7017
2026-08-12 19:50:40,508 INFO Code.src.training.classification_pipeline: Epoch 25/30
2026-08-12 19:50:49,968 INFO Code.src.training.classification_pipeline: Epoch 25: train loss 0.5366, val loss 0.5599, val accuracy 0.6992
2026-08-12 19:50:49,968 INFO Code.src.training.classification_pipeline: Epoch 26/30
2026-08-12 19:50:59,243 INFO Code.src.training.classification_pipeline: Epoch 26: train loss 0.5342, val loss 0.5605, val accuracy 0.7012
2026-08-12 19:50:59,243 INFO Code.src.training.classification_pipeline: Epoch 27/30
2026-08-12 19:51:08,588 INFO Code.src.training.classification_pipeline: Epoch 27: train loss 0.5331, val loss 0.5594, val accuracy 0.7074
2026-08-12 19:51:08,588 INFO Code.src.training.classification_pipeline: Epoch 28/30
2026-08-12 19:51:17,745 INFO Code.src.training.classification_pipeline: Epoch 28: train loss 0.5307, val loss 0.5596, val accuracy 0.7025
2026-08-12 19:51:17,745 INFO Code.src.training.classification_pipeline: Epoch 29/30
2026-08-12 19:51:26,925 INFO Code.src.training.classification_pipeline: Epoch 29: train loss 0.5295, val loss 0.5607, val accuracy 0.6999
2026-08-12 19:51:26,925 INFO Code.src.training.classification_pipeline: Epoch 30/30
2026-08-12 19:51:36,137 INFO Code.src.training.classification_pipeline: Epoch 30: train loss 0.5276, val loss 0.5571, val accuracy 0.7058
2026-08-12 19:51:36,288 INFO Code.src.training.classification_pipeline: Test Loss: 0.6467 | Test Acc: 0.6523 | Test F1 (Macro): 0.6429
