2026-07-30 05:48:41,884 INFO Code.src.utils.embedding_cache: Using cached frozen embeddings: /home/ubuntu/protein-sequence-augmentation/data/processed/embeddings/solubility/trained_autoencoder/shared/train_5865efccb4c0f33b.pt
2026-07-30 05:48:41,919 INFO Code.src.utils.embedding_cache: Using cached frozen embeddings: /home/ubuntu/protein-sequence-augmentation/data/processed/embeddings/solubility/trained_autoencoder/shared/valid_e57addc1474b2f72.pt
2026-07-30 05:48:41,922 INFO Code.src.training.classification_pipeline: Epoch 1/30
2026-07-30 05:48:50,657 INFO Code.src.training.classification_pipeline: Epoch 1: train loss 0.6275, val loss 0.6064, val accuracy 0.6466
2026-07-30 05:48:50,657 INFO Code.src.training.classification_pipeline: Epoch 2/30
2026-07-30 05:48:59,563 INFO Code.src.training.classification_pipeline: Epoch 2: train loss 0.6017, val loss 0.5951, val accuracy 0.6562
2026-07-30 05:48:59,563 INFO Code.src.training.classification_pipeline: Epoch 3/30
2026-07-30 05:49:08,164 INFO Code.src.training.classification_pipeline: Epoch 3: train loss 0.5867, val loss 0.5819, val accuracy 0.6615
2026-07-30 05:49:08,164 INFO Code.src.training.classification_pipeline: Epoch 4/30
2026-07-30 05:49:16,827 INFO Code.src.training.classification_pipeline: Epoch 4: train loss 0.5700, val loss 0.5691, val accuracy 0.6816
2026-07-30 05:49:16,827 INFO Code.src.training.classification_pipeline: Epoch 5/30
2026-07-30 05:49:25,612 INFO Code.src.training.classification_pipeline: Epoch 5: train loss 0.5541, val loss 0.5601, val accuracy 0.6841
2026-07-30 05:49:25,612 INFO Code.src.training.classification_pipeline: Epoch 6/30
2026-07-30 05:49:34,333 INFO Code.src.training.classification_pipeline: Epoch 6: train loss 0.5416, val loss 0.5538, val accuracy 0.6910
2026-07-30 05:49:34,333 INFO Code.src.training.classification_pipeline: Epoch 7/30
2026-07-30 05:49:43,276 INFO Code.src.training.classification_pipeline: Epoch 7: train loss 0.5319, val loss 0.5495, val accuracy 0.6953
2026-07-30 05:49:43,276 INFO Code.src.training.classification_pipeline: Epoch 8/30
2026-07-30 05:49:52,066 INFO Code.src.training.classification_pipeline: Epoch 8: train loss 0.5238, val loss 0.5498, val accuracy 0.6959
2026-07-30 05:49:52,066 INFO Code.src.training.classification_pipeline: Epoch 9/30
2026-07-30 05:50:00,933 INFO Code.src.training.classification_pipeline: Epoch 9: train loss 0.5158, val loss 0.5477, val accuracy 0.6989
2026-07-30 05:50:00,933 INFO Code.src.training.classification_pipeline: Epoch 10/30
2026-07-30 05:50:09,772 INFO Code.src.training.classification_pipeline: Epoch 10: train loss 0.5098, val loss 0.5467, val accuracy 0.6971
2026-07-30 05:50:09,772 INFO Code.src.training.classification_pipeline: Epoch 11/30
2026-07-30 05:50:18,578 INFO Code.src.training.classification_pipeline: Epoch 11: train loss 0.5038, val loss 0.5455, val accuracy 0.6971
2026-07-30 05:50:18,578 INFO Code.src.training.classification_pipeline: Epoch 12/30
2026-07-30 05:50:27,261 INFO Code.src.training.classification_pipeline: Epoch 12: train loss 0.4981, val loss 0.5477, val accuracy 0.7007
2026-07-30 05:50:27,261 INFO Code.src.training.classification_pipeline: Epoch 13/30
2026-07-30 05:50:36,049 INFO Code.src.training.classification_pipeline: Epoch 13: train loss 0.4915, val loss 0.5467, val accuracy 0.6995
2026-07-30 05:50:36,049 INFO Code.src.training.classification_pipeline: Epoch 14/30
2026-07-30 05:50:44,758 INFO Code.src.training.classification_pipeline: Epoch 14: train loss 0.4876, val loss 0.5476, val accuracy 0.6952
2026-07-30 05:50:44,758 INFO Code.src.training.classification_pipeline: Epoch 15/30
2026-07-30 05:50:53,487 INFO Code.src.training.classification_pipeline: Epoch 15: train loss 0.4812, val loss 0.5495, val accuracy 0.6986
2026-07-30 05:50:53,487 INFO Code.src.training.classification_pipeline: Epoch 16/30
2026-07-30 05:51:02,141 INFO Code.src.training.classification_pipeline: Epoch 16: train loss 0.4767, val loss 0.5511, val accuracy 0.6950
2026-07-30 05:51:02,141 INFO Code.src.training.classification_pipeline: Early stopping at epoch 16.
