2026-07-26 22:56:08,052 INFO __main__: Using cached frozen embeddings: /home/ubuntu/research/protein-sequence-augmentation/data/processed/embeddings/solubility/trained_autoencoder+esm2/shared/train_43efc16b13ef1bca.pt
2026-07-26 22:56:08,091 INFO __main__: Using cached frozen embeddings: /home/ubuntu/research/protein-sequence-augmentation/data/processed/embeddings/solubility/trained_autoencoder+esm2/shared/valid_cffb2059b467820e.pt
2026-07-26 22:56:08,103 INFO __main__: Using cached frozen embeddings: /home/ubuntu/research/protein-sequence-augmentation/data/processed/embeddings/solubility/trained_autoencoder+esm2/shared/test_76b8219a4a494c5a.pt
2026-07-26 22:56:08,109 INFO Code.src.training.classification_pipeline: Epoch 1/30
2026-07-26 22:57:09,489 INFO Code.src.training.classification_pipeline: Epoch 1: train loss 0.5761, val loss 0.5556, val accuracy 0.6984
2026-07-26 22:57:09,489 INFO Code.src.training.classification_pipeline: Epoch 2/30
2026-07-26 22:57:45,523 INFO Code.src.training.classification_pipeline: Epoch 2: train loss 0.5549, val loss 0.5494, val accuracy 0.7119
2026-07-26 22:57:45,523 INFO Code.src.training.classification_pipeline: Epoch 3/30
2026-07-26 22:58:46,785 INFO Code.src.training.classification_pipeline: Epoch 3: train loss 0.5515, val loss 0.5462, val accuracy 0.7178
2026-07-26 22:58:46,785 INFO Code.src.training.classification_pipeline: Epoch 4/30
2026-07-26 22:59:48,302 INFO Code.src.training.classification_pipeline: Epoch 4: train loss 0.5493, val loss 0.5471, val accuracy 0.7136
2026-07-26 22:59:48,302 INFO Code.src.training.classification_pipeline: Epoch 5/30
2026-07-26 23:00:49,529 INFO Code.src.training.classification_pipeline: Epoch 5: train loss 0.5468, val loss 0.5478, val accuracy 0.7139
2026-07-26 23:00:49,529 INFO Code.src.training.classification_pipeline: Epoch 6/30
2026-07-26 23:01:46,143 INFO Code.src.training.classification_pipeline: Epoch 6: train loss 0.5463, val loss 0.5479, val accuracy 0.7090
2026-07-26 23:01:46,143 INFO Code.src.training.classification_pipeline: Epoch 7/30
2026-07-26 23:02:37,042 INFO Code.src.training.classification_pipeline: Epoch 7: train loss 0.5458, val loss 0.5434, val accuracy 0.7203
2026-07-26 23:02:37,042 INFO Code.src.training.classification_pipeline: Epoch 8/30
2026-07-26 23:03:38,349 INFO Code.src.training.classification_pipeline: Epoch 8: train loss 0.5445, val loss 0.5437, val accuracy 0.7158
2026-07-26 23:03:38,349 INFO Code.src.training.classification_pipeline: Epoch 9/30
2026-07-26 23:04:39,969 INFO Code.src.training.classification_pipeline: Epoch 9: train loss 0.5434, val loss 0.5438, val accuracy 0.7154
2026-07-26 23:04:39,969 INFO Code.src.training.classification_pipeline: Epoch 10/30
2026-07-26 23:05:41,353 INFO Code.src.training.classification_pipeline: Epoch 10: train loss 0.5428, val loss 0.5445, val accuracy 0.7146
2026-07-26 23:05:41,353 INFO Code.src.training.classification_pipeline: Epoch 11/30
2026-07-26 23:06:19,439 INFO Code.src.training.classification_pipeline: Epoch 11: train loss 0.5426, val loss 0.5432, val accuracy 0.7195
2026-07-26 23:06:19,439 INFO Code.src.training.classification_pipeline: Epoch 12/30
2026-07-26 23:07:18,459 INFO Code.src.training.classification_pipeline: Epoch 12: train loss 0.5420, val loss 0.5399, val accuracy 0.7194
2026-07-26 23:07:18,459 INFO Code.src.training.classification_pipeline: Epoch 13/30
2026-07-26 23:08:19,731 INFO Code.src.training.classification_pipeline: Epoch 13: train loss 0.5421, val loss 0.5397, val accuracy 0.7188
2026-07-26 23:08:19,731 INFO Code.src.training.classification_pipeline: Epoch 14/30
2026-07-26 23:09:21,124 INFO Code.src.training.classification_pipeline: Epoch 14: train loss 0.5410, val loss 0.5399, val accuracy 0.7194
2026-07-26 23:09:21,125 INFO Code.src.training.classification_pipeline: Epoch 15/30
2026-07-26 23:10:22,405 INFO Code.src.training.classification_pipeline: Epoch 15: train loss 0.5413, val loss 0.5390, val accuracy 0.7178
2026-07-26 23:10:22,405 INFO Code.src.training.classification_pipeline: Epoch 16/30
2026-07-26 23:11:11,773 INFO Code.src.training.classification_pipeline: Epoch 16: train loss 0.5406, val loss 0.5388, val accuracy 0.7211
2026-07-26 23:11:11,773 INFO Code.src.training.classification_pipeline: Epoch 17/30
2026-07-26 23:12:12,964 INFO Code.src.training.classification_pipeline: Epoch 17: train loss 0.5401, val loss 0.5408, val accuracy 0.7175
2026-07-26 23:12:12,964 INFO Code.src.training.classification_pipeline: Epoch 18/30
2026-07-26 23:13:14,501 INFO Code.src.training.classification_pipeline: Epoch 18: train loss 0.5393, val loss 0.5501, val accuracy 0.7146
2026-07-26 23:13:14,501 INFO Code.src.training.classification_pipeline: Epoch 19/30
2026-07-26 23:14:16,005 INFO Code.src.training.classification_pipeline: Epoch 19: train loss 0.5396, val loss 0.5496, val accuracy 0.7110
2026-07-26 23:14:16,005 INFO Code.src.training.classification_pipeline: Epoch 20/30
2026-07-26 23:15:04,783 INFO Code.src.training.classification_pipeline: Epoch 20: train loss 0.5394, val loss 0.5422, val accuracy 0.7126
2026-07-26 23:15:04,783 INFO Code.src.training.classification_pipeline: Epoch 21/30
2026-07-26 23:16:04,924 INFO Code.src.training.classification_pipeline: Epoch 21: train loss 0.5391, val loss 0.5399, val accuracy 0.7201
2026-07-26 23:16:04,924 INFO Code.src.training.classification_pipeline: Early stopping at epoch 21.
2026-07-26 23:16:06,569 INFO Code.src.training.classification_pipeline: Test Loss: 0.5957 | Test Acc: 0.6898 | Test F1 (Macro): 0.6869
