2026-08-12 20:03:00,453 INFO Code.src.utils.embedding_cache: Using cached frozen embeddings: /home/ubuntu/research/protein-sequence-augmentation/data/processed/embeddings/solubility/trained_autoencoder/shared/train_87d0b6aef732c97d.pt
2026-08-12 20:03:00,494 INFO Code.src.utils.embedding_cache: Using cached frozen embeddings: /home/ubuntu/research/protein-sequence-augmentation/data/processed/embeddings/solubility/trained_autoencoder/shared/valid_172e0293e17769b2.pt
2026-08-12 20:03:00,505 INFO Code.src.utils.embedding_cache: Using cached frozen embeddings: /home/ubuntu/research/protein-sequence-augmentation/data/processed/embeddings/solubility/trained_autoencoder/shared/test_780dc53be0daff1d.pt
2026-08-12 20:03:00,592 INFO Code.src.training.classification_pipeline: Epoch 1/30
2026-08-12 20:03:08,818 INFO Code.src.training.classification_pipeline: Epoch 1: train loss 0.6544, val loss 0.6368, val accuracy 0.6209
2026-08-12 20:03:08,818 INFO Code.src.training.classification_pipeline: Epoch 2/30
2026-08-12 20:03:17,122 INFO Code.src.training.classification_pipeline: Epoch 2: train loss 0.6308, val loss 0.6252, val accuracy 0.6304
2026-08-12 20:03:17,122 INFO Code.src.training.classification_pipeline: Epoch 3/30
2026-08-12 20:03:25,328 INFO Code.src.training.classification_pipeline: Epoch 3: train loss 0.6231, val loss 0.6197, val accuracy 0.6345
2026-08-12 20:03:25,328 INFO Code.src.training.classification_pipeline: Epoch 4/30
2026-08-12 20:03:33,541 INFO Code.src.training.classification_pipeline: Epoch 4: train loss 0.6189, val loss 0.6166, val accuracy 0.6387
2026-08-12 20:03:33,541 INFO Code.src.training.classification_pipeline: Epoch 5/30
2026-08-12 20:03:41,698 INFO Code.src.training.classification_pipeline: Epoch 5: train loss 0.6162, val loss 0.6146, val accuracy 0.6413
2026-08-12 20:03:41,698 INFO Code.src.training.classification_pipeline: Epoch 6/30
2026-08-12 20:03:49,870 INFO Code.src.training.classification_pipeline: Epoch 6: train loss 0.6143, val loss 0.6127, val accuracy 0.6410
2026-08-12 20:03:49,870 INFO Code.src.training.classification_pipeline: Epoch 7/30
2026-08-12 20:03:58,008 INFO Code.src.training.classification_pipeline: Epoch 7: train loss 0.6129, val loss 0.6115, val accuracy 0.6420
2026-08-12 20:03:58,008 INFO Code.src.training.classification_pipeline: Epoch 8/30
2026-08-12 20:04:06,164 INFO Code.src.training.classification_pipeline: Epoch 8: train loss 0.6117, val loss 0.6105, val accuracy 0.6453
2026-08-12 20:04:06,164 INFO Code.src.training.classification_pipeline: Epoch 9/30
2026-08-12 20:04:14,303 INFO Code.src.training.classification_pipeline: Epoch 9: train loss 0.6109, val loss 0.6098, val accuracy 0.6459
2026-08-12 20:04:14,303 INFO Code.src.training.classification_pipeline: Epoch 10/30
2026-08-12 20:04:22,366 INFO Code.src.training.classification_pipeline: Epoch 10: train loss 0.6102, val loss 0.6091, val accuracy 0.6472
2026-08-12 20:04:22,366 INFO Code.src.training.classification_pipeline: Epoch 11/30
2026-08-12 20:04:30,494 INFO Code.src.training.classification_pipeline: Epoch 11: train loss 0.6096, val loss 0.6085, val accuracy 0.6498
2026-08-12 20:04:30,495 INFO Code.src.training.classification_pipeline: Epoch 12/30
2026-08-12 20:04:38,542 INFO Code.src.training.classification_pipeline: Epoch 12: train loss 0.6091, val loss 0.6082, val accuracy 0.6510
2026-08-12 20:04:38,542 INFO Code.src.training.classification_pipeline: Epoch 13/30
2026-08-12 20:04:46,668 INFO Code.src.training.classification_pipeline: Epoch 13: train loss 0.6086, val loss 0.6077, val accuracy 0.6502
2026-08-12 20:04:46,668 INFO Code.src.training.classification_pipeline: Epoch 14/30
2026-08-12 20:04:54,811 INFO Code.src.training.classification_pipeline: Epoch 14: train loss 0.6083, val loss 0.6076, val accuracy 0.6515
2026-08-12 20:04:54,811 INFO Code.src.training.classification_pipeline: Epoch 15/30
2026-08-12 20:05:02,932 INFO Code.src.training.classification_pipeline: Epoch 15: train loss 0.6080, val loss 0.6073, val accuracy 0.6494
2026-08-12 20:05:02,932 INFO Code.src.training.classification_pipeline: Epoch 16/30
2026-08-12 20:05:11,122 INFO Code.src.training.classification_pipeline: Epoch 16: train loss 0.6077, val loss 0.6070, val accuracy 0.6514
2026-08-12 20:05:11,122 INFO Code.src.training.classification_pipeline: Epoch 17/30
2026-08-12 20:05:19,321 INFO Code.src.training.classification_pipeline: Epoch 17: train loss 0.6074, val loss 0.6070, val accuracy 0.6487
2026-08-12 20:05:19,321 INFO Code.src.training.classification_pipeline: Epoch 18/30
2026-08-12 20:05:27,407 INFO Code.src.training.classification_pipeline: Epoch 18: train loss 0.6072, val loss 0.6066, val accuracy 0.6521
2026-08-12 20:05:27,407 INFO Code.src.training.classification_pipeline: Epoch 19/30
2026-08-12 20:05:35,554 INFO Code.src.training.classification_pipeline: Epoch 19: train loss 0.6070, val loss 0.6065, val accuracy 0.6497
2026-08-12 20:05:35,554 INFO Code.src.training.classification_pipeline: Epoch 20/30
2026-08-12 20:05:43,742 INFO Code.src.training.classification_pipeline: Epoch 20: train loss 0.6069, val loss 0.6063, val accuracy 0.6508
2026-08-12 20:05:43,742 INFO Code.src.training.classification_pipeline: Epoch 21/30
2026-08-12 20:05:51,930 INFO Code.src.training.classification_pipeline: Epoch 21: train loss 0.6066, val loss 0.6066, val accuracy 0.6525
2026-08-12 20:05:51,930 INFO Code.src.training.classification_pipeline: Epoch 22/30
2026-08-12 20:06:00,079 INFO Code.src.training.classification_pipeline: Epoch 22: train loss 0.6065, val loss 0.6062, val accuracy 0.6525
2026-08-12 20:06:00,079 INFO Code.src.training.classification_pipeline: Epoch 23/30
2026-08-12 20:06:08,223 INFO Code.src.training.classification_pipeline: Epoch 23: train loss 0.6063, val loss 0.6060, val accuracy 0.6527
2026-08-12 20:06:08,223 INFO Code.src.training.classification_pipeline: Epoch 24/30
2026-08-12 20:06:16,399 INFO Code.src.training.classification_pipeline: Epoch 24: train loss 0.6062, val loss 0.6061, val accuracy 0.6524
2026-08-12 20:06:16,399 INFO Code.src.training.classification_pipeline: Epoch 25/30
2026-08-12 20:06:24,459 INFO Code.src.training.classification_pipeline: Epoch 25: train loss 0.6061, val loss 0.6058, val accuracy 0.6534
2026-08-12 20:06:24,459 INFO Code.src.training.classification_pipeline: Epoch 26/30
2026-08-12 20:06:32,518 INFO Code.src.training.classification_pipeline: Epoch 26: train loss 0.6059, val loss 0.6055, val accuracy 0.6523
2026-08-12 20:06:32,518 INFO Code.src.training.classification_pipeline: Epoch 27/30
2026-08-12 20:06:40,721 INFO Code.src.training.classification_pipeline: Epoch 27: train loss 0.6059, val loss 0.6054, val accuracy 0.6533
2026-08-12 20:06:40,721 INFO Code.src.training.classification_pipeline: Epoch 28/30
2026-08-12 20:06:48,820 INFO Code.src.training.classification_pipeline: Epoch 28: train loss 0.6057, val loss 0.6055, val accuracy 0.6553
2026-08-12 20:06:48,820 INFO Code.src.training.classification_pipeline: Epoch 29/30
2026-08-12 20:06:56,878 INFO Code.src.training.classification_pipeline: Epoch 29: train loss 0.6056, val loss 0.6052, val accuracy 0.6530
2026-08-12 20:06:56,878 INFO Code.src.training.classification_pipeline: Epoch 30/30
2026-08-12 20:07:04,935 INFO Code.src.training.classification_pipeline: Epoch 30: train loss 0.6055, val loss 0.6053, val accuracy 0.6560
2026-08-12 20:07:05,077 INFO Code.src.training.classification_pipeline: Test Loss: 0.6361 | Test Acc: 0.6283 | Test F1 (Macro): 0.6167
