2026-08-12 19:41:16,050 INFO Code.src.utils.embedding_cache: Using cached frozen embeddings: /home/ubuntu/research/protein-sequence-augmentation/data/processed/embeddings/solubility/trained_autoencoder+esm2/shared/train_96fa211b3bbf6cf7.pt
2026-08-12 19:41:16,089 INFO Code.src.utils.embedding_cache: Using cached frozen embeddings: /home/ubuntu/research/protein-sequence-augmentation/data/processed/embeddings/solubility/trained_autoencoder+esm2/shared/valid_79c081a8345c1dff.pt
2026-08-12 19:41:16,101 INFO Code.src.utils.embedding_cache: Using cached frozen embeddings: /home/ubuntu/research/protein-sequence-augmentation/data/processed/embeddings/solubility/trained_autoencoder+esm2/shared/test_85297b14fb704769.pt
2026-08-12 19:41:16,236 INFO Code.src.training.classification_pipeline: Epoch 1/30
2026-08-12 19:41:25,644 INFO Code.src.training.classification_pipeline: Epoch 1: train loss 0.5981, val loss 0.5649, val accuracy 0.6897
2026-08-12 19:41:25,644 INFO Code.src.training.classification_pipeline: Epoch 2/30
2026-08-12 19:41:35,030 INFO Code.src.training.classification_pipeline: Epoch 2: train loss 0.5485, val loss 0.5382, val accuracy 0.7069
2026-08-12 19:41:35,030 INFO Code.src.training.classification_pipeline: Epoch 3/30
2026-08-12 19:41:44,362 INFO Code.src.training.classification_pipeline: Epoch 3: train loss 0.5193, val loss 0.5203, val accuracy 0.7277
2026-08-12 19:41:44,362 INFO Code.src.training.classification_pipeline: Epoch 4/30
2026-08-12 19:41:53,637 INFO Code.src.training.classification_pipeline: Epoch 4: train loss 0.4969, val loss 0.5120, val accuracy 0.7303
2026-08-12 19:41:53,638 INFO Code.src.training.classification_pipeline: Epoch 5/30
2026-08-12 19:42:02,871 INFO Code.src.training.classification_pipeline: Epoch 5: train loss 0.4817, val loss 0.5116, val accuracy 0.7312
2026-08-12 19:42:02,871 INFO Code.src.training.classification_pipeline: Epoch 6/30
2026-08-12 19:42:12,293 INFO Code.src.training.classification_pipeline: Epoch 6: train loss 0.4665, val loss 0.5087, val accuracy 0.7358
2026-08-12 19:42:12,293 INFO Code.src.training.classification_pipeline: Epoch 7/30
2026-08-12 19:42:21,429 INFO Code.src.training.classification_pipeline: Epoch 7: train loss 0.4512, val loss 0.5116, val accuracy 0.7335
2026-08-12 19:42:21,429 INFO Code.src.training.classification_pipeline: Epoch 8/30
2026-08-12 19:42:30,551 INFO Code.src.training.classification_pipeline: Epoch 8: train loss 0.4382, val loss 0.5121, val accuracy 0.7326
2026-08-12 19:42:30,552 INFO Code.src.training.classification_pipeline: Epoch 9/30
2026-08-12 19:42:40,277 INFO Code.src.training.classification_pipeline: Epoch 9: train loss 0.4264, val loss 0.5180, val accuracy 0.7263
2026-08-12 19:42:40,277 INFO Code.src.training.classification_pipeline: Epoch 10/30
2026-08-12 19:42:49,419 INFO Code.src.training.classification_pipeline: Epoch 10: train loss 0.4147, val loss 0.5195, val accuracy 0.7335
2026-08-12 19:42:49,420 INFO Code.src.training.classification_pipeline: Epoch 11/30
2026-08-12 19:42:58,588 INFO Code.src.training.classification_pipeline: Epoch 11: train loss 0.4030, val loss 0.5277, val accuracy 0.7269
2026-08-12 19:42:58,588 INFO Code.src.training.classification_pipeline: Early stopping at epoch 11.
2026-08-12 19:42:58,736 INFO Code.src.training.classification_pipeline: Test Loss: 0.5627 | Test Acc: 0.7019 | Test F1 (Macro): 0.6989
