2026-08-12 19:53:46,140 INFO Code.src.utils.embedding_cache: Saved frozen embeddings: /home/ubuntu/research/protein-sequence-augmentation/data/processed/embeddings/solubility/random_autoencoder/seed_44/train_3eb14f131b2ebc75.pt
2026-08-12 19:54:04,809 INFO Code.src.utils.embedding_cache: Saved frozen embeddings: /home/ubuntu/research/protein-sequence-augmentation/data/processed/embeddings/solubility/random_autoencoder/seed_44/valid_057c66fab81aad81.pt
2026-08-12 19:54:13,068 INFO Code.src.utils.embedding_cache: Saved frozen embeddings: /home/ubuntu/research/protein-sequence-augmentation/data/processed/embeddings/solubility/random_autoencoder/seed_44/test_ac6dd3a3ac4a833d.pt
2026-08-12 19:54:13,250 INFO Code.src.training.classification_pipeline: Epoch 1/30
2026-08-12 19:54:21,191 INFO Code.src.training.classification_pipeline: Epoch 1: train loss 0.6790, val loss 0.6775, val accuracy 0.5827
2026-08-12 19:54:21,192 INFO Code.src.training.classification_pipeline: Epoch 2/30
2026-08-12 19:54:29,129 INFO Code.src.training.classification_pipeline: Epoch 2: train loss 0.6770, val loss 0.6761, val accuracy 0.5827
2026-08-12 19:54:29,129 INFO Code.src.training.classification_pipeline: Epoch 3/30
2026-08-12 19:54:37,074 INFO Code.src.training.classification_pipeline: Epoch 3: train loss 0.6756, val loss 0.6743, val accuracy 0.5827
2026-08-12 19:54:37,074 INFO Code.src.training.classification_pipeline: Epoch 4/30
2026-08-12 19:54:45,137 INFO Code.src.training.classification_pipeline: Epoch 4: train loss 0.6742, val loss 0.6731, val accuracy 0.5827
2026-08-12 19:54:45,138 INFO Code.src.training.classification_pipeline: Epoch 5/30
2026-08-12 19:54:53,079 INFO Code.src.training.classification_pipeline: Epoch 5: train loss 0.6731, val loss 0.6720, val accuracy 0.5837
2026-08-12 19:54:53,079 INFO Code.src.training.classification_pipeline: Epoch 6/30
2026-08-12 19:55:01,147 INFO Code.src.training.classification_pipeline: Epoch 6: train loss 0.6720, val loss 0.6703, val accuracy 0.5835
2026-08-12 19:55:01,147 INFO Code.src.training.classification_pipeline: Epoch 7/30
2026-08-12 19:55:09,188 INFO Code.src.training.classification_pipeline: Epoch 7: train loss 0.6710, val loss 0.6692, val accuracy 0.5851
2026-08-12 19:55:09,188 INFO Code.src.training.classification_pipeline: Epoch 8/30
2026-08-12 19:55:17,148 INFO Code.src.training.classification_pipeline: Epoch 8: train loss 0.6700, val loss 0.6683, val accuracy 0.5864
2026-08-12 19:55:17,148 INFO Code.src.training.classification_pipeline: Epoch 9/30
2026-08-12 19:55:25,124 INFO Code.src.training.classification_pipeline: Epoch 9: train loss 0.6692, val loss 0.6673, val accuracy 0.5860
2026-08-12 19:55:25,124 INFO Code.src.training.classification_pipeline: Epoch 10/30
2026-08-12 19:55:33,107 INFO Code.src.training.classification_pipeline: Epoch 10: train loss 0.6684, val loss 0.6667, val accuracy 0.5923
2026-08-12 19:55:33,107 INFO Code.src.training.classification_pipeline: Epoch 11/30
2026-08-12 19:55:41,073 INFO Code.src.training.classification_pipeline: Epoch 11: train loss 0.6677, val loss 0.6657, val accuracy 0.5892
2026-08-12 19:55:41,073 INFO Code.src.training.classification_pipeline: Epoch 12/30
2026-08-12 19:55:49,294 INFO Code.src.training.classification_pipeline: Epoch 12: train loss 0.6671, val loss 0.6652, val accuracy 0.5886
2026-08-12 19:55:49,294 INFO Code.src.training.classification_pipeline: Epoch 13/30
2026-08-12 19:55:57,706 INFO Code.src.training.classification_pipeline: Epoch 13: train loss 0.6664, val loss 0.6642, val accuracy 0.5913
2026-08-12 19:55:57,706 INFO Code.src.training.classification_pipeline: Epoch 14/30
2026-08-12 19:56:05,648 INFO Code.src.training.classification_pipeline: Epoch 14: train loss 0.6659, val loss 0.6636, val accuracy 0.5918
2026-08-12 19:56:05,648 INFO Code.src.training.classification_pipeline: Epoch 15/30
2026-08-12 19:56:13,711 INFO Code.src.training.classification_pipeline: Epoch 15: train loss 0.6654, val loss 0.6629, val accuracy 0.6003
2026-08-12 19:56:13,711 INFO Code.src.training.classification_pipeline: Epoch 16/30
2026-08-12 19:56:21,693 INFO Code.src.training.classification_pipeline: Epoch 16: train loss 0.6649, val loss 0.6623, val accuracy 0.6018
2026-08-12 19:56:21,693 INFO Code.src.training.classification_pipeline: Epoch 17/30
2026-08-12 19:56:29,592 INFO Code.src.training.classification_pipeline: Epoch 17: train loss 0.6644, val loss 0.6620, val accuracy 0.6075
2026-08-12 19:56:29,592 INFO Code.src.training.classification_pipeline: Epoch 18/30
2026-08-12 19:56:37,506 INFO Code.src.training.classification_pipeline: Epoch 18: train loss 0.6640, val loss 0.6613, val accuracy 0.6023
2026-08-12 19:56:37,506 INFO Code.src.training.classification_pipeline: Epoch 19/30
2026-08-12 19:56:45,434 INFO Code.src.training.classification_pipeline: Epoch 19: train loss 0.6635, val loss 0.6608, val accuracy 0.6056
2026-08-12 19:56:45,434 INFO Code.src.training.classification_pipeline: Epoch 20/30
2026-08-12 19:56:53,393 INFO Code.src.training.classification_pipeline: Epoch 20: train loss 0.6632, val loss 0.6603, val accuracy 0.6066
2026-08-12 19:56:53,393 INFO Code.src.training.classification_pipeline: Epoch 21/30
2026-08-12 19:57:01,341 INFO Code.src.training.classification_pipeline: Epoch 21: train loss 0.6628, val loss 0.6609, val accuracy 0.5980
2026-08-12 19:57:01,341 INFO Code.src.training.classification_pipeline: Epoch 22/30
2026-08-12 19:57:09,321 INFO Code.src.training.classification_pipeline: Epoch 22: train loss 0.6624, val loss 0.6601, val accuracy 0.6155
2026-08-12 19:57:09,321 INFO Code.src.training.classification_pipeline: Epoch 23/30
2026-08-12 19:57:17,244 INFO Code.src.training.classification_pipeline: Epoch 23: train loss 0.6621, val loss 0.6591, val accuracy 0.6088
2026-08-12 19:57:17,245 INFO Code.src.training.classification_pipeline: Epoch 24/30
2026-08-12 19:57:25,227 INFO Code.src.training.classification_pipeline: Epoch 24: train loss 0.6618, val loss 0.6593, val accuracy 0.6147
2026-08-12 19:57:25,227 INFO Code.src.training.classification_pipeline: Epoch 25/30
2026-08-12 19:57:33,405 INFO Code.src.training.classification_pipeline: Epoch 25: train loss 0.6615, val loss 0.6585, val accuracy 0.6092
2026-08-12 19:57:33,405 INFO Code.src.training.classification_pipeline: Epoch 26/30
2026-08-12 19:57:41,568 INFO Code.src.training.classification_pipeline: Epoch 26: train loss 0.6612, val loss 0.6582, val accuracy 0.6096
2026-08-12 19:57:41,568 INFO Code.src.training.classification_pipeline: Epoch 27/30
2026-08-12 19:57:49,732 INFO Code.src.training.classification_pipeline: Epoch 27: train loss 0.6610, val loss 0.6579, val accuracy 0.6154
2026-08-12 19:57:49,732 INFO Code.src.training.classification_pipeline: Epoch 28/30
2026-08-12 19:57:57,876 INFO Code.src.training.classification_pipeline: Epoch 28: train loss 0.6607, val loss 0.6578, val accuracy 0.6095
2026-08-12 19:57:57,876 INFO Code.src.training.classification_pipeline: Epoch 29/30
2026-08-12 19:58:06,106 INFO Code.src.training.classification_pipeline: Epoch 29: train loss 0.6606, val loss 0.6572, val accuracy 0.6162
2026-08-12 19:58:06,106 INFO Code.src.training.classification_pipeline: Epoch 30/30
2026-08-12 19:58:14,086 INFO Code.src.training.classification_pipeline: Epoch 30: train loss 0.6602, val loss 0.6575, val accuracy 0.6085
2026-08-12 19:58:14,236 INFO Code.src.training.classification_pipeline: Test Loss: 0.6877 | Test Acc: 0.5348 | Test F1 (Macro): 0.4593
