2026-08-12 19:35:55,195 INFO Code.src.utils.embedding_cache: Using cached frozen embeddings: /home/ubuntu/research/protein-sequence-augmentation/data/processed/embeddings/solubility/trained_autoencoder/shared/train_87d0b6aef732c97d.pt
2026-08-12 19:35:55,236 INFO Code.src.utils.embedding_cache: Using cached frozen embeddings: /home/ubuntu/research/protein-sequence-augmentation/data/processed/embeddings/solubility/trained_autoencoder/shared/valid_172e0293e17769b2.pt
2026-08-12 19:35:55,247 INFO Code.src.utils.embedding_cache: Using cached frozen embeddings: /home/ubuntu/research/protein-sequence-augmentation/data/processed/embeddings/solubility/trained_autoencoder/shared/test_780dc53be0daff1d.pt
2026-08-12 19:35:55,335 INFO Code.src.training.classification_pipeline: Epoch 1/30
2026-08-12 19:36:04,493 INFO Code.src.training.classification_pipeline: Epoch 1: train loss 0.6293, val loss 0.6034, val accuracy 0.6474
2026-08-12 19:36:04,493 INFO Code.src.training.classification_pipeline: Epoch 2/30
2026-08-12 19:36:13,650 INFO Code.src.training.classification_pipeline: Epoch 2: train loss 0.5931, val loss 0.5829, val accuracy 0.6664
2026-08-12 19:36:13,650 INFO Code.src.training.classification_pipeline: Epoch 3/30
2026-08-12 19:36:22,813 INFO Code.src.training.classification_pipeline: Epoch 3: train loss 0.5710, val loss 0.5652, val accuracy 0.6834
2026-08-12 19:36:22,813 INFO Code.src.training.classification_pipeline: Epoch 4/30
2026-08-12 19:36:31,976 INFO Code.src.training.classification_pipeline: Epoch 4: train loss 0.5526, val loss 0.5533, val accuracy 0.6986
2026-08-12 19:36:31,976 INFO Code.src.training.classification_pipeline: Epoch 5/30
2026-08-12 19:36:41,153 INFO Code.src.training.classification_pipeline: Epoch 5: train loss 0.5380, val loss 0.5477, val accuracy 0.7011
2026-08-12 19:36:41,153 INFO Code.src.training.classification_pipeline: Epoch 6/30
2026-08-12 19:36:50,627 INFO Code.src.training.classification_pipeline: Epoch 6: train loss 0.5264, val loss 0.5435, val accuracy 0.7056
2026-08-12 19:36:50,627 INFO Code.src.training.classification_pipeline: Epoch 7/30
2026-08-12 19:36:59,870 INFO Code.src.training.classification_pipeline: Epoch 7: train loss 0.5163, val loss 0.5400, val accuracy 0.7092
2026-08-12 19:36:59,870 INFO Code.src.training.classification_pipeline: Epoch 8/30
2026-08-12 19:37:09,134 INFO Code.src.training.classification_pipeline: Epoch 8: train loss 0.5064, val loss 0.5396, val accuracy 0.7109
2026-08-12 19:37:09,134 INFO Code.src.training.classification_pipeline: Epoch 9/30
2026-08-12 19:37:18,445 INFO Code.src.training.classification_pipeline: Epoch 9: train loss 0.4973, val loss 0.5397, val accuracy 0.7069
2026-08-12 19:37:18,445 INFO Code.src.training.classification_pipeline: Epoch 10/30
2026-08-12 19:37:27,704 INFO Code.src.training.classification_pipeline: Epoch 10: train loss 0.4890, val loss 0.5390, val accuracy 0.7087
2026-08-12 19:37:27,704 INFO Code.src.training.classification_pipeline: Epoch 11/30
2026-08-12 19:37:36,967 INFO Code.src.training.classification_pipeline: Epoch 11: train loss 0.4801, val loss 0.5392, val accuracy 0.7106
2026-08-12 19:37:36,967 INFO Code.src.training.classification_pipeline: Epoch 12/30
2026-08-12 19:37:46,251 INFO Code.src.training.classification_pipeline: Epoch 12: train loss 0.4695, val loss 0.5417, val accuracy 0.7092
2026-08-12 19:37:46,252 INFO Code.src.training.classification_pipeline: Epoch 13/30
2026-08-12 19:37:55,467 INFO Code.src.training.classification_pipeline: Epoch 13: train loss 0.4623, val loss 0.5384, val accuracy 0.7132
2026-08-12 19:37:55,467 INFO Code.src.training.classification_pipeline: Epoch 14/30
2026-08-12 19:38:04,590 INFO Code.src.training.classification_pipeline: Epoch 14: train loss 0.4538, val loss 0.5412, val accuracy 0.7109
2026-08-12 19:38:04,590 INFO Code.src.training.classification_pipeline: Epoch 15/30
2026-08-12 19:38:13,715 INFO Code.src.training.classification_pipeline: Epoch 15: train loss 0.4451, val loss 0.5463, val accuracy 0.7066
2026-08-12 19:38:13,715 INFO Code.src.training.classification_pipeline: Epoch 16/30
2026-08-12 19:38:23,003 INFO Code.src.training.classification_pipeline: Epoch 16: train loss 0.4375, val loss 0.5466, val accuracy 0.7090
2026-08-12 19:38:23,003 INFO Code.src.training.classification_pipeline: Epoch 17/30
2026-08-12 19:38:32,292 INFO Code.src.training.classification_pipeline: Epoch 17: train loss 0.4287, val loss 0.5511, val accuracy 0.7099
2026-08-12 19:38:32,292 INFO Code.src.training.classification_pipeline: Epoch 18/30
2026-08-12 19:38:41,454 INFO Code.src.training.classification_pipeline: Epoch 18: train loss 0.4221, val loss 0.5565, val accuracy 0.7090
2026-08-12 19:38:41,454 INFO Code.src.training.classification_pipeline: Early stopping at epoch 18.
2026-08-12 19:38:41,603 INFO Code.src.training.classification_pipeline: Test Loss: 0.6021 | Test Acc: 0.6763 | Test F1 (Macro): 0.6724
