2026-07-25 17:17:17,129 INFO __main__: Using cached frozen embeddings: /home/ubuntu/research/protein-sequence-augmentation/data/processed/embeddings/solubility/trained_autoencoder+esm2/shared/train_8244284d419f1dea.pt
2026-07-25 17:17:17,168 INFO __main__: Using cached frozen embeddings: /home/ubuntu/research/protein-sequence-augmentation/data/processed/embeddings/solubility/trained_autoencoder+esm2/shared/valid_e1c6419d18e74b81.pt
2026-07-25 17:17:17,179 INFO Code.src.training.classification_pipeline: Epoch 1/30
2026-07-25 17:18:03,381 INFO Code.src.training.classification_pipeline: Epoch 1: train loss 0.5688, val loss 0.5396, val accuracy 0.7132
2026-07-25 17:18:03,381 INFO Code.src.training.classification_pipeline: Epoch 2/30
2026-07-25 17:19:02,618 INFO Code.src.training.classification_pipeline: Epoch 2: train loss 0.5205, val loss 0.5170, val accuracy 0.7337
2026-07-25 17:19:02,618 INFO Code.src.training.classification_pipeline: Epoch 3/30
2026-07-25 17:20:01,718 INFO Code.src.training.classification_pipeline: Epoch 3: train loss 0.4908, val loss 0.5063, val accuracy 0.7396
2026-07-25 17:20:01,718 INFO Code.src.training.classification_pipeline: Epoch 4/30
2026-07-25 17:20:48,625 INFO Code.src.training.classification_pipeline: Epoch 4: train loss 0.4690, val loss 0.5022, val accuracy 0.7466
2026-07-25 17:20:48,625 INFO Code.src.training.classification_pipeline: Epoch 5/30
2026-07-25 17:21:47,780 INFO Code.src.training.classification_pipeline: Epoch 5: train loss 0.4506, val loss 0.5021, val accuracy 0.7434
2026-07-25 17:21:47,780 INFO Code.src.training.classification_pipeline: Epoch 6/30
2026-07-25 17:22:47,024 INFO Code.src.training.classification_pipeline: Epoch 6: train loss 0.4351, val loss 0.5042, val accuracy 0.7424
2026-07-25 17:22:47,024 INFO Code.src.training.classification_pipeline: Epoch 7/30
2026-07-25 17:23:36,271 INFO Code.src.training.classification_pipeline: Epoch 7: train loss 0.4196, val loss 0.5044, val accuracy 0.7506
2026-07-25 17:23:36,271 INFO Code.src.training.classification_pipeline: Epoch 8/30
2026-07-25 17:24:35,292 INFO Code.src.training.classification_pipeline: Epoch 8: train loss 0.4039, val loss 0.5171, val accuracy 0.7512
2026-07-25 17:24:35,292 INFO Code.src.training.classification_pipeline: Epoch 9/30
2026-07-25 17:25:34,506 INFO Code.src.training.classification_pipeline: Epoch 9: train loss 0.3900, val loss 0.5231, val accuracy 0.7416
2026-07-25 17:25:34,506 INFO Code.src.training.classification_pipeline: Epoch 10/30
2026-07-25 17:26:23,615 INFO Code.src.training.classification_pipeline: Epoch 10: train loss 0.3763, val loss 0.5324, val accuracy 0.7377
2026-07-25 17:26:23,616 INFO Code.src.training.classification_pipeline: Early stopping at epoch 10.
