2026-08-12 19:31:48,602 INFO Code.src.utils.embedding_cache: Using cached frozen embeddings: /home/ubuntu/research/protein-sequence-augmentation/data/processed/embeddings/solubility/trained_autoencoder/shared/train_87d0b6aef732c97d.pt
2026-08-12 19:31:48,685 INFO Code.src.utils.embedding_cache: Using cached frozen embeddings: /home/ubuntu/research/protein-sequence-augmentation/data/processed/embeddings/solubility/trained_autoencoder/shared/valid_172e0293e17769b2.pt
2026-08-12 19:31:48,711 INFO Code.src.utils.embedding_cache: Using cached frozen embeddings: /home/ubuntu/research/protein-sequence-augmentation/data/processed/embeddings/solubility/trained_autoencoder/shared/test_780dc53be0daff1d.pt
2026-08-12 19:31:48,798 INFO Code.src.training.classification_pipeline: Epoch 1/30
2026-08-12 19:31:56,936 INFO Code.src.training.classification_pipeline: Epoch 1: train loss 0.6522, val loss 0.6360, val accuracy 0.6207
2026-08-12 19:31:56,936 INFO Code.src.training.classification_pipeline: Epoch 2/30
2026-08-12 19:32:05,049 INFO Code.src.training.classification_pipeline: Epoch 2: train loss 0.6301, val loss 0.6249, val accuracy 0.6328
2026-08-12 19:32:05,049 INFO Code.src.training.classification_pipeline: Epoch 3/30
2026-08-12 19:32:13,235 INFO Code.src.training.classification_pipeline: Epoch 3: train loss 0.6229, val loss 0.6197, val accuracy 0.6370
2026-08-12 19:32:13,235 INFO Code.src.training.classification_pipeline: Epoch 4/30
2026-08-12 19:32:21,577 INFO Code.src.training.classification_pipeline: Epoch 4: train loss 0.6188, val loss 0.6164, val accuracy 0.6379
2026-08-12 19:32:21,577 INFO Code.src.training.classification_pipeline: Epoch 5/30
2026-08-12 19:32:29,843 INFO Code.src.training.classification_pipeline: Epoch 5: train loss 0.6161, val loss 0.6144, val accuracy 0.6410
2026-08-12 19:32:29,843 INFO Code.src.training.classification_pipeline: Epoch 6/30
2026-08-12 19:32:38,070 INFO Code.src.training.classification_pipeline: Epoch 6: train loss 0.6143, val loss 0.6128, val accuracy 0.6436
2026-08-12 19:32:38,070 INFO Code.src.training.classification_pipeline: Epoch 7/30
2026-08-12 19:32:46,130 INFO Code.src.training.classification_pipeline: Epoch 7: train loss 0.6129, val loss 0.6116, val accuracy 0.6428
2026-08-12 19:32:46,130 INFO Code.src.training.classification_pipeline: Epoch 8/30
2026-08-12 19:32:54,317 INFO Code.src.training.classification_pipeline: Epoch 8: train loss 0.6117, val loss 0.6108, val accuracy 0.6441
2026-08-12 19:32:54,317 INFO Code.src.training.classification_pipeline: Epoch 9/30
2026-08-12 19:33:02,544 INFO Code.src.training.classification_pipeline: Epoch 9: train loss 0.6109, val loss 0.6101, val accuracy 0.6456
2026-08-12 19:33:02,544 INFO Code.src.training.classification_pipeline: Epoch 10/30
2026-08-12 19:33:10,874 INFO Code.src.training.classification_pipeline: Epoch 10: train loss 0.6102, val loss 0.6090, val accuracy 0.6491
2026-08-12 19:33:10,874 INFO Code.src.training.classification_pipeline: Epoch 11/30
2026-08-12 19:33:19,108 INFO Code.src.training.classification_pipeline: Epoch 11: train loss 0.6096, val loss 0.6087, val accuracy 0.6488
2026-08-12 19:33:19,108 INFO Code.src.training.classification_pipeline: Epoch 12/30
2026-08-12 19:33:27,263 INFO Code.src.training.classification_pipeline: Epoch 12: train loss 0.6091, val loss 0.6086, val accuracy 0.6469
2026-08-12 19:33:27,263 INFO Code.src.training.classification_pipeline: Epoch 13/30
2026-08-12 19:33:35,517 INFO Code.src.training.classification_pipeline: Epoch 13: train loss 0.6087, val loss 0.6077, val accuracy 0.6487
2026-08-12 19:33:35,517 INFO Code.src.training.classification_pipeline: Epoch 14/30
2026-08-12 19:33:43,960 INFO Code.src.training.classification_pipeline: Epoch 14: train loss 0.6083, val loss 0.6074, val accuracy 0.6507
2026-08-12 19:33:43,960 INFO Code.src.training.classification_pipeline: Epoch 15/30
2026-08-12 19:33:52,661 INFO Code.src.training.classification_pipeline: Epoch 15: train loss 0.6080, val loss 0.6071, val accuracy 0.6487
2026-08-12 19:33:52,661 INFO Code.src.training.classification_pipeline: Epoch 16/30
2026-08-12 19:34:00,892 INFO Code.src.training.classification_pipeline: Epoch 16: train loss 0.6077, val loss 0.6071, val accuracy 0.6485
2026-08-12 19:34:00,892 INFO Code.src.training.classification_pipeline: Epoch 17/30
2026-08-12 19:34:08,950 INFO Code.src.training.classification_pipeline: Epoch 17: train loss 0.6074, val loss 0.6070, val accuracy 0.6517
2026-08-12 19:34:08,950 INFO Code.src.training.classification_pipeline: Epoch 18/30
2026-08-12 19:34:17,484 INFO Code.src.training.classification_pipeline: Epoch 18: train loss 0.6072, val loss 0.6066, val accuracy 0.6510
2026-08-12 19:34:17,484 INFO Code.src.training.classification_pipeline: Epoch 19/30
2026-08-12 19:34:25,555 INFO Code.src.training.classification_pipeline: Epoch 19: train loss 0.6070, val loss 0.6067, val accuracy 0.6508
2026-08-12 19:34:25,555 INFO Code.src.training.classification_pipeline: Epoch 20/30
2026-08-12 19:34:33,646 INFO Code.src.training.classification_pipeline: Epoch 20: train loss 0.6069, val loss 0.6065, val accuracy 0.6504
2026-08-12 19:34:33,646 INFO Code.src.training.classification_pipeline: Epoch 21/30
2026-08-12 19:34:41,736 INFO Code.src.training.classification_pipeline: Epoch 21: train loss 0.6067, val loss 0.6061, val accuracy 0.6514
2026-08-12 19:34:41,736 INFO Code.src.training.classification_pipeline: Epoch 22/30
2026-08-12 19:34:49,804 INFO Code.src.training.classification_pipeline: Epoch 22: train loss 0.6065, val loss 0.6066, val accuracy 0.6518
2026-08-12 19:34:49,804 INFO Code.src.training.classification_pipeline: Epoch 23/30
2026-08-12 19:34:57,859 INFO Code.src.training.classification_pipeline: Epoch 23: train loss 0.6064, val loss 0.6065, val accuracy 0.6538
2026-08-12 19:34:57,859 INFO Code.src.training.classification_pipeline: Epoch 24/30
2026-08-12 19:35:06,065 INFO Code.src.training.classification_pipeline: Epoch 24: train loss 0.6062, val loss 0.6057, val accuracy 0.6515
2026-08-12 19:35:06,065 INFO Code.src.training.classification_pipeline: Epoch 25/30
2026-08-12 19:35:14,153 INFO Code.src.training.classification_pipeline: Epoch 25: train loss 0.6061, val loss 0.6057, val accuracy 0.6524
2026-08-12 19:35:14,153 INFO Code.src.training.classification_pipeline: Epoch 26/30
2026-08-12 19:35:22,232 INFO Code.src.training.classification_pipeline: Epoch 26: train loss 0.6060, val loss 0.6060, val accuracy 0.6508
2026-08-12 19:35:22,232 INFO Code.src.training.classification_pipeline: Epoch 27/30
2026-08-12 19:35:30,329 INFO Code.src.training.classification_pipeline: Epoch 27: train loss 0.6058, val loss 0.6061, val accuracy 0.6551
2026-08-12 19:35:30,329 INFO Code.src.training.classification_pipeline: Epoch 28/30
2026-08-12 19:35:38,401 INFO Code.src.training.classification_pipeline: Epoch 28: train loss 0.6057, val loss 0.6054, val accuracy 0.6541
2026-08-12 19:35:38,401 INFO Code.src.training.classification_pipeline: Epoch 29/30
2026-08-12 19:35:46,491 INFO Code.src.training.classification_pipeline: Epoch 29: train loss 0.6056, val loss 0.6054, val accuracy 0.6523
2026-08-12 19:35:46,491 INFO Code.src.training.classification_pipeline: Epoch 30/30
2026-08-12 19:35:54,572 INFO Code.src.training.classification_pipeline: Epoch 30: train loss 0.6055, val loss 0.6052, val accuracy 0.6553
2026-08-12 19:35:54,714 INFO Code.src.training.classification_pipeline: Test Loss: 0.6406 | Test Acc: 0.6218 | Test F1 (Macro): 0.6056
