2026-08-15 06:41:14,910 INFO Code.src.utils.embedding_cache: Using cached frozen embeddings: /home/ubuntu/protein-sequence-augmentation/data/processed/embeddings/solubility/trained_autoencoder+esm2/shared/train_3a70c42e2bd26da7.pt
2026-08-15 06:41:14,952 INFO Code.src.utils.embedding_cache: Using cached frozen embeddings: /home/ubuntu/protein-sequence-augmentation/data/processed/embeddings/solubility/trained_autoencoder+esm2/shared/valid_ee1b933f54bbe2fc.pt
2026-08-15 06:41:14,965 INFO Code.src.utils.embedding_cache: Using cached frozen embeddings: /home/ubuntu/protein-sequence-augmentation/data/processed/embeddings/solubility/trained_autoencoder+esm2/shared/test_ecffdcd859dd4e77.pt
2026-08-15 06:41:15,173 INFO Code.src.training.classification_pipeline: Epoch 1/30
2026-08-15 06:41:23,739 INFO Code.src.training.classification_pipeline: Epoch 1: train loss 0.5916, val loss 0.5645, val accuracy 0.6923
2026-08-15 06:41:23,739 INFO Code.src.training.classification_pipeline: Epoch 2/30
2026-08-15 06:41:32,303 INFO Code.src.training.classification_pipeline: Epoch 2: train loss 0.5595, val loss 0.5563, val accuracy 0.7018
2026-08-15 06:41:32,303 INFO Code.src.training.classification_pipeline: Epoch 3/30
2026-08-15 06:41:40,868 INFO Code.src.training.classification_pipeline: Epoch 3: train loss 0.5525, val loss 0.5493, val accuracy 0.7087
2026-08-15 06:41:40,868 INFO Code.src.training.classification_pipeline: Epoch 4/30
2026-08-15 06:41:49,637 INFO Code.src.training.classification_pipeline: Epoch 4: train loss 0.5491, val loss 0.5480, val accuracy 0.7096
2026-08-15 06:41:49,637 INFO Code.src.training.classification_pipeline: Epoch 5/30
2026-08-15 06:41:58,240 INFO Code.src.training.classification_pipeline: Epoch 5: train loss 0.5464, val loss 0.5471, val accuracy 0.7133
2026-08-15 06:41:58,240 INFO Code.src.training.classification_pipeline: Epoch 6/30
2026-08-15 06:42:06,863 INFO Code.src.training.classification_pipeline: Epoch 6: train loss 0.5451, val loss 0.5465, val accuracy 0.7122
2026-08-15 06:42:06,863 INFO Code.src.training.classification_pipeline: Epoch 7/30
2026-08-15 06:42:15,606 INFO Code.src.training.classification_pipeline: Epoch 7: train loss 0.5441, val loss 0.5438, val accuracy 0.7171
2026-08-15 06:42:15,607 INFO Code.src.training.classification_pipeline: Epoch 8/30
2026-08-15 06:42:24,457 INFO Code.src.training.classification_pipeline: Epoch 8: train loss 0.5428, val loss 0.5435, val accuracy 0.7162
2026-08-15 06:42:24,457 INFO Code.src.training.classification_pipeline: Epoch 9/30
2026-08-15 06:42:33,180 INFO Code.src.training.classification_pipeline: Epoch 9: train loss 0.5419, val loss 0.5435, val accuracy 0.7172
2026-08-15 06:42:33,180 INFO Code.src.training.classification_pipeline: Epoch 10/30
2026-08-15 06:42:41,892 INFO Code.src.training.classification_pipeline: Epoch 10: train loss 0.5411, val loss 0.5437, val accuracy 0.7133
2026-08-15 06:42:41,892 INFO Code.src.training.classification_pipeline: Epoch 11/30
2026-08-15 06:42:50,662 INFO Code.src.training.classification_pipeline: Epoch 11: train loss 0.5406, val loss 0.5428, val accuracy 0.7198
2026-08-15 06:42:50,662 INFO Code.src.training.classification_pipeline: Epoch 12/30
2026-08-15 06:42:59,450 INFO Code.src.training.classification_pipeline: Epoch 12: train loss 0.5399, val loss 0.5411, val accuracy 0.7204
2026-08-15 06:42:59,450 INFO Code.src.training.classification_pipeline: Epoch 13/30
2026-08-15 06:43:08,210 INFO Code.src.training.classification_pipeline: Epoch 13: train loss 0.5395, val loss 0.5395, val accuracy 0.7234
2026-08-15 06:43:08,210 INFO Code.src.training.classification_pipeline: Epoch 14/30
2026-08-15 06:43:16,919 INFO Code.src.training.classification_pipeline: Epoch 14: train loss 0.5389, val loss 0.5398, val accuracy 0.7200
2026-08-15 06:43:16,919 INFO Code.src.training.classification_pipeline: Epoch 15/30
2026-08-15 06:43:25,550 INFO Code.src.training.classification_pipeline: Epoch 15: train loss 0.5387, val loss 0.5408, val accuracy 0.7174
2026-08-15 06:43:25,550 INFO Code.src.training.classification_pipeline: Epoch 16/30
2026-08-15 06:43:34,248 INFO Code.src.training.classification_pipeline: Epoch 16: train loss 0.5381, val loss 0.5396, val accuracy 0.7214
2026-08-15 06:43:34,248 INFO Code.src.training.classification_pipeline: Epoch 17/30
2026-08-15 06:43:42,839 INFO Code.src.training.classification_pipeline: Epoch 17: train loss 0.5378, val loss 0.5400, val accuracy 0.7167
2026-08-15 06:43:42,839 INFO Code.src.training.classification_pipeline: Epoch 18/30
2026-08-15 06:43:51,519 INFO Code.src.training.classification_pipeline: Epoch 18: train loss 0.5373, val loss 0.5423, val accuracy 0.7167
2026-08-15 06:43:51,519 INFO Code.src.training.classification_pipeline: Early stopping at epoch 18.
2026-08-15 06:43:51,669 INFO Code.src.training.classification_pipeline: Test Loss: 0.5865 | Test Acc: 0.6908 | Test F1 (Macro): 0.6868
