2026-08-11 21:24:21,182 INFO Code.src.utils.embedding_cache: Saved frozen embeddings: /home/ubuntu/research/protein-sequence-augmentation/data/processed/embeddings/solubility/random_autoencoder/seed_42/train_652642273c135e15.pt
2026-08-11 21:24:39,972 INFO Code.src.utils.embedding_cache: Saved frozen embeddings: /home/ubuntu/research/protein-sequence-augmentation/data/processed/embeddings/solubility/random_autoencoder/seed_42/valid_b2ad3d4830d01bff.pt
2026-08-11 21:24:48,348 INFO Code.src.utils.embedding_cache: Saved frozen embeddings: /home/ubuntu/research/protein-sequence-augmentation/data/processed/embeddings/solubility/random_autoencoder/seed_42/test_0fa252c062e03a91.pt
2026-08-11 21:24:48,520 INFO Code.src.training.classification_pipeline: Epoch 1/30
2026-08-11 21:24:56,703 INFO Code.src.training.classification_pipeline: Epoch 1: train loss 0.6783, val loss 0.6768, val accuracy 0.5827
2026-08-11 21:24:56,703 INFO Code.src.training.classification_pipeline: Epoch 2/30
2026-08-11 21:25:04,773 INFO Code.src.training.classification_pipeline: Epoch 2: train loss 0.6763, val loss 0.6746, val accuracy 0.5827
2026-08-11 21:25:04,773 INFO Code.src.training.classification_pipeline: Epoch 3/30
2026-08-11 21:25:12,830 INFO Code.src.training.classification_pipeline: Epoch 3: train loss 0.6746, val loss 0.6729, val accuracy 0.5827
2026-08-11 21:25:12,831 INFO Code.src.training.classification_pipeline: Epoch 4/30
2026-08-11 21:25:20,975 INFO Code.src.training.classification_pipeline: Epoch 4: train loss 0.6731, val loss 0.6711, val accuracy 0.5833
2026-08-11 21:25:20,975 INFO Code.src.training.classification_pipeline: Epoch 5/30
2026-08-11 21:25:29,096 INFO Code.src.training.classification_pipeline: Epoch 5: train loss 0.6717, val loss 0.6697, val accuracy 0.5833
2026-08-11 21:25:29,096 INFO Code.src.training.classification_pipeline: Epoch 6/30
2026-08-11 21:25:37,190 INFO Code.src.training.classification_pipeline: Epoch 6: train loss 0.6705, val loss 0.6683, val accuracy 0.5848
2026-08-11 21:25:37,190 INFO Code.src.training.classification_pipeline: Epoch 7/30
2026-08-11 21:25:45,288 INFO Code.src.training.classification_pipeline: Epoch 7: train loss 0.6695, val loss 0.6671, val accuracy 0.5859
2026-08-11 21:25:45,288 INFO Code.src.training.classification_pipeline: Epoch 8/30
2026-08-11 21:25:53,643 INFO Code.src.training.classification_pipeline: Epoch 8: train loss 0.6685, val loss 0.6664, val accuracy 0.5857
2026-08-11 21:25:53,643 INFO Code.src.training.classification_pipeline: Epoch 9/30
2026-08-11 21:26:02,113 INFO Code.src.training.classification_pipeline: Epoch 9: train loss 0.6676, val loss 0.6656, val accuracy 0.5874
2026-08-11 21:26:02,113 INFO Code.src.training.classification_pipeline: Epoch 10/30
2026-08-11 21:26:10,202 INFO Code.src.training.classification_pipeline: Epoch 10: train loss 0.6669, val loss 0.6644, val accuracy 0.5906
2026-08-11 21:26:10,202 INFO Code.src.training.classification_pipeline: Epoch 11/30
2026-08-11 21:26:18,279 INFO Code.src.training.classification_pipeline: Epoch 11: train loss 0.6662, val loss 0.6633, val accuracy 0.5962
2026-08-11 21:26:18,279 INFO Code.src.training.classification_pipeline: Epoch 12/30
2026-08-11 21:26:26,361 INFO Code.src.training.classification_pipeline: Epoch 12: train loss 0.6656, val loss 0.6627, val accuracy 0.6020
2026-08-11 21:26:26,362 INFO Code.src.training.classification_pipeline: Epoch 13/30
2026-08-11 21:26:34,495 INFO Code.src.training.classification_pipeline: Epoch 13: train loss 0.6650, val loss 0.6618, val accuracy 0.5988
2026-08-11 21:26:34,495 INFO Code.src.training.classification_pipeline: Epoch 14/30
2026-08-11 21:26:42,672 INFO Code.src.training.classification_pipeline: Epoch 14: train loss 0.6644, val loss 0.6614, val accuracy 0.5985
2026-08-11 21:26:42,672 INFO Code.src.training.classification_pipeline: Epoch 15/30
2026-08-11 21:26:50,761 INFO Code.src.training.classification_pipeline: Epoch 15: train loss 0.6640, val loss 0.6609, val accuracy 0.6070
2026-08-11 21:26:50,761 INFO Code.src.training.classification_pipeline: Epoch 16/30
2026-08-11 21:26:58,835 INFO Code.src.training.classification_pipeline: Epoch 16: train loss 0.6635, val loss 0.6603, val accuracy 0.6080
2026-08-11 21:26:58,835 INFO Code.src.training.classification_pipeline: Epoch 17/30
2026-08-11 21:27:06,820 INFO Code.src.training.classification_pipeline: Epoch 17: train loss 0.6631, val loss 0.6597, val accuracy 0.6021
2026-08-11 21:27:06,820 INFO Code.src.training.classification_pipeline: Epoch 18/30
2026-08-11 21:27:14,833 INFO Code.src.training.classification_pipeline: Epoch 18: train loss 0.6628, val loss 0.6592, val accuracy 0.6093
2026-08-11 21:27:14,833 INFO Code.src.training.classification_pipeline: Epoch 19/30
2026-08-11 21:27:22,851 INFO Code.src.training.classification_pipeline: Epoch 19: train loss 0.6624, val loss 0.6588, val accuracy 0.6049
2026-08-11 21:27:22,851 INFO Code.src.training.classification_pipeline: Epoch 20/30
2026-08-11 21:27:30,883 INFO Code.src.training.classification_pipeline: Epoch 20: train loss 0.6620, val loss 0.6587, val accuracy 0.6160
2026-08-11 21:27:30,884 INFO Code.src.training.classification_pipeline: Epoch 21/30
2026-08-11 21:27:38,886 INFO Code.src.training.classification_pipeline: Epoch 21: train loss 0.6617, val loss 0.6579, val accuracy 0.6124
2026-08-11 21:27:38,886 INFO Code.src.training.classification_pipeline: Epoch 22/30
2026-08-11 21:27:46,909 INFO Code.src.training.classification_pipeline: Epoch 22: train loss 0.6615, val loss 0.6575, val accuracy 0.6102
2026-08-11 21:27:46,909 INFO Code.src.training.classification_pipeline: Epoch 23/30
2026-08-11 21:27:55,002 INFO Code.src.training.classification_pipeline: Epoch 23: train loss 0.6611, val loss 0.6572, val accuracy 0.6106
2026-08-11 21:27:55,002 INFO Code.src.training.classification_pipeline: Epoch 24/30
2026-08-11 21:28:03,088 INFO Code.src.training.classification_pipeline: Epoch 24: train loss 0.6609, val loss 0.6568, val accuracy 0.6147
2026-08-11 21:28:03,088 INFO Code.src.training.classification_pipeline: Epoch 25/30
2026-08-11 21:28:11,203 INFO Code.src.training.classification_pipeline: Epoch 25: train loss 0.6607, val loss 0.6565, val accuracy 0.6138
2026-08-11 21:28:11,203 INFO Code.src.training.classification_pipeline: Epoch 26/30
2026-08-11 21:28:19,310 INFO Code.src.training.classification_pipeline: Epoch 26: train loss 0.6604, val loss 0.6562, val accuracy 0.6150
2026-08-11 21:28:19,310 INFO Code.src.training.classification_pipeline: Epoch 27/30
2026-08-11 21:28:27,335 INFO Code.src.training.classification_pipeline: Epoch 27: train loss 0.6603, val loss 0.6560, val accuracy 0.6160
2026-08-11 21:28:27,335 INFO Code.src.training.classification_pipeline: Epoch 28/30
2026-08-11 21:28:35,375 INFO Code.src.training.classification_pipeline: Epoch 28: train loss 0.6601, val loss 0.6558, val accuracy 0.6137
2026-08-11 21:28:35,375 INFO Code.src.training.classification_pipeline: Epoch 29/30
2026-08-11 21:28:43,436 INFO Code.src.training.classification_pipeline: Epoch 29: train loss 0.6598, val loss 0.6555, val accuracy 0.6151
2026-08-11 21:28:43,436 INFO Code.src.training.classification_pipeline: Epoch 30/30
2026-08-11 21:28:51,468 INFO Code.src.training.classification_pipeline: Epoch 30: train loss 0.6596, val loss 0.6552, val accuracy 0.6151
2026-08-11 21:28:51,609 INFO Code.src.training.classification_pipeline: Test Loss: 0.6894 | Test Acc: 0.5368 | Test F1 (Macro): 0.4653
