2026-08-05 01:44:24,848 INFO Code.src.training.classification_pipeline: Unfreezing the autoencoder encoding path.
2026-08-05 01:44:24,849 INFO Code.src.training.classification_pipeline: Epoch 1/30
2026-08-05 01:50:23,084 INFO Code.src.training.classification_pipeline: Epoch 1: train loss 0.5589, val loss 0.5189, val accuracy 0.7293
2026-08-05 01:50:23,084 INFO Code.src.training.classification_pipeline: Epoch 2/30
2026-08-05 01:56:20,624 INFO Code.src.training.classification_pipeline: Epoch 2: train loss 0.5191, val loss 0.5157, val accuracy 0.7158
2026-08-05 01:56:20,624 INFO Code.src.training.classification_pipeline: Epoch 3/30
2026-08-05 02:02:16,713 INFO Code.src.training.classification_pipeline: Epoch 3: train loss 0.5071, val loss 0.5048, val accuracy 0.7262
2026-08-05 02:02:16,713 INFO Code.src.training.classification_pipeline: Epoch 4/30
2026-08-05 02:08:13,641 INFO Code.src.training.classification_pipeline: Epoch 4: train loss 0.4959, val loss 0.4978, val accuracy 0.7439
2026-08-05 02:08:13,642 INFO Code.src.training.classification_pipeline: Epoch 5/30
2026-08-05 02:14:09,233 INFO Code.src.training.classification_pipeline: Epoch 5: train loss 0.4812, val loss 0.5042, val accuracy 0.7404
2026-08-05 02:14:09,233 INFO Code.src.training.classification_pipeline: Epoch 6/30
2026-08-05 02:20:04,720 INFO Code.src.training.classification_pipeline: Epoch 6: train loss 0.4635, val loss 0.5036, val accuracy 0.7332
2026-08-05 02:20:04,720 INFO Code.src.training.classification_pipeline: Epoch 7/30
2026-08-05 02:25:59,114 INFO Code.src.training.classification_pipeline: Epoch 7: train loss 0.4392, val loss 0.5298, val accuracy 0.7133
2026-08-05 02:25:59,115 INFO Code.src.training.classification_pipeline: Epoch 8/30
2026-08-05 02:31:53,847 INFO Code.src.training.classification_pipeline: Epoch 8: train loss 0.4091, val loss 0.5816, val accuracy 0.7066
2026-08-05 02:31:53,847 INFO Code.src.training.classification_pipeline: Epoch 9/30
2026-08-05 02:37:50,363 INFO Code.src.training.classification_pipeline: Epoch 9: train loss 0.3743, val loss 0.6595, val accuracy 0.7017
2026-08-05 02:37:50,363 INFO Code.src.training.classification_pipeline: Early stopping at epoch 9.
2026-08-05 02:37:55,252 INFO Code.src.training.classification_pipeline: Test Loss: 0.5303 | Test Acc: 0.7054 | Test F1 (Macro): 0.6981
