2026-07-25 02:58:29,787 INFO __main__: Using cached frozen embeddings: /home/ubuntu/protein-sequence-augmentation/data/processed/embeddings/solubility/trained_autoencoder/shared/train_84e49c56232d81de.pt
2026-07-25 02:58:29,823 INFO __main__: Using cached frozen embeddings: /home/ubuntu/protein-sequence-augmentation/data/processed/embeddings/solubility/trained_autoencoder/shared/valid_f7e12f728a8c994f.pt
2026-07-25 02:58:29,834 INFO __main__: Using cached frozen embeddings: /home/ubuntu/protein-sequence-augmentation/data/processed/embeddings/solubility/trained_autoencoder/shared/test_a0f56122c2190689.pt
2026-07-25 02:58:29,837 INFO Code.src.training.classification_pipeline: Epoch 1/30
2026-07-25 02:58:37,441 INFO Code.src.training.classification_pipeline: Epoch 1: train loss 0.6027, val loss 0.5891, val accuracy 0.6634
2026-07-25 02:58:37,441 INFO Code.src.training.classification_pipeline: Epoch 2/30
2026-07-25 02:58:45,013 INFO Code.src.training.classification_pipeline: Epoch 2: train loss 0.5882, val loss 0.5850, val accuracy 0.6768
2026-07-25 02:58:45,013 INFO Code.src.training.classification_pipeline: Epoch 3/30
2026-07-25 02:58:52,581 INFO Code.src.training.classification_pipeline: Epoch 3: train loss 0.5858, val loss 0.5811, val accuracy 0.6791
2026-07-25 02:58:52,581 INFO Code.src.training.classification_pipeline: Epoch 4/30
2026-07-25 02:59:00,280 INFO Code.src.training.classification_pipeline: Epoch 4: train loss 0.5843, val loss 0.5812, val accuracy 0.6811
2026-07-25 02:59:00,280 INFO Code.src.training.classification_pipeline: Epoch 5/30
2026-07-25 02:59:07,826 INFO Code.src.training.classification_pipeline: Epoch 5: train loss 0.5838, val loss 0.5821, val accuracy 0.6822
2026-07-25 02:59:07,826 INFO Code.src.training.classification_pipeline: Epoch 6/30
2026-07-25 02:59:15,371 INFO Code.src.training.classification_pipeline: Epoch 6: train loss 0.5832, val loss 0.5787, val accuracy 0.6864
2026-07-25 02:59:15,371 INFO Code.src.training.classification_pipeline: Epoch 7/30
2026-07-25 02:59:22,938 INFO Code.src.training.classification_pipeline: Epoch 7: train loss 0.5824, val loss 0.5790, val accuracy 0.6871
2026-07-25 02:59:22,938 INFO Code.src.training.classification_pipeline: Epoch 8/30
2026-07-25 02:59:30,505 INFO Code.src.training.classification_pipeline: Epoch 8: train loss 0.5816, val loss 0.5803, val accuracy 0.6851
2026-07-25 02:59:30,505 INFO Code.src.training.classification_pipeline: Epoch 9/30
2026-07-25 02:59:38,035 INFO Code.src.training.classification_pipeline: Epoch 9: train loss 0.5812, val loss 0.5779, val accuracy 0.6845
2026-07-25 02:59:38,035 INFO Code.src.training.classification_pipeline: Epoch 10/30
2026-07-25 02:59:47,040 INFO Code.src.training.classification_pipeline: Epoch 10: train loss 0.5811, val loss 0.5755, val accuracy 0.6854
2026-07-25 02:59:47,041 INFO Code.src.training.classification_pipeline: Epoch 11/30
2026-07-25 02:59:54,617 INFO Code.src.training.classification_pipeline: Epoch 11: train loss 0.5805, val loss 0.5762, val accuracy 0.6775
2026-07-25 02:59:54,617 INFO Code.src.training.classification_pipeline: Epoch 12/30
2026-07-25 03:00:02,151 INFO Code.src.training.classification_pipeline: Epoch 12: train loss 0.5800, val loss 0.5792, val accuracy 0.6824
2026-07-25 03:00:02,151 INFO Code.src.training.classification_pipeline: Epoch 13/30
2026-07-25 03:00:11,645 INFO Code.src.training.classification_pipeline: Epoch 13: train loss 0.5797, val loss 0.5769, val accuracy 0.6829
2026-07-25 03:00:11,646 INFO Code.src.training.classification_pipeline: Epoch 14/30
2026-07-25 03:00:19,596 INFO Code.src.training.classification_pipeline: Epoch 14: train loss 0.5792, val loss 0.5772, val accuracy 0.6845
2026-07-25 03:00:19,596 INFO Code.src.training.classification_pipeline: Epoch 15/30
2026-07-25 03:00:27,136 INFO Code.src.training.classification_pipeline: Epoch 15: train loss 0.5789, val loss 0.5751, val accuracy 0.6855
2026-07-25 03:00:27,136 INFO Code.src.training.classification_pipeline: Epoch 16/30
2026-07-25 03:00:34,800 INFO Code.src.training.classification_pipeline: Epoch 16: train loss 0.5787, val loss 0.5748, val accuracy 0.6883
2026-07-25 03:00:34,800 INFO Code.src.training.classification_pipeline: Epoch 17/30
2026-07-25 03:00:42,362 INFO Code.src.training.classification_pipeline: Epoch 17: train loss 0.5781, val loss 0.5755, val accuracy 0.6825
2026-07-25 03:00:42,362 INFO Code.src.training.classification_pipeline: Epoch 18/30
2026-07-25 03:00:49,930 INFO Code.src.training.classification_pipeline: Epoch 18: train loss 0.5780, val loss 0.5751, val accuracy 0.6873
2026-07-25 03:00:49,930 INFO Code.src.training.classification_pipeline: Epoch 19/30
2026-07-25 03:00:57,517 INFO Code.src.training.classification_pipeline: Epoch 19: train loss 0.5777, val loss 0.5743, val accuracy 0.6917
2026-07-25 03:00:57,517 INFO Code.src.training.classification_pipeline: Epoch 20/30
2026-07-25 03:01:05,080 INFO Code.src.training.classification_pipeline: Epoch 20: train loss 0.5774, val loss 0.5744, val accuracy 0.6832
2026-07-25 03:01:05,080 INFO Code.src.training.classification_pipeline: Epoch 21/30
2026-07-25 03:01:12,620 INFO Code.src.training.classification_pipeline: Epoch 21: train loss 0.5769, val loss 0.5785, val accuracy 0.6867
2026-07-25 03:01:12,620 INFO Code.src.training.classification_pipeline: Epoch 22/30
2026-07-25 03:01:20,153 INFO Code.src.training.classification_pipeline: Epoch 22: train loss 0.5767, val loss 0.5728, val accuracy 0.6891
2026-07-25 03:01:20,153 INFO Code.src.training.classification_pipeline: Epoch 23/30
2026-07-25 03:01:27,715 INFO Code.src.training.classification_pipeline: Epoch 23: train loss 0.5765, val loss 0.5740, val accuracy 0.6851
2026-07-25 03:01:27,716 INFO Code.src.training.classification_pipeline: Epoch 24/30
2026-07-25 03:01:35,265 INFO Code.src.training.classification_pipeline: Epoch 24: train loss 0.5765, val loss 0.5723, val accuracy 0.6923
2026-07-25 03:01:35,266 INFO Code.src.training.classification_pipeline: Epoch 25/30
2026-07-25 03:01:42,832 INFO Code.src.training.classification_pipeline: Epoch 25: train loss 0.5759, val loss 0.5756, val accuracy 0.6861
2026-07-25 03:01:42,833 INFO Code.src.training.classification_pipeline: Epoch 26/30
2026-07-25 03:01:50,393 INFO Code.src.training.classification_pipeline: Epoch 26: train loss 0.5760, val loss 0.5700, val accuracy 0.6901
2026-07-25 03:01:50,393 INFO Code.src.training.classification_pipeline: Epoch 27/30
2026-07-25 03:01:57,978 INFO Code.src.training.classification_pipeline: Epoch 27: train loss 0.5759, val loss 0.5703, val accuracy 0.6952
2026-07-25 03:01:57,978 INFO Code.src.training.classification_pipeline: Epoch 28/30
2026-07-25 03:02:05,525 INFO Code.src.training.classification_pipeline: Epoch 28: train loss 0.5755, val loss 0.5714, val accuracy 0.6894
2026-07-25 03:02:05,526 INFO Code.src.training.classification_pipeline: Epoch 29/30
2026-07-25 03:02:13,188 INFO Code.src.training.classification_pipeline: Epoch 29: train loss 0.5753, val loss 0.5716, val accuracy 0.6883
2026-07-25 03:02:13,188 INFO Code.src.training.classification_pipeline: Epoch 30/30
2026-07-25 03:02:20,694 INFO Code.src.training.classification_pipeline: Epoch 30: train loss 0.5751, val loss 0.5712, val accuracy 0.6877
2026-07-25 03:02:20,819 INFO Code.src.training.classification_pipeline: Test Loss: 0.6077 | Test Acc: 0.6643 | Test F1 (Macro): 0.6581
