2026-07-30 05:32:37,831 INFO Code.src.utils.embedding_cache: Using cached frozen embeddings: /home/ubuntu/protein-sequence-augmentation/data/processed/embeddings/solubility/random_autoencoder/seed_42/train_69b4a682aad300d0.pt
2026-07-30 05:32:37,866 INFO Code.src.utils.embedding_cache: Using cached frozen embeddings: /home/ubuntu/protein-sequence-augmentation/data/processed/embeddings/solubility/random_autoencoder/seed_42/valid_9b4e599c4c2e9237.pt
2026-07-30 05:32:37,870 INFO Code.src.training.classification_pipeline: Epoch 1/30
2026-07-30 05:32:46,443 INFO Code.src.training.classification_pipeline: Epoch 1: train loss 0.6752, val loss 0.6642, val accuracy 0.5993
2026-07-30 05:32:46,443 INFO Code.src.training.classification_pipeline: Epoch 2/30
2026-07-30 05:32:54,942 INFO Code.src.training.classification_pipeline: Epoch 2: train loss 0.6656, val loss 0.6602, val accuracy 0.6124
2026-07-30 05:32:54,942 INFO Code.src.training.classification_pipeline: Epoch 3/30
2026-07-30 05:33:03,468 INFO Code.src.training.classification_pipeline: Epoch 3: train loss 0.6633, val loss 0.6537, val accuracy 0.6145
2026-07-30 05:33:03,468 INFO Code.src.training.classification_pipeline: Epoch 4/30
2026-07-30 05:33:12,127 INFO Code.src.training.classification_pipeline: Epoch 4: train loss 0.6604, val loss 0.6516, val accuracy 0.6187
2026-07-30 05:33:12,127 INFO Code.src.training.classification_pipeline: Epoch 5/30
2026-07-30 05:33:20,784 INFO Code.src.training.classification_pipeline: Epoch 5: train loss 0.6594, val loss 0.6512, val accuracy 0.6170
2026-07-30 05:33:20,784 INFO Code.src.training.classification_pipeline: Epoch 6/30
2026-07-30 05:33:29,288 INFO Code.src.training.classification_pipeline: Epoch 6: train loss 0.6589, val loss 0.6543, val accuracy 0.6105
2026-07-30 05:33:29,288 INFO Code.src.training.classification_pipeline: Epoch 7/30
2026-07-30 05:33:37,710 INFO Code.src.training.classification_pipeline: Epoch 7: train loss 0.6570, val loss 0.6516, val accuracy 0.6171
2026-07-30 05:33:37,710 INFO Code.src.training.classification_pipeline: Epoch 8/30
2026-07-30 05:33:46,091 INFO Code.src.training.classification_pipeline: Epoch 8: train loss 0.6564, val loss 0.6469, val accuracy 0.6186
2026-07-30 05:33:46,091 INFO Code.src.training.classification_pipeline: Epoch 9/30
2026-07-30 05:33:54,569 INFO Code.src.training.classification_pipeline: Epoch 9: train loss 0.6560, val loss 0.6455, val accuracy 0.6232
2026-07-30 05:33:54,569 INFO Code.src.training.classification_pipeline: Epoch 10/30
2026-07-30 05:34:03,162 INFO Code.src.training.classification_pipeline: Epoch 10: train loss 0.6546, val loss 0.6443, val accuracy 0.6242
2026-07-30 05:34:03,162 INFO Code.src.training.classification_pipeline: Epoch 11/30
2026-07-30 05:34:11,709 INFO Code.src.training.classification_pipeline: Epoch 11: train loss 0.6546, val loss 0.6428, val accuracy 0.6307
2026-07-30 05:34:11,709 INFO Code.src.training.classification_pipeline: Epoch 12/30
2026-07-30 05:34:20,325 INFO Code.src.training.classification_pipeline: Epoch 12: train loss 0.6533, val loss 0.6432, val accuracy 0.6230
2026-07-30 05:34:20,326 INFO Code.src.training.classification_pipeline: Epoch 13/30
2026-07-30 05:34:29,060 INFO Code.src.training.classification_pipeline: Epoch 13: train loss 0.6526, val loss 0.6539, val accuracy 0.6305
2026-07-30 05:34:29,060 INFO Code.src.training.classification_pipeline: Epoch 14/30
2026-07-30 05:34:37,660 INFO Code.src.training.classification_pipeline: Epoch 14: train loss 0.6521, val loss 0.6441, val accuracy 0.6167
2026-07-30 05:34:37,660 INFO Code.src.training.classification_pipeline: Epoch 15/30
2026-07-30 05:34:46,060 INFO Code.src.training.classification_pipeline: Epoch 15: train loss 0.6515, val loss 0.6436, val accuracy 0.6296
2026-07-30 05:34:46,060 INFO Code.src.training.classification_pipeline: Epoch 16/30
2026-07-30 05:34:54,534 INFO Code.src.training.classification_pipeline: Epoch 16: train loss 0.6514, val loss 0.6474, val accuracy 0.6243
2026-07-30 05:34:54,535 INFO Code.src.training.classification_pipeline: Early stopping at epoch 16.
