2026-08-11 21:35:52,066 INFO Code.src.utils.embedding_cache: Saved frozen embeddings: /home/ubuntu/research/protein-sequence-augmentation/data/processed/embeddings/solubility/trained_autoencoder/shared/train_87d0b6aef732c97d.pt
2026-08-11 21:36:11,334 INFO Code.src.utils.embedding_cache: Saved frozen embeddings: /home/ubuntu/research/protein-sequence-augmentation/data/processed/embeddings/solubility/trained_autoencoder/shared/valid_172e0293e17769b2.pt
2026-08-11 21:36:19,611 INFO Code.src.utils.embedding_cache: Saved frozen embeddings: /home/ubuntu/research/protein-sequence-augmentation/data/processed/embeddings/solubility/trained_autoencoder/shared/test_780dc53be0daff1d.pt
2026-08-11 21:36:19,800 INFO Code.src.training.classification_pipeline: Epoch 1/30
2026-08-11 21:36:27,967 INFO Code.src.training.classification_pipeline: Epoch 1: train loss 0.6542, val loss 0.6373, val accuracy 0.6187
2026-08-11 21:36:27,967 INFO Code.src.training.classification_pipeline: Epoch 2/30
2026-08-11 21:36:36,290 INFO Code.src.training.classification_pipeline: Epoch 2: train loss 0.6310, val loss 0.6253, val accuracy 0.6301
2026-08-11 21:36:36,291 INFO Code.src.training.classification_pipeline: Epoch 3/30
2026-08-11 21:36:44,698 INFO Code.src.training.classification_pipeline: Epoch 3: train loss 0.6234, val loss 0.6201, val accuracy 0.6357
2026-08-11 21:36:44,698 INFO Code.src.training.classification_pipeline: Epoch 4/30
2026-08-11 21:36:52,900 INFO Code.src.training.classification_pipeline: Epoch 4: train loss 0.6192, val loss 0.6168, val accuracy 0.6387
2026-08-11 21:36:52,900 INFO Code.src.training.classification_pipeline: Epoch 5/30
2026-08-11 21:37:01,134 INFO Code.src.training.classification_pipeline: Epoch 5: train loss 0.6164, val loss 0.6144, val accuracy 0.6399
2026-08-11 21:37:01,134 INFO Code.src.training.classification_pipeline: Epoch 6/30
2026-08-11 21:37:09,471 INFO Code.src.training.classification_pipeline: Epoch 6: train loss 0.6144, val loss 0.6128, val accuracy 0.6409
2026-08-11 21:37:09,471 INFO Code.src.training.classification_pipeline: Epoch 7/30
2026-08-11 21:37:17,849 INFO Code.src.training.classification_pipeline: Epoch 7: train loss 0.6130, val loss 0.6116, val accuracy 0.6446
2026-08-11 21:37:17,849 INFO Code.src.training.classification_pipeline: Epoch 8/30
2026-08-11 21:37:26,025 INFO Code.src.training.classification_pipeline: Epoch 8: train loss 0.6118, val loss 0.6110, val accuracy 0.6443
2026-08-11 21:37:26,025 INFO Code.src.training.classification_pipeline: Epoch 9/30
2026-08-11 21:37:34,155 INFO Code.src.training.classification_pipeline: Epoch 9: train loss 0.6110, val loss 0.6097, val accuracy 0.6468
2026-08-11 21:37:34,155 INFO Code.src.training.classification_pipeline: Epoch 10/30
2026-08-11 21:37:42,376 INFO Code.src.training.classification_pipeline: Epoch 10: train loss 0.6102, val loss 0.6097, val accuracy 0.6464
2026-08-11 21:37:42,376 INFO Code.src.training.classification_pipeline: Epoch 11/30
2026-08-11 21:37:50,588 INFO Code.src.training.classification_pipeline: Epoch 11: train loss 0.6096, val loss 0.6085, val accuracy 0.6489
2026-08-11 21:37:50,588 INFO Code.src.training.classification_pipeline: Epoch 12/30
2026-08-11 21:37:58,902 INFO Code.src.training.classification_pipeline: Epoch 12: train loss 0.6091, val loss 0.6082, val accuracy 0.6468
2026-08-11 21:37:58,902 INFO Code.src.training.classification_pipeline: Epoch 13/30
2026-08-11 21:38:07,355 INFO Code.src.training.classification_pipeline: Epoch 13: train loss 0.6087, val loss 0.6078, val accuracy 0.6488
2026-08-11 21:38:07,355 INFO Code.src.training.classification_pipeline: Epoch 14/30
2026-08-11 21:38:15,584 INFO Code.src.training.classification_pipeline: Epoch 14: train loss 0.6083, val loss 0.6077, val accuracy 0.6514
2026-08-11 21:38:15,584 INFO Code.src.training.classification_pipeline: Epoch 15/30
2026-08-11 21:38:23,952 INFO Code.src.training.classification_pipeline: Epoch 15: train loss 0.6080, val loss 0.6076, val accuracy 0.6468
2026-08-11 21:38:23,953 INFO Code.src.training.classification_pipeline: Epoch 16/30
2026-08-11 21:38:32,389 INFO Code.src.training.classification_pipeline: Epoch 16: train loss 0.6078, val loss 0.6071, val accuracy 0.6495
2026-08-11 21:38:32,389 INFO Code.src.training.classification_pipeline: Epoch 17/30
2026-08-11 21:38:40,731 INFO Code.src.training.classification_pipeline: Epoch 17: train loss 0.6075, val loss 0.6069, val accuracy 0.6515
2026-08-11 21:38:40,731 INFO Code.src.training.classification_pipeline: Epoch 18/30
2026-08-11 21:38:48,933 INFO Code.src.training.classification_pipeline: Epoch 18: train loss 0.6073, val loss 0.6067, val accuracy 0.6497
2026-08-11 21:38:48,933 INFO Code.src.training.classification_pipeline: Epoch 19/30
2026-08-11 21:38:57,363 INFO Code.src.training.classification_pipeline: Epoch 19: train loss 0.6071, val loss 0.6065, val accuracy 0.6497
2026-08-11 21:38:57,363 INFO Code.src.training.classification_pipeline: Epoch 20/30
2026-08-11 21:39:05,631 INFO Code.src.training.classification_pipeline: Epoch 20: train loss 0.6069, val loss 0.6064, val accuracy 0.6510
2026-08-11 21:39:05,632 INFO Code.src.training.classification_pipeline: Epoch 21/30
2026-08-11 21:39:14,407 INFO Code.src.training.classification_pipeline: Epoch 21: train loss 0.6067, val loss 0.6061, val accuracy 0.6504
2026-08-11 21:39:14,407 INFO Code.src.training.classification_pipeline: Epoch 22/30
2026-08-11 21:39:22,908 INFO Code.src.training.classification_pipeline: Epoch 22: train loss 0.6065, val loss 0.6061, val accuracy 0.6513
2026-08-11 21:39:22,908 INFO Code.src.training.classification_pipeline: Epoch 23/30
2026-08-11 21:39:31,050 INFO Code.src.training.classification_pipeline: Epoch 23: train loss 0.6063, val loss 0.6060, val accuracy 0.6524
2026-08-11 21:39:31,050 INFO Code.src.training.classification_pipeline: Epoch 24/30
2026-08-11 21:39:39,176 INFO Code.src.training.classification_pipeline: Epoch 24: train loss 0.6062, val loss 0.6061, val accuracy 0.6523
2026-08-11 21:39:39,176 INFO Code.src.training.classification_pipeline: Epoch 25/30
2026-08-11 21:39:47,316 INFO Code.src.training.classification_pipeline: Epoch 25: train loss 0.6061, val loss 0.6058, val accuracy 0.6515
2026-08-11 21:39:47,316 INFO Code.src.training.classification_pipeline: Epoch 26/30
2026-08-11 21:39:55,648 INFO Code.src.training.classification_pipeline: Epoch 26: train loss 0.6060, val loss 0.6056, val accuracy 0.6523
2026-08-11 21:39:55,648 INFO Code.src.training.classification_pipeline: Epoch 27/30
2026-08-11 21:40:03,844 INFO Code.src.training.classification_pipeline: Epoch 27: train loss 0.6059, val loss 0.6056, val accuracy 0.6514
2026-08-11 21:40:03,844 INFO Code.src.training.classification_pipeline: Epoch 28/30
2026-08-11 21:40:12,008 INFO Code.src.training.classification_pipeline: Epoch 28: train loss 0.6057, val loss 0.6056, val accuracy 0.6538
2026-08-11 21:40:12,008 INFO Code.src.training.classification_pipeline: Epoch 29/30
2026-08-11 21:40:20,187 INFO Code.src.training.classification_pipeline: Epoch 29: train loss 0.6056, val loss 0.6056, val accuracy 0.6554
2026-08-11 21:40:20,187 INFO Code.src.training.classification_pipeline: Epoch 30/30
2026-08-11 21:40:28,554 INFO Code.src.training.classification_pipeline: Epoch 30: train loss 0.6055, val loss 0.6052, val accuracy 0.6551
2026-08-11 21:40:28,694 INFO Code.src.training.classification_pipeline: Test Loss: 0.6409 | Test Acc: 0.6223 | Test F1 (Macro): 0.6066
