2026-07-25 18:03:20,297 INFO __main__: Using cached frozen embeddings: /home/ubuntu/protein-sequence-augmentation/data/processed/embeddings/solubility/random_autoencoder/seed_42/train_c638769e2d349b98.pt
2026-07-25 18:03:20,385 INFO __main__: Using cached frozen embeddings: /home/ubuntu/protein-sequence-augmentation/data/processed/embeddings/solubility/random_autoencoder/seed_42/valid_0582a7f288ea9f0c.pt
2026-07-25 18:03:20,414 INFO __main__: Using cached frozen embeddings: /home/ubuntu/protein-sequence-augmentation/data/processed/embeddings/solubility/random_autoencoder/seed_42/test_8469daca1e21a164.pt
2026-07-25 18:03:20,615 INFO Code.src.training.classification_pipeline: Epoch 1/30
2026-07-25 18:03:29,105 INFO Code.src.training.classification_pipeline: Epoch 1: train loss 0.6728, val loss 0.6646, val accuracy 0.6000
2026-07-25 18:03:29,105 INFO Code.src.training.classification_pipeline: Epoch 2/30
2026-07-25 18:03:36,401 INFO Code.src.training.classification_pipeline: Epoch 2: train loss 0.6652, val loss 0.6600, val accuracy 0.6171
2026-07-25 18:03:36,401 INFO Code.src.training.classification_pipeline: Epoch 3/30
2026-07-25 18:03:43,674 INFO Code.src.training.classification_pipeline: Epoch 3: train loss 0.6623, val loss 0.6556, val accuracy 0.6135
2026-07-25 18:03:43,674 INFO Code.src.training.classification_pipeline: Epoch 4/30
2026-07-25 18:03:50,916 INFO Code.src.training.classification_pipeline: Epoch 4: train loss 0.6601, val loss 0.6534, val accuracy 0.6201
2026-07-25 18:03:50,916 INFO Code.src.training.classification_pipeline: Epoch 5/30
2026-07-25 18:03:58,172 INFO Code.src.training.classification_pipeline: Epoch 5: train loss 0.6588, val loss 0.6522, val accuracy 0.6161
2026-07-25 18:03:58,173 INFO Code.src.training.classification_pipeline: Epoch 6/30
2026-07-25 18:04:05,426 INFO Code.src.training.classification_pipeline: Epoch 6: train loss 0.6580, val loss 0.6529, val accuracy 0.6137
2026-07-25 18:04:05,426 INFO Code.src.training.classification_pipeline: Epoch 7/30
2026-07-25 18:04:12,661 INFO Code.src.training.classification_pipeline: Epoch 7: train loss 0.6572, val loss 0.6510, val accuracy 0.6242
2026-07-25 18:04:12,662 INFO Code.src.training.classification_pipeline: Epoch 8/30
2026-07-25 18:04:19,888 INFO Code.src.training.classification_pipeline: Epoch 8: train loss 0.6564, val loss 0.6496, val accuracy 0.6183
2026-07-25 18:04:19,888 INFO Code.src.training.classification_pipeline: Epoch 9/30
2026-07-25 18:04:27,131 INFO Code.src.training.classification_pipeline: Epoch 9: train loss 0.6558, val loss 0.6488, val accuracy 0.6226
2026-07-25 18:04:27,131 INFO Code.src.training.classification_pipeline: Epoch 10/30
2026-07-25 18:04:34,414 INFO Code.src.training.classification_pipeline: Epoch 10: train loss 0.6554, val loss 0.6497, val accuracy 0.6171
2026-07-25 18:04:34,414 INFO Code.src.training.classification_pipeline: Epoch 11/30
2026-07-25 18:04:41,771 INFO Code.src.training.classification_pipeline: Epoch 11: train loss 0.6549, val loss 0.6489, val accuracy 0.6177
2026-07-25 18:04:41,771 INFO Code.src.training.classification_pipeline: Epoch 12/30
2026-07-25 18:04:49,000 INFO Code.src.training.classification_pipeline: Epoch 12: train loss 0.6543, val loss 0.6470, val accuracy 0.6245
2026-07-25 18:04:49,000 INFO Code.src.training.classification_pipeline: Epoch 13/30
2026-07-25 18:04:56,209 INFO Code.src.training.classification_pipeline: Epoch 13: train loss 0.6539, val loss 0.6474, val accuracy 0.6281
2026-07-25 18:04:56,209 INFO Code.src.training.classification_pipeline: Epoch 14/30
2026-07-25 18:05:03,418 INFO Code.src.training.classification_pipeline: Epoch 14: train loss 0.6532, val loss 0.6471, val accuracy 0.6209
2026-07-25 18:05:03,418 INFO Code.src.training.classification_pipeline: Epoch 15/30
2026-07-25 18:05:10,640 INFO Code.src.training.classification_pipeline: Epoch 15: train loss 0.6531, val loss 0.6513, val accuracy 0.6250
2026-07-25 18:05:10,640 INFO Code.src.training.classification_pipeline: Epoch 16/30
2026-07-25 18:05:17,876 INFO Code.src.training.classification_pipeline: Epoch 16: train loss 0.6524, val loss 0.6491, val accuracy 0.6302
2026-07-25 18:05:17,876 INFO Code.src.training.classification_pipeline: Epoch 17/30
2026-07-25 18:05:30,211 INFO Code.src.training.classification_pipeline: Epoch 17: train loss 0.6522, val loss 0.6465, val accuracy 0.6285
2026-07-25 18:05:30,211 INFO Code.src.training.classification_pipeline: Epoch 18/30
2026-07-25 18:05:41,882 INFO Code.src.training.classification_pipeline: Epoch 18: train loss 0.6517, val loss 0.6448, val accuracy 0.6286
2026-07-25 18:05:41,882 INFO Code.src.training.classification_pipeline: Epoch 19/30
2026-07-25 18:05:49,102 INFO Code.src.training.classification_pipeline: Epoch 19: train loss 0.6514, val loss 0.6472, val accuracy 0.6184
2026-07-25 18:05:49,102 INFO Code.src.training.classification_pipeline: Epoch 20/30
2026-07-25 18:06:02,993 INFO Code.src.training.classification_pipeline: Epoch 20: train loss 0.6510, val loss 0.6474, val accuracy 0.6317
2026-07-25 18:06:02,993 INFO Code.src.training.classification_pipeline: Epoch 21/30
2026-07-25 18:06:10,208 INFO Code.src.training.classification_pipeline: Epoch 21: train loss 0.6505, val loss 0.6442, val accuracy 0.6307
2026-07-25 18:06:10,208 INFO Code.src.training.classification_pipeline: Epoch 22/30
2026-07-25 18:06:17,432 INFO Code.src.training.classification_pipeline: Epoch 22: train loss 0.6504, val loss 0.6445, val accuracy 0.6288
2026-07-25 18:06:17,432 INFO Code.src.training.classification_pipeline: Epoch 23/30
2026-07-25 18:06:24,802 INFO Code.src.training.classification_pipeline: Epoch 23: train loss 0.6500, val loss 0.6448, val accuracy 0.6201
2026-07-25 18:06:24,802 INFO Code.src.training.classification_pipeline: Epoch 24/30
2026-07-25 18:06:32,004 INFO Code.src.training.classification_pipeline: Epoch 24: train loss 0.6498, val loss 0.6500, val accuracy 0.6138
2026-07-25 18:06:32,004 INFO Code.src.training.classification_pipeline: Epoch 25/30
2026-07-25 18:06:39,230 INFO Code.src.training.classification_pipeline: Epoch 25: train loss 0.6494, val loss 0.6441, val accuracy 0.6285
2026-07-25 18:06:39,230 INFO Code.src.training.classification_pipeline: Epoch 26/30
2026-07-25 18:06:46,470 INFO Code.src.training.classification_pipeline: Epoch 26: train loss 0.6493, val loss 0.6426, val accuracy 0.6304
2026-07-25 18:06:46,470 INFO Code.src.training.classification_pipeline: Epoch 27/30
2026-07-25 18:06:53,742 INFO Code.src.training.classification_pipeline: Epoch 27: train loss 0.6490, val loss 0.6424, val accuracy 0.6292
2026-07-25 18:06:53,743 INFO Code.src.training.classification_pipeline: Epoch 28/30
2026-07-25 18:07:00,975 INFO Code.src.training.classification_pipeline: Epoch 28: train loss 0.6485, val loss 0.6475, val accuracy 0.6155
2026-07-25 18:07:00,975 INFO Code.src.training.classification_pipeline: Epoch 29/30
2026-07-25 18:07:08,176 INFO Code.src.training.classification_pipeline: Epoch 29: train loss 0.6481, val loss 0.6420, val accuracy 0.6282
2026-07-25 18:07:08,176 INFO Code.src.training.classification_pipeline: Epoch 30/30
2026-07-25 18:07:22,652 INFO Code.src.training.classification_pipeline: Epoch 30: train loss 0.6477, val loss 0.6426, val accuracy 0.6308
2026-07-25 18:07:22,778 INFO Code.src.training.classification_pipeline: Test Loss: 0.6741 | Test Acc: 0.5568 | Test F1 (Macro): 0.5212
