2026-07-27 00:29:27,229 INFO __main__: Using cached frozen embeddings: /home/ubuntu/research/protein-sequence-augmentation/data/processed/embeddings/solubility/trained_autoencoder/shared/train_b6a98083cbdcf2b6.pt
2026-07-27 00:29:27,266 INFO __main__: Using cached frozen embeddings: /home/ubuntu/research/protein-sequence-augmentation/data/processed/embeddings/solubility/trained_autoencoder/shared/valid_936244d146f5418b.pt
2026-07-27 00:29:27,277 INFO __main__: Using cached frozen embeddings: /home/ubuntu/research/protein-sequence-augmentation/data/processed/embeddings/solubility/trained_autoencoder/shared/test_fab541465a619f84.pt
2026-07-27 00:29:27,284 INFO Code.src.training.classification_pipeline: Epoch 1/30
2026-07-27 00:30:28,638 INFO Code.src.training.classification_pipeline: Epoch 1: train loss 0.6027, val loss 0.5891, val accuracy 0.6634
2026-07-27 00:30:28,638 INFO Code.src.training.classification_pipeline: Epoch 2/30
2026-07-27 00:31:29,987 INFO Code.src.training.classification_pipeline: Epoch 2: train loss 0.5882, val loss 0.5850, val accuracy 0.6768
2026-07-27 00:31:29,987 INFO Code.src.training.classification_pipeline: Epoch 3/30
2026-07-27 00:32:06,372 INFO Code.src.training.classification_pipeline: Epoch 3: train loss 0.5858, val loss 0.5811, val accuracy 0.6791
2026-07-27 00:32:06,372 INFO Code.src.training.classification_pipeline: Epoch 4/30
2026-07-27 00:33:07,733 INFO Code.src.training.classification_pipeline: Epoch 4: train loss 0.5843, val loss 0.5812, val accuracy 0.6811
2026-07-27 00:33:07,733 INFO Code.src.training.classification_pipeline: Epoch 5/30
2026-07-27 00:34:08,886 INFO Code.src.training.classification_pipeline: Epoch 5: train loss 0.5838, val loss 0.5821, val accuracy 0.6822
2026-07-27 00:34:08,886 INFO Code.src.training.classification_pipeline: Epoch 6/30
2026-07-27 00:35:10,349 INFO Code.src.training.classification_pipeline: Epoch 6: train loss 0.5832, val loss 0.5787, val accuracy 0.6864
2026-07-27 00:35:10,349 INFO Code.src.training.classification_pipeline: Epoch 7/30
2026-07-27 00:36:11,573 INFO Code.src.training.classification_pipeline: Epoch 7: train loss 0.5824, val loss 0.5790, val accuracy 0.6871
2026-07-27 00:36:11,573 INFO Code.src.training.classification_pipeline: Epoch 8/30
2026-07-27 00:37:00,987 INFO Code.src.training.classification_pipeline: Epoch 8: train loss 0.5816, val loss 0.5803, val accuracy 0.6851
2026-07-27 00:37:00,987 INFO Code.src.training.classification_pipeline: Epoch 9/30
2026-07-27 00:38:02,231 INFO Code.src.training.classification_pipeline: Epoch 9: train loss 0.5812, val loss 0.5779, val accuracy 0.6845
2026-07-27 00:38:02,231 INFO Code.src.training.classification_pipeline: Epoch 10/30
2026-07-27 00:39:03,413 INFO Code.src.training.classification_pipeline: Epoch 10: train loss 0.5811, val loss 0.5755, val accuracy 0.6854
2026-07-27 00:39:03,413 INFO Code.src.training.classification_pipeline: Epoch 11/30
2026-07-27 00:40:04,806 INFO Code.src.training.classification_pipeline: Epoch 11: train loss 0.5805, val loss 0.5762, val accuracy 0.6775
2026-07-27 00:40:04,807 INFO Code.src.training.classification_pipeline: Epoch 12/30
2026-07-27 00:40:47,807 INFO Code.src.training.classification_pipeline: Epoch 12: train loss 0.5800, val loss 0.5792, val accuracy 0.6824
2026-07-27 00:40:47,807 INFO Code.src.training.classification_pipeline: Epoch 13/30
2026-07-27 00:41:41,122 INFO Code.src.training.classification_pipeline: Epoch 13: train loss 0.5797, val loss 0.5769, val accuracy 0.6829
2026-07-27 00:41:41,123 INFO Code.src.training.classification_pipeline: Epoch 14/30
2026-07-27 00:42:42,399 INFO Code.src.training.classification_pipeline: Epoch 14: train loss 0.5792, val loss 0.5772, val accuracy 0.6845
2026-07-27 00:42:42,399 INFO Code.src.training.classification_pipeline: Epoch 15/30
2026-07-27 00:43:43,727 INFO Code.src.training.classification_pipeline: Epoch 15: train loss 0.5789, val loss 0.5751, val accuracy 0.6855
2026-07-27 00:43:43,727 INFO Code.src.training.classification_pipeline: Epoch 16/30
2026-07-27 00:44:45,087 INFO Code.src.training.classification_pipeline: Epoch 16: train loss 0.5787, val loss 0.5748, val accuracy 0.6883
2026-07-27 00:44:45,087 INFO Code.src.training.classification_pipeline: Epoch 17/30
2026-07-27 00:45:20,890 INFO Code.src.training.classification_pipeline: Epoch 17: train loss 0.5781, val loss 0.5755, val accuracy 0.6825
2026-07-27 00:45:20,890 INFO Code.src.training.classification_pipeline: Epoch 18/30
2026-07-27 00:46:21,944 INFO Code.src.training.classification_pipeline: Epoch 18: train loss 0.5780, val loss 0.5751, val accuracy 0.6873
2026-07-27 00:46:21,944 INFO Code.src.training.classification_pipeline: Epoch 19/30
2026-07-27 00:47:23,341 INFO Code.src.training.classification_pipeline: Epoch 19: train loss 0.5777, val loss 0.5743, val accuracy 0.6917
2026-07-27 00:47:23,342 INFO Code.src.training.classification_pipeline: Epoch 20/30
2026-07-27 00:48:24,591 INFO Code.src.training.classification_pipeline: Epoch 20: train loss 0.5774, val loss 0.5744, val accuracy 0.6832
2026-07-27 00:48:24,591 INFO Code.src.training.classification_pipeline: Epoch 21/30
2026-07-27 00:49:25,598 INFO Code.src.training.classification_pipeline: Epoch 21: train loss 0.5769, val loss 0.5785, val accuracy 0.6867
2026-07-27 00:49:25,598 INFO Code.src.training.classification_pipeline: Epoch 22/30
2026-07-27 00:50:02,020 INFO Code.src.training.classification_pipeline: Epoch 22: train loss 0.5767, val loss 0.5728, val accuracy 0.6891
2026-07-27 00:50:02,021 INFO Code.src.training.classification_pipeline: Epoch 23/30
2026-07-27 00:51:03,312 INFO Code.src.training.classification_pipeline: Epoch 23: train loss 0.5765, val loss 0.5740, val accuracy 0.6851
2026-07-27 00:51:03,312 INFO Code.src.training.classification_pipeline: Epoch 24/30
2026-07-27 00:52:04,699 INFO Code.src.training.classification_pipeline: Epoch 24: train loss 0.5765, val loss 0.5723, val accuracy 0.6923
2026-07-27 00:52:04,699 INFO Code.src.training.classification_pipeline: Epoch 25/30
2026-07-27 00:53:05,978 INFO Code.src.training.classification_pipeline: Epoch 25: train loss 0.5759, val loss 0.5756, val accuracy 0.6861
2026-07-27 00:53:05,978 INFO Code.src.training.classification_pipeline: Epoch 26/30
2026-07-27 00:53:56,370 INFO Code.src.training.classification_pipeline: Epoch 26: train loss 0.5760, val loss 0.5700, val accuracy 0.6901
2026-07-27 00:53:56,370 INFO Code.src.training.classification_pipeline: Epoch 27/30
2026-07-27 00:54:42,423 INFO Code.src.training.classification_pipeline: Epoch 27: train loss 0.5759, val loss 0.5703, val accuracy 0.6952
2026-07-27 00:54:42,423 INFO Code.src.training.classification_pipeline: Epoch 28/30
2026-07-27 00:55:43,760 INFO Code.src.training.classification_pipeline: Epoch 28: train loss 0.5755, val loss 0.5714, val accuracy 0.6894
2026-07-27 00:55:43,760 INFO Code.src.training.classification_pipeline: Epoch 29/30
2026-07-27 00:56:45,141 INFO Code.src.training.classification_pipeline: Epoch 29: train loss 0.5753, val loss 0.5716, val accuracy 0.6883
2026-07-27 00:56:45,141 INFO Code.src.training.classification_pipeline: Epoch 30/30
2026-07-27 00:57:46,475 INFO Code.src.training.classification_pipeline: Epoch 30: train loss 0.5751, val loss 0.5712, val accuracy 0.6877
2026-07-27 00:57:48,147 INFO Code.src.training.classification_pipeline: Test Loss: 0.6077 | Test Acc: 0.6643 | Test F1 (Macro): 0.6581
