2026-07-25 04:28:19,621 INFO __main__: Using cached frozen embeddings: /home/ubuntu/research/protein-sequence-augmentation/data/processed/embeddings/solubility/trained_autoencoder+esm2/shared/train_8244284d419f1dea.pt
2026-07-25 04:28:19,660 INFO __main__: Using cached frozen embeddings: /home/ubuntu/research/protein-sequence-augmentation/data/processed/embeddings/solubility/trained_autoencoder+esm2/shared/valid_e1c6419d18e74b81.pt
2026-07-25 04:28:19,666 INFO Code.src.training.classification_pipeline: Epoch 1/30
2026-07-25 04:29:16,029 INFO Code.src.training.classification_pipeline: Epoch 1: train loss 0.5762, val loss 0.5550, val accuracy 0.7047
2026-07-25 04:29:16,029 INFO Code.src.training.classification_pipeline: Epoch 2/30
2026-07-25 04:30:09,524 INFO Code.src.training.classification_pipeline: Epoch 2: train loss 0.5553, val loss 0.5512, val accuracy 0.7103
2026-07-25 04:30:09,524 INFO Code.src.training.classification_pipeline: Epoch 3/30
2026-07-25 04:30:53,467 INFO Code.src.training.classification_pipeline: Epoch 3: train loss 0.5515, val loss 0.5491, val accuracy 0.7094
2026-07-25 04:30:53,467 INFO Code.src.training.classification_pipeline: Epoch 4/30
2026-07-25 04:31:50,460 INFO Code.src.training.classification_pipeline: Epoch 4: train loss 0.5490, val loss 0.5478, val accuracy 0.7179
2026-07-25 04:31:50,460 INFO Code.src.training.classification_pipeline: Epoch 5/30
2026-07-25 04:32:47,617 INFO Code.src.training.classification_pipeline: Epoch 5: train loss 0.5472, val loss 0.5461, val accuracy 0.7136
2026-07-25 04:32:47,617 INFO Code.src.training.classification_pipeline: Epoch 6/30
2026-07-25 04:33:31,300 INFO Code.src.training.classification_pipeline: Epoch 6: train loss 0.5465, val loss 0.5484, val accuracy 0.7156
2026-07-25 04:33:31,300 INFO Code.src.training.classification_pipeline: Epoch 7/30
2026-07-25 04:34:28,442 INFO Code.src.training.classification_pipeline: Epoch 7: train loss 0.5450, val loss 0.5419, val accuracy 0.7185
2026-07-25 04:34:28,442 INFO Code.src.training.classification_pipeline: Epoch 8/30
2026-07-25 04:35:25,597 INFO Code.src.training.classification_pipeline: Epoch 8: train loss 0.5444, val loss 0.5449, val accuracy 0.7164
2026-07-25 04:35:25,597 INFO Code.src.training.classification_pipeline: Epoch 9/30
2026-07-25 04:36:08,240 INFO Code.src.training.classification_pipeline: Epoch 9: train loss 0.5436, val loss 0.5455, val accuracy 0.7178
2026-07-25 04:36:08,240 INFO Code.src.training.classification_pipeline: Epoch 10/30
2026-07-25 04:37:05,321 INFO Code.src.training.classification_pipeline: Epoch 10: train loss 0.5432, val loss 0.5457, val accuracy 0.7154
2026-07-25 04:37:05,322 INFO Code.src.training.classification_pipeline: Epoch 11/30
2026-07-25 04:38:02,419 INFO Code.src.training.classification_pipeline: Epoch 11: train loss 0.5426, val loss 0.5412, val accuracy 0.7152
2026-07-25 04:38:02,419 INFO Code.src.training.classification_pipeline: Epoch 12/30
2026-07-25 04:38:55,469 INFO Code.src.training.classification_pipeline: Epoch 12: train loss 0.5426, val loss 0.5420, val accuracy 0.7182
2026-07-25 04:38:55,469 INFO Code.src.training.classification_pipeline: Epoch 13/30
2026-07-25 04:39:42,282 INFO Code.src.training.classification_pipeline: Epoch 13: train loss 0.5417, val loss 0.5415, val accuracy 0.7131
2026-07-25 04:39:42,283 INFO Code.src.training.classification_pipeline: Epoch 14/30
2026-07-25 04:40:39,248 INFO Code.src.training.classification_pipeline: Epoch 14: train loss 0.5414, val loss 0.5402, val accuracy 0.7145
2026-07-25 04:40:39,248 INFO Code.src.training.classification_pipeline: Epoch 15/30
2026-07-25 04:41:36,282 INFO Code.src.training.classification_pipeline: Epoch 15: train loss 0.5411, val loss 0.5481, val accuracy 0.7131
2026-07-25 04:41:36,282 INFO Code.src.training.classification_pipeline: Epoch 16/30
2026-07-25 04:42:13,609 INFO Code.src.training.classification_pipeline: Epoch 16: train loss 0.5405, val loss 0.5474, val accuracy 0.7145
2026-07-25 04:42:13,610 INFO Code.src.training.classification_pipeline: Epoch 17/30
2026-07-25 04:43:10,735 INFO Code.src.training.classification_pipeline: Epoch 17: train loss 0.5403, val loss 0.5437, val accuracy 0.7156
2026-07-25 04:43:10,735 INFO Code.src.training.classification_pipeline: Epoch 18/30
2026-07-25 04:44:07,736 INFO Code.src.training.classification_pipeline: Epoch 18: train loss 0.5400, val loss 0.5385, val accuracy 0.7195
2026-07-25 04:44:07,736 INFO Code.src.training.classification_pipeline: Epoch 19/30
2026-07-25 04:44:53,502 INFO Code.src.training.classification_pipeline: Epoch 19: train loss 0.5399, val loss 0.5404, val accuracy 0.7228
2026-07-25 04:44:53,502 INFO Code.src.training.classification_pipeline: Epoch 20/30
2026-07-25 04:45:44,236 INFO Code.src.training.classification_pipeline: Epoch 20: train loss 0.5390, val loss 0.5473, val accuracy 0.7126
2026-07-25 04:45:44,236 INFO Code.src.training.classification_pipeline: Epoch 21/30
2026-07-25 04:46:41,397 INFO Code.src.training.classification_pipeline: Epoch 21: train loss 0.5390, val loss 0.5415, val accuracy 0.7175
2026-07-25 04:46:41,397 INFO Code.src.training.classification_pipeline: Epoch 22/30
2026-07-25 04:47:38,454 INFO Code.src.training.classification_pipeline: Epoch 22: train loss 0.5392, val loss 0.5400, val accuracy 0.7210
2026-07-25 04:47:38,454 INFO Code.src.training.classification_pipeline: Epoch 23/30
2026-07-25 04:48:18,010 INFO Code.src.training.classification_pipeline: Epoch 23: train loss 0.5385, val loss 0.5418, val accuracy 0.7165
2026-07-25 04:48:18,010 INFO Code.src.training.classification_pipeline: Early stopping at epoch 23.
