2026-07-25 16:53:24,501 INFO __main__: Using cached frozen embeddings: /home/ubuntu/research/protein-sequence-augmentation/data/processed/embeddings/solubility/esm2/shared/train_0dcdabeb748fb865.pt
2026-07-25 16:53:24,539 INFO __main__: Using cached frozen embeddings: /home/ubuntu/research/protein-sequence-augmentation/data/processed/embeddings/solubility/esm2/shared/valid_c55c9076933759fb.pt
2026-07-25 16:53:24,551 INFO Code.src.training.classification_pipeline: Epoch 1/30
2026-07-25 16:54:13,116 INFO Code.src.training.classification_pipeline: Epoch 1: train loss 0.6203, val loss 0.6043, val accuracy 0.6664
2026-07-25 16:54:13,116 INFO Code.src.training.classification_pipeline: Epoch 2/30
2026-07-25 16:55:08,942 INFO Code.src.training.classification_pipeline: Epoch 2: train loss 0.6047, val loss 0.5931, val accuracy 0.6743
2026-07-25 16:55:08,942 INFO Code.src.training.classification_pipeline: Epoch 3/30
2026-07-25 16:56:08,317 INFO Code.src.training.classification_pipeline: Epoch 3: train loss 0.5974, val loss 0.5867, val accuracy 0.6815
2026-07-25 16:56:08,317 INFO Code.src.training.classification_pipeline: Epoch 4/30
2026-07-25 16:56:58,046 INFO Code.src.training.classification_pipeline: Epoch 4: train loss 0.5920, val loss 0.5813, val accuracy 0.6852
2026-07-25 16:56:58,046 INFO Code.src.training.classification_pipeline: Epoch 5/30
2026-07-25 16:57:57,292 INFO Code.src.training.classification_pipeline: Epoch 5: train loss 0.5891, val loss 0.5804, val accuracy 0.6858
2026-07-25 16:57:57,292 INFO Code.src.training.classification_pipeline: Epoch 6/30
2026-07-25 16:58:56,881 INFO Code.src.training.classification_pipeline: Epoch 6: train loss 0.5860, val loss 0.5846, val accuracy 0.6847
2026-07-25 16:58:56,881 INFO Code.src.training.classification_pipeline: Epoch 7/30
2026-07-25 16:59:43,729 INFO Code.src.training.classification_pipeline: Epoch 7: train loss 0.5818, val loss 0.5766, val accuracy 0.6865
2026-07-25 16:59:43,729 INFO Code.src.training.classification_pipeline: Epoch 8/30
2026-07-25 17:00:42,970 INFO Code.src.training.classification_pipeline: Epoch 8: train loss 0.5807, val loss 0.5789, val accuracy 0.6809
2026-07-25 17:00:42,970 INFO Code.src.training.classification_pipeline: Epoch 9/30
2026-07-25 17:01:42,302 INFO Code.src.training.classification_pipeline: Epoch 9: train loss 0.5810, val loss 0.5732, val accuracy 0.6897
2026-07-25 17:01:42,302 INFO Code.src.training.classification_pipeline: Epoch 10/30
2026-07-25 17:02:27,145 INFO Code.src.training.classification_pipeline: Epoch 10: train loss 0.5770, val loss 0.5760, val accuracy 0.6832
2026-07-25 17:02:27,145 INFO Code.src.training.classification_pipeline: Epoch 11/30
2026-07-25 17:03:26,456 INFO Code.src.training.classification_pipeline: Epoch 11: train loss 0.5761, val loss 0.5713, val accuracy 0.6914
2026-07-25 17:03:26,456 INFO Code.src.training.classification_pipeline: Epoch 12/30
2026-07-25 17:04:25,737 INFO Code.src.training.classification_pipeline: Epoch 12: train loss 0.5764, val loss 0.5732, val accuracy 0.6897
2026-07-25 17:04:25,737 INFO Code.src.training.classification_pipeline: Epoch 13/30
2026-07-25 17:05:12,434 INFO Code.src.training.classification_pipeline: Epoch 13: train loss 0.5746, val loss 0.5669, val accuracy 0.6929
2026-07-25 17:05:12,434 INFO Code.src.training.classification_pipeline: Epoch 14/30
2026-07-25 17:06:11,676 INFO Code.src.training.classification_pipeline: Epoch 14: train loss 0.5739, val loss 0.5732, val accuracy 0.6901
2026-07-25 17:06:11,676 INFO Code.src.training.classification_pipeline: Epoch 15/30
2026-07-25 17:07:11,170 INFO Code.src.training.classification_pipeline: Epoch 15: train loss 0.5723, val loss 0.5778, val accuracy 0.6909
2026-07-25 17:07:11,171 INFO Code.src.training.classification_pipeline: Epoch 16/30
2026-07-25 17:07:58,051 INFO Code.src.training.classification_pipeline: Epoch 16: train loss 0.5714, val loss 0.5689, val accuracy 0.6925
2026-07-25 17:07:58,051 INFO Code.src.training.classification_pipeline: Epoch 17/30
2026-07-25 17:08:57,399 INFO Code.src.training.classification_pipeline: Epoch 17: train loss 0.5727, val loss 0.5729, val accuracy 0.6916
2026-07-25 17:08:57,399 INFO Code.src.training.classification_pipeline: Epoch 18/30
2026-07-25 17:09:52,587 INFO Code.src.training.classification_pipeline: Epoch 18: train loss 0.5706, val loss 0.5657, val accuracy 0.7002
2026-07-25 17:09:52,587 INFO Code.src.training.classification_pipeline: Epoch 19/30
2026-07-25 17:10:41,551 INFO Code.src.training.classification_pipeline: Epoch 19: train loss 0.5708, val loss 0.5666, val accuracy 0.6920
2026-07-25 17:10:41,551 INFO Code.src.training.classification_pipeline: Epoch 20/30
2026-07-25 17:11:40,867 INFO Code.src.training.classification_pipeline: Epoch 20: train loss 0.5694, val loss 0.5680, val accuracy 0.6975
2026-07-25 17:11:40,867 INFO Code.src.training.classification_pipeline: Epoch 21/30
2026-07-25 17:12:31,262 INFO Code.src.training.classification_pipeline: Epoch 21: train loss 0.5701, val loss 0.5641, val accuracy 0.7015
2026-07-25 17:12:31,262 INFO Code.src.training.classification_pipeline: Epoch 22/30
2026-07-25 17:13:28,234 INFO Code.src.training.classification_pipeline: Epoch 22: train loss 0.5684, val loss 0.5669, val accuracy 0.6932
2026-07-25 17:13:28,234 INFO Code.src.training.classification_pipeline: Epoch 23/30
2026-07-25 17:14:27,651 INFO Code.src.training.classification_pipeline: Epoch 23: train loss 0.5706, val loss 0.5794, val accuracy 0.6930
2026-07-25 17:14:27,651 INFO Code.src.training.classification_pipeline: Epoch 24/30
2026-07-25 17:15:17,939 INFO Code.src.training.classification_pipeline: Epoch 24: train loss 0.5705, val loss 0.5761, val accuracy 0.6818
2026-07-25 17:15:17,939 INFO Code.src.training.classification_pipeline: Epoch 25/30
2026-07-25 17:16:17,340 INFO Code.src.training.classification_pipeline: Epoch 25: train loss 0.5679, val loss 0.5665, val accuracy 0.6973
2026-07-25 17:16:17,340 INFO Code.src.training.classification_pipeline: Epoch 26/30
2026-07-25 17:17:16,581 INFO Code.src.training.classification_pipeline: Epoch 26: train loss 0.5694, val loss 0.5651, val accuracy 0.7018
2026-07-25 17:17:16,581 INFO Code.src.training.classification_pipeline: Early stopping at epoch 26.
