2026-07-30 07:06:43,107 INFO Code.src.utils.embedding_cache: Using cached frozen embeddings: /home/ubuntu/protein-sequence-augmentation/data/processed/embeddings/solubility/trained_autoencoder+esm2/shared/train_f0d3f3e3f38a4324.pt
2026-07-30 07:06:43,143 INFO Code.src.utils.embedding_cache: Using cached frozen embeddings: /home/ubuntu/protein-sequence-augmentation/data/processed/embeddings/solubility/trained_autoencoder+esm2/shared/valid_4c11a0a456e5634c.pt
2026-07-30 07:06:43,147 INFO Code.src.training.classification_pipeline: Epoch 1/30
2026-07-30 07:06:52,053 INFO Code.src.training.classification_pipeline: Epoch 1: train loss 0.5762, val loss 0.5445, val accuracy 0.6939
2026-07-30 07:06:52,053 INFO Code.src.training.classification_pipeline: Epoch 2/30
2026-07-30 07:07:00,996 INFO Code.src.training.classification_pipeline: Epoch 2: train loss 0.5374, val loss 0.5181, val accuracy 0.7201
2026-07-30 07:07:00,996 INFO Code.src.training.classification_pipeline: Epoch 3/30
2026-07-30 07:07:09,918 INFO Code.src.training.classification_pipeline: Epoch 3: train loss 0.5240, val loss 0.5145, val accuracy 0.7252
2026-07-30 07:07:09,918 INFO Code.src.training.classification_pipeline: Epoch 4/30
2026-07-30 07:07:18,741 INFO Code.src.training.classification_pipeline: Epoch 4: train loss 0.5146, val loss 0.5199, val accuracy 0.7259
2026-07-30 07:07:18,742 INFO Code.src.training.classification_pipeline: Epoch 5/30
2026-07-30 07:07:27,513 INFO Code.src.training.classification_pipeline: Epoch 5: train loss 0.5079, val loss 0.5083, val accuracy 0.7295
2026-07-30 07:07:27,513 INFO Code.src.training.classification_pipeline: Epoch 6/30
2026-07-30 07:07:36,450 INFO Code.src.training.classification_pipeline: Epoch 6: train loss 0.5014, val loss 0.5117, val accuracy 0.7257
2026-07-30 07:07:36,451 INFO Code.src.training.classification_pipeline: Epoch 7/30
2026-07-30 07:07:45,192 INFO Code.src.training.classification_pipeline: Epoch 7: train loss 0.4966, val loss 0.5178, val accuracy 0.7305
2026-07-30 07:07:45,192 INFO Code.src.training.classification_pipeline: Epoch 8/30
2026-07-30 07:07:53,948 INFO Code.src.training.classification_pipeline: Epoch 8: train loss 0.4915, val loss 0.5239, val accuracy 0.7236
2026-07-30 07:07:53,948 INFO Code.src.training.classification_pipeline: Epoch 9/30
2026-07-30 07:08:02,729 INFO Code.src.training.classification_pipeline: Epoch 9: train loss 0.4876, val loss 0.5202, val accuracy 0.7262
2026-07-30 07:08:02,729 INFO Code.src.training.classification_pipeline: Epoch 10/30
2026-07-30 07:08:11,473 INFO Code.src.training.classification_pipeline: Epoch 10: train loss 0.4866, val loss 0.5152, val accuracy 0.7292
2026-07-30 07:08:11,473 INFO Code.src.training.classification_pipeline: Early stopping at epoch 10.
