2026-07-30 03:53:20,545 INFO Code.src.utils.embedding_cache: Using cached frozen embeddings: /home/ubuntu/protein-sequence-augmentation/data/processed/embeddings/solubility/trained_autoencoder/shared/train_5865efccb4c0f33b.pt
2026-07-30 03:53:20,580 INFO Code.src.utils.embedding_cache: Using cached frozen embeddings: /home/ubuntu/protein-sequence-augmentation/data/processed/embeddings/solubility/trained_autoencoder/shared/valid_e57addc1474b2f72.pt
2026-07-30 03:53:20,583 INFO Code.src.training.classification_pipeline: Epoch 1/30
2026-07-30 03:53:27,915 INFO Code.src.training.classification_pipeline: Epoch 1: train loss 0.6329, val loss 0.6165, val accuracy 0.6416
2026-07-30 03:53:27,915 INFO Code.src.training.classification_pipeline: Epoch 2/30
2026-07-30 03:53:35,181 INFO Code.src.training.classification_pipeline: Epoch 2: train loss 0.6178, val loss 0.6146, val accuracy 0.6392
2026-07-30 03:53:35,181 INFO Code.src.training.classification_pipeline: Epoch 3/30
2026-07-30 03:53:42,490 INFO Code.src.training.classification_pipeline: Epoch 3: train loss 0.6170, val loss 0.6144, val accuracy 0.6380
2026-07-30 03:53:42,490 INFO Code.src.training.classification_pipeline: Epoch 4/30
2026-07-30 03:53:49,820 INFO Code.src.training.classification_pipeline: Epoch 4: train loss 0.6166, val loss 0.6143, val accuracy 0.6367
2026-07-30 03:53:49,820 INFO Code.src.training.classification_pipeline: Epoch 5/30
2026-07-30 03:53:57,096 INFO Code.src.training.classification_pipeline: Epoch 5: train loss 0.6163, val loss 0.6143, val accuracy 0.6389
2026-07-30 03:53:57,096 INFO Code.src.training.classification_pipeline: Epoch 6/30
2026-07-30 03:54:04,383 INFO Code.src.training.classification_pipeline: Epoch 6: train loss 0.6163, val loss 0.6144, val accuracy 0.6379
2026-07-30 03:54:04,383 INFO Code.src.training.classification_pipeline: Epoch 7/30
2026-07-30 03:54:11,734 INFO Code.src.training.classification_pipeline: Epoch 7: train loss 0.6162, val loss 0.6147, val accuracy 0.6361
2026-07-30 03:54:11,734 INFO Code.src.training.classification_pipeline: Epoch 8/30
2026-07-30 03:54:19,148 INFO Code.src.training.classification_pipeline: Epoch 8: train loss 0.6162, val loss 0.6150, val accuracy 0.6379
2026-07-30 03:54:19,148 INFO Code.src.training.classification_pipeline: Epoch 9/30
2026-07-30 03:54:26,403 INFO Code.src.training.classification_pipeline: Epoch 9: train loss 0.6161, val loss 0.6147, val accuracy 0.6345
2026-07-30 03:54:26,403 INFO Code.src.training.classification_pipeline: Early stopping at epoch 9.
