2026-07-25 02:05:48,436 INFO __main__: Using cached frozen embeddings: /home/ubuntu/protein-sequence-augmentation/data/processed/embeddings/solubility/esm2/shared/train_5b81aae505f7de18.pt
2026-07-25 02:05:48,478 INFO __main__: Using cached frozen embeddings: /home/ubuntu/protein-sequence-augmentation/data/processed/embeddings/solubility/esm2/shared/valid_8670af8275f2b1fb.pt
2026-07-25 02:05:48,489 INFO __main__: Using cached frozen embeddings: /home/ubuntu/protein-sequence-augmentation/data/processed/embeddings/solubility/esm2/shared/test_81c568d5fe0d23a8.pt
2026-07-25 02:05:48,493 INFO Code.src.training.classification_pipeline: Epoch 1/30
2026-07-25 02:05:58,718 INFO Code.src.training.classification_pipeline: Epoch 1: train loss 0.6154, val loss 0.6027, val accuracy 0.6684
2026-07-25 02:05:58,718 INFO Code.src.training.classification_pipeline: Epoch 2/30
2026-07-25 02:06:07,690 INFO Code.src.training.classification_pipeline: Epoch 2: train loss 0.5955, val loss 0.5875, val accuracy 0.6786
2026-07-25 02:06:07,691 INFO Code.src.training.classification_pipeline: Epoch 3/30
2026-07-25 02:06:16,664 INFO Code.src.training.classification_pipeline: Epoch 3: train loss 0.5833, val loss 0.5835, val accuracy 0.6858
2026-07-25 02:06:16,664 INFO Code.src.training.classification_pipeline: Epoch 4/30
2026-07-25 02:06:25,610 INFO Code.src.training.classification_pipeline: Epoch 4: train loss 0.5744, val loss 0.5712, val accuracy 0.6926
2026-07-25 02:06:25,610 INFO Code.src.training.classification_pipeline: Epoch 5/30
2026-07-25 02:06:34,559 INFO Code.src.training.classification_pipeline: Epoch 5: train loss 0.5665, val loss 0.5731, val accuracy 0.6873
2026-07-25 02:06:34,559 INFO Code.src.training.classification_pipeline: Epoch 6/30
2026-07-25 02:06:43,493 INFO Code.src.training.classification_pipeline: Epoch 6: train loss 0.5600, val loss 0.5757, val accuracy 0.6896
2026-07-25 02:06:43,493 INFO Code.src.training.classification_pipeline: Epoch 7/30
2026-07-25 02:06:52,448 INFO Code.src.training.classification_pipeline: Epoch 7: train loss 0.5524, val loss 0.5702, val accuracy 0.6976
2026-07-25 02:06:52,448 INFO Code.src.training.classification_pipeline: Epoch 8/30
2026-07-25 02:07:01,388 INFO Code.src.training.classification_pipeline: Epoch 8: train loss 0.5494, val loss 0.5685, val accuracy 0.6949
2026-07-25 02:07:01,388 INFO Code.src.training.classification_pipeline: Epoch 9/30
2026-07-25 02:07:10,315 INFO Code.src.training.classification_pipeline: Epoch 9: train loss 0.5449, val loss 0.5654, val accuracy 0.6975
2026-07-25 02:07:10,315 INFO Code.src.training.classification_pipeline: Epoch 10/30
2026-07-25 02:07:19,389 INFO Code.src.training.classification_pipeline: Epoch 10: train loss 0.5388, val loss 0.5712, val accuracy 0.6936
2026-07-25 02:07:19,389 INFO Code.src.training.classification_pipeline: Epoch 11/30
2026-07-25 02:07:28,360 INFO Code.src.training.classification_pipeline: Epoch 11: train loss 0.5359, val loss 0.5699, val accuracy 0.7001
2026-07-25 02:07:28,360 INFO Code.src.training.classification_pipeline: Epoch 12/30
2026-07-25 02:07:37,313 INFO Code.src.training.classification_pipeline: Epoch 12: train loss 0.5309, val loss 0.5691, val accuracy 0.6984
2026-07-25 02:07:37,313 INFO Code.src.training.classification_pipeline: Epoch 13/30
2026-07-25 02:07:46,261 INFO Code.src.training.classification_pipeline: Epoch 13: train loss 0.5280, val loss 0.5603, val accuracy 0.7034
2026-07-25 02:07:46,261 INFO Code.src.training.classification_pipeline: Epoch 14/30
2026-07-25 02:07:55,205 INFO Code.src.training.classification_pipeline: Epoch 14: train loss 0.5250, val loss 0.5631, val accuracy 0.7058
2026-07-25 02:07:55,205 INFO Code.src.training.classification_pipeline: Epoch 15/30
2026-07-25 02:08:04,191 INFO Code.src.training.classification_pipeline: Epoch 15: train loss 0.5197, val loss 0.5762, val accuracy 0.6973
2026-07-25 02:08:04,191 INFO Code.src.training.classification_pipeline: Epoch 16/30
2026-07-25 02:08:13,230 INFO Code.src.training.classification_pipeline: Epoch 16: train loss 0.5179, val loss 0.5730, val accuracy 0.7043
2026-07-25 02:08:13,230 INFO Code.src.training.classification_pipeline: Epoch 17/30
2026-07-25 02:08:22,190 INFO Code.src.training.classification_pipeline: Epoch 17: train loss 0.5150, val loss 0.5781, val accuracy 0.6988
2026-07-25 02:08:22,190 INFO Code.src.training.classification_pipeline: Epoch 18/30
2026-07-25 02:08:31,140 INFO Code.src.training.classification_pipeline: Epoch 18: train loss 0.5108, val loss 0.5680, val accuracy 0.7028
2026-07-25 02:08:31,140 INFO Code.src.training.classification_pipeline: Early stopping at epoch 18.
2026-07-25 02:08:31,279 INFO Code.src.training.classification_pipeline: Test Loss: 0.6773 | Test Acc: 0.6318 | Test F1 (Macro): 0.6197
