2026-07-26 19:49:18,782 INFO __main__: Saved frozen embeddings: /home/ubuntu/research/protein-sequence-augmentation/data/processed/embeddings/solubility/trained_autoencoder+esm2/shared/train_43efc16b13ef1bca.pt
2026-07-26 19:51:54,742 INFO __main__: Saved frozen embeddings: /home/ubuntu/research/protein-sequence-augmentation/data/processed/embeddings/solubility/trained_autoencoder+esm2/shared/valid_cffb2059b467820e.pt
2026-07-26 19:52:44,858 INFO __main__: Saved frozen embeddings: /home/ubuntu/research/protein-sequence-augmentation/data/processed/embeddings/solubility/trained_autoencoder+esm2/shared/test_76b8219a4a494c5a.pt
2026-07-26 19:52:45,006 INFO Code.src.training.classification_pipeline: Epoch 1/30
2026-07-26 19:53:45,977 INFO Code.src.training.classification_pipeline: Epoch 1: train loss 0.5762, val loss 0.5550, val accuracy 0.7047
2026-07-26 19:53:45,977 INFO Code.src.training.classification_pipeline: Epoch 2/30
2026-07-26 19:54:46,835 INFO Code.src.training.classification_pipeline: Epoch 2: train loss 0.5553, val loss 0.5512, val accuracy 0.7103
2026-07-26 19:54:46,835 INFO Code.src.training.classification_pipeline: Epoch 3/30
2026-07-26 19:55:47,862 INFO Code.src.training.classification_pipeline: Epoch 3: train loss 0.5515, val loss 0.5491, val accuracy 0.7094
2026-07-26 19:55:47,863 INFO Code.src.training.classification_pipeline: Epoch 4/30
2026-07-26 19:56:24,639 INFO Code.src.training.classification_pipeline: Epoch 4: train loss 0.5490, val loss 0.5478, val accuracy 0.7179
2026-07-26 19:56:24,639 INFO Code.src.training.classification_pipeline: Epoch 5/30
2026-07-26 19:57:25,420 INFO Code.src.training.classification_pipeline: Epoch 5: train loss 0.5472, val loss 0.5461, val accuracy 0.7136
2026-07-26 19:57:25,420 INFO Code.src.training.classification_pipeline: Epoch 6/30
2026-07-26 19:58:26,204 INFO Code.src.training.classification_pipeline: Epoch 6: train loss 0.5465, val loss 0.5484, val accuracy 0.7156
2026-07-26 19:58:26,204 INFO Code.src.training.classification_pipeline: Epoch 7/30
2026-07-26 19:59:27,048 INFO Code.src.training.classification_pipeline: Epoch 7: train loss 0.5450, val loss 0.5419, val accuracy 0.7185
2026-07-26 19:59:27,048 INFO Code.src.training.classification_pipeline: Epoch 8/30
2026-07-26 20:00:20,329 INFO Code.src.training.classification_pipeline: Epoch 8: train loss 0.5444, val loss 0.5449, val accuracy 0.7164
2026-07-26 20:00:20,329 INFO Code.src.training.classification_pipeline: Epoch 9/30
2026-07-26 20:01:14,137 INFO Code.src.training.classification_pipeline: Epoch 9: train loss 0.5436, val loss 0.5455, val accuracy 0.7178
2026-07-26 20:01:14,137 INFO Code.src.training.classification_pipeline: Epoch 10/30
2026-07-26 20:02:15,095 INFO Code.src.training.classification_pipeline: Epoch 10: train loss 0.5432, val loss 0.5457, val accuracy 0.7154
2026-07-26 20:02:15,095 INFO Code.src.training.classification_pipeline: Epoch 11/30
2026-07-26 20:03:16,184 INFO Code.src.training.classification_pipeline: Epoch 11: train loss 0.5426, val loss 0.5412, val accuracy 0.7152
2026-07-26 20:03:16,184 INFO Code.src.training.classification_pipeline: Epoch 12/30
2026-07-26 20:04:17,235 INFO Code.src.training.classification_pipeline: Epoch 12: train loss 0.5426, val loss 0.5420, val accuracy 0.7182
2026-07-26 20:04:17,235 INFO Code.src.training.classification_pipeline: Epoch 13/30
2026-07-26 20:05:05,479 INFO Code.src.training.classification_pipeline: Epoch 13: train loss 0.5417, val loss 0.5415, val accuracy 0.7131
2026-07-26 20:05:05,479 INFO Code.src.training.classification_pipeline: Epoch 14/30
2026-07-26 20:06:06,311 INFO Code.src.training.classification_pipeline: Epoch 14: train loss 0.5414, val loss 0.5402, val accuracy 0.7145
2026-07-26 20:06:06,311 INFO Code.src.training.classification_pipeline: Epoch 15/30
2026-07-26 20:07:07,089 INFO Code.src.training.classification_pipeline: Epoch 15: train loss 0.5411, val loss 0.5481, val accuracy 0.7131
2026-07-26 20:07:07,089 INFO Code.src.training.classification_pipeline: Epoch 16/30
2026-07-26 20:08:07,945 INFO Code.src.training.classification_pipeline: Epoch 16: train loss 0.5405, val loss 0.5474, val accuracy 0.7145
2026-07-26 20:08:07,945 INFO Code.src.training.classification_pipeline: Epoch 17/30
2026-07-26 20:08:57,741 INFO Code.src.training.classification_pipeline: Epoch 17: train loss 0.5403, val loss 0.5437, val accuracy 0.7156
2026-07-26 20:08:57,741 INFO Code.src.training.classification_pipeline: Epoch 18/30
2026-07-26 20:09:56,178 INFO Code.src.training.classification_pipeline: Epoch 18: train loss 0.5400, val loss 0.5385, val accuracy 0.7195
2026-07-26 20:09:56,178 INFO Code.src.training.classification_pipeline: Epoch 19/30
2026-07-26 20:10:57,012 INFO Code.src.training.classification_pipeline: Epoch 19: train loss 0.5399, val loss 0.5404, val accuracy 0.7228
2026-07-26 20:10:57,012 INFO Code.src.training.classification_pipeline: Epoch 20/30
2026-07-26 20:11:57,910 INFO Code.src.training.classification_pipeline: Epoch 20: train loss 0.5390, val loss 0.5473, val accuracy 0.7126
2026-07-26 20:11:57,910 INFO Code.src.training.classification_pipeline: Epoch 21/30
2026-07-26 20:12:58,795 INFO Code.src.training.classification_pipeline: Epoch 21: train loss 0.5390, val loss 0.5415, val accuracy 0.7175
2026-07-26 20:12:58,795 INFO Code.src.training.classification_pipeline: Epoch 22/30
2026-07-26 20:13:47,172 INFO Code.src.training.classification_pipeline: Epoch 22: train loss 0.5392, val loss 0.5400, val accuracy 0.7210
2026-07-26 20:13:47,172 INFO Code.src.training.classification_pipeline: Epoch 23/30
2026-07-26 20:14:47,982 INFO Code.src.training.classification_pipeline: Epoch 23: train loss 0.5385, val loss 0.5418, val accuracy 0.7165
2026-07-26 20:14:47,982 INFO Code.src.training.classification_pipeline: Early stopping at epoch 23.
2026-07-26 20:14:49,636 INFO Code.src.training.classification_pipeline: Test Loss: 0.5962 | Test Acc: 0.6863 | Test F1 (Macro): 0.6824
