2026-08-12 19:22:34,590 INFO Code.src.utils.embedding_cache: Saved frozen embeddings: /home/ubuntu/research/protein-sequence-augmentation/data/processed/embeddings/solubility/random_autoencoder/seed_43/train_c8156c83ec5628f7.pt
2026-08-12 19:22:53,448 INFO Code.src.utils.embedding_cache: Saved frozen embeddings: /home/ubuntu/research/protein-sequence-augmentation/data/processed/embeddings/solubility/random_autoencoder/seed_43/valid_d0186d0e4aca4c78.pt
2026-08-12 19:23:01,685 INFO Code.src.utils.embedding_cache: Saved frozen embeddings: /home/ubuntu/research/protein-sequence-augmentation/data/processed/embeddings/solubility/random_autoencoder/seed_43/test_c82464f057ec7f7b.pt
2026-08-12 19:23:01,863 INFO Code.src.training.classification_pipeline: Epoch 1/30
2026-08-12 19:23:09,774 INFO Code.src.training.classification_pipeline: Epoch 1: train loss 0.6784, val loss 0.6766, val accuracy 0.5827
2026-08-12 19:23:09,774 INFO Code.src.training.classification_pipeline: Epoch 2/30
2026-08-12 19:23:17,713 INFO Code.src.training.classification_pipeline: Epoch 2: train loss 0.6762, val loss 0.6747, val accuracy 0.5827
2026-08-12 19:23:17,714 INFO Code.src.training.classification_pipeline: Epoch 3/30
2026-08-12 19:23:26,031 INFO Code.src.training.classification_pipeline: Epoch 3: train loss 0.6745, val loss 0.6725, val accuracy 0.5827
2026-08-12 19:23:26,031 INFO Code.src.training.classification_pipeline: Epoch 4/30
2026-08-12 19:23:34,154 INFO Code.src.training.classification_pipeline: Epoch 4: train loss 0.6730, val loss 0.6708, val accuracy 0.5830
2026-08-12 19:23:34,154 INFO Code.src.training.classification_pipeline: Epoch 5/30
2026-08-12 19:23:42,119 INFO Code.src.training.classification_pipeline: Epoch 5: train loss 0.6716, val loss 0.6695, val accuracy 0.5844
2026-08-12 19:23:42,119 INFO Code.src.training.classification_pipeline: Epoch 6/30
2026-08-12 19:23:50,038 INFO Code.src.training.classification_pipeline: Epoch 6: train loss 0.6705, val loss 0.6681, val accuracy 0.5863
2026-08-12 19:23:50,038 INFO Code.src.training.classification_pipeline: Epoch 7/30
2026-08-12 19:23:57,957 INFO Code.src.training.classification_pipeline: Epoch 7: train loss 0.6695, val loss 0.6669, val accuracy 0.5883
2026-08-12 19:23:57,957 INFO Code.src.training.classification_pipeline: Epoch 8/30
2026-08-12 19:24:05,973 INFO Code.src.training.classification_pipeline: Epoch 8: train loss 0.6685, val loss 0.6658, val accuracy 0.5905
2026-08-12 19:24:05,973 INFO Code.src.training.classification_pipeline: Epoch 9/30
2026-08-12 19:24:13,903 INFO Code.src.training.classification_pipeline: Epoch 9: train loss 0.6677, val loss 0.6649, val accuracy 0.5883
2026-08-12 19:24:13,904 INFO Code.src.training.classification_pipeline: Epoch 10/30
2026-08-12 19:24:21,844 INFO Code.src.training.classification_pipeline: Epoch 10: train loss 0.6670, val loss 0.6639, val accuracy 0.5931
2026-08-12 19:24:21,844 INFO Code.src.training.classification_pipeline: Epoch 11/30
2026-08-12 19:24:30,097 INFO Code.src.training.classification_pipeline: Epoch 11: train loss 0.6663, val loss 0.6631, val accuracy 0.5951
2026-08-12 19:24:30,097 INFO Code.src.training.classification_pipeline: Epoch 12/30
2026-08-12 19:24:38,261 INFO Code.src.training.classification_pipeline: Epoch 12: train loss 0.6656, val loss 0.6626, val accuracy 0.6033
2026-08-12 19:24:38,261 INFO Code.src.training.classification_pipeline: Epoch 13/30
2026-08-12 19:24:46,237 INFO Code.src.training.classification_pipeline: Epoch 13: train loss 0.6650, val loss 0.6617, val accuracy 0.5972
2026-08-12 19:24:46,237 INFO Code.src.training.classification_pipeline: Epoch 14/30
2026-08-12 19:24:54,170 INFO Code.src.training.classification_pipeline: Epoch 14: train loss 0.6644, val loss 0.6613, val accuracy 0.5964
2026-08-12 19:24:54,170 INFO Code.src.training.classification_pipeline: Epoch 15/30
2026-08-12 19:25:02,253 INFO Code.src.training.classification_pipeline: Epoch 15: train loss 0.6639, val loss 0.6606, val accuracy 0.6067
2026-08-12 19:25:02,253 INFO Code.src.training.classification_pipeline: Epoch 16/30
2026-08-12 19:25:10,240 INFO Code.src.training.classification_pipeline: Epoch 16: train loss 0.6635, val loss 0.6599, val accuracy 0.6044
2026-08-12 19:25:10,240 INFO Code.src.training.classification_pipeline: Epoch 17/30
2026-08-12 19:25:18,308 INFO Code.src.training.classification_pipeline: Epoch 17: train loss 0.6631, val loss 0.6599, val accuracy 0.5993
2026-08-12 19:25:18,308 INFO Code.src.training.classification_pipeline: Epoch 18/30
2026-08-12 19:25:26,310 INFO Code.src.training.classification_pipeline: Epoch 18: train loss 0.6626, val loss 0.6592, val accuracy 0.6021
2026-08-12 19:25:26,310 INFO Code.src.training.classification_pipeline: Epoch 19/30
2026-08-12 19:25:34,254 INFO Code.src.training.classification_pipeline: Epoch 19: train loss 0.6623, val loss 0.6586, val accuracy 0.6079
2026-08-12 19:25:34,254 INFO Code.src.training.classification_pipeline: Epoch 20/30
2026-08-12 19:25:42,268 INFO Code.src.training.classification_pipeline: Epoch 20: train loss 0.6619, val loss 0.6582, val accuracy 0.6101
2026-08-12 19:25:42,268 INFO Code.src.training.classification_pipeline: Epoch 21/30
2026-08-12 19:25:50,223 INFO Code.src.training.classification_pipeline: Epoch 21: train loss 0.6616, val loss 0.6578, val accuracy 0.6099
2026-08-12 19:25:50,223 INFO Code.src.training.classification_pipeline: Epoch 22/30
2026-08-12 19:25:58,150 INFO Code.src.training.classification_pipeline: Epoch 22: train loss 0.6613, val loss 0.6582, val accuracy 0.6138
2026-08-12 19:25:58,150 INFO Code.src.training.classification_pipeline: Epoch 23/30
2026-08-12 19:26:06,152 INFO Code.src.training.classification_pipeline: Epoch 23: train loss 0.6610, val loss 0.6573, val accuracy 0.6057
2026-08-12 19:26:06,152 INFO Code.src.training.classification_pipeline: Epoch 24/30
2026-08-12 19:26:14,104 INFO Code.src.training.classification_pipeline: Epoch 24: train loss 0.6607, val loss 0.6567, val accuracy 0.6105
2026-08-12 19:26:14,104 INFO Code.src.training.classification_pipeline: Epoch 25/30
2026-08-12 19:26:22,011 INFO Code.src.training.classification_pipeline: Epoch 25: train loss 0.6605, val loss 0.6564, val accuracy 0.6119
2026-08-12 19:26:22,011 INFO Code.src.training.classification_pipeline: Epoch 26/30
2026-08-12 19:26:29,918 INFO Code.src.training.classification_pipeline: Epoch 26: train loss 0.6602, val loss 0.6564, val accuracy 0.6147
2026-08-12 19:26:29,918 INFO Code.src.training.classification_pipeline: Epoch 27/30
2026-08-12 19:26:37,894 INFO Code.src.training.classification_pipeline: Epoch 27: train loss 0.6600, val loss 0.6568, val accuracy 0.6057
2026-08-12 19:26:37,894 INFO Code.src.training.classification_pipeline: Epoch 28/30
2026-08-12 19:26:45,930 INFO Code.src.training.classification_pipeline: Epoch 28: train loss 0.6598, val loss 0.6558, val accuracy 0.6086
2026-08-12 19:26:45,930 INFO Code.src.training.classification_pipeline: Epoch 29/30
2026-08-12 19:26:53,965 INFO Code.src.training.classification_pipeline: Epoch 29: train loss 0.6595, val loss 0.6554, val accuracy 0.6150
2026-08-12 19:26:53,966 INFO Code.src.training.classification_pipeline: Epoch 30/30
2026-08-12 19:27:02,024 INFO Code.src.training.classification_pipeline: Epoch 30: train loss 0.6593, val loss 0.6552, val accuracy 0.6129
2026-08-12 19:27:02,164 INFO Code.src.training.classification_pipeline: Test Loss: 0.6924 | Test Acc: 0.5288 | Test F1 (Macro): 0.4413
