2026-07-25 10:33:13,737 INFO __main__: Using cached frozen embeddings: /home/ubuntu/research/protein-sequence-augmentation/data/processed/embeddings/solubility/trained_autoencoder/shared/train_aca2e7f82ea59e5f.pt
2026-07-25 10:33:13,775 INFO __main__: Using cached frozen embeddings: /home/ubuntu/research/protein-sequence-augmentation/data/processed/embeddings/solubility/trained_autoencoder/shared/valid_04c5b7b88272c605.pt
2026-07-25 10:33:13,786 INFO Code.src.training.classification_pipeline: Epoch 1/30
2026-07-25 10:34:13,848 INFO Code.src.training.classification_pipeline: Epoch 1: train loss 0.6059, val loss 0.5773, val accuracy 0.6778
2026-07-25 10:34:13,848 INFO Code.src.training.classification_pipeline: Epoch 2/30
2026-07-25 10:35:13,760 INFO Code.src.training.classification_pipeline: Epoch 2: train loss 0.5674, val loss 0.5571, val accuracy 0.6966
2026-07-25 10:35:13,761 INFO Code.src.training.classification_pipeline: Epoch 3/30
2026-07-25 10:36:03,468 INFO Code.src.training.classification_pipeline: Epoch 3: train loss 0.5437, val loss 0.5429, val accuracy 0.7057
2026-07-25 10:36:03,468 INFO Code.src.training.classification_pipeline: Epoch 4/30
2026-07-25 10:37:03,408 INFO Code.src.training.classification_pipeline: Epoch 4: train loss 0.5259, val loss 0.5355, val accuracy 0.7141
2026-07-25 10:37:03,408 INFO Code.src.training.classification_pipeline: Epoch 5/30
2026-07-25 10:38:03,440 INFO Code.src.training.classification_pipeline: Epoch 5: train loss 0.5134, val loss 0.5319, val accuracy 0.7200
2026-07-25 10:38:03,440 INFO Code.src.training.classification_pipeline: Epoch 6/30
2026-07-25 10:38:53,291 INFO Code.src.training.classification_pipeline: Epoch 6: train loss 0.5033, val loss 0.5281, val accuracy 0.7226
2026-07-25 10:38:53,291 INFO Code.src.training.classification_pipeline: Epoch 7/30
2026-07-25 10:39:53,239 INFO Code.src.training.classification_pipeline: Epoch 7: train loss 0.4942, val loss 0.5268, val accuracy 0.7256
2026-07-25 10:39:53,239 INFO Code.src.training.classification_pipeline: Epoch 8/30
2026-07-25 10:40:53,228 INFO Code.src.training.classification_pipeline: Epoch 8: train loss 0.4855, val loss 0.5275, val accuracy 0.7256
2026-07-25 10:40:53,228 INFO Code.src.training.classification_pipeline: Epoch 9/30
2026-07-25 10:41:39,909 INFO Code.src.training.classification_pipeline: Epoch 9: train loss 0.4776, val loss 0.5277, val accuracy 0.7253
2026-07-25 10:41:39,910 INFO Code.src.training.classification_pipeline: Epoch 10/30
2026-07-25 10:42:36,760 INFO Code.src.training.classification_pipeline: Epoch 10: train loss 0.4704, val loss 0.5295, val accuracy 0.7259
2026-07-25 10:42:36,760 INFO Code.src.training.classification_pipeline: Epoch 11/30
2026-07-25 10:43:36,724 INFO Code.src.training.classification_pipeline: Epoch 11: train loss 0.4624, val loss 0.5267, val accuracy 0.7324
2026-07-25 10:43:36,724 INFO Code.src.training.classification_pipeline: Epoch 12/30
2026-07-25 10:44:36,440 INFO Code.src.training.classification_pipeline: Epoch 12: train loss 0.4556, val loss 0.5306, val accuracy 0.7315
2026-07-25 10:44:36,440 INFO Code.src.training.classification_pipeline: Epoch 13/30
2026-07-25 10:45:21,359 INFO Code.src.training.classification_pipeline: Epoch 13: train loss 0.4472, val loss 0.5309, val accuracy 0.7267
2026-07-25 10:45:21,359 INFO Code.src.training.classification_pipeline: Epoch 14/30
2026-07-25 10:46:21,370 INFO Code.src.training.classification_pipeline: Epoch 14: train loss 0.4404, val loss 0.5338, val accuracy 0.7308
2026-07-25 10:46:21,370 INFO Code.src.training.classification_pipeline: Epoch 15/30
2026-07-25 10:47:21,365 INFO Code.src.training.classification_pipeline: Epoch 15: train loss 0.4343, val loss 0.5393, val accuracy 0.7267
2026-07-25 10:47:21,365 INFO Code.src.training.classification_pipeline: Epoch 16/30
2026-07-25 10:48:05,940 INFO Code.src.training.classification_pipeline: Epoch 16: train loss 0.4284, val loss 0.5390, val accuracy 0.7269
2026-07-25 10:48:05,940 INFO Code.src.training.classification_pipeline: Early stopping at epoch 16.
