2026-07-30 04:47:47,125 INFO Code.src.utils.embedding_cache: Using cached frozen embeddings: /home/ubuntu/protein-sequence-augmentation/data/processed/embeddings/solubility/trained_autoencoder+esm2/shared/train_f0d3f3e3f38a4324.pt
2026-07-30 04:47:47,161 INFO Code.src.utils.embedding_cache: Using cached frozen embeddings: /home/ubuntu/protein-sequence-augmentation/data/processed/embeddings/solubility/trained_autoencoder+esm2/shared/valid_4c11a0a456e5634c.pt
2026-07-30 04:47:47,164 INFO Code.src.training.classification_pipeline: Epoch 1/30
2026-07-30 04:47:54,439 INFO Code.src.training.classification_pipeline: Epoch 1: train loss 0.5995, val loss 0.5826, val accuracy 0.6768
2026-07-30 04:47:54,439 INFO Code.src.training.classification_pipeline: Epoch 2/30
2026-07-30 04:48:01,574 INFO Code.src.training.classification_pipeline: Epoch 2: train loss 0.5802, val loss 0.5766, val accuracy 0.6886
2026-07-30 04:48:01,574 INFO Code.src.training.classification_pipeline: Epoch 3/30
2026-07-30 04:48:08,850 INFO Code.src.training.classification_pipeline: Epoch 3: train loss 0.5780, val loss 0.5759, val accuracy 0.6773
2026-07-30 04:48:08,850 INFO Code.src.training.classification_pipeline: Epoch 4/30
2026-07-30 04:48:15,950 INFO Code.src.training.classification_pipeline: Epoch 4: train loss 0.5760, val loss 0.5751, val accuracy 0.6865
2026-07-30 04:48:15,950 INFO Code.src.training.classification_pipeline: Epoch 5/30
2026-07-30 04:48:23,189 INFO Code.src.training.classification_pipeline: Epoch 5: train loss 0.5744, val loss 0.5750, val accuracy 0.6851
2026-07-30 04:48:23,189 INFO Code.src.training.classification_pipeline: Epoch 6/30
2026-07-30 04:48:30,362 INFO Code.src.training.classification_pipeline: Epoch 6: train loss 0.5742, val loss 0.5826, val accuracy 0.6782
2026-07-30 04:48:30,362 INFO Code.src.training.classification_pipeline: Epoch 7/30
2026-07-30 04:48:37,548 INFO Code.src.training.classification_pipeline: Epoch 7: train loss 0.5733, val loss 0.5737, val accuracy 0.6851
2026-07-30 04:48:37,548 INFO Code.src.training.classification_pipeline: Epoch 8/30
2026-07-30 04:48:44,817 INFO Code.src.training.classification_pipeline: Epoch 8: train loss 0.5732, val loss 0.5753, val accuracy 0.6858
2026-07-30 04:48:44,817 INFO Code.src.training.classification_pipeline: Epoch 9/30
2026-07-30 04:48:51,931 INFO Code.src.training.classification_pipeline: Epoch 9: train loss 0.5725, val loss 0.5747, val accuracy 0.6845
2026-07-30 04:48:51,931 INFO Code.src.training.classification_pipeline: Epoch 10/30
2026-07-30 04:48:59,025 INFO Code.src.training.classification_pipeline: Epoch 10: train loss 0.5729, val loss 0.5745, val accuracy 0.6844
2026-07-30 04:48:59,025 INFO Code.src.training.classification_pipeline: Epoch 11/30
2026-07-30 04:49:06,245 INFO Code.src.training.classification_pipeline: Epoch 11: train loss 0.5722, val loss 0.5759, val accuracy 0.6870
2026-07-30 04:49:06,245 INFO Code.src.training.classification_pipeline: Epoch 12/30
2026-07-30 04:49:13,481 INFO Code.src.training.classification_pipeline: Epoch 12: train loss 0.5722, val loss 0.5764, val accuracy 0.6847
2026-07-30 04:49:13,481 INFO Code.src.training.classification_pipeline: Early stopping at epoch 12.
