2026-07-30 14:34:15,102 INFO Code.src.utils.embedding_cache: Using cached frozen embeddings: /home/ubuntu/protein-sequence-augmentation/data/processed/embeddings/solubility/random_autoencoder/seed_42/train_69b4a682aad300d0.pt
2026-07-30 14:34:15,137 INFO Code.src.utils.embedding_cache: Using cached frozen embeddings: /home/ubuntu/protein-sequence-augmentation/data/processed/embeddings/solubility/random_autoencoder/seed_42/valid_9b4e599c4c2e9237.pt
2026-07-30 14:34:15,148 INFO Code.src.utils.embedding_cache: Using cached frozen embeddings: /home/ubuntu/protein-sequence-augmentation/data/processed/embeddings/solubility/random_autoencoder/seed_42/test_90395d594741aa05.pt
2026-07-30 14:34:15,151 INFO Code.src.training.classification_pipeline: Epoch 1/30
2026-07-30 14:34:23,569 INFO Code.src.training.classification_pipeline: Epoch 1: train loss 0.6729, val loss 0.6608, val accuracy 0.6150
2026-07-30 14:34:23,569 INFO Code.src.training.classification_pipeline: Epoch 2/30
2026-07-30 14:34:32,097 INFO Code.src.training.classification_pipeline: Epoch 2: train loss 0.6630, val loss 0.6583, val accuracy 0.6148
2026-07-30 14:34:32,097 INFO Code.src.training.classification_pipeline: Epoch 3/30
2026-07-30 14:34:40,475 INFO Code.src.training.classification_pipeline: Epoch 3: train loss 0.6605, val loss 0.6523, val accuracy 0.6161
2026-07-30 14:34:40,475 INFO Code.src.training.classification_pipeline: Epoch 4/30
2026-07-30 14:34:48,927 INFO Code.src.training.classification_pipeline: Epoch 4: train loss 0.6583, val loss 0.6503, val accuracy 0.6184
2026-07-30 14:34:48,927 INFO Code.src.training.classification_pipeline: Epoch 5/30
2026-07-30 14:34:57,244 INFO Code.src.training.classification_pipeline: Epoch 5: train loss 0.6568, val loss 0.6514, val accuracy 0.6160
2026-07-30 14:34:57,245 INFO Code.src.training.classification_pipeline: Epoch 6/30
2026-07-30 14:35:05,605 INFO Code.src.training.classification_pipeline: Epoch 6: train loss 0.6560, val loss 0.6517, val accuracy 0.6138
2026-07-30 14:35:05,605 INFO Code.src.training.classification_pipeline: Epoch 7/30
2026-07-30 14:35:14,121 INFO Code.src.training.classification_pipeline: Epoch 7: train loss 0.6550, val loss 0.6466, val accuracy 0.6268
2026-07-30 14:35:14,121 INFO Code.src.training.classification_pipeline: Epoch 8/30
2026-07-30 14:35:22,645 INFO Code.src.training.classification_pipeline: Epoch 8: train loss 0.6542, val loss 0.6468, val accuracy 0.6226
2026-07-30 14:35:22,645 INFO Code.src.training.classification_pipeline: Epoch 9/30
2026-07-30 14:35:31,190 INFO Code.src.training.classification_pipeline: Epoch 9: train loss 0.6534, val loss 0.6454, val accuracy 0.6276
2026-07-30 14:35:31,190 INFO Code.src.training.classification_pipeline: Epoch 10/30
2026-07-30 14:35:39,620 INFO Code.src.training.classification_pipeline: Epoch 10: train loss 0.6525, val loss 0.6450, val accuracy 0.6279
2026-07-30 14:35:39,620 INFO Code.src.training.classification_pipeline: Epoch 11/30
2026-07-30 14:35:48,043 INFO Code.src.training.classification_pipeline: Epoch 11: train loss 0.6519, val loss 0.6429, val accuracy 0.6275
2026-07-30 14:35:48,044 INFO Code.src.training.classification_pipeline: Epoch 12/30
2026-07-30 14:35:56,417 INFO Code.src.training.classification_pipeline: Epoch 12: train loss 0.6501, val loss 0.6417, val accuracy 0.6250
2026-07-30 14:35:56,417 INFO Code.src.training.classification_pipeline: Epoch 13/30
2026-07-30 14:36:04,740 INFO Code.src.training.classification_pipeline: Epoch 13: train loss 0.6496, val loss 0.6476, val accuracy 0.6299
2026-07-30 14:36:04,741 INFO Code.src.training.classification_pipeline: Epoch 14/30
2026-07-30 14:36:13,099 INFO Code.src.training.classification_pipeline: Epoch 14: train loss 0.6482, val loss 0.6397, val accuracy 0.6305
2026-07-30 14:36:13,099 INFO Code.src.training.classification_pipeline: Epoch 15/30
2026-07-30 14:36:21,654 INFO Code.src.training.classification_pipeline: Epoch 15: train loss 0.6473, val loss 0.6406, val accuracy 0.6272
2026-07-30 14:36:21,654 INFO Code.src.training.classification_pipeline: Epoch 16/30
2026-07-30 14:36:30,078 INFO Code.src.training.classification_pipeline: Epoch 16: train loss 0.6469, val loss 0.6433, val accuracy 0.6283
2026-07-30 14:36:30,078 INFO Code.src.training.classification_pipeline: Epoch 17/30
2026-07-30 14:36:38,426 INFO Code.src.training.classification_pipeline: Epoch 17: train loss 0.6459, val loss 0.6393, val accuracy 0.6314
2026-07-30 14:36:38,426 INFO Code.src.training.classification_pipeline: Epoch 18/30
2026-07-30 14:36:46,871 INFO Code.src.training.classification_pipeline: Epoch 18: train loss 0.6451, val loss 0.6362, val accuracy 0.6344
2026-07-30 14:36:46,871 INFO Code.src.training.classification_pipeline: Epoch 19/30
2026-07-30 14:36:55,243 INFO Code.src.training.classification_pipeline: Epoch 19: train loss 0.6443, val loss 0.6349, val accuracy 0.6364
2026-07-30 14:36:55,243 INFO Code.src.training.classification_pipeline: Epoch 20/30
2026-07-30 14:37:03,666 INFO Code.src.training.classification_pipeline: Epoch 20: train loss 0.6433, val loss 0.6351, val accuracy 0.6308
2026-07-30 14:37:03,666 INFO Code.src.training.classification_pipeline: Epoch 21/30
2026-07-30 14:37:12,246 INFO Code.src.training.classification_pipeline: Epoch 21: train loss 0.6428, val loss 0.6437, val accuracy 0.6219
2026-07-30 14:37:12,246 INFO Code.src.training.classification_pipeline: Epoch 22/30
2026-07-30 14:37:20,814 INFO Code.src.training.classification_pipeline: Epoch 22: train loss 0.6424, val loss 0.6339, val accuracy 0.6353
2026-07-30 14:37:20,814 INFO Code.src.training.classification_pipeline: Epoch 23/30
2026-07-30 14:37:29,265 INFO Code.src.training.classification_pipeline: Epoch 23: train loss 0.6427, val loss 0.6593, val accuracy 0.6059
2026-07-30 14:37:29,266 INFO Code.src.training.classification_pipeline: Epoch 24/30
2026-07-30 14:37:37,765 INFO Code.src.training.classification_pipeline: Epoch 24: train loss 0.6417, val loss 0.6381, val accuracy 0.6253
2026-07-30 14:37:37,765 INFO Code.src.training.classification_pipeline: Epoch 25/30
2026-07-30 14:37:46,321 INFO Code.src.training.classification_pipeline: Epoch 25: train loss 0.6412, val loss 0.6405, val accuracy 0.6222
2026-07-30 14:37:46,321 INFO Code.src.training.classification_pipeline: Epoch 26/30
2026-07-30 14:37:54,826 INFO Code.src.training.classification_pipeline: Epoch 26: train loss 0.6405, val loss 0.6314, val accuracy 0.6358
2026-07-30 14:37:54,826 INFO Code.src.training.classification_pipeline: Epoch 27/30
2026-07-30 14:38:03,235 INFO Code.src.training.classification_pipeline: Epoch 27: train loss 0.6397, val loss 0.6306, val accuracy 0.6425
2026-07-30 14:38:03,235 INFO Code.src.training.classification_pipeline: Epoch 28/30
2026-07-30 14:38:11,726 INFO Code.src.training.classification_pipeline: Epoch 28: train loss 0.6397, val loss 0.6408, val accuracy 0.6171
2026-07-30 14:38:11,726 INFO Code.src.training.classification_pipeline: Epoch 29/30
2026-07-30 14:38:20,261 INFO Code.src.training.classification_pipeline: Epoch 29: train loss 0.6396, val loss 0.6446, val accuracy 0.6213
2026-07-30 14:38:20,261 INFO Code.src.training.classification_pipeline: Epoch 30/30
2026-07-30 14:38:28,730 INFO Code.src.training.classification_pipeline: Epoch 30: train loss 0.6392, val loss 0.6307, val accuracy 0.6344
2026-07-30 14:38:28,864 INFO Code.src.training.classification_pipeline: Test Loss: 0.6626 | Test Acc: 0.5808 | Test F1 (Macro): 0.5553
