2026-07-26 22:10:03,789 INFO __main__: Using cached frozen embeddings: /home/ubuntu/research/protein-sequence-augmentation/data/processed/embeddings/solubility/esm2/shared/train_ca57444d77a95fbc.pt
2026-07-26 22:10:03,827 INFO __main__: Using cached frozen embeddings: /home/ubuntu/research/protein-sequence-augmentation/data/processed/embeddings/solubility/esm2/shared/valid_d797fa3ef862b107.pt
2026-07-26 22:10:03,839 INFO __main__: Using cached frozen embeddings: /home/ubuntu/research/protein-sequence-augmentation/data/processed/embeddings/solubility/esm2/shared/test_c21ac4bad28e3dc4.pt
2026-07-26 22:10:03,846 INFO Code.src.training.classification_pipeline: Epoch 1/30
2026-07-26 22:11:05,169 INFO Code.src.training.classification_pipeline: Epoch 1: train loss 0.6257, val loss 0.6121, val accuracy 0.6559
2026-07-26 22:11:05,169 INFO Code.src.training.classification_pipeline: Epoch 2/30
2026-07-26 22:12:06,818 INFO Code.src.training.classification_pipeline: Epoch 2: train loss 0.6130, val loss 0.6074, val accuracy 0.6621
2026-07-26 22:12:06,819 INFO Code.src.training.classification_pipeline: Epoch 3/30
2026-07-26 22:13:08,159 INFO Code.src.training.classification_pipeline: Epoch 3: train loss 0.6097, val loss 0.6054, val accuracy 0.6674
2026-07-26 22:13:08,159 INFO Code.src.training.classification_pipeline: Epoch 4/30
2026-07-26 22:13:44,975 INFO Code.src.training.classification_pipeline: Epoch 4: train loss 0.6078, val loss 0.6059, val accuracy 0.6619
2026-07-26 22:13:44,975 INFO Code.src.training.classification_pipeline: Epoch 5/30
2026-07-26 22:14:46,219 INFO Code.src.training.classification_pipeline: Epoch 5: train loss 0.6062, val loss 0.6038, val accuracy 0.6636
2026-07-26 22:14:46,219 INFO Code.src.training.classification_pipeline: Epoch 6/30
2026-07-26 22:15:47,623 INFO Code.src.training.classification_pipeline: Epoch 6: train loss 0.6052, val loss 0.6031, val accuracy 0.6664
2026-07-26 22:15:47,623 INFO Code.src.training.classification_pipeline: Epoch 7/30
2026-07-26 22:16:48,888 INFO Code.src.training.classification_pipeline: Epoch 7: train loss 0.6046, val loss 0.6010, val accuracy 0.6695
2026-07-26 22:16:48,889 INFO Code.src.training.classification_pipeline: Epoch 8/30
2026-07-26 22:17:41,220 INFO Code.src.training.classification_pipeline: Epoch 8: train loss 0.6039, val loss 0.6026, val accuracy 0.6628
2026-07-26 22:17:41,220 INFO Code.src.training.classification_pipeline: Epoch 9/30
2026-07-26 22:18:37,021 INFO Code.src.training.classification_pipeline: Epoch 9: train loss 0.6031, val loss 0.6018, val accuracy 0.6658
2026-07-26 22:18:37,021 INFO Code.src.training.classification_pipeline: Epoch 10/30
2026-07-26 22:19:38,432 INFO Code.src.training.classification_pipeline: Epoch 10: train loss 0.6029, val loss 0.6029, val accuracy 0.6694
2026-07-26 22:19:38,432 INFO Code.src.training.classification_pipeline: Epoch 11/30
2026-07-26 22:20:39,787 INFO Code.src.training.classification_pipeline: Epoch 11: train loss 0.6028, val loss 0.6011, val accuracy 0.6698
2026-07-26 22:20:39,787 INFO Code.src.training.classification_pipeline: Epoch 12/30
2026-07-26 22:21:41,079 INFO Code.src.training.classification_pipeline: Epoch 12: train loss 0.6020, val loss 0.6009, val accuracy 0.6680
2026-07-26 22:21:41,079 INFO Code.src.training.classification_pipeline: Epoch 13/30
2026-07-26 22:22:29,461 INFO Code.src.training.classification_pipeline: Epoch 13: train loss 0.6021, val loss 0.6000, val accuracy 0.6687
2026-07-26 22:22:29,461 INFO Code.src.training.classification_pipeline: Epoch 14/30
2026-07-26 22:23:30,688 INFO Code.src.training.classification_pipeline: Epoch 14: train loss 0.6018, val loss 0.5992, val accuracy 0.6690
2026-07-26 22:23:30,688 INFO Code.src.training.classification_pipeline: Epoch 15/30
2026-07-26 22:24:32,017 INFO Code.src.training.classification_pipeline: Epoch 15: train loss 0.6014, val loss 0.6011, val accuracy 0.6677
2026-07-26 22:24:32,017 INFO Code.src.training.classification_pipeline: Epoch 16/30
2026-07-26 22:25:33,429 INFO Code.src.training.classification_pipeline: Epoch 16: train loss 0.6014, val loss 0.6009, val accuracy 0.6677
2026-07-26 22:25:33,429 INFO Code.src.training.classification_pipeline: Epoch 17/30
2026-07-26 22:26:27,956 INFO Code.src.training.classification_pipeline: Epoch 17: train loss 0.6013, val loss 0.6010, val accuracy 0.6704
2026-07-26 22:26:27,956 INFO Code.src.training.classification_pipeline: Epoch 18/30
2026-07-26 22:27:21,306 INFO Code.src.training.classification_pipeline: Epoch 18: train loss 0.6009, val loss 0.6053, val accuracy 0.6654
2026-07-26 22:27:21,306 INFO Code.src.training.classification_pipeline: Epoch 19/30
2026-07-26 22:28:22,548 INFO Code.src.training.classification_pipeline: Epoch 19: train loss 0.6008, val loss 0.6023, val accuracy 0.6667
2026-07-26 22:28:22,548 INFO Code.src.training.classification_pipeline: Early stopping at epoch 19.
2026-07-26 22:28:24,196 INFO Code.src.training.classification_pipeline: Test Loss: 0.6670 | Test Acc: 0.6133 | Test F1 (Macro): 0.5990
