2026-07-30 14:54:47,430 INFO Code.src.utils.embedding_cache: Saved frozen embeddings: /home/ubuntu/protein-sequence-augmentation/data/processed/embeddings/solubility/random_autoencoder/seed_43/train_bc5985663c18d236.pt
2026-07-30 14:55:03,046 INFO Code.src.utils.embedding_cache: Saved frozen embeddings: /home/ubuntu/protein-sequence-augmentation/data/processed/embeddings/solubility/random_autoencoder/seed_43/valid_0f4966dcd2c8e2ee.pt
2026-07-30 14:55:07,853 INFO Code.src.utils.embedding_cache: Saved frozen embeddings: /home/ubuntu/protein-sequence-augmentation/data/processed/embeddings/solubility/random_autoencoder/seed_43/test_2f4296a6a38cfc56.pt
2026-07-30 14:55:07,955 INFO Code.src.training.classification_pipeline: Epoch 1/30
2026-07-30 14:55:15,418 INFO Code.src.training.classification_pipeline: Epoch 1: train loss 0.6751, val loss 0.6689, val accuracy 0.5854
2026-07-30 14:55:15,418 INFO Code.src.training.classification_pipeline: Epoch 2/30
2026-07-30 14:55:22,751 INFO Code.src.training.classification_pipeline: Epoch 2: train loss 0.6689, val loss 0.6637, val accuracy 0.6065
2026-07-30 14:55:22,751 INFO Code.src.training.classification_pipeline: Epoch 3/30
2026-07-30 14:55:30,015 INFO Code.src.training.classification_pipeline: Epoch 3: train loss 0.6653, val loss 0.6597, val accuracy 0.6079
2026-07-30 14:55:30,015 INFO Code.src.training.classification_pipeline: Epoch 4/30
2026-07-30 14:55:37,338 INFO Code.src.training.classification_pipeline: Epoch 4: train loss 0.6630, val loss 0.6577, val accuracy 0.6137
2026-07-30 14:55:37,338 INFO Code.src.training.classification_pipeline: Epoch 5/30
2026-07-30 14:55:44,570 INFO Code.src.training.classification_pipeline: Epoch 5: train loss 0.6612, val loss 0.6557, val accuracy 0.6151
2026-07-30 14:55:44,570 INFO Code.src.training.classification_pipeline: Epoch 6/30
2026-07-30 14:55:51,790 INFO Code.src.training.classification_pipeline: Epoch 6: train loss 0.6601, val loss 0.6544, val accuracy 0.6158
2026-07-30 14:55:51,790 INFO Code.src.training.classification_pipeline: Epoch 7/30
2026-07-30 14:55:59,092 INFO Code.src.training.classification_pipeline: Epoch 7: train loss 0.6592, val loss 0.6534, val accuracy 0.6193
2026-07-30 14:55:59,092 INFO Code.src.training.classification_pipeline: Epoch 8/30
2026-07-30 14:56:06,514 INFO Code.src.training.classification_pipeline: Epoch 8: train loss 0.6583, val loss 0.6526, val accuracy 0.6186
2026-07-30 14:56:06,515 INFO Code.src.training.classification_pipeline: Epoch 9/30
2026-07-30 14:56:13,977 INFO Code.src.training.classification_pipeline: Epoch 9: train loss 0.6575, val loss 0.6521, val accuracy 0.6162
2026-07-30 14:56:13,977 INFO Code.src.training.classification_pipeline: Epoch 10/30
2026-07-30 14:56:21,353 INFO Code.src.training.classification_pipeline: Epoch 10: train loss 0.6572, val loss 0.6513, val accuracy 0.6211
2026-07-30 14:56:21,353 INFO Code.src.training.classification_pipeline: Epoch 11/30
2026-07-30 14:56:28,529 INFO Code.src.training.classification_pipeline: Epoch 11: train loss 0.6567, val loss 0.6508, val accuracy 0.6214
2026-07-30 14:56:28,529 INFO Code.src.training.classification_pipeline: Epoch 12/30
2026-07-30 14:56:35,816 INFO Code.src.training.classification_pipeline: Epoch 12: train loss 0.6560, val loss 0.6504, val accuracy 0.6223
2026-07-30 14:56:35,816 INFO Code.src.training.classification_pipeline: Epoch 13/30
2026-07-30 14:56:43,049 INFO Code.src.training.classification_pipeline: Epoch 13: train loss 0.6558, val loss 0.6499, val accuracy 0.6219
2026-07-30 14:56:43,049 INFO Code.src.training.classification_pipeline: Epoch 14/30
2026-07-30 14:56:50,619 INFO Code.src.training.classification_pipeline: Epoch 14: train loss 0.6553, val loss 0.6497, val accuracy 0.6193
2026-07-30 14:56:50,619 INFO Code.src.training.classification_pipeline: Epoch 15/30
2026-07-30 14:56:57,957 INFO Code.src.training.classification_pipeline: Epoch 15: train loss 0.6548, val loss 0.6498, val accuracy 0.6249
2026-07-30 14:56:57,957 INFO Code.src.training.classification_pipeline: Epoch 16/30
2026-07-30 14:57:05,307 INFO Code.src.training.classification_pipeline: Epoch 16: train loss 0.6546, val loss 0.6493, val accuracy 0.6246
2026-07-30 14:57:05,307 INFO Code.src.training.classification_pipeline: Epoch 17/30
2026-07-30 14:57:12,532 INFO Code.src.training.classification_pipeline: Epoch 17: train loss 0.6542, val loss 0.6485, val accuracy 0.6243
2026-07-30 14:57:12,532 INFO Code.src.training.classification_pipeline: Epoch 18/30
2026-07-30 14:57:19,868 INFO Code.src.training.classification_pipeline: Epoch 18: train loss 0.6537, val loss 0.6503, val accuracy 0.6142
2026-07-30 14:57:19,868 INFO Code.src.training.classification_pipeline: Epoch 19/30
2026-07-30 14:57:27,153 INFO Code.src.training.classification_pipeline: Epoch 19: train loss 0.6534, val loss 0.6483, val accuracy 0.6255
2026-07-30 14:57:27,153 INFO Code.src.training.classification_pipeline: Epoch 20/30
2026-07-30 14:57:34,570 INFO Code.src.training.classification_pipeline: Epoch 20: train loss 0.6531, val loss 0.6482, val accuracy 0.6252
2026-07-30 14:57:34,570 INFO Code.src.training.classification_pipeline: Epoch 21/30
2026-07-30 14:57:41,946 INFO Code.src.training.classification_pipeline: Epoch 21: train loss 0.6528, val loss 0.6477, val accuracy 0.6259
2026-07-30 14:57:41,946 INFO Code.src.training.classification_pipeline: Epoch 22/30
2026-07-30 14:57:49,181 INFO Code.src.training.classification_pipeline: Epoch 22: train loss 0.6525, val loss 0.6480, val accuracy 0.6258
2026-07-30 14:57:49,181 INFO Code.src.training.classification_pipeline: Epoch 23/30
2026-07-30 14:57:56,480 INFO Code.src.training.classification_pipeline: Epoch 23: train loss 0.6523, val loss 0.6468, val accuracy 0.6245
2026-07-30 14:57:56,480 INFO Code.src.training.classification_pipeline: Epoch 24/30
2026-07-30 14:58:03,734 INFO Code.src.training.classification_pipeline: Epoch 24: train loss 0.6519, val loss 0.6466, val accuracy 0.6253
2026-07-30 14:58:03,734 INFO Code.src.training.classification_pipeline: Epoch 25/30
2026-07-30 14:58:10,991 INFO Code.src.training.classification_pipeline: Epoch 25: train loss 0.6517, val loss 0.6469, val accuracy 0.6259
2026-07-30 14:58:10,991 INFO Code.src.training.classification_pipeline: Epoch 26/30
2026-07-30 14:58:18,291 INFO Code.src.training.classification_pipeline: Epoch 26: train loss 0.6515, val loss 0.6476, val accuracy 0.6288
2026-07-30 14:58:18,291 INFO Code.src.training.classification_pipeline: Epoch 27/30
2026-07-30 14:58:25,505 INFO Code.src.training.classification_pipeline: Epoch 27: train loss 0.6512, val loss 0.6463, val accuracy 0.6240
2026-07-30 14:58:25,505 INFO Code.src.training.classification_pipeline: Epoch 28/30
2026-07-30 14:58:32,657 INFO Code.src.training.classification_pipeline: Epoch 28: train loss 0.6509, val loss 0.6457, val accuracy 0.6253
2026-07-30 14:58:32,657 INFO Code.src.training.classification_pipeline: Epoch 29/30
2026-07-30 14:58:39,796 INFO Code.src.training.classification_pipeline: Epoch 29: train loss 0.6506, val loss 0.6456, val accuracy 0.6256
2026-07-30 14:58:39,796 INFO Code.src.training.classification_pipeline: Epoch 30/30
2026-07-30 14:58:47,039 INFO Code.src.training.classification_pipeline: Epoch 30: train loss 0.6504, val loss 0.6456, val accuracy 0.6232
2026-07-30 14:58:47,170 INFO Code.src.training.classification_pipeline: Test Loss: 0.6813 | Test Acc: 0.5618 | Test F1 (Macro): 0.5116
