2026-08-15 05:47:43,687 INFO Code.src.utils.embedding_cache: Saved frozen embeddings: /home/ubuntu/protein-sequence-augmentation/data/processed/embeddings/solubility/trained_autoencoder/shared/train_7ddb2cba877c4ff5.pt
2026-08-15 05:48:02,888 INFO Code.src.utils.embedding_cache: Saved frozen embeddings: /home/ubuntu/protein-sequence-augmentation/data/processed/embeddings/solubility/trained_autoencoder/shared/valid_b654e1fc33006a74.pt
2026-08-15 05:48:11,324 INFO Code.src.utils.embedding_cache: Saved frozen embeddings: /home/ubuntu/protein-sequence-augmentation/data/processed/embeddings/solubility/trained_autoencoder/shared/test_12cfdf2edaaaffae.pt
2026-08-15 05:48:11,567 INFO Code.src.training.classification_pipeline: Epoch 1/30
2026-08-15 05:48:20,291 INFO Code.src.training.classification_pipeline: Epoch 1: train loss 0.6344, val loss 0.6098, val accuracy 0.6394
2026-08-15 05:48:20,291 INFO Code.src.training.classification_pipeline: Epoch 2/30
2026-08-15 05:48:28,955 INFO Code.src.training.classification_pipeline: Epoch 2: train loss 0.6049, val loss 0.5981, val accuracy 0.6590
2026-08-15 05:48:28,955 INFO Code.src.training.classification_pipeline: Epoch 3/30
2026-08-15 05:48:37,678 INFO Code.src.training.classification_pipeline: Epoch 3: train loss 0.5975, val loss 0.5932, val accuracy 0.6672
2026-08-15 05:48:37,678 INFO Code.src.training.classification_pipeline: Epoch 4/30
2026-08-15 05:48:46,284 INFO Code.src.training.classification_pipeline: Epoch 4: train loss 0.5934, val loss 0.5901, val accuracy 0.6697
2026-08-15 05:48:46,284 INFO Code.src.training.classification_pipeline: Epoch 5/30
2026-08-15 05:48:55,058 INFO Code.src.training.classification_pipeline: Epoch 5: train loss 0.5907, val loss 0.5877, val accuracy 0.6731
2026-08-15 05:48:55,058 INFO Code.src.training.classification_pipeline: Epoch 6/30
2026-08-15 05:49:03,852 INFO Code.src.training.classification_pipeline: Epoch 6: train loss 0.5886, val loss 0.5860, val accuracy 0.6734
2026-08-15 05:49:03,852 INFO Code.src.training.classification_pipeline: Epoch 7/30
2026-08-15 05:49:12,646 INFO Code.src.training.classification_pipeline: Epoch 7: train loss 0.5870, val loss 0.5849, val accuracy 0.6752
2026-08-15 05:49:12,647 INFO Code.src.training.classification_pipeline: Epoch 8/30
2026-08-15 05:49:21,405 INFO Code.src.training.classification_pipeline: Epoch 8: train loss 0.5857, val loss 0.5840, val accuracy 0.6765
2026-08-15 05:49:21,405 INFO Code.src.training.classification_pipeline: Epoch 9/30
2026-08-15 05:49:30,102 INFO Code.src.training.classification_pipeline: Epoch 9: train loss 0.5847, val loss 0.5830, val accuracy 0.6759
2026-08-15 05:49:30,102 INFO Code.src.training.classification_pipeline: Epoch 10/30
2026-08-15 05:49:38,853 INFO Code.src.training.classification_pipeline: Epoch 10: train loss 0.5838, val loss 0.5827, val accuracy 0.6749
2026-08-15 05:49:38,853 INFO Code.src.training.classification_pipeline: Epoch 11/30
2026-08-15 05:49:47,432 INFO Code.src.training.classification_pipeline: Epoch 11: train loss 0.5831, val loss 0.5814, val accuracy 0.6815
2026-08-15 05:49:47,432 INFO Code.src.training.classification_pipeline: Epoch 12/30
2026-08-15 05:49:56,221 INFO Code.src.training.classification_pipeline: Epoch 12: train loss 0.5824, val loss 0.5810, val accuracy 0.6789
2026-08-15 05:49:56,221 INFO Code.src.training.classification_pipeline: Epoch 13/30
2026-08-15 05:50:04,803 INFO Code.src.training.classification_pipeline: Epoch 13: train loss 0.5819, val loss 0.5806, val accuracy 0.6821
2026-08-15 05:50:04,803 INFO Code.src.training.classification_pipeline: Epoch 14/30
2026-08-15 05:50:13,443 INFO Code.src.training.classification_pipeline: Epoch 14: train loss 0.5814, val loss 0.5803, val accuracy 0.6809
2026-08-15 05:50:13,443 INFO Code.src.training.classification_pipeline: Epoch 15/30
2026-08-15 05:50:22,170 INFO Code.src.training.classification_pipeline: Epoch 15: train loss 0.5810, val loss 0.5803, val accuracy 0.6791
2026-08-15 05:50:22,170 INFO Code.src.training.classification_pipeline: Epoch 16/30
2026-08-15 05:50:30,733 INFO Code.src.training.classification_pipeline: Epoch 16: train loss 0.5808, val loss 0.5798, val accuracy 0.6809
2026-08-15 05:50:30,733 INFO Code.src.training.classification_pipeline: Epoch 17/30
2026-08-15 05:50:39,245 INFO Code.src.training.classification_pipeline: Epoch 17: train loss 0.5804, val loss 0.5796, val accuracy 0.6811
2026-08-15 05:50:39,245 INFO Code.src.training.classification_pipeline: Epoch 18/30
2026-08-15 05:50:47,703 INFO Code.src.training.classification_pipeline: Epoch 18: train loss 0.5801, val loss 0.5792, val accuracy 0.6828
2026-08-15 05:50:47,703 INFO Code.src.training.classification_pipeline: Epoch 19/30
2026-08-15 05:50:56,304 INFO Code.src.training.classification_pipeline: Epoch 19: train loss 0.5799, val loss 0.5790, val accuracy 0.6812
2026-08-15 05:50:56,305 INFO Code.src.training.classification_pipeline: Epoch 20/30
2026-08-15 05:51:05,110 INFO Code.src.training.classification_pipeline: Epoch 20: train loss 0.5796, val loss 0.5790, val accuracy 0.6827
2026-08-15 05:51:05,110 INFO Code.src.training.classification_pipeline: Epoch 21/30
2026-08-15 05:51:13,873 INFO Code.src.training.classification_pipeline: Epoch 21: train loss 0.5794, val loss 0.5786, val accuracy 0.6834
2026-08-15 05:51:13,873 INFO Code.src.training.classification_pipeline: Epoch 22/30
2026-08-15 05:51:22,358 INFO Code.src.training.classification_pipeline: Epoch 22: train loss 0.5792, val loss 0.5787, val accuracy 0.6821
2026-08-15 05:51:22,358 INFO Code.src.training.classification_pipeline: Epoch 23/30
2026-08-15 05:51:30,877 INFO Code.src.training.classification_pipeline: Epoch 23: train loss 0.5790, val loss 0.5781, val accuracy 0.6829
2026-08-15 05:51:30,877 INFO Code.src.training.classification_pipeline: Epoch 24/30
2026-08-15 05:51:39,670 INFO Code.src.training.classification_pipeline: Epoch 24: train loss 0.5788, val loss 0.5784, val accuracy 0.6831
2026-08-15 05:51:39,670 INFO Code.src.training.classification_pipeline: Epoch 25/30
2026-08-15 05:51:48,326 INFO Code.src.training.classification_pipeline: Epoch 25: train loss 0.5788, val loss 0.5782, val accuracy 0.6818
2026-08-15 05:51:48,326 INFO Code.src.training.classification_pipeline: Epoch 26/30
2026-08-15 05:51:57,033 INFO Code.src.training.classification_pipeline: Epoch 26: train loss 0.5786, val loss 0.5778, val accuracy 0.6845
2026-08-15 05:51:57,033 INFO Code.src.training.classification_pipeline: Epoch 27/30
2026-08-15 05:52:05,641 INFO Code.src.training.classification_pipeline: Epoch 27: train loss 0.5784, val loss 0.5779, val accuracy 0.6812
2026-08-15 05:52:05,641 INFO Code.src.training.classification_pipeline: Epoch 28/30
2026-08-15 05:52:14,319 INFO Code.src.training.classification_pipeline: Epoch 28: train loss 0.5783, val loss 0.5778, val accuracy 0.6844
2026-08-15 05:52:14,319 INFO Code.src.training.classification_pipeline: Epoch 29/30
2026-08-15 05:52:22,962 INFO Code.src.training.classification_pipeline: Epoch 29: train loss 0.5781, val loss 0.5780, val accuracy 0.6841
2026-08-15 05:52:22,962 INFO Code.src.training.classification_pipeline: Epoch 30/30
2026-08-15 05:52:31,682 INFO Code.src.training.classification_pipeline: Epoch 30: train loss 0.5780, val loss 0.5777, val accuracy 0.6834
2026-08-15 05:52:31,830 INFO Code.src.training.classification_pipeline: Test Loss: 0.6128 | Test Acc: 0.6653 | Test F1 (Macro): 0.6575
