2026-08-15 07:13:15,627 INFO Code.src.utils.embedding_cache: Using cached frozen embeddings: /home/ubuntu/protein-sequence-augmentation/data/processed/embeddings/solubility/trained_autoencoder+esm2/shared/train_3a70c42e2bd26da7.pt
2026-08-15 07:13:15,670 INFO Code.src.utils.embedding_cache: Using cached frozen embeddings: /home/ubuntu/protein-sequence-augmentation/data/processed/embeddings/solubility/trained_autoencoder+esm2/shared/valid_ee1b933f54bbe2fc.pt
2026-08-15 07:13:15,683 INFO Code.src.utils.embedding_cache: Using cached frozen embeddings: /home/ubuntu/protein-sequence-augmentation/data/processed/embeddings/solubility/trained_autoencoder+esm2/shared/test_ecffdcd859dd4e77.pt
2026-08-15 07:13:15,891 INFO Code.src.training.classification_pipeline: Epoch 1/30
2026-08-15 07:13:24,737 INFO Code.src.training.classification_pipeline: Epoch 1: train loss 0.5955, val loss 0.5660, val accuracy 0.6920
2026-08-15 07:13:24,737 INFO Code.src.training.classification_pipeline: Epoch 2/30
2026-08-15 07:13:33,341 INFO Code.src.training.classification_pipeline: Epoch 2: train loss 0.5597, val loss 0.5558, val accuracy 0.7030
2026-08-15 07:13:33,341 INFO Code.src.training.classification_pipeline: Epoch 3/30
2026-08-15 07:13:42,042 INFO Code.src.training.classification_pipeline: Epoch 3: train loss 0.5524, val loss 0.5501, val accuracy 0.7067
2026-08-15 07:13:42,042 INFO Code.src.training.classification_pipeline: Epoch 4/30
2026-08-15 07:13:50,795 INFO Code.src.training.classification_pipeline: Epoch 4: train loss 0.5483, val loss 0.5480, val accuracy 0.7087
2026-08-15 07:13:50,795 INFO Code.src.training.classification_pipeline: Epoch 5/30
2026-08-15 07:13:59,461 INFO Code.src.training.classification_pipeline: Epoch 5: train loss 0.5464, val loss 0.5478, val accuracy 0.7086
2026-08-15 07:13:59,461 INFO Code.src.training.classification_pipeline: Epoch 6/30
2026-08-15 07:14:08,329 INFO Code.src.training.classification_pipeline: Epoch 6: train loss 0.5448, val loss 0.5461, val accuracy 0.7120
2026-08-15 07:14:08,329 INFO Code.src.training.classification_pipeline: Epoch 7/30
2026-08-15 07:14:17,006 INFO Code.src.training.classification_pipeline: Epoch 7: train loss 0.5436, val loss 0.5446, val accuracy 0.7112
2026-08-15 07:14:17,006 INFO Code.src.training.classification_pipeline: Epoch 8/30
2026-08-15 07:14:25,589 INFO Code.src.training.classification_pipeline: Epoch 8: train loss 0.5425, val loss 0.5455, val accuracy 0.7131
2026-08-15 07:14:25,589 INFO Code.src.training.classification_pipeline: Epoch 9/30
2026-08-15 07:14:34,217 INFO Code.src.training.classification_pipeline: Epoch 9: train loss 0.5417, val loss 0.5447, val accuracy 0.7161
2026-08-15 07:14:34,217 INFO Code.src.training.classification_pipeline: Epoch 10/30
2026-08-15 07:14:42,849 INFO Code.src.training.classification_pipeline: Epoch 10: train loss 0.5412, val loss 0.5423, val accuracy 0.7190
2026-08-15 07:14:42,850 INFO Code.src.training.classification_pipeline: Epoch 11/30
2026-08-15 07:14:51,557 INFO Code.src.training.classification_pipeline: Epoch 11: train loss 0.5404, val loss 0.5418, val accuracy 0.7197
2026-08-15 07:14:51,557 INFO Code.src.training.classification_pipeline: Epoch 12/30
2026-08-15 07:15:00,194 INFO Code.src.training.classification_pipeline: Epoch 12: train loss 0.5398, val loss 0.5439, val accuracy 0.7154
2026-08-15 07:15:00,194 INFO Code.src.training.classification_pipeline: Epoch 13/30
2026-08-15 07:15:09,004 INFO Code.src.training.classification_pipeline: Epoch 13: train loss 0.5393, val loss 0.5432, val accuracy 0.7172
2026-08-15 07:15:09,004 INFO Code.src.training.classification_pipeline: Epoch 14/30
2026-08-15 07:15:17,748 INFO Code.src.training.classification_pipeline: Epoch 14: train loss 0.5388, val loss 0.5410, val accuracy 0.7195
2026-08-15 07:15:17,748 INFO Code.src.training.classification_pipeline: Epoch 15/30
2026-08-15 07:15:26,526 INFO Code.src.training.classification_pipeline: Epoch 15: train loss 0.5385, val loss 0.5394, val accuracy 0.7174
2026-08-15 07:15:26,526 INFO Code.src.training.classification_pipeline: Epoch 16/30
2026-08-15 07:15:35,294 INFO Code.src.training.classification_pipeline: Epoch 16: train loss 0.5381, val loss 0.5410, val accuracy 0.7177
2026-08-15 07:15:35,294 INFO Code.src.training.classification_pipeline: Epoch 17/30
2026-08-15 07:15:43,948 INFO Code.src.training.classification_pipeline: Epoch 17: train loss 0.5375, val loss 0.5410, val accuracy 0.7190
2026-08-15 07:15:43,948 INFO Code.src.training.classification_pipeline: Epoch 18/30
2026-08-15 07:15:52,561 INFO Code.src.training.classification_pipeline: Epoch 18: train loss 0.5373, val loss 0.5401, val accuracy 0.7213
2026-08-15 07:15:52,561 INFO Code.src.training.classification_pipeline: Epoch 19/30
2026-08-15 07:16:01,238 INFO Code.src.training.classification_pipeline: Epoch 19: train loss 0.5370, val loss 0.5409, val accuracy 0.7188
2026-08-15 07:16:01,238 INFO Code.src.training.classification_pipeline: Epoch 20/30
2026-08-15 07:16:09,962 INFO Code.src.training.classification_pipeline: Epoch 20: train loss 0.5367, val loss 0.5385, val accuracy 0.7223
2026-08-15 07:16:09,962 INFO Code.src.training.classification_pipeline: Epoch 21/30
2026-08-15 07:16:18,755 INFO Code.src.training.classification_pipeline: Epoch 21: train loss 0.5361, val loss 0.5422, val accuracy 0.7208
2026-08-15 07:16:18,755 INFO Code.src.training.classification_pipeline: Epoch 22/30
2026-08-15 07:16:27,550 INFO Code.src.training.classification_pipeline: Epoch 22: train loss 0.5359, val loss 0.5395, val accuracy 0.7203
2026-08-15 07:16:27,550 INFO Code.src.training.classification_pipeline: Epoch 23/30
2026-08-15 07:16:36,318 INFO Code.src.training.classification_pipeline: Epoch 23: train loss 0.5359, val loss 0.5397, val accuracy 0.7194
2026-08-15 07:16:36,318 INFO Code.src.training.classification_pipeline: Epoch 24/30
2026-08-15 07:16:44,987 INFO Code.src.training.classification_pipeline: Epoch 24: train loss 0.5357, val loss 0.5394, val accuracy 0.7201
2026-08-15 07:16:44,988 INFO Code.src.training.classification_pipeline: Epoch 25/30
2026-08-15 07:16:53,726 INFO Code.src.training.classification_pipeline: Epoch 25: train loss 0.5354, val loss 0.5393, val accuracy 0.7213
2026-08-15 07:16:53,726 INFO Code.src.training.classification_pipeline: Early stopping at epoch 25.
2026-08-15 07:16:53,876 INFO Code.src.training.classification_pipeline: Test Loss: 0.5887 | Test Acc: 0.6923 | Test F1 (Macro): 0.6882
