2026-08-06 03:17:00,922 INFO Code.src.utils.embedding_cache: Using cached frozen embeddings: /home/ubuntu/protein-sequence-augmentation/data/processed/embeddings/solubility/trained_autoencoder+esm2/shared/train_dcfe06a62f306b78.pt
2026-08-06 03:17:00,969 INFO Code.src.utils.embedding_cache: Using cached frozen embeddings: /home/ubuntu/protein-sequence-augmentation/data/processed/embeddings/solubility/trained_autoencoder+esm2/shared/valid_384a5550d3ed6132.pt
2026-08-06 03:17:01,180 INFO Code.src.training.classification_pipeline: Epoch 1/30
2026-08-06 03:17:11,714 INFO Code.src.training.classification_pipeline: Epoch 1: train loss 0.5753, val loss 0.5412, val accuracy 0.7105
2026-08-06 03:17:11,714 INFO Code.src.training.classification_pipeline: Epoch 2/30
2026-08-06 03:17:22,264 INFO Code.src.training.classification_pipeline: Epoch 2: train loss 0.5288, val loss 0.5195, val accuracy 0.7303
2026-08-06 03:17:22,265 INFO Code.src.training.classification_pipeline: Epoch 3/30
2026-08-06 03:17:32,761 INFO Code.src.training.classification_pipeline: Epoch 3: train loss 0.5013, val loss 0.5060, val accuracy 0.7380
2026-08-06 03:17:32,761 INFO Code.src.training.classification_pipeline: Epoch 4/30
2026-08-06 03:17:43,174 INFO Code.src.training.classification_pipeline: Epoch 4: train loss 0.4836, val loss 0.4979, val accuracy 0.7446
2026-08-06 03:17:43,174 INFO Code.src.training.classification_pipeline: Epoch 5/30
2026-08-06 03:17:53,545 INFO Code.src.training.classification_pipeline: Epoch 5: train loss 0.4678, val loss 0.4964, val accuracy 0.7447
2026-08-06 03:17:53,546 INFO Code.src.training.classification_pipeline: Epoch 6/30
2026-08-06 03:18:04,083 INFO Code.src.training.classification_pipeline: Epoch 6: train loss 0.4560, val loss 0.4960, val accuracy 0.7460
2026-08-06 03:18:04,083 INFO Code.src.training.classification_pipeline: Epoch 7/30
2026-08-06 03:18:14,599 INFO Code.src.training.classification_pipeline: Epoch 7: train loss 0.4444, val loss 0.4945, val accuracy 0.7498
2026-08-06 03:18:14,599 INFO Code.src.training.classification_pipeline: Epoch 8/30
2026-08-06 03:18:24,778 INFO Code.src.training.classification_pipeline: Epoch 8: train loss 0.4346, val loss 0.4994, val accuracy 0.7475
2026-08-06 03:18:24,778 INFO Code.src.training.classification_pipeline: Epoch 9/30
2026-08-06 03:18:35,226 INFO Code.src.training.classification_pipeline: Epoch 9: train loss 0.4245, val loss 0.5036, val accuracy 0.7456
2026-08-06 03:18:35,226 INFO Code.src.training.classification_pipeline: Epoch 10/30
2026-08-06 03:18:45,499 INFO Code.src.training.classification_pipeline: Epoch 10: train loss 0.4153, val loss 0.5015, val accuracy 0.7430
2026-08-06 03:18:45,499 INFO Code.src.training.classification_pipeline: Epoch 11/30
2026-08-06 03:18:55,952 INFO Code.src.training.classification_pipeline: Epoch 11: train loss 0.4079, val loss 0.5029, val accuracy 0.7468
2026-08-06 03:18:55,952 INFO Code.src.training.classification_pipeline: Epoch 12/30
2026-08-06 03:19:06,363 INFO Code.src.training.classification_pipeline: Epoch 12: train loss 0.3985, val loss 0.5080, val accuracy 0.7429
2026-08-06 03:19:06,364 INFO Code.src.training.classification_pipeline: Early stopping at epoch 12.
