2026-08-11 23:21:16,412 INFO Code.src.utils.embedding_cache: Using cached frozen embeddings: /home/ubuntu/protein-sequence-augmentation/data/processed/embeddings/solubility/esm2/shared/train_54ee3d5d42d1482a.pt
2026-08-11 23:21:16,456 INFO Code.src.utils.embedding_cache: Using cached frozen embeddings: /home/ubuntu/protein-sequence-augmentation/data/processed/embeddings/solubility/esm2/shared/valid_f48b877da233da73.pt
2026-08-11 23:21:16,468 INFO Code.src.utils.embedding_cache: Using cached frozen embeddings: /home/ubuntu/protein-sequence-augmentation/data/processed/embeddings/solubility/esm2/shared/test_ce41ee4f102f27a9.pt
2026-08-11 23:21:16,557 INFO Code.src.training.classification_pipeline: Epoch 1/30
2026-08-11 23:21:27,173 INFO Code.src.training.classification_pipeline: Epoch 1: train loss 0.6315, val loss 0.6127, val accuracy 0.6598
2026-08-11 23:21:27,173 INFO Code.src.training.classification_pipeline: Epoch 2/30
2026-08-11 23:21:37,680 INFO Code.src.training.classification_pipeline: Epoch 2: train loss 0.6105, val loss 0.6027, val accuracy 0.6648
2026-08-11 23:21:37,680 INFO Code.src.training.classification_pipeline: Epoch 3/30
2026-08-11 23:21:48,168 INFO Code.src.training.classification_pipeline: Epoch 3: train loss 0.6021, val loss 0.5966, val accuracy 0.6713
2026-08-11 23:21:48,168 INFO Code.src.training.classification_pipeline: Epoch 4/30
2026-08-11 23:21:58,704 INFO Code.src.training.classification_pipeline: Epoch 4: train loss 0.5955, val loss 0.5919, val accuracy 0.6763
2026-08-11 23:21:58,705 INFO Code.src.training.classification_pipeline: Epoch 5/30
2026-08-11 23:22:09,312 INFO Code.src.training.classification_pipeline: Epoch 5: train loss 0.5903, val loss 0.5877, val accuracy 0.6802
2026-08-11 23:22:09,313 INFO Code.src.training.classification_pipeline: Epoch 6/30
2026-08-11 23:22:19,886 INFO Code.src.training.classification_pipeline: Epoch 6: train loss 0.5858, val loss 0.5873, val accuracy 0.6825
2026-08-11 23:22:19,886 INFO Code.src.training.classification_pipeline: Epoch 7/30
2026-08-11 23:22:30,444 INFO Code.src.training.classification_pipeline: Epoch 7: train loss 0.5811, val loss 0.5826, val accuracy 0.6855
2026-08-11 23:22:30,444 INFO Code.src.training.classification_pipeline: Epoch 8/30
2026-08-11 23:22:41,126 INFO Code.src.training.classification_pipeline: Epoch 8: train loss 0.5776, val loss 0.5795, val accuracy 0.6847
2026-08-11 23:22:41,126 INFO Code.src.training.classification_pipeline: Epoch 9/30
2026-08-11 23:22:51,680 INFO Code.src.training.classification_pipeline: Epoch 9: train loss 0.5740, val loss 0.5778, val accuracy 0.6873
2026-08-11 23:22:51,680 INFO Code.src.training.classification_pipeline: Epoch 10/30
2026-08-11 23:23:02,266 INFO Code.src.training.classification_pipeline: Epoch 10: train loss 0.5709, val loss 0.5778, val accuracy 0.6870
2026-08-11 23:23:02,266 INFO Code.src.training.classification_pipeline: Epoch 11/30
2026-08-11 23:23:12,857 INFO Code.src.training.classification_pipeline: Epoch 11: train loss 0.5681, val loss 0.5759, val accuracy 0.6855
2026-08-11 23:23:12,857 INFO Code.src.training.classification_pipeline: Epoch 12/30
2026-08-11 23:23:23,422 INFO Code.src.training.classification_pipeline: Epoch 12: train loss 0.5654, val loss 0.5735, val accuracy 0.6871
2026-08-11 23:23:23,422 INFO Code.src.training.classification_pipeline: Epoch 13/30
2026-08-11 23:23:34,048 INFO Code.src.training.classification_pipeline: Epoch 13: train loss 0.5627, val loss 0.5697, val accuracy 0.6887
2026-08-11 23:23:34,048 INFO Code.src.training.classification_pipeline: Epoch 14/30
2026-08-11 23:23:44,623 INFO Code.src.training.classification_pipeline: Epoch 14: train loss 0.5599, val loss 0.5687, val accuracy 0.6909
2026-08-11 23:23:44,623 INFO Code.src.training.classification_pipeline: Epoch 15/30
2026-08-11 23:23:55,188 INFO Code.src.training.classification_pipeline: Epoch 15: train loss 0.5567, val loss 0.5706, val accuracy 0.6946
2026-08-11 23:23:55,188 INFO Code.src.training.classification_pipeline: Epoch 16/30
2026-08-11 23:24:05,802 INFO Code.src.training.classification_pipeline: Epoch 16: train loss 0.5549, val loss 0.5677, val accuracy 0.6943
2026-08-11 23:24:05,803 INFO Code.src.training.classification_pipeline: Epoch 17/30
2026-08-11 23:24:16,339 INFO Code.src.training.classification_pipeline: Epoch 17: train loss 0.5525, val loss 0.5663, val accuracy 0.6937
2026-08-11 23:24:16,339 INFO Code.src.training.classification_pipeline: Epoch 18/30
2026-08-11 23:24:26,860 INFO Code.src.training.classification_pipeline: Epoch 18: train loss 0.5501, val loss 0.5633, val accuracy 0.6978
2026-08-11 23:24:26,861 INFO Code.src.training.classification_pipeline: Epoch 19/30
2026-08-11 23:24:37,364 INFO Code.src.training.classification_pipeline: Epoch 19: train loss 0.5490, val loss 0.5625, val accuracy 0.6986
2026-08-11 23:24:37,364 INFO Code.src.training.classification_pipeline: Epoch 20/30
2026-08-11 23:24:47,991 INFO Code.src.training.classification_pipeline: Epoch 20: train loss 0.5465, val loss 0.5655, val accuracy 0.6976
2026-08-11 23:24:47,991 INFO Code.src.training.classification_pipeline: Epoch 21/30
2026-08-11 23:24:58,519 INFO Code.src.training.classification_pipeline: Epoch 21: train loss 0.5446, val loss 0.5607, val accuracy 0.6999
2026-08-11 23:24:58,519 INFO Code.src.training.classification_pipeline: Epoch 22/30
2026-08-11 23:25:09,062 INFO Code.src.training.classification_pipeline: Epoch 22: train loss 0.5428, val loss 0.5600, val accuracy 0.6982
2026-08-11 23:25:09,062 INFO Code.src.training.classification_pipeline: Epoch 23/30
2026-08-11 23:25:19,621 INFO Code.src.training.classification_pipeline: Epoch 23: train loss 0.5397, val loss 0.5621, val accuracy 0.6950
2026-08-11 23:25:19,621 INFO Code.src.training.classification_pipeline: Epoch 24/30
2026-08-11 23:25:30,088 INFO Code.src.training.classification_pipeline: Epoch 24: train loss 0.5388, val loss 0.5624, val accuracy 0.6976
2026-08-11 23:25:30,088 INFO Code.src.training.classification_pipeline: Epoch 25/30
2026-08-11 23:25:40,612 INFO Code.src.training.classification_pipeline: Epoch 25: train loss 0.5375, val loss 0.5568, val accuracy 0.7022
2026-08-11 23:25:40,612 INFO Code.src.training.classification_pipeline: Epoch 26/30
2026-08-11 23:25:51,070 INFO Code.src.training.classification_pipeline: Epoch 26: train loss 0.5352, val loss 0.5581, val accuracy 0.7043
2026-08-11 23:25:51,071 INFO Code.src.training.classification_pipeline: Epoch 27/30
2026-08-11 23:26:01,591 INFO Code.src.training.classification_pipeline: Epoch 27: train loss 0.5332, val loss 0.5593, val accuracy 0.6978
2026-08-11 23:26:01,591 INFO Code.src.training.classification_pipeline: Epoch 28/30
2026-08-11 23:26:12,119 INFO Code.src.training.classification_pipeline: Epoch 28: train loss 0.5317, val loss 0.5592, val accuracy 0.7034
2026-08-11 23:26:12,119 INFO Code.src.training.classification_pipeline: Epoch 29/30
2026-08-11 23:26:22,168 INFO Code.src.training.classification_pipeline: Epoch 29: train loss 0.5302, val loss 0.5599, val accuracy 0.7066
2026-08-11 23:26:22,168 INFO Code.src.training.classification_pipeline: Epoch 30/30
2026-08-11 23:26:32,124 INFO Code.src.training.classification_pipeline: Epoch 30: train loss 0.5292, val loss 0.5558, val accuracy 0.7040
2026-08-11 23:26:32,287 INFO Code.src.training.classification_pipeline: Test Loss: 0.6587 | Test Acc: 0.6453 | Test F1 (Macro): 0.6330
