2026-07-25 02:29:36,646 INFO __main__: Using cached frozen embeddings: /home/ubuntu/protein-sequence-augmentation/data/processed/embeddings/solubility/random_autoencoder/seed_43/train_cada4b747324f8f2.pt
2026-07-25 02:29:36,686 INFO __main__: Using cached frozen embeddings: /home/ubuntu/protein-sequence-augmentation/data/processed/embeddings/solubility/random_autoencoder/seed_43/valid_ed7878b37823f011.pt
2026-07-25 02:29:36,698 INFO __main__: Using cached frozen embeddings: /home/ubuntu/protein-sequence-augmentation/data/processed/embeddings/solubility/random_autoencoder/seed_43/test_c05a1af170f237a8.pt
2026-07-25 02:29:36,701 INFO Code.src.training.classification_pipeline: Epoch 1/30
2026-07-25 02:29:45,711 INFO Code.src.training.classification_pipeline: Epoch 1: train loss 0.6732, val loss 0.6598, val accuracy 0.6063
2026-07-25 02:29:45,711 INFO Code.src.training.classification_pipeline: Epoch 2/30
2026-07-25 02:29:56,021 INFO Code.src.training.classification_pipeline: Epoch 2: train loss 0.6624, val loss 0.6533, val accuracy 0.6126
2026-07-25 02:29:56,021 INFO Code.src.training.classification_pipeline: Epoch 3/30
2026-07-25 02:30:04,970 INFO Code.src.training.classification_pipeline: Epoch 3: train loss 0.6591, val loss 0.6512, val accuracy 0.6150
2026-07-25 02:30:04,970 INFO Code.src.training.classification_pipeline: Epoch 4/30
2026-07-25 02:30:14,038 INFO Code.src.training.classification_pipeline: Epoch 4: train loss 0.6577, val loss 0.6647, val accuracy 0.6010
2026-07-25 02:30:14,038 INFO Code.src.training.classification_pipeline: Epoch 5/30
2026-07-25 02:30:23,178 INFO Code.src.training.classification_pipeline: Epoch 5: train loss 0.6545, val loss 0.6501, val accuracy 0.6213
2026-07-25 02:30:23,178 INFO Code.src.training.classification_pipeline: Epoch 6/30
2026-07-25 02:30:32,142 INFO Code.src.training.classification_pipeline: Epoch 6: train loss 0.6536, val loss 0.6464, val accuracy 0.6216
2026-07-25 02:30:32,142 INFO Code.src.training.classification_pipeline: Epoch 7/30
2026-07-25 02:30:41,116 INFO Code.src.training.classification_pipeline: Epoch 7: train loss 0.6521, val loss 0.6471, val accuracy 0.6222
2026-07-25 02:30:41,116 INFO Code.src.training.classification_pipeline: Epoch 8/30
2026-07-25 02:30:50,061 INFO Code.src.training.classification_pipeline: Epoch 8: train loss 0.6504, val loss 0.6471, val accuracy 0.6199
2026-07-25 02:30:50,061 INFO Code.src.training.classification_pipeline: Epoch 9/30
2026-07-25 02:30:59,081 INFO Code.src.training.classification_pipeline: Epoch 9: train loss 0.6479, val loss 0.6397, val accuracy 0.6207
2026-07-25 02:30:59,081 INFO Code.src.training.classification_pipeline: Epoch 10/30
2026-07-25 02:31:08,121 INFO Code.src.training.classification_pipeline: Epoch 10: train loss 0.6471, val loss 0.6386, val accuracy 0.6229
2026-07-25 02:31:08,121 INFO Code.src.training.classification_pipeline: Epoch 11/30
2026-07-25 02:31:17,077 INFO Code.src.training.classification_pipeline: Epoch 11: train loss 0.6447, val loss 0.6390, val accuracy 0.6245
2026-07-25 02:31:17,077 INFO Code.src.training.classification_pipeline: Epoch 12/30
2026-07-25 02:31:26,060 INFO Code.src.training.classification_pipeline: Epoch 12: train loss 0.6433, val loss 0.6358, val accuracy 0.6268
2026-07-25 02:31:26,060 INFO Code.src.training.classification_pipeline: Epoch 13/30
2026-07-25 02:31:35,027 INFO Code.src.training.classification_pipeline: Epoch 13: train loss 0.6428, val loss 0.6326, val accuracy 0.6295
2026-07-25 02:31:35,027 INFO Code.src.training.classification_pipeline: Epoch 14/30
2026-07-25 02:31:44,004 INFO Code.src.training.classification_pipeline: Epoch 14: train loss 0.6396, val loss 0.6375, val accuracy 0.6327
2026-07-25 02:31:44,004 INFO Code.src.training.classification_pipeline: Epoch 15/30
2026-07-25 02:31:53,664 INFO Code.src.training.classification_pipeline: Epoch 15: train loss 0.6389, val loss 0.6283, val accuracy 0.6311
2026-07-25 02:31:53,664 INFO Code.src.training.classification_pipeline: Epoch 16/30
2026-07-25 02:32:08,140 INFO Code.src.training.classification_pipeline: Epoch 16: train loss 0.6377, val loss 0.6303, val accuracy 0.6330
2026-07-25 02:32:08,140 INFO Code.src.training.classification_pipeline: Epoch 17/30
2026-07-25 02:32:17,096 INFO Code.src.training.classification_pipeline: Epoch 17: train loss 0.6377, val loss 0.6513, val accuracy 0.6089
2026-07-25 02:32:17,096 INFO Code.src.training.classification_pipeline: Epoch 18/30
2026-07-25 02:32:27,478 INFO Code.src.training.classification_pipeline: Epoch 18: train loss 0.6364, val loss 0.6523, val accuracy 0.6075
2026-07-25 02:32:27,478 INFO Code.src.training.classification_pipeline: Epoch 19/30
2026-07-25 02:32:36,415 INFO Code.src.training.classification_pipeline: Epoch 19: train loss 0.6359, val loss 0.6458, val accuracy 0.6102
2026-07-25 02:32:36,415 INFO Code.src.training.classification_pipeline: Epoch 20/30
2026-07-25 02:32:45,419 INFO Code.src.training.classification_pipeline: Epoch 20: train loss 0.6372, val loss 0.6258, val accuracy 0.6304
2026-07-25 02:32:45,419 INFO Code.src.training.classification_pipeline: Epoch 21/30
2026-07-25 02:32:54,393 INFO Code.src.training.classification_pipeline: Epoch 21: train loss 0.6352, val loss 0.6257, val accuracy 0.6288
2026-07-25 02:32:54,393 INFO Code.src.training.classification_pipeline: Epoch 22/30
2026-07-25 02:33:03,339 INFO Code.src.training.classification_pipeline: Epoch 22: train loss 0.6359, val loss 0.6259, val accuracy 0.6371
2026-07-25 02:33:03,339 INFO Code.src.training.classification_pipeline: Epoch 23/30
2026-07-25 02:33:12,289 INFO Code.src.training.classification_pipeline: Epoch 23: train loss 0.6352, val loss 0.6243, val accuracy 0.6384
2026-07-25 02:33:12,289 INFO Code.src.training.classification_pipeline: Epoch 24/30
2026-07-25 02:33:21,230 INFO Code.src.training.classification_pipeline: Epoch 24: train loss 0.6331, val loss 0.6395, val accuracy 0.6180
2026-07-25 02:33:21,231 INFO Code.src.training.classification_pipeline: Epoch 25/30
2026-07-25 02:33:30,188 INFO Code.src.training.classification_pipeline: Epoch 25: train loss 0.6334, val loss 0.6235, val accuracy 0.6413
2026-07-25 02:33:30,189 INFO Code.src.training.classification_pipeline: Epoch 26/30
2026-07-25 02:33:39,177 INFO Code.src.training.classification_pipeline: Epoch 26: train loss 0.6321, val loss 0.6236, val accuracy 0.6396
2026-07-25 02:33:39,177 INFO Code.src.training.classification_pipeline: Epoch 27/30
2026-07-25 02:33:48,150 INFO Code.src.training.classification_pipeline: Epoch 27: train loss 0.6325, val loss 0.6426, val accuracy 0.6210
2026-07-25 02:33:48,150 INFO Code.src.training.classification_pipeline: Epoch 28/30
2026-07-25 02:33:57,115 INFO Code.src.training.classification_pipeline: Epoch 28: train loss 0.6322, val loss 0.6372, val accuracy 0.6247
2026-07-25 02:33:57,116 INFO Code.src.training.classification_pipeline: Epoch 29/30
2026-07-25 02:34:06,376 INFO Code.src.training.classification_pipeline: Epoch 29: train loss 0.6311, val loss 0.6212, val accuracy 0.6422
2026-07-25 02:34:06,377 INFO Code.src.training.classification_pipeline: Epoch 30/30
2026-07-25 02:34:15,466 INFO Code.src.training.classification_pipeline: Epoch 30: train loss 0.6339, val loss 0.6218, val accuracy 0.6456
2026-07-25 02:34:15,609 INFO Code.src.training.classification_pipeline: Test Loss: 0.6361 | Test Acc: 0.6378 | Test F1 (Macro): 0.6319
