2026-08-12 20:09:24,577 INFO Code.src.utils.embedding_cache: Using cached frozen embeddings: /home/ubuntu/research/protein-sequence-augmentation/data/processed/embeddings/solubility/trained_autoencoder+esm2/shared/train_96fa211b3bbf6cf7.pt
2026-08-12 20:09:24,618 INFO Code.src.utils.embedding_cache: Using cached frozen embeddings: /home/ubuntu/research/protein-sequence-augmentation/data/processed/embeddings/solubility/trained_autoencoder+esm2/shared/valid_79c081a8345c1dff.pt
2026-08-12 20:09:24,630 INFO Code.src.utils.embedding_cache: Using cached frozen embeddings: /home/ubuntu/research/protein-sequence-augmentation/data/processed/embeddings/solubility/trained_autoencoder+esm2/shared/test_85297b14fb704769.pt
2026-08-12 20:09:24,766 INFO Code.src.training.classification_pipeline: Epoch 1/30
2026-08-12 20:09:32,805 INFO Code.src.training.classification_pipeline: Epoch 1: train loss 0.6162, val loss 0.5883, val accuracy 0.6716
2026-08-12 20:09:32,805 INFO Code.src.training.classification_pipeline: Epoch 2/30
2026-08-12 20:09:40,792 INFO Code.src.training.classification_pipeline: Epoch 2: train loss 0.5821, val loss 0.5790, val accuracy 0.6782
2026-08-12 20:09:40,792 INFO Code.src.training.classification_pipeline: Epoch 3/30
2026-08-12 20:09:49,252 INFO Code.src.training.classification_pipeline: Epoch 3: train loss 0.5749, val loss 0.5745, val accuracy 0.6890
2026-08-12 20:09:49,252 INFO Code.src.training.classification_pipeline: Epoch 4/30
2026-08-12 20:09:57,331 INFO Code.src.training.classification_pipeline: Epoch 4: train loss 0.5713, val loss 0.5722, val accuracy 0.6890
2026-08-12 20:09:57,331 INFO Code.src.training.classification_pipeline: Epoch 5/30
2026-08-12 20:10:05,319 INFO Code.src.training.classification_pipeline: Epoch 5: train loss 0.5693, val loss 0.5711, val accuracy 0.6887
2026-08-12 20:10:05,319 INFO Code.src.training.classification_pipeline: Epoch 6/30
2026-08-12 20:10:13,387 INFO Code.src.training.classification_pipeline: Epoch 6: train loss 0.5678, val loss 0.5694, val accuracy 0.6956
2026-08-12 20:10:13,387 INFO Code.src.training.classification_pipeline: Epoch 7/30
2026-08-12 20:10:21,346 INFO Code.src.training.classification_pipeline: Epoch 7: train loss 0.5666, val loss 0.5694, val accuracy 0.6945
2026-08-12 20:10:21,346 INFO Code.src.training.classification_pipeline: Epoch 8/30
2026-08-12 20:10:29,432 INFO Code.src.training.classification_pipeline: Epoch 8: train loss 0.5656, val loss 0.5697, val accuracy 0.6949
2026-08-12 20:10:29,432 INFO Code.src.training.classification_pipeline: Epoch 9/30
2026-08-12 20:10:37,480 INFO Code.src.training.classification_pipeline: Epoch 9: train loss 0.5649, val loss 0.5703, val accuracy 0.6916
2026-08-12 20:10:37,480 INFO Code.src.training.classification_pipeline: Epoch 10/30
2026-08-12 20:10:45,424 INFO Code.src.training.classification_pipeline: Epoch 10: train loss 0.5642, val loss 0.5668, val accuracy 0.6998
2026-08-12 20:10:45,424 INFO Code.src.training.classification_pipeline: Epoch 11/30
2026-08-12 20:10:53,586 INFO Code.src.training.classification_pipeline: Epoch 11: train loss 0.5634, val loss 0.5668, val accuracy 0.6978
2026-08-12 20:10:53,587 INFO Code.src.training.classification_pipeline: Epoch 12/30
2026-08-12 20:11:01,806 INFO Code.src.training.classification_pipeline: Epoch 12: train loss 0.5630, val loss 0.5670, val accuracy 0.7002
2026-08-12 20:11:01,806 INFO Code.src.training.classification_pipeline: Epoch 13/30
2026-08-12 20:11:09,751 INFO Code.src.training.classification_pipeline: Epoch 13: train loss 0.5625, val loss 0.5673, val accuracy 0.6965
2026-08-12 20:11:09,752 INFO Code.src.training.classification_pipeline: Epoch 14/30
2026-08-12 20:11:17,820 INFO Code.src.training.classification_pipeline: Epoch 14: train loss 0.5619, val loss 0.5661, val accuracy 0.7002
2026-08-12 20:11:17,820 INFO Code.src.training.classification_pipeline: Epoch 15/30
2026-08-12 20:11:25,992 INFO Code.src.training.classification_pipeline: Epoch 15: train loss 0.5616, val loss 0.5648, val accuracy 0.6984
2026-08-12 20:11:25,992 INFO Code.src.training.classification_pipeline: Epoch 16/30
2026-08-12 20:11:34,125 INFO Code.src.training.classification_pipeline: Epoch 16: train loss 0.5611, val loss 0.5656, val accuracy 0.7041
2026-08-12 20:11:34,125 INFO Code.src.training.classification_pipeline: Epoch 17/30
2026-08-12 20:11:42,174 INFO Code.src.training.classification_pipeline: Epoch 17: train loss 0.5608, val loss 0.5656, val accuracy 0.6991
2026-08-12 20:11:42,174 INFO Code.src.training.classification_pipeline: Epoch 18/30
2026-08-12 20:11:50,078 INFO Code.src.training.classification_pipeline: Epoch 18: train loss 0.5604, val loss 0.5656, val accuracy 0.6985
2026-08-12 20:11:50,078 INFO Code.src.training.classification_pipeline: Epoch 19/30
2026-08-12 20:11:58,242 INFO Code.src.training.classification_pipeline: Epoch 19: train loss 0.5602, val loss 0.5646, val accuracy 0.7038
2026-08-12 20:11:58,243 INFO Code.src.training.classification_pipeline: Epoch 20/30
2026-08-12 20:12:06,281 INFO Code.src.training.classification_pipeline: Epoch 20: train loss 0.5598, val loss 0.5637, val accuracy 0.7031
2026-08-12 20:12:06,281 INFO Code.src.training.classification_pipeline: Epoch 21/30
2026-08-12 20:12:14,279 INFO Code.src.training.classification_pipeline: Epoch 21: train loss 0.5593, val loss 0.5664, val accuracy 0.6989
2026-08-12 20:12:14,280 INFO Code.src.training.classification_pipeline: Epoch 22/30
2026-08-12 20:12:22,273 INFO Code.src.training.classification_pipeline: Epoch 22: train loss 0.5591, val loss 0.5642, val accuracy 0.7020
2026-08-12 20:12:22,273 INFO Code.src.training.classification_pipeline: Epoch 23/30
2026-08-12 20:12:30,391 INFO Code.src.training.classification_pipeline: Epoch 23: train loss 0.5591, val loss 0.5652, val accuracy 0.6972
2026-08-12 20:12:30,391 INFO Code.src.training.classification_pipeline: Epoch 24/30
2026-08-12 20:12:38,428 INFO Code.src.training.classification_pipeline: Epoch 24: train loss 0.5590, val loss 0.5651, val accuracy 0.6999
2026-08-12 20:12:38,428 INFO Code.src.training.classification_pipeline: Epoch 25/30
2026-08-12 20:12:46,497 INFO Code.src.training.classification_pipeline: Epoch 25: train loss 0.5585, val loss 0.5638, val accuracy 0.6999
2026-08-12 20:12:46,498 INFO Code.src.training.classification_pipeline: Early stopping at epoch 25.
2026-08-12 20:12:46,642 INFO Code.src.training.classification_pipeline: Test Loss: 0.6107 | Test Acc: 0.6643 | Test F1 (Macro): 0.6578
