2026-07-25 14:25:46,741 INFO __main__: Using cached frozen embeddings: /home/ubuntu/research/protein-sequence-augmentation/data/processed/embeddings/solubility/esm2/shared/train_0dcdabeb748fb865.pt
2026-07-25 14:25:46,777 INFO __main__: Using cached frozen embeddings: /home/ubuntu/research/protein-sequence-augmentation/data/processed/embeddings/solubility/esm2/shared/valid_c55c9076933759fb.pt
2026-07-25 14:25:46,790 INFO Code.src.training.classification_pipeline: Epoch 1/30
2026-07-25 14:26:33,005 INFO Code.src.training.classification_pipeline: Epoch 1: train loss 0.6198, val loss 0.6024, val accuracy 0.6662
2026-07-25 14:26:33,005 INFO Code.src.training.classification_pipeline: Epoch 2/30
2026-07-25 14:27:31,328 INFO Code.src.training.classification_pipeline: Epoch 2: train loss 0.5991, val loss 0.5909, val accuracy 0.6750
2026-07-25 14:27:31,328 INFO Code.src.training.classification_pipeline: Epoch 3/30
2026-07-25 14:28:28,705 INFO Code.src.training.classification_pipeline: Epoch 3: train loss 0.5880, val loss 0.5849, val accuracy 0.6818
2026-07-25 14:28:28,705 INFO Code.src.training.classification_pipeline: Epoch 4/30
2026-07-25 14:29:15,291 INFO Code.src.training.classification_pipeline: Epoch 4: train loss 0.5798, val loss 0.5777, val accuracy 0.6851
2026-07-25 14:29:15,291 INFO Code.src.training.classification_pipeline: Epoch 5/30
2026-07-25 14:30:13,635 INFO Code.src.training.classification_pipeline: Epoch 5: train loss 0.5731, val loss 0.5742, val accuracy 0.6852
2026-07-25 14:30:13,635 INFO Code.src.training.classification_pipeline: Epoch 6/30
2026-07-25 14:31:03,338 INFO Code.src.training.classification_pipeline: Epoch 6: train loss 0.5678, val loss 0.5773, val accuracy 0.6894
2026-07-25 14:31:03,338 INFO Code.src.training.classification_pipeline: Epoch 7/30
2026-07-25 14:31:57,537 INFO Code.src.training.classification_pipeline: Epoch 7: train loss 0.5612, val loss 0.5706, val accuracy 0.6913
2026-07-25 14:31:57,537 INFO Code.src.training.classification_pipeline: Epoch 8/30
2026-07-25 14:32:56,016 INFO Code.src.training.classification_pipeline: Epoch 8: train loss 0.5570, val loss 0.5689, val accuracy 0.6919
2026-07-25 14:32:56,016 INFO Code.src.training.classification_pipeline: Epoch 9/30
2026-07-25 14:33:41,748 INFO Code.src.training.classification_pipeline: Epoch 9: train loss 0.5531, val loss 0.5642, val accuracy 0.6979
2026-07-25 14:33:41,748 INFO Code.src.training.classification_pipeline: Epoch 10/30
2026-07-25 14:34:40,277 INFO Code.src.training.classification_pipeline: Epoch 10: train loss 0.5489, val loss 0.5668, val accuracy 0.6943
2026-07-25 14:34:40,277 INFO Code.src.training.classification_pipeline: Epoch 11/30
2026-07-25 14:35:38,618 INFO Code.src.training.classification_pipeline: Epoch 11: train loss 0.5452, val loss 0.5633, val accuracy 0.7002
2026-07-25 14:35:38,618 INFO Code.src.training.classification_pipeline: Epoch 12/30
2026-07-25 14:36:24,707 INFO Code.src.training.classification_pipeline: Epoch 12: train loss 0.5414, val loss 0.5618, val accuracy 0.7018
2026-07-25 14:36:24,707 INFO Code.src.training.classification_pipeline: Epoch 13/30
2026-07-25 14:37:23,095 INFO Code.src.training.classification_pipeline: Epoch 13: train loss 0.5383, val loss 0.5585, val accuracy 0.7010
2026-07-25 14:37:23,095 INFO Code.src.training.classification_pipeline: Epoch 14/30
2026-07-25 14:38:21,533 INFO Code.src.training.classification_pipeline: Epoch 14: train loss 0.5355, val loss 0.5559, val accuracy 0.7027
2026-07-25 14:38:21,533 INFO Code.src.training.classification_pipeline: Epoch 15/30
2026-07-25 14:39:07,059 INFO Code.src.training.classification_pipeline: Epoch 15: train loss 0.5312, val loss 0.5674, val accuracy 0.6992
2026-07-25 14:39:07,059 INFO Code.src.training.classification_pipeline: Epoch 16/30
2026-07-25 14:40:05,617 INFO Code.src.training.classification_pipeline: Epoch 16: train loss 0.5286, val loss 0.5611, val accuracy 0.7064
2026-07-25 14:40:05,617 INFO Code.src.training.classification_pipeline: Epoch 17/30
2026-07-25 14:40:59,344 INFO Code.src.training.classification_pipeline: Epoch 17: train loss 0.5256, val loss 0.5624, val accuracy 0.7096
2026-07-25 14:40:59,344 INFO Code.src.training.classification_pipeline: Epoch 18/30
2026-07-25 14:41:50,770 INFO Code.src.training.classification_pipeline: Epoch 18: train loss 0.5220, val loss 0.5566, val accuracy 0.7056
2026-07-25 14:41:50,770 INFO Code.src.training.classification_pipeline: Epoch 19/30
2026-07-25 14:42:48,896 INFO Code.src.training.classification_pipeline: Epoch 19: train loss 0.5206, val loss 0.5588, val accuracy 0.7103
2026-07-25 14:42:48,896 INFO Code.src.training.classification_pipeline: Early stopping at epoch 19.
