2026-07-26 22:28:24,636 INFO __main__: Using cached frozen embeddings: /home/ubuntu/research/protein-sequence-augmentation/data/processed/embeddings/solubility/esm2/shared/train_ca57444d77a95fbc.pt
2026-07-26 22:28:24,671 INFO __main__: Using cached frozen embeddings: /home/ubuntu/research/protein-sequence-augmentation/data/processed/embeddings/solubility/esm2/shared/valid_d797fa3ef862b107.pt
2026-07-26 22:28:24,682 INFO __main__: Using cached frozen embeddings: /home/ubuntu/research/protein-sequence-augmentation/data/processed/embeddings/solubility/esm2/shared/test_c21ac4bad28e3dc4.pt
2026-07-26 22:28:24,695 INFO Code.src.training.classification_pipeline: Epoch 1/30
2026-07-26 22:29:28,143 INFO Code.src.training.classification_pipeline: Epoch 1: train loss 0.6235, val loss 0.6034, val accuracy 0.6642
2026-07-26 22:29:28,144 INFO Code.src.training.classification_pipeline: Epoch 2/30
2026-07-26 22:30:31,686 INFO Code.src.training.classification_pipeline: Epoch 2: train loss 0.6036, val loss 0.5926, val accuracy 0.6763
2026-07-26 22:30:31,686 INFO Code.src.training.classification_pipeline: Epoch 3/30
2026-07-26 22:31:24,735 INFO Code.src.training.classification_pipeline: Epoch 3: train loss 0.5938, val loss 0.5866, val accuracy 0.6821
2026-07-26 22:31:24,735 INFO Code.src.training.classification_pipeline: Epoch 4/30
2026-07-26 22:32:28,091 INFO Code.src.training.classification_pipeline: Epoch 4: train loss 0.5866, val loss 0.5835, val accuracy 0.6793
2026-07-26 22:32:28,091 INFO Code.src.training.classification_pipeline: Epoch 5/30
2026-07-26 22:33:31,642 INFO Code.src.training.classification_pipeline: Epoch 5: train loss 0.5808, val loss 0.5787, val accuracy 0.6819
2026-07-26 22:33:31,642 INFO Code.src.training.classification_pipeline: Epoch 6/30
2026-07-26 22:34:35,184 INFO Code.src.training.classification_pipeline: Epoch 6: train loss 0.5764, val loss 0.5748, val accuracy 0.6894
2026-07-26 22:34:35,184 INFO Code.src.training.classification_pipeline: Epoch 7/30
2026-07-26 22:35:26,757 INFO Code.src.training.classification_pipeline: Epoch 7: train loss 0.5720, val loss 0.5713, val accuracy 0.6904
2026-07-26 22:35:26,757 INFO Code.src.training.classification_pipeline: Epoch 8/30
2026-07-26 22:36:19,411 INFO Code.src.training.classification_pipeline: Epoch 8: train loss 0.5676, val loss 0.5709, val accuracy 0.6939
2026-07-26 22:36:19,411 INFO Code.src.training.classification_pipeline: Epoch 9/30
2026-07-26 22:37:23,165 INFO Code.src.training.classification_pipeline: Epoch 9: train loss 0.5638, val loss 0.5689, val accuracy 0.6940
2026-07-26 22:37:23,165 INFO Code.src.training.classification_pipeline: Epoch 10/30
2026-07-26 22:38:26,875 INFO Code.src.training.classification_pipeline: Epoch 10: train loss 0.5609, val loss 0.5682, val accuracy 0.6922
2026-07-26 22:38:26,875 INFO Code.src.training.classification_pipeline: Epoch 11/30
2026-07-26 22:39:30,606 INFO Code.src.training.classification_pipeline: Epoch 11: train loss 0.5573, val loss 0.5672, val accuracy 0.6962
2026-07-26 22:39:30,606 INFO Code.src.training.classification_pipeline: Epoch 12/30
2026-07-26 22:40:13,263 INFO Code.src.training.classification_pipeline: Epoch 12: train loss 0.5537, val loss 0.5655, val accuracy 0.6972
2026-07-26 22:40:13,264 INFO Code.src.training.classification_pipeline: Epoch 13/30
2026-07-26 22:41:17,187 INFO Code.src.training.classification_pipeline: Epoch 13: train loss 0.5527, val loss 0.5608, val accuracy 0.6994
2026-07-26 22:41:17,187 INFO Code.src.training.classification_pipeline: Epoch 14/30
2026-07-26 22:42:20,846 INFO Code.src.training.classification_pipeline: Epoch 14: train loss 0.5486, val loss 0.5585, val accuracy 0.6997
2026-07-26 22:42:20,846 INFO Code.src.training.classification_pipeline: Epoch 15/30
2026-07-26 22:43:24,571 INFO Code.src.training.classification_pipeline: Epoch 15: train loss 0.5461, val loss 0.5583, val accuracy 0.7040
2026-07-26 22:43:24,571 INFO Code.src.training.classification_pipeline: Epoch 16/30
2026-07-26 22:44:16,680 INFO Code.src.training.classification_pipeline: Epoch 16: train loss 0.5452, val loss 0.5578, val accuracy 0.6991
2026-07-26 22:44:16,680 INFO Code.src.training.classification_pipeline: Epoch 17/30
2026-07-26 22:45:09,264 INFO Code.src.training.classification_pipeline: Epoch 17: train loss 0.5416, val loss 0.5597, val accuracy 0.7031
2026-07-26 22:45:09,264 INFO Code.src.training.classification_pipeline: Epoch 18/30
2026-07-26 22:46:12,758 INFO Code.src.training.classification_pipeline: Epoch 18: train loss 0.5398, val loss 0.5648, val accuracy 0.6958
2026-07-26 22:46:12,758 INFO Code.src.training.classification_pipeline: Epoch 19/30
2026-07-26 22:47:16,379 INFO Code.src.training.classification_pipeline: Epoch 19: train loss 0.5369, val loss 0.5588, val accuracy 0.7040
2026-07-26 22:47:16,379 INFO Code.src.training.classification_pipeline: Epoch 20/30
2026-07-26 22:48:19,915 INFO Code.src.training.classification_pipeline: Epoch 20: train loss 0.5356, val loss 0.5589, val accuracy 0.7057
2026-07-26 22:48:19,915 INFO Code.src.training.classification_pipeline: Epoch 21/30
2026-07-26 22:49:02,334 INFO Code.src.training.classification_pipeline: Epoch 21: train loss 0.5332, val loss 0.5570, val accuracy 0.7018
2026-07-26 22:49:02,334 INFO Code.src.training.classification_pipeline: Epoch 22/30
2026-07-26 22:50:05,943 INFO Code.src.training.classification_pipeline: Epoch 22: train loss 0.5315, val loss 0.5571, val accuracy 0.7043
2026-07-26 22:50:05,943 INFO Code.src.training.classification_pipeline: Epoch 23/30
2026-07-26 22:51:09,723 INFO Code.src.training.classification_pipeline: Epoch 23: train loss 0.5300, val loss 0.5536, val accuracy 0.7048
2026-07-26 22:51:09,723 INFO Code.src.training.classification_pipeline: Epoch 24/30
2026-07-26 22:52:13,404 INFO Code.src.training.classification_pipeline: Epoch 24: train loss 0.5278, val loss 0.5574, val accuracy 0.7054
2026-07-26 22:52:13,404 INFO Code.src.training.classification_pipeline: Epoch 25/30
2026-07-26 22:53:06,507 INFO Code.src.training.classification_pipeline: Epoch 25: train loss 0.5285, val loss 0.5574, val accuracy 0.7066
2026-07-26 22:53:06,507 INFO Code.src.training.classification_pipeline: Epoch 26/30
2026-07-26 22:53:58,366 INFO Code.src.training.classification_pipeline: Epoch 26: train loss 0.5255, val loss 0.5668, val accuracy 0.7031
2026-07-26 22:53:58,366 INFO Code.src.training.classification_pipeline: Epoch 27/30
2026-07-26 22:55:02,026 INFO Code.src.training.classification_pipeline: Epoch 27: train loss 0.5224, val loss 0.5539, val accuracy 0.7053
2026-07-26 22:55:02,027 INFO Code.src.training.classification_pipeline: Epoch 28/30
2026-07-26 22:56:05,819 INFO Code.src.training.classification_pipeline: Epoch 28: train loss 0.5196, val loss 0.5564, val accuracy 0.7106
2026-07-26 22:56:05,819 INFO Code.src.training.classification_pipeline: Early stopping at epoch 28.
2026-07-26 22:56:07,537 INFO Code.src.training.classification_pipeline: Test Loss: 0.6607 | Test Acc: 0.6483 | Test F1 (Macro): 0.6391
