2026-08-09 05:26:34,833 INFO Code.src.training.classification_pipeline: Unfreezing the autoencoder encoding path.
2026-08-09 05:26:34,834 INFO Code.src.training.classification_pipeline: Unfreezing the complete ESM-2 encoder.
2026-08-09 05:26:34,837 INFO Code.src.training.classification_pipeline: Epoch 1/10
2026-08-09 05:55:04,583 INFO Code.src.training.classification_pipeline: Epoch 1: train loss 0.5660, val loss 0.5234, val accuracy 0.7250
2026-08-09 05:55:04,584 INFO Code.src.training.classification_pipeline: Epoch 2/10
2026-08-09 06:23:53,845 INFO Code.src.training.classification_pipeline: Epoch 2: train loss 0.5070, val loss 0.4901, val accuracy 0.7531
2026-08-09 06:23:53,845 INFO Code.src.training.classification_pipeline: Epoch 3/10
2026-08-09 06:52:58,617 INFO Code.src.training.classification_pipeline: Epoch 3: train loss 0.4789, val loss 0.4861, val accuracy 0.7483
2026-08-09 06:52:58,617 INFO Code.src.training.classification_pipeline: Epoch 4/10
2026-08-09 07:21:48,201 INFO Code.src.training.classification_pipeline: Epoch 4: train loss 0.4630, val loss 0.4782, val accuracy 0.7606
2026-08-09 07:21:48,201 INFO Code.src.training.classification_pipeline: Epoch 5/10
2026-08-09 07:50:37,146 INFO Code.src.training.classification_pipeline: Epoch 5: train loss 0.4501, val loss 0.4754, val accuracy 0.7626
2026-08-09 07:50:37,146 INFO Code.src.training.classification_pipeline: Epoch 6/10
2026-08-09 08:19:02,816 INFO Code.src.training.classification_pipeline: Epoch 6: train loss 0.4379, val loss 0.4745, val accuracy 0.7646
2026-08-09 08:19:02,816 INFO Code.src.training.classification_pipeline: Epoch 7/10
2026-08-09 08:47:48,797 INFO Code.src.training.classification_pipeline: Epoch 7: train loss 0.4262, val loss 0.4771, val accuracy 0.7643
2026-08-09 08:47:48,797 INFO Code.src.training.classification_pipeline: Epoch 8/10
2026-08-09 09:16:10,563 INFO Code.src.training.classification_pipeline: Epoch 8: train loss 0.4132, val loss 0.4806, val accuracy 0.7604
2026-08-09 09:16:10,563 INFO Code.src.training.classification_pipeline: Epoch 9/10
2026-08-09 09:44:59,275 INFO Code.src.training.classification_pipeline: Epoch 9: train loss 0.4001, val loss 0.4849, val accuracy 0.7597
2026-08-09 09:44:59,275 INFO Code.src.training.classification_pipeline: Early stopping at epoch 9.
