2026-07-26 18:56:36,502 INFO __main__: Using cached frozen embeddings: /home/ubuntu/research/protein-sequence-augmentation/data/processed/embeddings/solubility/esm2/shared/train_ca57444d77a95fbc.pt
2026-07-26 18:56:36,540 INFO __main__: Using cached frozen embeddings: /home/ubuntu/research/protein-sequence-augmentation/data/processed/embeddings/solubility/esm2/shared/valid_d797fa3ef862b107.pt
2026-07-26 18:56:36,551 INFO __main__: Using cached frozen embeddings: /home/ubuntu/research/protein-sequence-augmentation/data/processed/embeddings/solubility/esm2/shared/test_c21ac4bad28e3dc4.pt
2026-07-26 18:56:36,555 INFO Code.src.training.classification_pipeline: Epoch 1/30
2026-07-26 18:57:39,365 INFO Code.src.training.classification_pipeline: Epoch 1: train loss 0.6231, val loss 0.6043, val accuracy 0.6645
2026-07-26 18:57:39,365 INFO Code.src.training.classification_pipeline: Epoch 2/30
2026-07-26 18:58:42,138 INFO Code.src.training.classification_pipeline: Epoch 2: train loss 0.6034, val loss 0.5950, val accuracy 0.6707
2026-07-26 18:58:42,138 INFO Code.src.training.classification_pipeline: Epoch 3/30
2026-07-26 18:59:33,949 INFO Code.src.training.classification_pipeline: Epoch 3: train loss 0.5945, val loss 0.5880, val accuracy 0.6788
2026-07-26 18:59:33,949 INFO Code.src.training.classification_pipeline: Epoch 4/30
2026-07-26 19:00:36,772 INFO Code.src.training.classification_pipeline: Epoch 4: train loss 0.5864, val loss 0.5805, val accuracy 0.6802
2026-07-26 19:00:36,772 INFO Code.src.training.classification_pipeline: Epoch 5/30
2026-07-26 19:01:39,633 INFO Code.src.training.classification_pipeline: Epoch 5: train loss 0.5804, val loss 0.5767, val accuracy 0.6842
2026-07-26 19:01:39,634 INFO Code.src.training.classification_pipeline: Epoch 6/30
2026-07-26 19:02:42,445 INFO Code.src.training.classification_pipeline: Epoch 6: train loss 0.5768, val loss 0.5795, val accuracy 0.6874
2026-07-26 19:02:42,445 INFO Code.src.training.classification_pipeline: Epoch 7/30
2026-07-26 19:03:34,624 INFO Code.src.training.classification_pipeline: Epoch 7: train loss 0.5711, val loss 0.5724, val accuracy 0.6900
2026-07-26 19:03:34,624 INFO Code.src.training.classification_pipeline: Epoch 8/30
2026-07-26 19:04:37,575 INFO Code.src.training.classification_pipeline: Epoch 8: train loss 0.5672, val loss 0.5707, val accuracy 0.6900
2026-07-26 19:04:37,575 INFO Code.src.training.classification_pipeline: Epoch 9/30
2026-07-26 19:05:40,344 INFO Code.src.training.classification_pipeline: Epoch 9: train loss 0.5650, val loss 0.5683, val accuracy 0.6927
2026-07-26 19:05:40,344 INFO Code.src.training.classification_pipeline: Epoch 10/30
2026-07-26 19:06:43,326 INFO Code.src.training.classification_pipeline: Epoch 10: train loss 0.5607, val loss 0.5678, val accuracy 0.6935
2026-07-26 19:06:43,326 INFO Code.src.training.classification_pipeline: Epoch 11/30
2026-07-26 19:07:37,604 INFO Code.src.training.classification_pipeline: Epoch 11: train loss 0.5584, val loss 0.5677, val accuracy 0.6916
2026-07-26 19:07:37,604 INFO Code.src.training.classification_pipeline: Epoch 12/30
2026-07-26 19:08:28,473 INFO Code.src.training.classification_pipeline: Epoch 12: train loss 0.5551, val loss 0.5638, val accuracy 0.7001
2026-07-26 19:08:28,473 INFO Code.src.training.classification_pipeline: Epoch 13/30
2026-07-26 19:09:31,276 INFO Code.src.training.classification_pipeline: Epoch 13: train loss 0.5521, val loss 0.5593, val accuracy 0.7031
2026-07-26 19:09:31,276 INFO Code.src.training.classification_pipeline: Epoch 14/30
2026-07-26 19:10:34,159 INFO Code.src.training.classification_pipeline: Epoch 14: train loss 0.5501, val loss 0.5599, val accuracy 0.6998
2026-07-26 19:10:34,159 INFO Code.src.training.classification_pipeline: Epoch 15/30
2026-07-26 19:11:37,027 INFO Code.src.training.classification_pipeline: Epoch 15: train loss 0.5469, val loss 0.5679, val accuracy 0.6979
2026-07-26 19:11:37,027 INFO Code.src.training.classification_pipeline: Epoch 16/30
2026-07-26 19:12:28,699 INFO Code.src.training.classification_pipeline: Epoch 16: train loss 0.5444, val loss 0.5616, val accuracy 0.7015
2026-07-26 19:12:28,699 INFO Code.src.training.classification_pipeline: Epoch 17/30
2026-07-26 19:13:31,595 INFO Code.src.training.classification_pipeline: Epoch 17: train loss 0.5434, val loss 0.5634, val accuracy 0.7014
2026-07-26 19:13:31,595 INFO Code.src.training.classification_pipeline: Epoch 18/30
2026-07-26 19:14:34,404 INFO Code.src.training.classification_pipeline: Epoch 18: train loss 0.5400, val loss 0.5586, val accuracy 0.7071
2026-07-26 19:14:34,404 INFO Code.src.training.classification_pipeline: Epoch 19/30
2026-07-26 19:15:37,336 INFO Code.src.training.classification_pipeline: Epoch 19: train loss 0.5383, val loss 0.5581, val accuracy 0.7046
2026-07-26 19:15:37,336 INFO Code.src.training.classification_pipeline: Epoch 20/30
2026-07-26 19:16:29,708 INFO Code.src.training.classification_pipeline: Epoch 20: train loss 0.5369, val loss 0.5582, val accuracy 0.7074
2026-07-26 19:16:29,708 INFO Code.src.training.classification_pipeline: Epoch 21/30
2026-07-26 19:17:32,430 INFO Code.src.training.classification_pipeline: Epoch 21: train loss 0.5348, val loss 0.5549, val accuracy 0.7097
2026-07-26 19:17:32,430 INFO Code.src.training.classification_pipeline: Epoch 22/30
2026-07-26 19:18:35,210 INFO Code.src.training.classification_pipeline: Epoch 22: train loss 0.5325, val loss 0.5549, val accuracy 0.7054
2026-07-26 19:18:35,210 INFO Code.src.training.classification_pipeline: Epoch 23/30
2026-07-26 19:19:37,939 INFO Code.src.training.classification_pipeline: Epoch 23: train loss 0.5311, val loss 0.5622, val accuracy 0.7020
2026-07-26 19:19:37,939 INFO Code.src.training.classification_pipeline: Epoch 24/30
2026-07-26 19:20:31,289 INFO Code.src.training.classification_pipeline: Epoch 24: train loss 0.5299, val loss 0.5552, val accuracy 0.7074
2026-07-26 19:20:31,289 INFO Code.src.training.classification_pipeline: Epoch 25/30
2026-07-26 19:21:32,677 INFO Code.src.training.classification_pipeline: Epoch 25: train loss 0.5262, val loss 0.5532, val accuracy 0.7067
2026-07-26 19:21:32,677 INFO Code.src.training.classification_pipeline: Epoch 26/30
2026-07-26 19:22:35,448 INFO Code.src.training.classification_pipeline: Epoch 26: train loss 0.5251, val loss 0.5568, val accuracy 0.7058
2026-07-26 19:22:35,448 INFO Code.src.training.classification_pipeline: Epoch 27/30
2026-07-26 19:23:38,360 INFO Code.src.training.classification_pipeline: Epoch 27: train loss 0.5244, val loss 0.5557, val accuracy 0.7077
2026-07-26 19:23:38,360 INFO Code.src.training.classification_pipeline: Epoch 28/30
2026-07-26 19:24:39,382 INFO Code.src.training.classification_pipeline: Epoch 28: train loss 0.5218, val loss 0.5590, val accuracy 0.7061
2026-07-26 19:24:39,382 INFO Code.src.training.classification_pipeline: Epoch 29/30
2026-07-26 19:25:22,461 INFO Code.src.training.classification_pipeline: Epoch 29: train loss 0.5200, val loss 0.5593, val accuracy 0.7070
2026-07-26 19:25:22,461 INFO Code.src.training.classification_pipeline: Epoch 30/30
2026-07-26 19:26:25,302 INFO Code.src.training.classification_pipeline: Epoch 30: train loss 0.5190, val loss 0.5529, val accuracy 0.7077
2026-07-26 19:26:26,944 INFO Code.src.training.classification_pipeline: Test Loss: 0.6705 | Test Acc: 0.6433 | Test F1 (Macro): 0.6341
