2026-07-25 01:52:02,197 INFO Code.src.models.classifier: Using ESM-2 encoder on cuda:0
2026-07-25 02:00:31,367 INFO __main__: Saved frozen embeddings: /home/ubuntu/protein-sequence-augmentation/data/processed/embeddings/solubility/esm2/shared/train_5b81aae505f7de18.pt
2026-07-25 02:01:30,253 INFO __main__: Saved frozen embeddings: /home/ubuntu/protein-sequence-augmentation/data/processed/embeddings/solubility/esm2/shared/valid_8670af8275f2b1fb.pt
2026-07-25 02:01:49,089 INFO __main__: Saved frozen embeddings: /home/ubuntu/protein-sequence-augmentation/data/processed/embeddings/solubility/esm2/shared/test_81c568d5fe0d23a8.pt
2026-07-25 02:01:49,217 INFO Code.src.training.classification_pipeline: Epoch 1/30
2026-07-25 02:01:58,335 INFO Code.src.training.classification_pipeline: Epoch 1: train loss 0.6257, val loss 0.6138, val accuracy 0.6580
2026-07-25 02:01:58,335 INFO Code.src.training.classification_pipeline: Epoch 2/30
2026-07-25 02:02:07,551 INFO Code.src.training.classification_pipeline: Epoch 2: train loss 0.6133, val loss 0.6078, val accuracy 0.6618
2026-07-25 02:02:07,551 INFO Code.src.training.classification_pipeline: Epoch 3/30
2026-07-25 02:02:16,340 INFO Code.src.training.classification_pipeline: Epoch 3: train loss 0.6100, val loss 0.6058, val accuracy 0.6636
2026-07-25 02:02:16,340 INFO Code.src.training.classification_pipeline: Epoch 4/30
2026-07-25 02:02:24,051 INFO Code.src.training.classification_pipeline: Epoch 4: train loss 0.6077, val loss 0.6046, val accuracy 0.6641
2026-07-25 02:02:24,051 INFO Code.src.training.classification_pipeline: Epoch 5/30
2026-07-25 02:02:31,576 INFO Code.src.training.classification_pipeline: Epoch 5: train loss 0.6062, val loss 0.6033, val accuracy 0.6678
2026-07-25 02:02:31,576 INFO Code.src.training.classification_pipeline: Epoch 6/30
2026-07-25 02:02:39,075 INFO Code.src.training.classification_pipeline: Epoch 6: train loss 0.6053, val loss 0.6066, val accuracy 0.6641
2026-07-25 02:02:39,075 INFO Code.src.training.classification_pipeline: Epoch 7/30
2026-07-25 02:02:52,315 INFO Code.src.training.classification_pipeline: Epoch 7: train loss 0.6044, val loss 0.6026, val accuracy 0.6693
2026-07-25 02:02:52,315 INFO Code.src.training.classification_pipeline: Epoch 8/30
2026-07-25 02:02:59,895 INFO Code.src.training.classification_pipeline: Epoch 8: train loss 0.6038, val loss 0.6023, val accuracy 0.6680
2026-07-25 02:02:59,895 INFO Code.src.training.classification_pipeline: Epoch 9/30
2026-07-25 02:03:07,495 INFO Code.src.training.classification_pipeline: Epoch 9: train loss 0.6033, val loss 0.6010, val accuracy 0.6687
2026-07-25 02:03:07,495 INFO Code.src.training.classification_pipeline: Epoch 10/30
2026-07-25 02:03:15,049 INFO Code.src.training.classification_pipeline: Epoch 10: train loss 0.6031, val loss 0.6030, val accuracy 0.6665
2026-07-25 02:03:15,049 INFO Code.src.training.classification_pipeline: Epoch 11/30
2026-07-25 02:03:22,575 INFO Code.src.training.classification_pipeline: Epoch 11: train loss 0.6027, val loss 0.6017, val accuracy 0.6675
2026-07-25 02:03:22,575 INFO Code.src.training.classification_pipeline: Epoch 12/30
2026-07-25 02:03:30,135 INFO Code.src.training.classification_pipeline: Epoch 12: train loss 0.6022, val loss 0.6008, val accuracy 0.6708
2026-07-25 02:03:30,135 INFO Code.src.training.classification_pipeline: Epoch 13/30
2026-07-25 02:03:37,674 INFO Code.src.training.classification_pipeline: Epoch 13: train loss 0.6021, val loss 0.5999, val accuracy 0.6672
2026-07-25 02:03:37,674 INFO Code.src.training.classification_pipeline: Epoch 14/30
2026-07-25 02:03:45,237 INFO Code.src.training.classification_pipeline: Epoch 14: train loss 0.6017, val loss 0.6006, val accuracy 0.6695
2026-07-25 02:03:45,237 INFO Code.src.training.classification_pipeline: Epoch 15/30
2026-07-25 02:03:54,380 INFO Code.src.training.classification_pipeline: Epoch 15: train loss 0.6016, val loss 0.6057, val accuracy 0.6605
2026-07-25 02:03:54,380 INFO Code.src.training.classification_pipeline: Epoch 16/30
2026-07-25 02:04:01,946 INFO Code.src.training.classification_pipeline: Epoch 16: train loss 0.6013, val loss 0.6009, val accuracy 0.6677
2026-07-25 02:04:01,946 INFO Code.src.training.classification_pipeline: Epoch 17/30
2026-07-25 02:04:09,600 INFO Code.src.training.classification_pipeline: Epoch 17: train loss 0.6011, val loss 0.6007, val accuracy 0.6678
2026-07-25 02:04:09,600 INFO Code.src.training.classification_pipeline: Epoch 18/30
2026-07-25 02:04:17,165 INFO Code.src.training.classification_pipeline: Epoch 18: train loss 0.6010, val loss 0.5997, val accuracy 0.6691
2026-07-25 02:04:17,165 INFO Code.src.training.classification_pipeline: Epoch 19/30
2026-07-25 02:04:24,718 INFO Code.src.training.classification_pipeline: Epoch 19: train loss 0.6008, val loss 0.5996, val accuracy 0.6684
2026-07-25 02:04:24,718 INFO Code.src.training.classification_pipeline: Epoch 20/30
2026-07-25 02:04:32,347 INFO Code.src.training.classification_pipeline: Epoch 20: train loss 0.6005, val loss 0.6044, val accuracy 0.6625
2026-07-25 02:04:32,347 INFO Code.src.training.classification_pipeline: Epoch 21/30
2026-07-25 02:04:39,897 INFO Code.src.training.classification_pipeline: Epoch 21: train loss 0.6006, val loss 0.5998, val accuracy 0.6714
2026-07-25 02:04:39,897 INFO Code.src.training.classification_pipeline: Epoch 22/30
2026-07-25 02:04:47,398 INFO Code.src.training.classification_pipeline: Epoch 22: train loss 0.6007, val loss 0.5992, val accuracy 0.6697
2026-07-25 02:04:47,398 INFO Code.src.training.classification_pipeline: Epoch 23/30
2026-07-25 02:04:54,928 INFO Code.src.training.classification_pipeline: Epoch 23: train loss 0.6003, val loss 0.6008, val accuracy 0.6704
2026-07-25 02:04:54,928 INFO Code.src.training.classification_pipeline: Epoch 24/30
2026-07-25 02:05:02,466 INFO Code.src.training.classification_pipeline: Epoch 24: train loss 0.6007, val loss 0.6025, val accuracy 0.6641
2026-07-25 02:05:02,466 INFO Code.src.training.classification_pipeline: Epoch 25/30
2026-07-25 02:05:09,971 INFO Code.src.training.classification_pipeline: Epoch 25: train loss 0.6004, val loss 0.6002, val accuracy 0.6693
2026-07-25 02:05:09,971 INFO Code.src.training.classification_pipeline: Epoch 26/30
2026-07-25 02:05:17,516 INFO Code.src.training.classification_pipeline: Epoch 26: train loss 0.6003, val loss 0.5991, val accuracy 0.6711
2026-07-25 02:05:17,517 INFO Code.src.training.classification_pipeline: Epoch 27/30
2026-07-25 02:05:25,068 INFO Code.src.training.classification_pipeline: Epoch 27: train loss 0.6004, val loss 0.5998, val accuracy 0.6726
2026-07-25 02:05:25,068 INFO Code.src.training.classification_pipeline: Epoch 28/30
2026-07-25 02:05:32,662 INFO Code.src.training.classification_pipeline: Epoch 28: train loss 0.6002, val loss 0.6014, val accuracy 0.6657
2026-07-25 02:05:32,662 INFO Code.src.training.classification_pipeline: Epoch 29/30
2026-07-25 02:05:40,302 INFO Code.src.training.classification_pipeline: Epoch 29: train loss 0.5999, val loss 0.6006, val accuracy 0.6701
2026-07-25 02:05:40,302 INFO Code.src.training.classification_pipeline: Epoch 30/30
2026-07-25 02:05:47,860 INFO Code.src.training.classification_pipeline: Epoch 30: train loss 0.5999, val loss 0.5991, val accuracy 0.6729
2026-07-25 02:05:47,992 INFO Code.src.training.classification_pipeline: Test Loss: 0.6646 | Test Acc: 0.6113 | Test F1 (Macro): 0.5966
