2026-07-25 02:25:27,038 INFO __main__: Saved frozen embeddings: /home/ubuntu/protein-sequence-augmentation/data/processed/embeddings/solubility/random_autoencoder/seed_43/train_cada4b747324f8f2.pt
2026-07-25 02:25:42,396 INFO __main__: Saved frozen embeddings: /home/ubuntu/protein-sequence-augmentation/data/processed/embeddings/solubility/random_autoencoder/seed_43/valid_ed7878b37823f011.pt
2026-07-25 02:25:47,150 INFO __main__: Saved frozen embeddings: /home/ubuntu/protein-sequence-augmentation/data/processed/embeddings/solubility/random_autoencoder/seed_43/test_c05a1af170f237a8.pt
2026-07-25 02:25:47,248 INFO Code.src.training.classification_pipeline: Epoch 1/30
2026-07-25 02:25:54,869 INFO Code.src.training.classification_pipeline: Epoch 1: train loss 0.6731, val loss 0.6641, val accuracy 0.5952
2026-07-25 02:25:54,869 INFO Code.src.training.classification_pipeline: Epoch 2/30
2026-07-25 02:26:02,465 INFO Code.src.training.classification_pipeline: Epoch 2: train loss 0.6653, val loss 0.6581, val accuracy 0.6080
2026-07-25 02:26:02,465 INFO Code.src.training.classification_pipeline: Epoch 3/30
2026-07-25 02:26:10,072 INFO Code.src.training.classification_pipeline: Epoch 3: train loss 0.6617, val loss 0.6552, val accuracy 0.6150
2026-07-25 02:26:10,072 INFO Code.src.training.classification_pipeline: Epoch 4/30
2026-07-25 02:26:17,583 INFO Code.src.training.classification_pipeline: Epoch 4: train loss 0.6597, val loss 0.6552, val accuracy 0.6197
2026-07-25 02:26:17,583 INFO Code.src.training.classification_pipeline: Epoch 5/30
2026-07-25 02:26:25,172 INFO Code.src.training.classification_pipeline: Epoch 5: train loss 0.6579, val loss 0.6520, val accuracy 0.6170
2026-07-25 02:26:25,172 INFO Code.src.training.classification_pipeline: Epoch 6/30
2026-07-25 02:26:32,743 INFO Code.src.training.classification_pipeline: Epoch 6: train loss 0.6570, val loss 0.6509, val accuracy 0.6162
2026-07-25 02:26:32,743 INFO Code.src.training.classification_pipeline: Epoch 7/30
2026-07-25 02:26:40,318 INFO Code.src.training.classification_pipeline: Epoch 7: train loss 0.6561, val loss 0.6501, val accuracy 0.6170
2026-07-25 02:26:40,318 INFO Code.src.training.classification_pipeline: Epoch 8/30
2026-07-25 02:26:47,892 INFO Code.src.training.classification_pipeline: Epoch 8: train loss 0.6550, val loss 0.6493, val accuracy 0.6239
2026-07-25 02:26:47,892 INFO Code.src.training.classification_pipeline: Epoch 9/30
2026-07-25 02:26:55,539 INFO Code.src.training.classification_pipeline: Epoch 9: train loss 0.6540, val loss 0.6489, val accuracy 0.6165
2026-07-25 02:26:55,539 INFO Code.src.training.classification_pipeline: Epoch 10/30
2026-07-25 02:27:03,158 INFO Code.src.training.classification_pipeline: Epoch 10: train loss 0.6536, val loss 0.6480, val accuracy 0.6243
2026-07-25 02:27:03,159 INFO Code.src.training.classification_pipeline: Epoch 11/30
2026-07-25 02:27:10,895 INFO Code.src.training.classification_pipeline: Epoch 11: train loss 0.6528, val loss 0.6470, val accuracy 0.6236
2026-07-25 02:27:10,896 INFO Code.src.training.classification_pipeline: Epoch 12/30
2026-07-25 02:27:18,471 INFO Code.src.training.classification_pipeline: Epoch 12: train loss 0.6521, val loss 0.6469, val accuracy 0.6250
2026-07-25 02:27:18,471 INFO Code.src.training.classification_pipeline: Epoch 13/30
2026-07-25 02:27:26,038 INFO Code.src.training.classification_pipeline: Epoch 13: train loss 0.6516, val loss 0.6462, val accuracy 0.6255
2026-07-25 02:27:26,038 INFO Code.src.training.classification_pipeline: Epoch 14/30
2026-07-25 02:27:33,647 INFO Code.src.training.classification_pipeline: Epoch 14: train loss 0.6510, val loss 0.6454, val accuracy 0.6247
2026-07-25 02:27:33,647 INFO Code.src.training.classification_pipeline: Epoch 15/30
2026-07-25 02:27:41,237 INFO Code.src.training.classification_pipeline: Epoch 15: train loss 0.6502, val loss 0.6449, val accuracy 0.6263
2026-07-25 02:27:41,238 INFO Code.src.training.classification_pipeline: Epoch 16/30
2026-07-25 02:27:48,806 INFO Code.src.training.classification_pipeline: Epoch 16: train loss 0.6497, val loss 0.6469, val accuracy 0.6275
2026-07-25 02:27:48,806 INFO Code.src.training.classification_pipeline: Epoch 17/30
2026-07-25 02:27:56,390 INFO Code.src.training.classification_pipeline: Epoch 17: train loss 0.6492, val loss 0.6445, val accuracy 0.6250
2026-07-25 02:27:56,390 INFO Code.src.training.classification_pipeline: Epoch 18/30
2026-07-25 02:28:03,959 INFO Code.src.training.classification_pipeline: Epoch 18: train loss 0.6486, val loss 0.6493, val accuracy 0.6124
2026-07-25 02:28:03,959 INFO Code.src.training.classification_pipeline: Epoch 19/30
2026-07-25 02:28:11,545 INFO Code.src.training.classification_pipeline: Epoch 19: train loss 0.6480, val loss 0.6440, val accuracy 0.6268
2026-07-25 02:28:11,545 INFO Code.src.training.classification_pipeline: Epoch 20/30
2026-07-25 02:28:19,122 INFO Code.src.training.classification_pipeline: Epoch 20: train loss 0.6476, val loss 0.6436, val accuracy 0.6258
2026-07-25 02:28:19,122 INFO Code.src.training.classification_pipeline: Epoch 21/30
2026-07-25 02:28:26,728 INFO Code.src.training.classification_pipeline: Epoch 21: train loss 0.6471, val loss 0.6423, val accuracy 0.6232
2026-07-25 02:28:26,728 INFO Code.src.training.classification_pipeline: Epoch 22/30
2026-07-25 02:28:34,274 INFO Code.src.training.classification_pipeline: Epoch 22: train loss 0.6467, val loss 0.6423, val accuracy 0.6266
2026-07-25 02:28:34,274 INFO Code.src.training.classification_pipeline: Epoch 23/30
2026-07-25 02:28:41,940 INFO Code.src.training.classification_pipeline: Epoch 23: train loss 0.6463, val loss 0.6417, val accuracy 0.6262
2026-07-25 02:28:41,941 INFO Code.src.training.classification_pipeline: Epoch 24/30
2026-07-25 02:28:49,503 INFO Code.src.training.classification_pipeline: Epoch 24: train loss 0.6457, val loss 0.6412, val accuracy 0.6223
2026-07-25 02:28:49,504 INFO Code.src.training.classification_pipeline: Epoch 25/30
2026-07-25 02:28:57,096 INFO Code.src.training.classification_pipeline: Epoch 25: train loss 0.6453, val loss 0.6419, val accuracy 0.6285
2026-07-25 02:28:57,096 INFO Code.src.training.classification_pipeline: Epoch 26/30
2026-07-25 02:29:04,653 INFO Code.src.training.classification_pipeline: Epoch 26: train loss 0.6451, val loss 0.6434, val accuracy 0.6314
2026-07-25 02:29:04,654 INFO Code.src.training.classification_pipeline: Epoch 27/30
2026-07-25 02:29:12,240 INFO Code.src.training.classification_pipeline: Epoch 27: train loss 0.6444, val loss 0.6398, val accuracy 0.6250
2026-07-25 02:29:12,240 INFO Code.src.training.classification_pipeline: Epoch 28/30
2026-07-25 02:29:19,817 INFO Code.src.training.classification_pipeline: Epoch 28: train loss 0.6441, val loss 0.6396, val accuracy 0.6252
2026-07-25 02:29:19,817 INFO Code.src.training.classification_pipeline: Epoch 29/30
2026-07-25 02:29:27,381 INFO Code.src.training.classification_pipeline: Epoch 29: train loss 0.6437, val loss 0.6395, val accuracy 0.6224
2026-07-25 02:29:27,381 INFO Code.src.training.classification_pipeline: Epoch 30/30
2026-07-25 02:29:36,050 INFO Code.src.training.classification_pipeline: Epoch 30: train loss 0.6434, val loss 0.6390, val accuracy 0.6237
2026-07-25 02:29:36,180 INFO Code.src.training.classification_pipeline: Test Loss: 0.6708 | Test Acc: 0.5638 | Test F1 (Macro): 0.5158
