2026-07-30 06:54:54,147 INFO Code.src.utils.embedding_cache: Using cached frozen embeddings: /home/ubuntu/protein-sequence-augmentation/data/processed/embeddings/solubility/trained_autoencoder+esm2/shared/train_f0d3f3e3f38a4324.pt
2026-07-30 06:54:54,184 INFO Code.src.utils.embedding_cache: Using cached frozen embeddings: /home/ubuntu/protein-sequence-augmentation/data/processed/embeddings/solubility/trained_autoencoder+esm2/shared/valid_4c11a0a456e5634c.pt
2026-07-30 06:54:54,187 INFO Code.src.training.classification_pipeline: Epoch 1/30
2026-07-30 06:55:02,902 INFO Code.src.training.classification_pipeline: Epoch 1: train loss 0.5965, val loss 0.5685, val accuracy 0.6845
2026-07-30 06:55:02,903 INFO Code.src.training.classification_pipeline: Epoch 2/30
2026-07-30 06:55:11,787 INFO Code.src.training.classification_pipeline: Epoch 2: train loss 0.5589, val loss 0.5496, val accuracy 0.6985
2026-07-30 06:55:11,787 INFO Code.src.training.classification_pipeline: Epoch 3/30
2026-07-30 06:55:20,602 INFO Code.src.training.classification_pipeline: Epoch 3: train loss 0.5379, val loss 0.5352, val accuracy 0.7054
2026-07-30 06:55:20,602 INFO Code.src.training.classification_pipeline: Epoch 4/30
2026-07-30 06:55:29,540 INFO Code.src.training.classification_pipeline: Epoch 4: train loss 0.5201, val loss 0.5284, val accuracy 0.7139
2026-07-30 06:55:29,540 INFO Code.src.training.classification_pipeline: Epoch 5/30
2026-07-30 06:55:38,269 INFO Code.src.training.classification_pipeline: Epoch 5: train loss 0.5038, val loss 0.5188, val accuracy 0.7215
2026-07-30 06:55:38,269 INFO Code.src.training.classification_pipeline: Epoch 6/30
2026-07-30 06:55:47,099 INFO Code.src.training.classification_pipeline: Epoch 6: train loss 0.4923, val loss 0.5209, val accuracy 0.7177
2026-07-30 06:55:47,099 INFO Code.src.training.classification_pipeline: Epoch 7/30
2026-07-30 06:55:55,935 INFO Code.src.training.classification_pipeline: Epoch 7: train loss 0.4828, val loss 0.5115, val accuracy 0.7262
2026-07-30 06:55:55,935 INFO Code.src.training.classification_pipeline: Epoch 8/30
2026-07-30 06:56:04,854 INFO Code.src.training.classification_pipeline: Epoch 8: train loss 0.4725, val loss 0.5107, val accuracy 0.7285
2026-07-30 06:56:04,854 INFO Code.src.training.classification_pipeline: Epoch 9/30
2026-07-30 06:56:13,537 INFO Code.src.training.classification_pipeline: Epoch 9: train loss 0.4662, val loss 0.5111, val accuracy 0.7275
2026-07-30 06:56:13,537 INFO Code.src.training.classification_pipeline: Epoch 10/30
2026-07-30 06:56:22,406 INFO Code.src.training.classification_pipeline: Epoch 10: train loss 0.4584, val loss 0.5094, val accuracy 0.7285
2026-07-30 06:56:22,406 INFO Code.src.training.classification_pipeline: Epoch 11/30
2026-07-30 06:56:31,216 INFO Code.src.training.classification_pipeline: Epoch 11: train loss 0.4498, val loss 0.5089, val accuracy 0.7275
2026-07-30 06:56:31,217 INFO Code.src.training.classification_pipeline: Epoch 12/30
2026-07-30 06:56:39,974 INFO Code.src.training.classification_pipeline: Epoch 12: train loss 0.4433, val loss 0.5111, val accuracy 0.7289
2026-07-30 06:56:39,974 INFO Code.src.training.classification_pipeline: Epoch 13/30
2026-07-30 06:56:48,642 INFO Code.src.training.classification_pipeline: Epoch 13: train loss 0.4364, val loss 0.5102, val accuracy 0.7312
2026-07-30 06:56:48,642 INFO Code.src.training.classification_pipeline: Epoch 14/30
2026-07-30 06:56:57,624 INFO Code.src.training.classification_pipeline: Epoch 14: train loss 0.4313, val loss 0.5156, val accuracy 0.7303
2026-07-30 06:56:57,625 INFO Code.src.training.classification_pipeline: Epoch 15/30
2026-07-30 06:57:06,413 INFO Code.src.training.classification_pipeline: Epoch 15: train loss 0.4242, val loss 0.5246, val accuracy 0.7228
2026-07-30 06:57:06,413 INFO Code.src.training.classification_pipeline: Epoch 16/30
2026-07-30 06:57:15,278 INFO Code.src.training.classification_pipeline: Epoch 16: train loss 0.4211, val loss 0.5226, val accuracy 0.7260
2026-07-30 06:57:15,278 INFO Code.src.training.classification_pipeline: Early stopping at epoch 16.
