2026-07-27 01:58:03,676 INFO __main__: Using cached frozen embeddings: /home/ubuntu/research/protein-sequence-augmentation/data/processed/embeddings/solubility/trained_autoencoder+esm2/shared/train_43efc16b13ef1bca.pt
2026-07-27 01:58:03,715 INFO __main__: Using cached frozen embeddings: /home/ubuntu/research/protein-sequence-augmentation/data/processed/embeddings/solubility/trained_autoencoder+esm2/shared/valid_cffb2059b467820e.pt
2026-07-27 01:58:03,727 INFO __main__: Using cached frozen embeddings: /home/ubuntu/research/protein-sequence-augmentation/data/processed/embeddings/solubility/trained_autoencoder+esm2/shared/test_76b8219a4a494c5a.pt
2026-07-27 01:58:03,734 INFO Code.src.training.classification_pipeline: Epoch 1/30
2026-07-27 01:59:04,834 INFO Code.src.training.classification_pipeline: Epoch 1: train loss 0.5772, val loss 0.5637, val accuracy 0.6912
2026-07-27 01:59:04,834 INFO Code.src.training.classification_pipeline: Epoch 2/30
2026-07-27 01:59:55,811 INFO Code.src.training.classification_pipeline: Epoch 2: train loss 0.5553, val loss 0.5516, val accuracy 0.7100
2026-07-27 01:59:55,811 INFO Code.src.training.classification_pipeline: Epoch 3/30
2026-07-27 02:00:55,383 INFO Code.src.training.classification_pipeline: Epoch 3: train loss 0.5509, val loss 0.5478, val accuracy 0.7143
2026-07-27 02:00:55,384 INFO Code.src.training.classification_pipeline: Epoch 4/30
2026-07-27 02:01:56,643 INFO Code.src.training.classification_pipeline: Epoch 4: train loss 0.5483, val loss 0.5493, val accuracy 0.7136
2026-07-27 02:01:56,644 INFO Code.src.training.classification_pipeline: Epoch 5/30
2026-07-27 02:02:57,882 INFO Code.src.training.classification_pipeline: Epoch 5: train loss 0.5473, val loss 0.5477, val accuracy 0.7133
2026-07-27 02:02:57,882 INFO Code.src.training.classification_pipeline: Epoch 6/30
2026-07-27 02:03:59,237 INFO Code.src.training.classification_pipeline: Epoch 6: train loss 0.5460, val loss 0.5457, val accuracy 0.7139
2026-07-27 02:03:59,237 INFO Code.src.training.classification_pipeline: Epoch 7/30
2026-07-27 02:04:35,390 INFO Code.src.training.classification_pipeline: Epoch 7: train loss 0.5451, val loss 0.5446, val accuracy 0.7154
2026-07-27 02:04:35,390 INFO Code.src.training.classification_pipeline: Epoch 8/30
2026-07-27 02:05:36,646 INFO Code.src.training.classification_pipeline: Epoch 8: train loss 0.5440, val loss 0.5478, val accuracy 0.7151
2026-07-27 02:05:36,646 INFO Code.src.training.classification_pipeline: Epoch 9/30
2026-07-27 02:06:37,988 INFO Code.src.training.classification_pipeline: Epoch 9: train loss 0.5435, val loss 0.5449, val accuracy 0.7177
2026-07-27 02:06:37,988 INFO Code.src.training.classification_pipeline: Epoch 10/30
2026-07-27 02:07:39,381 INFO Code.src.training.classification_pipeline: Epoch 10: train loss 0.5435, val loss 0.5404, val accuracy 0.7194
2026-07-27 02:07:39,381 INFO Code.src.training.classification_pipeline: Epoch 11/30
2026-07-27 02:08:35,218 INFO Code.src.training.classification_pipeline: Epoch 11: train loss 0.5423, val loss 0.5458, val accuracy 0.7185
2026-07-27 02:08:35,218 INFO Code.src.training.classification_pipeline: Epoch 12/30
2026-07-27 02:09:27,822 INFO Code.src.training.classification_pipeline: Epoch 12: train loss 0.5420, val loss 0.5489, val accuracy 0.7161
2026-07-27 02:09:27,822 INFO Code.src.training.classification_pipeline: Epoch 13/30
2026-07-27 02:10:29,109 INFO Code.src.training.classification_pipeline: Epoch 13: train loss 0.5419, val loss 0.5457, val accuracy 0.7174
2026-07-27 02:10:29,109 INFO Code.src.training.classification_pipeline: Epoch 14/30
2026-07-27 02:11:30,485 INFO Code.src.training.classification_pipeline: Epoch 14: train loss 0.5409, val loss 0.5416, val accuracy 0.7179
2026-07-27 02:11:30,485 INFO Code.src.training.classification_pipeline: Epoch 15/30
2026-07-27 02:12:31,774 INFO Code.src.training.classification_pipeline: Epoch 15: train loss 0.5407, val loss 0.5384, val accuracy 0.7187
2026-07-27 02:12:31,774 INFO Code.src.training.classification_pipeline: Epoch 16/30
2026-07-27 02:13:20,052 INFO Code.src.training.classification_pipeline: Epoch 16: train loss 0.5404, val loss 0.5414, val accuracy 0.7181
2026-07-27 02:13:20,053 INFO Code.src.training.classification_pipeline: Epoch 17/30
2026-07-27 02:14:21,311 INFO Code.src.training.classification_pipeline: Epoch 17: train loss 0.5399, val loss 0.5429, val accuracy 0.7168
2026-07-27 02:14:21,311 INFO Code.src.training.classification_pipeline: Epoch 18/30
2026-07-27 02:15:22,664 INFO Code.src.training.classification_pipeline: Epoch 18: train loss 0.5397, val loss 0.5417, val accuracy 0.7181
2026-07-27 02:15:22,665 INFO Code.src.training.classification_pipeline: Epoch 19/30
2026-07-27 02:16:24,037 INFO Code.src.training.classification_pipeline: Epoch 19: train loss 0.5395, val loss 0.5410, val accuracy 0.7172
2026-07-27 02:16:24,037 INFO Code.src.training.classification_pipeline: Epoch 20/30
2026-07-27 02:17:19,996 INFO Code.src.training.classification_pipeline: Epoch 20: train loss 0.5389, val loss 0.5384, val accuracy 0.7194
2026-07-27 02:17:19,996 INFO Code.src.training.classification_pipeline: Early stopping at epoch 20.
2026-07-27 02:17:20,121 INFO Code.src.training.classification_pipeline: Test Loss: 0.5888 | Test Acc: 0.6888 | Test F1 (Macro): 0.6855
