2026-07-27 02:17:20,637 INFO __main__: Using cached frozen embeddings: /home/ubuntu/research/protein-sequence-augmentation/data/processed/embeddings/solubility/trained_autoencoder+esm2/shared/train_43efc16b13ef1bca.pt
2026-07-27 02:17:20,675 INFO __main__: Using cached frozen embeddings: /home/ubuntu/research/protein-sequence-augmentation/data/processed/embeddings/solubility/trained_autoencoder+esm2/shared/valid_cffb2059b467820e.pt
2026-07-27 02:17:20,687 INFO __main__: Using cached frozen embeddings: /home/ubuntu/research/protein-sequence-augmentation/data/processed/embeddings/solubility/trained_autoencoder+esm2/shared/test_76b8219a4a494c5a.pt
2026-07-27 02:17:20,692 INFO Code.src.training.classification_pipeline: Epoch 1/30
2026-07-27 02:18:10,330 INFO Code.src.training.classification_pipeline: Epoch 1: train loss 0.5468, val loss 0.5151, val accuracy 0.7337
2026-07-27 02:18:10,330 INFO Code.src.training.classification_pipeline: Epoch 2/30
2026-07-27 02:19:14,246 INFO Code.src.training.classification_pipeline: Epoch 2: train loss 0.4994, val loss 0.5074, val accuracy 0.7328
2026-07-27 02:19:14,246 INFO Code.src.training.classification_pipeline: Epoch 3/30
2026-07-27 02:20:18,294 INFO Code.src.training.classification_pipeline: Epoch 3: train loss 0.4754, val loss 0.5030, val accuracy 0.7406
2026-07-27 02:20:18,294 INFO Code.src.training.classification_pipeline: Epoch 4/30
2026-07-27 02:21:22,128 INFO Code.src.training.classification_pipeline: Epoch 4: train loss 0.4547, val loss 0.5153, val accuracy 0.7293
2026-07-27 02:21:22,128 INFO Code.src.training.classification_pipeline: Epoch 5/30
2026-07-27 02:22:15,827 INFO Code.src.training.classification_pipeline: Epoch 5: train loss 0.4330, val loss 0.5413, val accuracy 0.7319
2026-07-27 02:22:15,827 INFO Code.src.training.classification_pipeline: Epoch 6/30
2026-07-27 02:23:19,627 INFO Code.src.training.classification_pipeline: Epoch 6: train loss 0.4110, val loss 0.5618, val accuracy 0.7273
2026-07-27 02:23:19,627 INFO Code.src.training.classification_pipeline: Epoch 7/30
2026-07-27 02:24:23,579 INFO Code.src.training.classification_pipeline: Epoch 7: train loss 0.3871, val loss 0.5930, val accuracy 0.7254
2026-07-27 02:24:23,579 INFO Code.src.training.classification_pipeline: Epoch 8/30
2026-07-27 02:25:27,397 INFO Code.src.training.classification_pipeline: Epoch 8: train loss 0.3691, val loss 0.6279, val accuracy 0.7253
2026-07-27 02:25:27,397 INFO Code.src.training.classification_pipeline: Early stopping at epoch 8.
2026-07-27 02:25:29,064 INFO Code.src.training.classification_pipeline: Test Loss: 0.5685 | Test Acc: 0.7064 | Test F1 (Macro): 0.7032
