2026-07-30 14:58:47,594 INFO Code.src.utils.embedding_cache: Using cached frozen embeddings: /home/ubuntu/protein-sequence-augmentation/data/processed/embeddings/solubility/random_autoencoder/seed_43/train_bc5985663c18d236.pt
2026-07-30 14:58:47,630 INFO Code.src.utils.embedding_cache: Using cached frozen embeddings: /home/ubuntu/protein-sequence-augmentation/data/processed/embeddings/solubility/random_autoencoder/seed_43/valid_0f4966dcd2c8e2ee.pt
2026-07-30 14:58:47,640 INFO Code.src.utils.embedding_cache: Using cached frozen embeddings: /home/ubuntu/protein-sequence-augmentation/data/processed/embeddings/solubility/random_autoencoder/seed_43/test_2f4296a6a38cfc56.pt
2026-07-30 14:58:47,644 INFO Code.src.training.classification_pipeline: Epoch 1/30
2026-07-30 14:58:56,296 INFO Code.src.training.classification_pipeline: Epoch 1: train loss 0.6752, val loss 0.6636, val accuracy 0.5851
2026-07-30 14:58:56,296 INFO Code.src.training.classification_pipeline: Epoch 2/30
2026-07-30 14:59:04,937 INFO Code.src.training.classification_pipeline: Epoch 2: train loss 0.6639, val loss 0.6549, val accuracy 0.6122
2026-07-30 14:59:04,937 INFO Code.src.training.classification_pipeline: Epoch 3/30
2026-07-30 14:59:13,599 INFO Code.src.training.classification_pipeline: Epoch 3: train loss 0.6602, val loss 0.6515, val accuracy 0.6196
2026-07-30 14:59:13,599 INFO Code.src.training.classification_pipeline: Epoch 4/30
2026-07-30 14:59:22,157 INFO Code.src.training.classification_pipeline: Epoch 4: train loss 0.6587, val loss 0.6586, val accuracy 0.6177
2026-07-30 14:59:22,157 INFO Code.src.training.classification_pipeline: Epoch 5/30
2026-07-30 14:59:30,953 INFO Code.src.training.classification_pipeline: Epoch 5: train loss 0.6571, val loss 0.6503, val accuracy 0.6233
2026-07-30 14:59:30,953 INFO Code.src.training.classification_pipeline: Epoch 6/30
2026-07-30 14:59:39,617 INFO Code.src.training.classification_pipeline: Epoch 6: train loss 0.6555, val loss 0.6484, val accuracy 0.6220
2026-07-30 14:59:39,617 INFO Code.src.training.classification_pipeline: Epoch 7/30
2026-07-30 14:59:48,347 INFO Code.src.training.classification_pipeline: Epoch 7: train loss 0.6551, val loss 0.6486, val accuracy 0.6224
2026-07-30 14:59:48,347 INFO Code.src.training.classification_pipeline: Epoch 8/30
2026-07-30 14:59:57,031 INFO Code.src.training.classification_pipeline: Epoch 8: train loss 0.6539, val loss 0.6502, val accuracy 0.6210
2026-07-30 14:59:57,031 INFO Code.src.training.classification_pipeline: Epoch 9/30
2026-07-30 15:00:05,597 INFO Code.src.training.classification_pipeline: Epoch 9: train loss 0.6523, val loss 0.6455, val accuracy 0.6230
2026-07-30 15:00:05,597 INFO Code.src.training.classification_pipeline: Epoch 10/30
2026-07-30 15:00:14,194 INFO Code.src.training.classification_pipeline: Epoch 10: train loss 0.6514, val loss 0.6450, val accuracy 0.6273
2026-07-30 15:00:14,194 INFO Code.src.training.classification_pipeline: Epoch 11/30
2026-07-30 15:00:22,815 INFO Code.src.training.classification_pipeline: Epoch 11: train loss 0.6503, val loss 0.6435, val accuracy 0.6245
2026-07-30 15:00:22,815 INFO Code.src.training.classification_pipeline: Epoch 12/30
2026-07-30 15:00:31,494 INFO Code.src.training.classification_pipeline: Epoch 12: train loss 0.6493, val loss 0.6423, val accuracy 0.6249
2026-07-30 15:00:31,494 INFO Code.src.training.classification_pipeline: Epoch 13/30
2026-07-30 15:00:40,043 INFO Code.src.training.classification_pipeline: Epoch 13: train loss 0.6486, val loss 0.6445, val accuracy 0.6197
2026-07-30 15:00:40,043 INFO Code.src.training.classification_pipeline: Epoch 14/30
2026-07-30 15:00:48,646 INFO Code.src.training.classification_pipeline: Epoch 14: train loss 0.6474, val loss 0.6439, val accuracy 0.6201
2026-07-30 15:00:48,646 INFO Code.src.training.classification_pipeline: Epoch 15/30
2026-07-30 15:00:57,144 INFO Code.src.training.classification_pipeline: Epoch 15: train loss 0.6462, val loss 0.6387, val accuracy 0.6265
2026-07-30 15:00:57,144 INFO Code.src.training.classification_pipeline: Epoch 16/30
2026-07-30 15:01:05,699 INFO Code.src.training.classification_pipeline: Epoch 16: train loss 0.6454, val loss 0.6477, val accuracy 0.6088
2026-07-30 15:01:05,700 INFO Code.src.training.classification_pipeline: Epoch 17/30
2026-07-30 15:01:14,298 INFO Code.src.training.classification_pipeline: Epoch 17: train loss 0.6445, val loss 0.6406, val accuracy 0.6199
2026-07-30 15:01:14,298 INFO Code.src.training.classification_pipeline: Epoch 18/30
2026-07-30 15:01:22,789 INFO Code.src.training.classification_pipeline: Epoch 18: train loss 0.6437, val loss 0.6605, val accuracy 0.6036
2026-07-30 15:01:22,789 INFO Code.src.training.classification_pipeline: Epoch 19/30
2026-07-30 15:01:31,448 INFO Code.src.training.classification_pipeline: Epoch 19: train loss 0.6429, val loss 0.6460, val accuracy 0.6109
2026-07-30 15:01:31,448 INFO Code.src.training.classification_pipeline: Epoch 20/30
2026-07-30 15:01:40,096 INFO Code.src.training.classification_pipeline: Epoch 20: train loss 0.6422, val loss 0.6351, val accuracy 0.6236
2026-07-30 15:01:40,096 INFO Code.src.training.classification_pipeline: Epoch 21/30
2026-07-30 15:01:49,003 INFO Code.src.training.classification_pipeline: Epoch 21: train loss 0.6419, val loss 0.6384, val accuracy 0.6222
2026-07-30 15:01:49,003 INFO Code.src.training.classification_pipeline: Epoch 22/30
2026-07-30 15:01:57,547 INFO Code.src.training.classification_pipeline: Epoch 22: train loss 0.6416, val loss 0.6335, val accuracy 0.6295
2026-07-30 15:01:57,547 INFO Code.src.training.classification_pipeline: Epoch 23/30
2026-07-30 15:02:06,081 INFO Code.src.training.classification_pipeline: Epoch 23: train loss 0.6415, val loss 0.6319, val accuracy 0.6318
2026-07-30 15:02:06,082 INFO Code.src.training.classification_pipeline: Epoch 24/30
2026-07-30 15:02:14,486 INFO Code.src.training.classification_pipeline: Epoch 24: train loss 0.6401, val loss 0.6389, val accuracy 0.6252
2026-07-30 15:02:14,486 INFO Code.src.training.classification_pipeline: Epoch 25/30
2026-07-30 15:02:22,992 INFO Code.src.training.classification_pipeline: Epoch 25: train loss 0.6401, val loss 0.6347, val accuracy 0.6210
2026-07-30 15:02:22,992 INFO Code.src.training.classification_pipeline: Epoch 26/30
2026-07-30 15:02:31,627 INFO Code.src.training.classification_pipeline: Epoch 26: train loss 0.6400, val loss 0.6352, val accuracy 0.6233
2026-07-30 15:02:31,627 INFO Code.src.training.classification_pipeline: Epoch 27/30
2026-07-30 15:02:40,363 INFO Code.src.training.classification_pipeline: Epoch 27: train loss 0.6383, val loss 0.6429, val accuracy 0.6170
2026-07-30 15:02:40,363 INFO Code.src.training.classification_pipeline: Epoch 28/30
2026-07-30 15:02:49,001 INFO Code.src.training.classification_pipeline: Epoch 28: train loss 0.6385, val loss 0.6382, val accuracy 0.6161
2026-07-30 15:02:49,001 INFO Code.src.training.classification_pipeline: Early stopping at epoch 28.
2026-07-30 15:02:49,141 INFO Code.src.training.classification_pipeline: Test Loss: 0.6607 | Test Acc: 0.6018 | Test F1 (Macro): 0.5794
