2026-07-26 16:47:06,032 INFO __main__: Saved frozen embeddings: /home/ubuntu/research/protein-sequence-augmentation/data/processed/embeddings/solubility/random_autoencoder/seed_42/train_787d4d8df043b9dc.pt
2026-07-26 16:47:51,940 INFO __main__: Saved frozen embeddings: /home/ubuntu/research/protein-sequence-augmentation/data/processed/embeddings/solubility/random_autoencoder/seed_42/valid_1920360454de6d3e.pt
2026-07-26 16:48:05,382 INFO __main__: Saved frozen embeddings: /home/ubuntu/research/protein-sequence-augmentation/data/processed/embeddings/solubility/random_autoencoder/seed_42/test_575f62f724b9ad0e.pt
2026-07-26 16:48:05,482 INFO Code.src.training.classification_pipeline: Epoch 1/30
2026-07-26 16:49:08,569 INFO Code.src.training.classification_pipeline: Epoch 1: train loss 0.6722, val loss 0.6602, val accuracy 0.6170
2026-07-26 16:49:08,570 INFO Code.src.training.classification_pipeline: Epoch 2/30
2026-07-26 16:49:50,953 INFO Code.src.training.classification_pipeline: Epoch 2: train loss 0.6632, val loss 0.6587, val accuracy 0.6141
2026-07-26 16:49:50,953 INFO Code.src.training.classification_pipeline: Epoch 3/30
2026-07-26 16:50:54,039 INFO Code.src.training.classification_pipeline: Epoch 3: train loss 0.6605, val loss 0.6509, val accuracy 0.6183
2026-07-26 16:50:54,039 INFO Code.src.training.classification_pipeline: Epoch 4/30
2026-07-26 16:51:57,059 INFO Code.src.training.classification_pipeline: Epoch 4: train loss 0.6583, val loss 0.6481, val accuracy 0.6245
2026-07-26 16:51:57,059 INFO Code.src.training.classification_pipeline: Epoch 5/30
2026-07-26 16:53:00,225 INFO Code.src.training.classification_pipeline: Epoch 5: train loss 0.6556, val loss 0.6506, val accuracy 0.6184
2026-07-26 16:53:00,225 INFO Code.src.training.classification_pipeline: Epoch 6/30
2026-07-26 16:53:43,344 INFO Code.src.training.classification_pipeline: Epoch 6: train loss 0.6549, val loss 0.6481, val accuracy 0.6183
2026-07-26 16:53:43,344 INFO Code.src.training.classification_pipeline: Epoch 7/30
2026-07-26 16:54:44,451 INFO Code.src.training.classification_pipeline: Epoch 7: train loss 0.6529, val loss 0.6446, val accuracy 0.6282
2026-07-26 16:54:44,451 INFO Code.src.training.classification_pipeline: Epoch 8/30
2026-07-26 16:55:47,483 INFO Code.src.training.classification_pipeline: Epoch 8: train loss 0.6520, val loss 0.6452, val accuracy 0.6191
2026-07-26 16:55:47,483 INFO Code.src.training.classification_pipeline: Epoch 9/30
2026-07-26 16:56:50,509 INFO Code.src.training.classification_pipeline: Epoch 9: train loss 0.6510, val loss 0.6403, val accuracy 0.6307
2026-07-26 16:56:50,509 INFO Code.src.training.classification_pipeline: Epoch 10/30
2026-07-26 16:57:51,322 INFO Code.src.training.classification_pipeline: Epoch 10: train loss 0.6496, val loss 0.6387, val accuracy 0.6285
2026-07-26 16:57:51,322 INFO Code.src.training.classification_pipeline: Epoch 11/30
2026-07-26 16:58:44,695 INFO Code.src.training.classification_pipeline: Epoch 11: train loss 0.6489, val loss 0.6401, val accuracy 0.6279
2026-07-26 16:58:44,695 INFO Code.src.training.classification_pipeline: Epoch 12/30
2026-07-26 16:59:47,767 INFO Code.src.training.classification_pipeline: Epoch 12: train loss 0.6469, val loss 0.6370, val accuracy 0.6271
2026-07-26 16:59:47,767 INFO Code.src.training.classification_pipeline: Epoch 13/30
2026-07-26 17:00:50,801 INFO Code.src.training.classification_pipeline: Epoch 13: train loss 0.6463, val loss 0.6495, val accuracy 0.6393
2026-07-26 17:00:50,801 INFO Code.src.training.classification_pipeline: Epoch 14/30
2026-07-26 17:01:53,880 INFO Code.src.training.classification_pipeline: Epoch 14: train loss 0.6442, val loss 0.6351, val accuracy 0.6317
2026-07-26 17:01:53,880 INFO Code.src.training.classification_pipeline: Epoch 15/30
2026-07-26 17:02:36,458 INFO Code.src.training.classification_pipeline: Epoch 15: train loss 0.6429, val loss 0.6330, val accuracy 0.6321
2026-07-26 17:02:36,458 INFO Code.src.training.classification_pipeline: Epoch 16/30
2026-07-26 17:03:39,581 INFO Code.src.training.classification_pipeline: Epoch 16: train loss 0.6421, val loss 0.6361, val accuracy 0.6412
2026-07-26 17:03:39,581 INFO Code.src.training.classification_pipeline: Epoch 17/30
2026-07-26 17:04:42,874 INFO Code.src.training.classification_pipeline: Epoch 17: train loss 0.6409, val loss 0.6302, val accuracy 0.6402
2026-07-26 17:04:42,874 INFO Code.src.training.classification_pipeline: Epoch 18/30
2026-07-26 17:05:45,843 INFO Code.src.training.classification_pipeline: Epoch 18: train loss 0.6402, val loss 0.6291, val accuracy 0.6445
2026-07-26 17:05:45,843 INFO Code.src.training.classification_pipeline: Epoch 19/30
2026-07-26 17:06:36,798 INFO Code.src.training.classification_pipeline: Epoch 19: train loss 0.6390, val loss 0.6308, val accuracy 0.6412
2026-07-26 17:06:36,799 INFO Code.src.training.classification_pipeline: Epoch 20/30
2026-07-26 17:07:29,741 INFO Code.src.training.classification_pipeline: Epoch 20: train loss 0.6376, val loss 0.6267, val accuracy 0.6373
2026-07-26 17:07:29,742 INFO Code.src.training.classification_pipeline: Epoch 21/30
2026-07-26 17:08:32,838 INFO Code.src.training.classification_pipeline: Epoch 21: train loss 0.6382, val loss 0.6406, val accuracy 0.6266
2026-07-26 17:08:32,838 INFO Code.src.training.classification_pipeline: Epoch 22/30
2026-07-26 17:09:35,810 INFO Code.src.training.classification_pipeline: Epoch 22: train loss 0.6370, val loss 0.6252, val accuracy 0.6406
2026-07-26 17:09:35,810 INFO Code.src.training.classification_pipeline: Epoch 23/30
2026-07-26 17:10:38,852 INFO Code.src.training.classification_pipeline: Epoch 23: train loss 0.6366, val loss 0.6470, val accuracy 0.6177
2026-07-26 17:10:38,852 INFO Code.src.training.classification_pipeline: Epoch 24/30
2026-07-26 17:11:31,354 INFO Code.src.training.classification_pipeline: Epoch 24: train loss 0.6367, val loss 0.6305, val accuracy 0.6268
2026-07-26 17:11:31,354 INFO Code.src.training.classification_pipeline: Epoch 25/30
2026-07-26 17:12:34,349 INFO Code.src.training.classification_pipeline: Epoch 25: train loss 0.6351, val loss 0.6300, val accuracy 0.6367
2026-07-26 17:12:34,349 INFO Code.src.training.classification_pipeline: Epoch 26/30
2026-07-26 17:13:37,510 INFO Code.src.training.classification_pipeline: Epoch 26: train loss 0.6349, val loss 0.6223, val accuracy 0.6442
2026-07-26 17:13:37,510 INFO Code.src.training.classification_pipeline: Epoch 27/30
2026-07-26 17:14:40,500 INFO Code.src.training.classification_pipeline: Epoch 27: train loss 0.6338, val loss 0.6220, val accuracy 0.6439
2026-07-26 17:14:40,500 INFO Code.src.training.classification_pipeline: Epoch 28/30
2026-07-26 17:15:32,960 INFO Code.src.training.classification_pipeline: Epoch 28: train loss 0.6341, val loss 0.6275, val accuracy 0.6351
2026-07-26 17:15:32,961 INFO Code.src.training.classification_pipeline: Epoch 29/30
2026-07-26 17:16:35,897 INFO Code.src.training.classification_pipeline: Epoch 29: train loss 0.6337, val loss 0.6366, val accuracy 0.6350
2026-07-26 17:16:35,897 INFO Code.src.training.classification_pipeline: Epoch 30/30
2026-07-26 17:17:39,053 INFO Code.src.training.classification_pipeline: Epoch 30: train loss 0.6325, val loss 0.6215, val accuracy 0.6409
2026-07-26 17:17:40,747 INFO Code.src.training.classification_pipeline: Test Loss: 0.6430 | Test Acc: 0.6223 | Test F1 (Macro): 0.6159
