2026-07-30 05:43:16,039 INFO Code.src.utils.embedding_cache: Using cached frozen embeddings: /home/ubuntu/protein-sequence-augmentation/data/processed/embeddings/solubility/trained_autoencoder/shared/train_5865efccb4c0f33b.pt
2026-07-30 05:43:16,074 INFO Code.src.utils.embedding_cache: Using cached frozen embeddings: /home/ubuntu/protein-sequence-augmentation/data/processed/embeddings/solubility/trained_autoencoder/shared/valid_e57addc1474b2f72.pt
2026-07-30 05:43:16,078 INFO Code.src.training.classification_pipeline: Epoch 1/30
2026-07-30 05:43:24,677 INFO Code.src.training.classification_pipeline: Epoch 1: train loss 0.6275, val loss 0.6064, val accuracy 0.6464
2026-07-30 05:43:24,677 INFO Code.src.training.classification_pipeline: Epoch 2/30
2026-07-30 05:43:33,322 INFO Code.src.training.classification_pipeline: Epoch 2: train loss 0.6017, val loss 0.5954, val accuracy 0.6557
2026-07-30 05:43:33,323 INFO Code.src.training.classification_pipeline: Epoch 3/30
2026-07-30 05:43:41,855 INFO Code.src.training.classification_pipeline: Epoch 3: train loss 0.5872, val loss 0.5827, val accuracy 0.6593
2026-07-30 05:43:41,855 INFO Code.src.training.classification_pipeline: Epoch 4/30
2026-07-30 05:43:50,322 INFO Code.src.training.classification_pipeline: Epoch 4: train loss 0.5708, val loss 0.5702, val accuracy 0.6798
2026-07-30 05:43:50,322 INFO Code.src.training.classification_pipeline: Epoch 5/30
2026-07-30 05:43:58,957 INFO Code.src.training.classification_pipeline: Epoch 5: train loss 0.5550, val loss 0.5611, val accuracy 0.6816
2026-07-30 05:43:58,957 INFO Code.src.training.classification_pipeline: Epoch 6/30
2026-07-30 05:44:07,543 INFO Code.src.training.classification_pipeline: Epoch 6: train loss 0.5421, val loss 0.5546, val accuracy 0.6899
2026-07-30 05:44:07,544 INFO Code.src.training.classification_pipeline: Epoch 7/30
2026-07-30 05:44:16,271 INFO Code.src.training.classification_pipeline: Epoch 7: train loss 0.5321, val loss 0.5500, val accuracy 0.6933
2026-07-30 05:44:16,271 INFO Code.src.training.classification_pipeline: Epoch 8/30
2026-07-30 05:44:24,910 INFO Code.src.training.classification_pipeline: Epoch 8: train loss 0.5235, val loss 0.5508, val accuracy 0.6948
2026-07-30 05:44:24,910 INFO Code.src.training.classification_pipeline: Epoch 9/30
2026-07-30 05:44:33,402 INFO Code.src.training.classification_pipeline: Epoch 9: train loss 0.5150, val loss 0.5483, val accuracy 0.6988
2026-07-30 05:44:33,402 INFO Code.src.training.classification_pipeline: Epoch 10/30
2026-07-30 05:44:41,915 INFO Code.src.training.classification_pipeline: Epoch 10: train loss 0.5088, val loss 0.5478, val accuracy 0.6969
2026-07-30 05:44:41,915 INFO Code.src.training.classification_pipeline: Epoch 11/30
2026-07-30 05:44:50,459 INFO Code.src.training.classification_pipeline: Epoch 11: train loss 0.5024, val loss 0.5467, val accuracy 0.6969
2026-07-30 05:44:50,459 INFO Code.src.training.classification_pipeline: Epoch 12/30
2026-07-30 05:44:58,953 INFO Code.src.training.classification_pipeline: Epoch 12: train loss 0.4966, val loss 0.5493, val accuracy 0.6994
2026-07-30 05:44:58,953 INFO Code.src.training.classification_pipeline: Epoch 13/30
2026-07-30 05:45:07,719 INFO Code.src.training.classification_pipeline: Epoch 13: train loss 0.4895, val loss 0.5482, val accuracy 0.7001
2026-07-30 05:45:07,719 INFO Code.src.training.classification_pipeline: Epoch 14/30
2026-07-30 05:45:16,179 INFO Code.src.training.classification_pipeline: Epoch 14: train loss 0.4853, val loss 0.5499, val accuracy 0.6975
2026-07-30 05:45:16,179 INFO Code.src.training.classification_pipeline: Epoch 15/30
2026-07-30 05:45:24,661 INFO Code.src.training.classification_pipeline: Epoch 15: train loss 0.4788, val loss 0.5521, val accuracy 0.6958
2026-07-30 05:45:24,661 INFO Code.src.training.classification_pipeline: Epoch 16/30
2026-07-30 05:45:33,087 INFO Code.src.training.classification_pipeline: Epoch 16: train loss 0.4740, val loss 0.5539, val accuracy 0.6975
2026-07-30 05:45:33,087 INFO Code.src.training.classification_pipeline: Early stopping at epoch 16.
