2026-07-30 06:45:18,824 INFO Code.src.utils.embedding_cache: Using cached frozen embeddings: /home/ubuntu/protein-sequence-augmentation/data/processed/embeddings/solubility/esm2/shared/train_1d52cf25e8f803bf.pt
2026-07-30 06:45:18,859 INFO Code.src.utils.embedding_cache: Using cached frozen embeddings: /home/ubuntu/protein-sequence-augmentation/data/processed/embeddings/solubility/esm2/shared/valid_b2825cbd185e09fb.pt
2026-07-30 06:45:18,863 INFO Code.src.training.classification_pipeline: Epoch 1/30
2026-07-30 06:45:27,475 INFO Code.src.training.classification_pipeline: Epoch 1: train loss 0.6203, val loss 0.6043, val accuracy 0.6664
2026-07-30 06:45:27,475 INFO Code.src.training.classification_pipeline: Epoch 2/30
2026-07-30 06:45:36,271 INFO Code.src.training.classification_pipeline: Epoch 2: train loss 0.6047, val loss 0.5931, val accuracy 0.6743
2026-07-30 06:45:36,272 INFO Code.src.training.classification_pipeline: Epoch 3/30
2026-07-30 06:45:45,190 INFO Code.src.training.classification_pipeline: Epoch 3: train loss 0.5974, val loss 0.5867, val accuracy 0.6815
2026-07-30 06:45:45,190 INFO Code.src.training.classification_pipeline: Epoch 4/30
2026-07-30 06:45:53,870 INFO Code.src.training.classification_pipeline: Epoch 4: train loss 0.5920, val loss 0.5813, val accuracy 0.6852
2026-07-30 06:45:53,870 INFO Code.src.training.classification_pipeline: Epoch 5/30
2026-07-30 06:46:02,676 INFO Code.src.training.classification_pipeline: Epoch 5: train loss 0.5891, val loss 0.5804, val accuracy 0.6858
2026-07-30 06:46:02,676 INFO Code.src.training.classification_pipeline: Epoch 6/30
2026-07-30 06:46:11,469 INFO Code.src.training.classification_pipeline: Epoch 6: train loss 0.5860, val loss 0.5846, val accuracy 0.6847
2026-07-30 06:46:11,469 INFO Code.src.training.classification_pipeline: Epoch 7/30
2026-07-30 06:46:20,337 INFO Code.src.training.classification_pipeline: Epoch 7: train loss 0.5818, val loss 0.5766, val accuracy 0.6865
2026-07-30 06:46:20,338 INFO Code.src.training.classification_pipeline: Epoch 8/30
2026-07-30 06:46:28,953 INFO Code.src.training.classification_pipeline: Epoch 8: train loss 0.5807, val loss 0.5789, val accuracy 0.6809
2026-07-30 06:46:28,953 INFO Code.src.training.classification_pipeline: Epoch 9/30
2026-07-30 06:46:37,809 INFO Code.src.training.classification_pipeline: Epoch 9: train loss 0.5810, val loss 0.5732, val accuracy 0.6897
2026-07-30 06:46:37,809 INFO Code.src.training.classification_pipeline: Epoch 10/30
2026-07-30 06:46:46,548 INFO Code.src.training.classification_pipeline: Epoch 10: train loss 0.5770, val loss 0.5760, val accuracy 0.6832
2026-07-30 06:46:46,548 INFO Code.src.training.classification_pipeline: Epoch 11/30
2026-07-30 06:46:55,591 INFO Code.src.training.classification_pipeline: Epoch 11: train loss 0.5761, val loss 0.5713, val accuracy 0.6914
2026-07-30 06:46:55,591 INFO Code.src.training.classification_pipeline: Epoch 12/30
2026-07-30 06:47:04,550 INFO Code.src.training.classification_pipeline: Epoch 12: train loss 0.5764, val loss 0.5732, val accuracy 0.6897
2026-07-30 06:47:04,550 INFO Code.src.training.classification_pipeline: Epoch 13/30
2026-07-30 06:47:13,357 INFO Code.src.training.classification_pipeline: Epoch 13: train loss 0.5746, val loss 0.5669, val accuracy 0.6929
2026-07-30 06:47:13,357 INFO Code.src.training.classification_pipeline: Epoch 14/30
2026-07-30 06:47:22,248 INFO Code.src.training.classification_pipeline: Epoch 14: train loss 0.5739, val loss 0.5732, val accuracy 0.6901
2026-07-30 06:47:22,248 INFO Code.src.training.classification_pipeline: Epoch 15/30
2026-07-30 06:47:31,058 INFO Code.src.training.classification_pipeline: Epoch 15: train loss 0.5723, val loss 0.5778, val accuracy 0.6909
2026-07-30 06:47:31,058 INFO Code.src.training.classification_pipeline: Epoch 16/30
2026-07-30 06:47:39,886 INFO Code.src.training.classification_pipeline: Epoch 16: train loss 0.5714, val loss 0.5689, val accuracy 0.6925
2026-07-30 06:47:39,887 INFO Code.src.training.classification_pipeline: Epoch 17/30
2026-07-30 06:47:48,518 INFO Code.src.training.classification_pipeline: Epoch 17: train loss 0.5727, val loss 0.5729, val accuracy 0.6916
2026-07-30 06:47:48,518 INFO Code.src.training.classification_pipeline: Epoch 18/30
2026-07-30 06:47:57,284 INFO Code.src.training.classification_pipeline: Epoch 18: train loss 0.5706, val loss 0.5657, val accuracy 0.7002
2026-07-30 06:47:57,284 INFO Code.src.training.classification_pipeline: Epoch 19/30
2026-07-30 06:48:06,052 INFO Code.src.training.classification_pipeline: Epoch 19: train loss 0.5708, val loss 0.5666, val accuracy 0.6920
2026-07-30 06:48:06,052 INFO Code.src.training.classification_pipeline: Epoch 20/30
2026-07-30 06:48:14,826 INFO Code.src.training.classification_pipeline: Epoch 20: train loss 0.5694, val loss 0.5680, val accuracy 0.6975
2026-07-30 06:48:14,826 INFO Code.src.training.classification_pipeline: Epoch 21/30
2026-07-30 06:48:23,629 INFO Code.src.training.classification_pipeline: Epoch 21: train loss 0.5701, val loss 0.5641, val accuracy 0.7015
2026-07-30 06:48:23,629 INFO Code.src.training.classification_pipeline: Epoch 22/30
2026-07-30 06:48:32,542 INFO Code.src.training.classification_pipeline: Epoch 22: train loss 0.5684, val loss 0.5669, val accuracy 0.6932
2026-07-30 06:48:32,542 INFO Code.src.training.classification_pipeline: Epoch 23/30
2026-07-30 06:48:41,286 INFO Code.src.training.classification_pipeline: Epoch 23: train loss 0.5706, val loss 0.5794, val accuracy 0.6930
2026-07-30 06:48:41,287 INFO Code.src.training.classification_pipeline: Epoch 24/30
2026-07-30 06:48:50,122 INFO Code.src.training.classification_pipeline: Epoch 24: train loss 0.5705, val loss 0.5761, val accuracy 0.6818
2026-07-30 06:48:50,122 INFO Code.src.training.classification_pipeline: Epoch 25/30
2026-07-30 06:48:58,797 INFO Code.src.training.classification_pipeline: Epoch 25: train loss 0.5679, val loss 0.5665, val accuracy 0.6973
2026-07-30 06:48:58,798 INFO Code.src.training.classification_pipeline: Epoch 26/30
2026-07-30 06:49:07,597 INFO Code.src.training.classification_pipeline: Epoch 26: train loss 0.5694, val loss 0.5651, val accuracy 0.7018
2026-07-30 06:49:07,597 INFO Code.src.training.classification_pipeline: Early stopping at epoch 26.
