2026-08-09 01:08:22,789 INFO Code.src.training.classification_pipeline: Unfreezing the autoencoder encoding path.
2026-08-09 01:08:22,790 INFO Code.src.training.classification_pipeline: Unfreezing the complete ESM-2 encoder.
2026-08-09 01:08:22,792 INFO Code.src.training.classification_pipeline: Epoch 1/10
2026-08-09 01:37:07,947 INFO Code.src.training.classification_pipeline: Epoch 1: train loss 0.5625, val loss 0.5220, val accuracy 0.7267
2026-08-09 01:37:07,948 INFO Code.src.training.classification_pipeline: Epoch 2/10
2026-08-09 02:05:40,019 INFO Code.src.training.classification_pipeline: Epoch 2: train loss 0.5032, val loss 0.4912, val accuracy 0.7505
2026-08-09 02:05:40,020 INFO Code.src.training.classification_pipeline: Epoch 3/10
2026-08-09 02:34:32,763 INFO Code.src.training.classification_pipeline: Epoch 3: train loss 0.4756, val loss 0.4865, val accuracy 0.7489
2026-08-09 02:34:32,764 INFO Code.src.training.classification_pipeline: Epoch 4/10
2026-08-09 03:03:23,668 INFO Code.src.training.classification_pipeline: Epoch 4: train loss 0.4592, val loss 0.4797, val accuracy 0.7576
2026-08-09 03:03:23,668 INFO Code.src.training.classification_pipeline: Epoch 5/10
2026-08-09 03:32:06,403 INFO Code.src.training.classification_pipeline: Epoch 5: train loss 0.4464, val loss 0.4802, val accuracy 0.7604
2026-08-09 03:32:06,403 INFO Code.src.training.classification_pipeline: Epoch 6/10
2026-08-09 04:00:24,964 INFO Code.src.training.classification_pipeline: Epoch 6: train loss 0.4339, val loss 0.4780, val accuracy 0.7587
2026-08-09 04:00:24,964 INFO Code.src.training.classification_pipeline: Epoch 7/10
2026-08-09 04:29:33,857 INFO Code.src.training.classification_pipeline: Epoch 7: train loss 0.4223, val loss 0.4806, val accuracy 0.7623
2026-08-09 04:29:33,857 INFO Code.src.training.classification_pipeline: Epoch 8/10
2026-08-09 04:58:06,531 INFO Code.src.training.classification_pipeline: Epoch 8: train loss 0.4097, val loss 0.4858, val accuracy 0.7560
2026-08-09 04:58:06,531 INFO Code.src.training.classification_pipeline: Epoch 9/10
2026-08-09 05:26:33,080 INFO Code.src.training.classification_pipeline: Epoch 9: train loss 0.3988, val loss 0.4895, val accuracy 0.7590
2026-08-09 05:26:33,080 INFO Code.src.training.classification_pipeline: Early stopping at epoch 9.
