2026-07-26 21:27:44,455 INFO __main__: Using cached frozen embeddings: /home/ubuntu/research/protein-sequence-augmentation/data/processed/embeddings/solubility/trained_autoencoder/shared/train_b6a98083cbdcf2b6.pt
2026-07-26 21:27:44,493 INFO __main__: Using cached frozen embeddings: /home/ubuntu/research/protein-sequence-augmentation/data/processed/embeddings/solubility/trained_autoencoder/shared/valid_936244d146f5418b.pt
2026-07-26 21:27:44,504 INFO __main__: Using cached frozen embeddings: /home/ubuntu/research/protein-sequence-augmentation/data/processed/embeddings/solubility/trained_autoencoder/shared/test_fab541465a619f84.pt
2026-07-26 21:27:44,512 INFO Code.src.training.classification_pipeline: Epoch 1/30
2026-07-26 21:28:45,985 INFO Code.src.training.classification_pipeline: Epoch 1: train loss 0.6022, val loss 0.5853, val accuracy 0.6755
2026-07-26 21:28:45,985 INFO Code.src.training.classification_pipeline: Epoch 2/30
2026-07-26 21:29:23,820 INFO Code.src.training.classification_pipeline: Epoch 2: train loss 0.5881, val loss 0.5829, val accuracy 0.6757
2026-07-26 21:29:23,821 INFO Code.src.training.classification_pipeline: Epoch 3/30
2026-07-26 21:30:25,230 INFO Code.src.training.classification_pipeline: Epoch 3: train loss 0.5860, val loss 0.5795, val accuracy 0.6845
2026-07-26 21:30:25,230 INFO Code.src.training.classification_pipeline: Epoch 4/30
2026-07-26 21:31:26,599 INFO Code.src.training.classification_pipeline: Epoch 4: train loss 0.5848, val loss 0.5803, val accuracy 0.6805
2026-07-26 21:31:26,599 INFO Code.src.training.classification_pipeline: Epoch 5/30
2026-07-26 21:32:27,840 INFO Code.src.training.classification_pipeline: Epoch 5: train loss 0.5833, val loss 0.5790, val accuracy 0.6829
2026-07-26 21:32:27,840 INFO Code.src.training.classification_pipeline: Epoch 6/30
2026-07-26 21:33:27,835 INFO Code.src.training.classification_pipeline: Epoch 6: train loss 0.5830, val loss 0.5811, val accuracy 0.6805
2026-07-26 21:33:27,835 INFO Code.src.training.classification_pipeline: Epoch 7/30
2026-07-26 21:34:05,589 INFO Code.src.training.classification_pipeline: Epoch 7: train loss 0.5827, val loss 0.5773, val accuracy 0.6838
2026-07-26 21:34:05,589 INFO Code.src.training.classification_pipeline: Epoch 8/30
2026-07-26 21:35:06,922 INFO Code.src.training.classification_pipeline: Epoch 8: train loss 0.5819, val loss 0.5797, val accuracy 0.6801
2026-07-26 21:35:06,922 INFO Code.src.training.classification_pipeline: Epoch 9/30
2026-07-26 21:36:08,168 INFO Code.src.training.classification_pipeline: Epoch 9: train loss 0.5813, val loss 0.5782, val accuracy 0.6766
2026-07-26 21:36:08,168 INFO Code.src.training.classification_pipeline: Epoch 10/30
2026-07-26 21:37:09,406 INFO Code.src.training.classification_pipeline: Epoch 10: train loss 0.5808, val loss 0.5769, val accuracy 0.6808
2026-07-26 21:37:09,406 INFO Code.src.training.classification_pipeline: Epoch 11/30
2026-07-26 21:38:00,140 INFO Code.src.training.classification_pipeline: Epoch 11: train loss 0.5806, val loss 0.5772, val accuracy 0.6804
2026-07-26 21:38:00,140 INFO Code.src.training.classification_pipeline: Epoch 12/30
2026-07-26 21:38:58,973 INFO Code.src.training.classification_pipeline: Epoch 12: train loss 0.5800, val loss 0.5760, val accuracy 0.6876
2026-07-26 21:38:58,973 INFO Code.src.training.classification_pipeline: Epoch 13/30
2026-07-26 21:40:00,459 INFO Code.src.training.classification_pipeline: Epoch 13: train loss 0.5799, val loss 0.5744, val accuracy 0.6873
2026-07-26 21:40:00,459 INFO Code.src.training.classification_pipeline: Epoch 14/30
2026-07-26 21:41:01,704 INFO Code.src.training.classification_pipeline: Epoch 14: train loss 0.5792, val loss 0.5763, val accuracy 0.6868
2026-07-26 21:41:01,704 INFO Code.src.training.classification_pipeline: Epoch 15/30
2026-07-26 21:42:03,075 INFO Code.src.training.classification_pipeline: Epoch 15: train loss 0.5789, val loss 0.5738, val accuracy 0.6818
2026-07-26 21:42:03,076 INFO Code.src.training.classification_pipeline: Epoch 16/30
2026-07-26 21:42:39,420 INFO Code.src.training.classification_pipeline: Epoch 16: train loss 0.5788, val loss 0.5734, val accuracy 0.6840
2026-07-26 21:42:39,420 INFO Code.src.training.classification_pipeline: Epoch 17/30
2026-07-26 21:43:40,595 INFO Code.src.training.classification_pipeline: Epoch 17: train loss 0.5781, val loss 0.5763, val accuracy 0.6861
2026-07-26 21:43:40,595 INFO Code.src.training.classification_pipeline: Epoch 18/30
2026-07-26 21:44:39,866 INFO Code.src.training.classification_pipeline: Epoch 18: train loss 0.5778, val loss 0.5789, val accuracy 0.6824
2026-07-26 21:44:39,866 INFO Code.src.training.classification_pipeline: Epoch 19/30
2026-07-26 21:45:41,090 INFO Code.src.training.classification_pipeline: Epoch 19: train loss 0.5778, val loss 0.5736, val accuracy 0.6861
2026-07-26 21:45:41,090 INFO Code.src.training.classification_pipeline: Epoch 20/30
2026-07-26 21:46:42,236 INFO Code.src.training.classification_pipeline: Epoch 20: train loss 0.5777, val loss 0.5761, val accuracy 0.6850
2026-07-26 21:46:42,236 INFO Code.src.training.classification_pipeline: Epoch 21/30
2026-07-26 21:47:31,161 INFO Code.src.training.classification_pipeline: Epoch 21: train loss 0.5775, val loss 0.5732, val accuracy 0.6890
2026-07-26 21:47:31,161 INFO Code.src.training.classification_pipeline: Epoch 22/30
2026-07-26 21:48:32,422 INFO Code.src.training.classification_pipeline: Epoch 22: train loss 0.5772, val loss 0.5774, val accuracy 0.6827
2026-07-26 21:48:32,422 INFO Code.src.training.classification_pipeline: Epoch 23/30
2026-07-26 21:49:33,677 INFO Code.src.training.classification_pipeline: Epoch 23: train loss 0.5770, val loss 0.5747, val accuracy 0.6861
2026-07-26 21:49:33,677 INFO Code.src.training.classification_pipeline: Epoch 24/30
2026-07-26 21:50:34,937 INFO Code.src.training.classification_pipeline: Epoch 24: train loss 0.5764, val loss 0.5723, val accuracy 0.6906
2026-07-26 21:50:34,937 INFO Code.src.training.classification_pipeline: Epoch 25/30
2026-07-26 21:51:16,935 INFO Code.src.training.classification_pipeline: Epoch 25: train loss 0.5764, val loss 0.5729, val accuracy 0.6910
2026-07-26 21:51:16,936 INFO Code.src.training.classification_pipeline: Epoch 26/30
2026-07-26 21:52:12,597 INFO Code.src.training.classification_pipeline: Epoch 26: train loss 0.5762, val loss 0.5716, val accuracy 0.6883
2026-07-26 21:52:12,597 INFO Code.src.training.classification_pipeline: Epoch 27/30
2026-07-26 21:53:13,774 INFO Code.src.training.classification_pipeline: Epoch 27: train loss 0.5758, val loss 0.5713, val accuracy 0.6865
2026-07-26 21:53:13,774 INFO Code.src.training.classification_pipeline: Epoch 28/30
2026-07-26 21:54:15,063 INFO Code.src.training.classification_pipeline: Epoch 28: train loss 0.5752, val loss 0.5695, val accuracy 0.6893
2026-07-26 21:54:15,063 INFO Code.src.training.classification_pipeline: Epoch 29/30
2026-07-26 21:55:16,316 INFO Code.src.training.classification_pipeline: Epoch 29: train loss 0.5754, val loss 0.5685, val accuracy 0.6906
2026-07-26 21:55:16,316 INFO Code.src.training.classification_pipeline: Epoch 30/30
2026-07-26 21:56:04,547 INFO Code.src.training.classification_pipeline: Epoch 30: train loss 0.5749, val loss 0.5696, val accuracy 0.6922
2026-07-26 21:56:06,218 INFO Code.src.training.classification_pipeline: Test Loss: 0.6101 | Test Acc: 0.6598 | Test F1 (Macro): 0.6526
