2026-08-08 08:55:22,531 INFO Code.src.training.classification_pipeline: Unfreezing the autoencoder encoding path.
2026-08-08 08:55:22,531 INFO Code.src.training.classification_pipeline: Unfreezing the complete ESM-2 encoder.
2026-08-08 08:55:22,532 INFO Code.src.training.classification_pipeline: Epoch 1/10
2026-08-08 09:21:40,904 INFO Code.src.training.classification_pipeline: Epoch 1: train loss 0.5815, val loss 0.5307, val accuracy 0.7223
2026-08-08 09:21:40,904 INFO Code.src.training.classification_pipeline: Epoch 2/10
2026-08-08 09:47:52,842 INFO Code.src.training.classification_pipeline: Epoch 2: train loss 0.5176, val loss 0.5009, val accuracy 0.7433
2026-08-08 09:47:52,842 INFO Code.src.training.classification_pipeline: Epoch 3/10
2026-08-08 10:14:05,396 INFO Code.src.training.classification_pipeline: Epoch 3: train loss 0.4901, val loss 0.4935, val accuracy 0.7463
2026-08-08 10:14:05,396 INFO Code.src.training.classification_pipeline: Epoch 4/10
2026-08-08 10:40:20,999 INFO Code.src.training.classification_pipeline: Epoch 4: train loss 0.4720, val loss 0.4868, val accuracy 0.7594
2026-08-08 10:40:20,999 INFO Code.src.training.classification_pipeline: Epoch 5/10
2026-08-08 11:06:32,046 INFO Code.src.training.classification_pipeline: Epoch 5: train loss 0.4583, val loss 0.4791, val accuracy 0.7613
2026-08-08 11:06:32,046 INFO Code.src.training.classification_pipeline: Epoch 6/10
2026-08-08 11:32:43,524 INFO Code.src.training.classification_pipeline: Epoch 6: train loss 0.4460, val loss 0.4775, val accuracy 0.7643
2026-08-08 11:32:43,524 INFO Code.src.training.classification_pipeline: Epoch 7/10
2026-08-08 11:58:59,775 INFO Code.src.training.classification_pipeline: Epoch 7: train loss 0.4332, val loss 0.4761, val accuracy 0.7663
2026-08-08 11:58:59,775 INFO Code.src.training.classification_pipeline: Epoch 8/10
2026-08-08 12:25:09,159 INFO Code.src.training.classification_pipeline: Epoch 8: train loss 0.4224, val loss 0.4809, val accuracy 0.7591
2026-08-08 12:25:09,159 INFO Code.src.training.classification_pipeline: Epoch 9/10
2026-08-08 12:51:23,178 INFO Code.src.training.classification_pipeline: Epoch 9: train loss 0.4118, val loss 0.4808, val accuracy 0.7648
2026-08-08 12:51:23,178 INFO Code.src.training.classification_pipeline: Epoch 10/10
2026-08-08 13:17:34,722 INFO Code.src.training.classification_pipeline: Epoch 10: train loss 0.4015, val loss 0.4799, val accuracy 0.7676
2026-08-08 13:17:34,722 INFO Code.src.training.classification_pipeline: Early stopping at epoch 10.
