2026-08-04 00:04:45,970 INFO Code.src.models.classifier: Using ESM-2 encoder on cuda:0
2026-08-04 00:04:45,972 INFO Code.src.training.classification_pipeline: Unfreezing the complete ESM-2 encoder.
2026-08-04 00:04:45,973 INFO Code.src.training.classification_pipeline: Epoch 1/30
2026-08-04 00:25:28,148 INFO Code.src.training.classification_pipeline: Epoch 1: train loss 0.5113, val loss 0.4799, val accuracy 0.7573
2026-08-04 00:25:28,148 INFO Code.src.training.classification_pipeline: Epoch 2/30
2026-08-04 00:46:10,903 INFO Code.src.training.classification_pipeline: Epoch 2: train loss 0.4568, val loss 0.4662, val accuracy 0.7636
2026-08-04 00:46:10,903 INFO Code.src.training.classification_pipeline: Epoch 3/30
2026-08-04 01:06:53,567 INFO Code.src.training.classification_pipeline: Epoch 3: train loss 0.4281, val loss 0.4572, val accuracy 0.7687
2026-08-04 01:06:53,567 INFO Code.src.training.classification_pipeline: Epoch 4/30
2026-08-04 01:27:39,030 INFO Code.src.training.classification_pipeline: Epoch 4: train loss 0.3965, val loss 0.4983, val accuracy 0.7725
2026-08-04 01:27:39,030 INFO Code.src.training.classification_pipeline: Epoch 5/30
2026-08-04 01:48:20,980 INFO Code.src.training.classification_pipeline: Epoch 5: train loss 0.3581, val loss 0.5357, val accuracy 0.7682
2026-08-04 01:48:20,980 INFO Code.src.training.classification_pipeline: Epoch 6/30
2026-08-04 02:09:01,843 INFO Code.src.training.classification_pipeline: Epoch 6: train loss 0.3113, val loss 0.6197, val accuracy 0.7633
2026-08-04 02:09:01,843 INFO Code.src.training.classification_pipeline: Epoch 7/30
2026-08-04 02:29:47,620 INFO Code.src.training.classification_pipeline: Epoch 7: train loss 0.2575, val loss 0.7923, val accuracy 0.7535
2026-08-04 02:29:47,620 INFO Code.src.training.classification_pipeline: Epoch 8/30
2026-08-04 02:50:29,453 INFO Code.src.training.classification_pipeline: Epoch 8: train loss 0.2112, val loss 1.0183, val accuracy 0.7518
2026-08-04 02:50:29,453 INFO Code.src.training.classification_pipeline: Early stopping at epoch 8.
2026-08-04 02:50:48,608 INFO Code.src.training.classification_pipeline: Test Loss: 0.5081 | Test Acc: 0.7414 | Test F1 (Macro): 0.7405
