2026-07-27 01:09:40,616 INFO __main__: Using cached frozen embeddings: /home/ubuntu/research/protein-sequence-augmentation/data/processed/embeddings/solubility/esm2/shared/train_ca57444d77a95fbc.pt
2026-07-27 01:09:40,653 INFO __main__: Using cached frozen embeddings: /home/ubuntu/research/protein-sequence-augmentation/data/processed/embeddings/solubility/esm2/shared/valid_d797fa3ef862b107.pt
2026-07-27 01:09:40,664 INFO __main__: Using cached frozen embeddings: /home/ubuntu/research/protein-sequence-augmentation/data/processed/embeddings/solubility/esm2/shared/test_c21ac4bad28e3dc4.pt
2026-07-27 01:09:40,671 INFO Code.src.training.classification_pipeline: Epoch 1/30
2026-07-27 01:10:41,944 INFO Code.src.training.classification_pipeline: Epoch 1: train loss 0.6262, val loss 0.6126, val accuracy 0.6559
2026-07-27 01:10:41,944 INFO Code.src.training.classification_pipeline: Epoch 2/30
2026-07-27 01:11:33,203 INFO Code.src.training.classification_pipeline: Epoch 2: train loss 0.6133, val loss 0.6092, val accuracy 0.6570
2026-07-27 01:11:33,203 INFO Code.src.training.classification_pipeline: Epoch 3/30
2026-07-27 01:12:31,641 INFO Code.src.training.classification_pipeline: Epoch 3: train loss 0.6096, val loss 0.6056, val accuracy 0.6628
2026-07-27 01:12:31,641 INFO Code.src.training.classification_pipeline: Epoch 4/30
2026-07-27 01:13:32,809 INFO Code.src.training.classification_pipeline: Epoch 4: train loss 0.6075, val loss 0.6040, val accuracy 0.6654
2026-07-27 01:13:32,809 INFO Code.src.training.classification_pipeline: Epoch 5/30
2026-07-27 01:14:34,148 INFO Code.src.training.classification_pipeline: Epoch 5: train loss 0.6063, val loss 0.6031, val accuracy 0.6665
2026-07-27 01:14:34,148 INFO Code.src.training.classification_pipeline: Epoch 6/30
2026-07-27 01:15:35,392 INFO Code.src.training.classification_pipeline: Epoch 6: train loss 0.6051, val loss 0.6040, val accuracy 0.6636
2026-07-27 01:15:35,392 INFO Code.src.training.classification_pipeline: Epoch 7/30
2026-07-27 01:16:24,055 INFO Code.src.training.classification_pipeline: Epoch 7: train loss 0.6044, val loss 0.6034, val accuracy 0.6645
2026-07-27 01:16:24,055 INFO Code.src.training.classification_pipeline: Epoch 8/30
2026-07-27 01:17:25,394 INFO Code.src.training.classification_pipeline: Epoch 8: train loss 0.6038, val loss 0.6036, val accuracy 0.6652
2026-07-27 01:17:25,394 INFO Code.src.training.classification_pipeline: Epoch 9/30
2026-07-27 01:18:26,766 INFO Code.src.training.classification_pipeline: Epoch 9: train loss 0.6035, val loss 0.6042, val accuracy 0.6659
2026-07-27 01:18:26,766 INFO Code.src.training.classification_pipeline: Epoch 10/30
2026-07-27 01:19:28,207 INFO Code.src.training.classification_pipeline: Epoch 10: train loss 0.6028, val loss 0.6008, val accuracy 0.6680
2026-07-27 01:19:28,208 INFO Code.src.training.classification_pipeline: Epoch 11/30
2026-07-27 01:20:18,663 INFO Code.src.training.classification_pipeline: Epoch 11: train loss 0.6021, val loss 0.6015, val accuracy 0.6674
2026-07-27 01:20:18,663 INFO Code.src.training.classification_pipeline: Epoch 12/30
2026-07-27 01:21:17,745 INFO Code.src.training.classification_pipeline: Epoch 12: train loss 0.6022, val loss 0.6028, val accuracy 0.6632
2026-07-27 01:21:17,745 INFO Code.src.training.classification_pipeline: Epoch 13/30
2026-07-27 01:22:19,062 INFO Code.src.training.classification_pipeline: Epoch 13: train loss 0.6022, val loss 0.6047, val accuracy 0.6636
2026-07-27 01:22:19,062 INFO Code.src.training.classification_pipeline: Epoch 14/30
2026-07-27 01:23:20,432 INFO Code.src.training.classification_pipeline: Epoch 14: train loss 0.6015, val loss 0.5997, val accuracy 0.6691
2026-07-27 01:23:20,432 INFO Code.src.training.classification_pipeline: Epoch 15/30
2026-07-27 01:24:21,759 INFO Code.src.training.classification_pipeline: Epoch 15: train loss 0.6015, val loss 0.6000, val accuracy 0.6697
2026-07-27 01:24:21,759 INFO Code.src.training.classification_pipeline: Epoch 16/30
2026-07-27 01:24:57,618 INFO Code.src.training.classification_pipeline: Epoch 16: train loss 0.6014, val loss 0.6032, val accuracy 0.6661
2026-07-27 01:24:57,619 INFO Code.src.training.classification_pipeline: Epoch 17/30
2026-07-27 01:25:58,858 INFO Code.src.training.classification_pipeline: Epoch 17: train loss 0.6013, val loss 0.6001, val accuracy 0.6693
2026-07-27 01:25:58,858 INFO Code.src.training.classification_pipeline: Epoch 18/30
2026-07-27 01:27:00,099 INFO Code.src.training.classification_pipeline: Epoch 18: train loss 0.6009, val loss 0.6009, val accuracy 0.6678
2026-07-27 01:27:00,099 INFO Code.src.training.classification_pipeline: Epoch 19/30
2026-07-27 01:28:01,374 INFO Code.src.training.classification_pipeline: Epoch 19: train loss 0.6009, val loss 0.5999, val accuracy 0.6667
2026-07-27 01:28:01,374 INFO Code.src.training.classification_pipeline: Early stopping at epoch 19.
2026-07-27 01:28:03,058 INFO Code.src.training.classification_pipeline: Test Loss: 0.6635 | Test Acc: 0.6153 | Test F1 (Macro): 0.6024
