2026-07-27 00:57:48,610 INFO __main__: Using cached frozen embeddings: /home/ubuntu/research/protein-sequence-augmentation/data/processed/embeddings/solubility/trained_autoencoder/shared/train_b6a98083cbdcf2b6.pt
2026-07-27 00:57:48,646 INFO __main__: Using cached frozen embeddings: /home/ubuntu/research/protein-sequence-augmentation/data/processed/embeddings/solubility/trained_autoencoder/shared/valid_936244d146f5418b.pt
2026-07-27 00:57:48,658 INFO __main__: Using cached frozen embeddings: /home/ubuntu/research/protein-sequence-augmentation/data/processed/embeddings/solubility/trained_autoencoder/shared/test_fab541465a619f84.pt
2026-07-27 00:57:48,669 INFO Code.src.training.classification_pipeline: Epoch 1/30
2026-07-27 00:58:31,113 INFO Code.src.training.classification_pipeline: Epoch 1: train loss 0.6050, val loss 0.5784, val accuracy 0.6756
2026-07-27 00:58:31,113 INFO Code.src.training.classification_pipeline: Epoch 2/30
2026-07-27 00:59:34,788 INFO Code.src.training.classification_pipeline: Epoch 2: train loss 0.5672, val loss 0.5581, val accuracy 0.6929
2026-07-27 00:59:34,789 INFO Code.src.training.classification_pipeline: Epoch 3/30
2026-07-27 01:00:38,506 INFO Code.src.training.classification_pipeline: Epoch 3: train loss 0.5437, val loss 0.5418, val accuracy 0.7084
2026-07-27 01:00:38,506 INFO Code.src.training.classification_pipeline: Epoch 4/30
2026-07-27 01:01:42,337 INFO Code.src.training.classification_pipeline: Epoch 4: train loss 0.5260, val loss 0.5341, val accuracy 0.7129
2026-07-27 01:01:42,338 INFO Code.src.training.classification_pipeline: Epoch 5/30
2026-07-27 01:02:40,070 INFO Code.src.training.classification_pipeline: Epoch 5: train loss 0.5130, val loss 0.5319, val accuracy 0.7178
2026-07-27 01:02:40,070 INFO Code.src.training.classification_pipeline: Epoch 6/30
2026-07-27 01:03:37,390 INFO Code.src.training.classification_pipeline: Epoch 6: train loss 0.5029, val loss 0.5287, val accuracy 0.7188
2026-07-27 01:03:37,390 INFO Code.src.training.classification_pipeline: Epoch 7/30
2026-07-27 01:04:41,123 INFO Code.src.training.classification_pipeline: Epoch 7: train loss 0.4945, val loss 0.5262, val accuracy 0.7224
2026-07-27 01:04:41,123 INFO Code.src.training.classification_pipeline: Epoch 8/30
2026-07-27 01:05:44,755 INFO Code.src.training.classification_pipeline: Epoch 8: train loss 0.4859, val loss 0.5285, val accuracy 0.7231
2026-07-27 01:05:44,755 INFO Code.src.training.classification_pipeline: Epoch 9/30
2026-07-27 01:06:48,582 INFO Code.src.training.classification_pipeline: Epoch 9: train loss 0.4790, val loss 0.5300, val accuracy 0.7241
2026-07-27 01:06:48,582 INFO Code.src.training.classification_pipeline: Epoch 10/30
2026-07-27 01:07:31,220 INFO Code.src.training.classification_pipeline: Epoch 10: train loss 0.4710, val loss 0.5264, val accuracy 0.7254
2026-07-27 01:07:31,220 INFO Code.src.training.classification_pipeline: Epoch 11/30
2026-07-27 01:08:34,943 INFO Code.src.training.classification_pipeline: Epoch 11: train loss 0.4634, val loss 0.5269, val accuracy 0.7253
2026-07-27 01:08:34,943 INFO Code.src.training.classification_pipeline: Epoch 12/30
2026-07-27 01:09:38,490 INFO Code.src.training.classification_pipeline: Epoch 12: train loss 0.4560, val loss 0.5324, val accuracy 0.7237
2026-07-27 01:09:38,491 INFO Code.src.training.classification_pipeline: Early stopping at epoch 12.
2026-07-27 01:09:40,199 INFO Code.src.training.classification_pipeline: Test Loss: 0.5493 | Test Acc: 0.7099 | Test F1 (Macro): 0.7076
