2026-08-12 20:12:47,210 INFO Code.src.utils.embedding_cache: Using cached frozen embeddings: /home/ubuntu/research/protein-sequence-augmentation/data/processed/embeddings/solubility/trained_autoencoder+esm2/shared/train_96fa211b3bbf6cf7.pt
2026-08-12 20:12:47,249 INFO Code.src.utils.embedding_cache: Using cached frozen embeddings: /home/ubuntu/research/protein-sequence-augmentation/data/processed/embeddings/solubility/trained_autoencoder+esm2/shared/valid_79c081a8345c1dff.pt
2026-08-12 20:12:47,261 INFO Code.src.utils.embedding_cache: Using cached frozen embeddings: /home/ubuntu/research/protein-sequence-augmentation/data/processed/embeddings/solubility/trained_autoencoder+esm2/shared/test_85297b14fb704769.pt
2026-08-12 20:12:47,396 INFO Code.src.training.classification_pipeline: Epoch 1/30
2026-08-12 20:12:56,838 INFO Code.src.training.classification_pipeline: Epoch 1: train loss 0.5987, val loss 0.5657, val accuracy 0.6838
2026-08-12 20:12:56,838 INFO Code.src.training.classification_pipeline: Epoch 2/30
2026-08-12 20:13:05,977 INFO Code.src.training.classification_pipeline: Epoch 2: train loss 0.5476, val loss 0.5377, val accuracy 0.7136
2026-08-12 20:13:05,977 INFO Code.src.training.classification_pipeline: Epoch 3/30
2026-08-12 20:13:15,220 INFO Code.src.training.classification_pipeline: Epoch 3: train loss 0.5200, val loss 0.5221, val accuracy 0.7243
2026-08-12 20:13:15,220 INFO Code.src.training.classification_pipeline: Epoch 4/30
2026-08-12 20:13:24,486 INFO Code.src.training.classification_pipeline: Epoch 4: train loss 0.4985, val loss 0.5131, val accuracy 0.7318
2026-08-12 20:13:24,487 INFO Code.src.training.classification_pipeline: Epoch 5/30
2026-08-12 20:13:33,848 INFO Code.src.training.classification_pipeline: Epoch 5: train loss 0.4819, val loss 0.5157, val accuracy 0.7338
2026-08-12 20:13:33,848 INFO Code.src.training.classification_pipeline: Epoch 6/30
2026-08-12 20:13:43,080 INFO Code.src.training.classification_pipeline: Epoch 6: train loss 0.4674, val loss 0.5105, val accuracy 0.7354
2026-08-12 20:13:43,080 INFO Code.src.training.classification_pipeline: Epoch 7/30
2026-08-12 20:13:52,325 INFO Code.src.training.classification_pipeline: Epoch 7: train loss 0.4534, val loss 0.5125, val accuracy 0.7374
2026-08-12 20:13:52,325 INFO Code.src.training.classification_pipeline: Epoch 8/30
2026-08-12 20:14:01,560 INFO Code.src.training.classification_pipeline: Epoch 8: train loss 0.4399, val loss 0.5179, val accuracy 0.7319
2026-08-12 20:14:01,560 INFO Code.src.training.classification_pipeline: Epoch 9/30
2026-08-12 20:14:10,795 INFO Code.src.training.classification_pipeline: Epoch 9: train loss 0.4285, val loss 0.5235, val accuracy 0.7371
2026-08-12 20:14:10,795 INFO Code.src.training.classification_pipeline: Epoch 10/30
2026-08-12 20:14:20,076 INFO Code.src.training.classification_pipeline: Epoch 10: train loss 0.4165, val loss 0.5216, val accuracy 0.7388
2026-08-12 20:14:20,076 INFO Code.src.training.classification_pipeline: Epoch 11/30
2026-08-12 20:14:29,645 INFO Code.src.training.classification_pipeline: Epoch 11: train loss 0.4033, val loss 0.5260, val accuracy 0.7357
2026-08-12 20:14:29,645 INFO Code.src.training.classification_pipeline: Early stopping at epoch 11.
2026-08-12 20:14:29,794 INFO Code.src.training.classification_pipeline: Test Loss: 0.5758 | Test Acc: 0.6958 | Test F1 (Macro): 0.6923
