2026-07-27 01:28:03,483 INFO __main__: Using cached frozen embeddings: /home/ubuntu/research/protein-sequence-augmentation/data/processed/embeddings/solubility/esm2/shared/train_ca57444d77a95fbc.pt
2026-07-27 01:28:03,519 INFO __main__: Using cached frozen embeddings: /home/ubuntu/research/protein-sequence-augmentation/data/processed/embeddings/solubility/esm2/shared/valid_d797fa3ef862b107.pt
2026-07-27 01:28:03,530 INFO __main__: Using cached frozen embeddings: /home/ubuntu/research/protein-sequence-augmentation/data/processed/embeddings/solubility/esm2/shared/test_c21ac4bad28e3dc4.pt
2026-07-27 01:28:03,541 INFO Code.src.training.classification_pipeline: Epoch 1/30
2026-07-27 01:28:59,911 INFO Code.src.training.classification_pipeline: Epoch 1: train loss 0.6239, val loss 0.6043, val accuracy 0.6665
2026-07-27 01:28:59,911 INFO Code.src.training.classification_pipeline: Epoch 2/30
2026-07-27 01:29:57,852 INFO Code.src.training.classification_pipeline: Epoch 2: train loss 0.6034, val loss 0.5962, val accuracy 0.6716
2026-07-27 01:29:57,853 INFO Code.src.training.classification_pipeline: Epoch 3/30
2026-07-27 01:31:01,635 INFO Code.src.training.classification_pipeline: Epoch 3: train loss 0.5937, val loss 0.5872, val accuracy 0.6782
2026-07-27 01:31:01,635 INFO Code.src.training.classification_pipeline: Epoch 4/30
2026-07-27 01:32:05,161 INFO Code.src.training.classification_pipeline: Epoch 4: train loss 0.5865, val loss 0.5831, val accuracy 0.6825
2026-07-27 01:32:05,161 INFO Code.src.training.classification_pipeline: Epoch 5/30
2026-07-27 01:33:08,748 INFO Code.src.training.classification_pipeline: Epoch 5: train loss 0.5808, val loss 0.5782, val accuracy 0.6847
2026-07-27 01:33:08,748 INFO Code.src.training.classification_pipeline: Epoch 6/30
2026-07-27 01:33:52,033 INFO Code.src.training.classification_pipeline: Epoch 6: train loss 0.5760, val loss 0.5759, val accuracy 0.6876
2026-07-27 01:33:52,033 INFO Code.src.training.classification_pipeline: Epoch 7/30
2026-07-27 01:34:55,619 INFO Code.src.training.classification_pipeline: Epoch 7: train loss 0.5718, val loss 0.5738, val accuracy 0.6868
2026-07-27 01:34:55,619 INFO Code.src.training.classification_pipeline: Epoch 8/30
2026-07-27 01:35:59,207 INFO Code.src.training.classification_pipeline: Epoch 8: train loss 0.5671, val loss 0.5720, val accuracy 0.6922
2026-07-27 01:35:59,207 INFO Code.src.training.classification_pipeline: Epoch 9/30
2026-07-27 01:37:02,974 INFO Code.src.training.classification_pipeline: Epoch 9: train loss 0.5642, val loss 0.5704, val accuracy 0.6919
2026-07-27 01:37:02,974 INFO Code.src.training.classification_pipeline: Epoch 10/30
2026-07-27 01:37:56,890 INFO Code.src.training.classification_pipeline: Epoch 10: train loss 0.5606, val loss 0.5640, val accuracy 0.6991
2026-07-27 01:37:56,890 INFO Code.src.training.classification_pipeline: Epoch 11/30
2026-07-27 01:38:47,830 INFO Code.src.training.classification_pipeline: Epoch 11: train loss 0.5571, val loss 0.5660, val accuracy 0.6936
2026-07-27 01:38:47,830 INFO Code.src.training.classification_pipeline: Epoch 12/30
2026-07-27 01:39:51,485 INFO Code.src.training.classification_pipeline: Epoch 12: train loss 0.5547, val loss 0.5672, val accuracy 0.6940
2026-07-27 01:39:51,486 INFO Code.src.training.classification_pipeline: Epoch 13/30
2026-07-27 01:40:55,055 INFO Code.src.training.classification_pipeline: Epoch 13: train loss 0.5518, val loss 0.5643, val accuracy 0.6969
2026-07-27 01:40:55,055 INFO Code.src.training.classification_pipeline: Epoch 14/30
2026-07-27 01:41:58,728 INFO Code.src.training.classification_pipeline: Epoch 14: train loss 0.5499, val loss 0.5603, val accuracy 0.6982
2026-07-27 01:41:58,728 INFO Code.src.training.classification_pipeline: Epoch 15/30
2026-07-27 01:42:51,465 INFO Code.src.training.classification_pipeline: Epoch 15: train loss 0.5470, val loss 0.5600, val accuracy 0.7033
2026-07-27 01:42:51,465 INFO Code.src.training.classification_pipeline: Epoch 16/30
2026-07-27 01:43:55,167 INFO Code.src.training.classification_pipeline: Epoch 16: train loss 0.5451, val loss 0.5645, val accuracy 0.7011
2026-07-27 01:43:55,168 INFO Code.src.training.classification_pipeline: Epoch 17/30
2026-07-27 01:44:58,907 INFO Code.src.training.classification_pipeline: Epoch 17: train loss 0.5422, val loss 0.5574, val accuracy 0.7008
2026-07-27 01:44:58,907 INFO Code.src.training.classification_pipeline: Epoch 18/30
2026-07-27 01:46:02,493 INFO Code.src.training.classification_pipeline: Epoch 18: train loss 0.5397, val loss 0.5603, val accuracy 0.7034
2026-07-27 01:46:02,493 INFO Code.src.training.classification_pipeline: Epoch 19/30
2026-07-27 01:46:47,698 INFO Code.src.training.classification_pipeline: Epoch 19: train loss 0.5381, val loss 0.5555, val accuracy 0.7025
2026-07-27 01:46:47,698 INFO Code.src.training.classification_pipeline: Epoch 20/30
2026-07-27 01:47:46,636 INFO Code.src.training.classification_pipeline: Epoch 20: train loss 0.5343, val loss 0.5614, val accuracy 0.7044
2026-07-27 01:47:46,636 INFO Code.src.training.classification_pipeline: Epoch 21/30
2026-07-27 01:48:50,295 INFO Code.src.training.classification_pipeline: Epoch 21: train loss 0.5324, val loss 0.5602, val accuracy 0.7037
2026-07-27 01:48:50,295 INFO Code.src.training.classification_pipeline: Epoch 22/30
2026-07-27 01:49:53,869 INFO Code.src.training.classification_pipeline: Epoch 22: train loss 0.5323, val loss 0.5552, val accuracy 0.7090
2026-07-27 01:49:53,869 INFO Code.src.training.classification_pipeline: Epoch 23/30
2026-07-27 01:50:57,635 INFO Code.src.training.classification_pipeline: Epoch 23: train loss 0.5313, val loss 0.5557, val accuracy 0.7073
2026-07-27 01:50:57,635 INFO Code.src.training.classification_pipeline: Epoch 24/30
2026-07-27 01:51:50,809 INFO Code.src.training.classification_pipeline: Epoch 24: train loss 0.5294, val loss 0.5562, val accuracy 0.7097
2026-07-27 01:51:50,809 INFO Code.src.training.classification_pipeline: Epoch 25/30
2026-07-27 01:52:54,406 INFO Code.src.training.classification_pipeline: Epoch 25: train loss 0.5282, val loss 0.5588, val accuracy 0.7066
2026-07-27 01:52:54,407 INFO Code.src.training.classification_pipeline: Epoch 26/30
2026-07-27 01:53:58,006 INFO Code.src.training.classification_pipeline: Epoch 26: train loss 0.5252, val loss 0.5559, val accuracy 0.7077
2026-07-27 01:53:58,006 INFO Code.src.training.classification_pipeline: Epoch 27/30
2026-07-27 01:55:01,675 INFO Code.src.training.classification_pipeline: Epoch 27: train loss 0.5226, val loss 0.5538, val accuracy 0.7094
2026-07-27 01:55:01,675 INFO Code.src.training.classification_pipeline: Epoch 28/30
2026-07-27 01:55:54,344 INFO Code.src.training.classification_pipeline: Epoch 28: train loss 0.5223, val loss 0.5580, val accuracy 0.7057
2026-07-27 01:55:54,344 INFO Code.src.training.classification_pipeline: Epoch 29/30
2026-07-27 01:56:57,826 INFO Code.src.training.classification_pipeline: Epoch 29: train loss 0.5201, val loss 0.5611, val accuracy 0.7084
2026-07-27 01:56:57,826 INFO Code.src.training.classification_pipeline: Epoch 30/30
2026-07-27 01:58:01,496 INFO Code.src.training.classification_pipeline: Epoch 30: train loss 0.5182, val loss 0.5592, val accuracy 0.7034
2026-07-27 01:58:03,168 INFO Code.src.training.classification_pipeline: Test Loss: 0.6585 | Test Acc: 0.6468 | Test F1 (Macro): 0.6414
