2026-08-03 17:47:50,818 INFO Code.src.training.classification_pipeline: Unfreezing the autoencoder encoding path.
2026-08-03 17:47:50,818 INFO Code.src.training.classification_pipeline: Epoch 1/30
2026-08-03 17:53:55,012 INFO Code.src.training.classification_pipeline: Epoch 1: train loss 0.5651, val loss 0.5226, val accuracy 0.7205
2026-08-03 17:53:55,012 INFO Code.src.training.classification_pipeline: Epoch 2/30
2026-08-03 17:59:49,922 INFO Code.src.training.classification_pipeline: Epoch 2: train loss 0.5226, val loss 0.5081, val accuracy 0.7273
2026-08-03 17:59:49,922 INFO Code.src.training.classification_pipeline: Epoch 3/30
2026-08-03 18:05:44,760 INFO Code.src.training.classification_pipeline: Epoch 3: train loss 0.5042, val loss 0.4948, val accuracy 0.7385
2026-08-03 18:05:44,760 INFO Code.src.training.classification_pipeline: Epoch 4/30
2026-08-03 18:11:40,549 INFO Code.src.training.classification_pipeline: Epoch 4: train loss 0.4892, val loss 0.4920, val accuracy 0.7380
2026-08-03 18:11:40,549 INFO Code.src.training.classification_pipeline: Epoch 5/30
2026-08-03 18:17:41,801 INFO Code.src.training.classification_pipeline: Epoch 5: train loss 0.4740, val loss 0.4992, val accuracy 0.7430
2026-08-03 18:17:41,801 INFO Code.src.training.classification_pipeline: Epoch 6/30
2026-08-03 18:23:43,109 INFO Code.src.training.classification_pipeline: Epoch 6: train loss 0.4564, val loss 0.5276, val accuracy 0.7413
2026-08-03 18:23:43,109 INFO Code.src.training.classification_pipeline: Epoch 7/30
2026-08-03 18:29:56,303 INFO Code.src.training.classification_pipeline: Epoch 7: train loss 0.4340, val loss 0.5128, val accuracy 0.7414
2026-08-03 18:29:56,303 INFO Code.src.training.classification_pipeline: Epoch 8/30
2026-08-03 18:36:02,426 INFO Code.src.training.classification_pipeline: Epoch 8: train loss 0.4056, val loss 0.5890, val accuracy 0.7275
2026-08-03 18:36:02,426 INFO Code.src.training.classification_pipeline: Epoch 9/30
2026-08-03 18:42:02,386 INFO Code.src.training.classification_pipeline: Epoch 9: train loss 0.3665, val loss 0.6181, val accuracy 0.7288
2026-08-03 18:42:02,387 INFO Code.src.training.classification_pipeline: Early stopping at epoch 9.
2026-08-03 18:42:07,318 INFO Code.src.training.classification_pipeline: Test Loss: 0.5166 | Test Acc: 0.7349 | Test F1 (Macro): 0.7302
