2026-07-30 15:02:49,556 INFO Code.src.utils.embedding_cache: Using cached frozen embeddings: /home/ubuntu/protein-sequence-augmentation/data/processed/embeddings/solubility/trained_autoencoder/shared/train_5865efccb4c0f33b.pt
2026-07-30 15:02:49,591 INFO Code.src.utils.embedding_cache: Using cached frozen embeddings: /home/ubuntu/protein-sequence-augmentation/data/processed/embeddings/solubility/trained_autoencoder/shared/valid_e57addc1474b2f72.pt
2026-07-30 15:02:49,602 INFO Code.src.utils.embedding_cache: Using cached frozen embeddings: /home/ubuntu/protein-sequence-augmentation/data/processed/embeddings/solubility/trained_autoencoder/shared/test_d02ae158b730724c.pt
2026-07-30 15:02:49,605 INFO Code.src.training.classification_pipeline: Epoch 1/30
2026-07-30 15:02:57,009 INFO Code.src.training.classification_pipeline: Epoch 1: train loss 0.6262, val loss 0.6182, val accuracy 0.6318
2026-07-30 15:02:57,009 INFO Code.src.training.classification_pipeline: Epoch 2/30
2026-07-30 15:03:04,408 INFO Code.src.training.classification_pipeline: Epoch 2: train loss 0.6208, val loss 0.6170, val accuracy 0.6374
2026-07-30 15:03:04,408 INFO Code.src.training.classification_pipeline: Epoch 3/30
2026-07-30 15:03:11,998 INFO Code.src.training.classification_pipeline: Epoch 3: train loss 0.6207, val loss 0.6149, val accuracy 0.6384
2026-07-30 15:03:11,998 INFO Code.src.training.classification_pipeline: Epoch 4/30
2026-07-30 15:03:19,390 INFO Code.src.training.classification_pipeline: Epoch 4: train loss 0.6207, val loss 0.6155, val accuracy 0.6325
2026-07-30 15:03:19,390 INFO Code.src.training.classification_pipeline: Epoch 5/30
2026-07-30 15:03:26,810 INFO Code.src.training.classification_pipeline: Epoch 5: train loss 0.6204, val loss 0.6159, val accuracy 0.6381
2026-07-30 15:03:26,810 INFO Code.src.training.classification_pipeline: Epoch 6/30
2026-07-30 15:03:34,229 INFO Code.src.training.classification_pipeline: Epoch 6: train loss 0.6204, val loss 0.6170, val accuracy 0.6331
2026-07-30 15:03:34,229 INFO Code.src.training.classification_pipeline: Epoch 7/30
2026-07-30 15:03:41,676 INFO Code.src.training.classification_pipeline: Epoch 7: train loss 0.6208, val loss 0.6161, val accuracy 0.6360
2026-07-30 15:03:41,676 INFO Code.src.training.classification_pipeline: Epoch 8/30
2026-07-30 15:03:48,960 INFO Code.src.training.classification_pipeline: Epoch 8: train loss 0.6204, val loss 0.6171, val accuracy 0.6325
2026-07-30 15:03:48,960 INFO Code.src.training.classification_pipeline: Early stopping at epoch 8.
2026-07-30 15:03:49,084 INFO Code.src.training.classification_pipeline: Test Loss: 0.6501 | Test Acc: 0.6038 | Test F1 (Macro): 0.5936
