2026-08-11 21:03:45,287 INFO Code.src.models.classifier: Using ESM-2 encoder on cuda:0
2026-08-11 21:12:02,568 INFO Code.src.utils.embedding_cache: Saved frozen embeddings: /home/ubuntu/research/protein-sequence-augmentation/data/processed/embeddings/solubility/esm2/shared/train_96ea95d5317c2f65.pt
2026-08-11 21:13:03,689 INFO Code.src.utils.embedding_cache: Saved frozen embeddings: /home/ubuntu/research/protein-sequence-augmentation/data/processed/embeddings/solubility/esm2/shared/valid_6f51f55f059f680d.pt
2026-08-11 21:13:25,844 INFO Code.src.utils.embedding_cache: Saved frozen embeddings: /home/ubuntu/research/protein-sequence-augmentation/data/processed/embeddings/solubility/esm2/shared/test_780fc3c941174add.pt
2026-08-11 21:13:26,034 INFO Code.src.training.classification_pipeline: Epoch 1/30
2026-08-11 21:13:34,506 INFO Code.src.training.classification_pipeline: Epoch 1: train loss 0.6517, val loss 0.6351, val accuracy 0.6402
2026-08-11 21:13:34,507 INFO Code.src.training.classification_pipeline: Epoch 2/30
2026-08-11 21:13:42,456 INFO Code.src.training.classification_pipeline: Epoch 2: train loss 0.6322, val loss 0.6253, val accuracy 0.6525
2026-08-11 21:13:42,456 INFO Code.src.training.classification_pipeline: Epoch 3/30
2026-08-11 21:13:50,540 INFO Code.src.training.classification_pipeline: Epoch 3: train loss 0.6257, val loss 0.6209, val accuracy 0.6538
2026-08-11 21:13:50,540 INFO Code.src.training.classification_pipeline: Epoch 4/30
2026-08-11 21:13:58,426 INFO Code.src.training.classification_pipeline: Epoch 4: train loss 0.6220, val loss 0.6180, val accuracy 0.6570
2026-08-11 21:13:58,426 INFO Code.src.training.classification_pipeline: Epoch 5/30
2026-08-11 21:14:06,322 INFO Code.src.training.classification_pipeline: Epoch 5: train loss 0.6197, val loss 0.6164, val accuracy 0.6595
2026-08-11 21:14:06,323 INFO Code.src.training.classification_pipeline: Epoch 6/30
2026-08-11 21:14:14,353 INFO Code.src.training.classification_pipeline: Epoch 6: train loss 0.6179, val loss 0.6149, val accuracy 0.6569
2026-08-11 21:14:14,353 INFO Code.src.training.classification_pipeline: Epoch 7/30
2026-08-11 21:14:22,248 INFO Code.src.training.classification_pipeline: Epoch 7: train loss 0.6165, val loss 0.6141, val accuracy 0.6592
2026-08-11 21:14:22,248 INFO Code.src.training.classification_pipeline: Epoch 8/30
2026-08-11 21:14:30,122 INFO Code.src.training.classification_pipeline: Epoch 8: train loss 0.6154, val loss 0.6131, val accuracy 0.6590
2026-08-11 21:14:30,122 INFO Code.src.training.classification_pipeline: Epoch 9/30
2026-08-11 21:14:38,305 INFO Code.src.training.classification_pipeline: Epoch 9: train loss 0.6144, val loss 0.6127, val accuracy 0.6613
2026-08-11 21:14:38,305 INFO Code.src.training.classification_pipeline: Epoch 10/30
2026-08-11 21:14:46,323 INFO Code.src.training.classification_pipeline: Epoch 10: train loss 0.6136, val loss 0.6119, val accuracy 0.6603
2026-08-11 21:14:46,323 INFO Code.src.training.classification_pipeline: Epoch 11/30
2026-08-11 21:14:54,441 INFO Code.src.training.classification_pipeline: Epoch 11: train loss 0.6128, val loss 0.6107, val accuracy 0.6587
2026-08-11 21:14:54,441 INFO Code.src.training.classification_pipeline: Epoch 12/30
2026-08-11 21:15:02,359 INFO Code.src.training.classification_pipeline: Epoch 12: train loss 0.6121, val loss 0.6101, val accuracy 0.6570
2026-08-11 21:15:02,359 INFO Code.src.training.classification_pipeline: Epoch 13/30
2026-08-11 21:15:10,281 INFO Code.src.training.classification_pipeline: Epoch 13: train loss 0.6115, val loss 0.6097, val accuracy 0.6593
2026-08-11 21:15:10,281 INFO Code.src.training.classification_pipeline: Epoch 14/30
2026-08-11 21:15:18,399 INFO Code.src.training.classification_pipeline: Epoch 14: train loss 0.6108, val loss 0.6097, val accuracy 0.6634
2026-08-11 21:15:18,399 INFO Code.src.training.classification_pipeline: Epoch 15/30
2026-08-11 21:15:26,493 INFO Code.src.training.classification_pipeline: Epoch 15: train loss 0.6104, val loss 0.6091, val accuracy 0.6582
2026-08-11 21:15:26,493 INFO Code.src.training.classification_pipeline: Epoch 16/30
2026-08-11 21:15:34,474 INFO Code.src.training.classification_pipeline: Epoch 16: train loss 0.6100, val loss 0.6084, val accuracy 0.6583
2026-08-11 21:15:34,474 INFO Code.src.training.classification_pipeline: Epoch 17/30
2026-08-11 21:15:42,434 INFO Code.src.training.classification_pipeline: Epoch 17: train loss 0.6095, val loss 0.6083, val accuracy 0.6615
2026-08-11 21:15:42,435 INFO Code.src.training.classification_pipeline: Epoch 18/30
2026-08-11 21:15:50,370 INFO Code.src.training.classification_pipeline: Epoch 18: train loss 0.6091, val loss 0.6077, val accuracy 0.6590
2026-08-11 21:15:50,370 INFO Code.src.training.classification_pipeline: Epoch 19/30
2026-08-11 21:15:58,335 INFO Code.src.training.classification_pipeline: Epoch 19: train loss 0.6087, val loss 0.6073, val accuracy 0.6605
2026-08-11 21:15:58,335 INFO Code.src.training.classification_pipeline: Epoch 20/30
2026-08-11 21:16:06,339 INFO Code.src.training.classification_pipeline: Epoch 20: train loss 0.6083, val loss 0.6072, val accuracy 0.6593
2026-08-11 21:16:06,339 INFO Code.src.training.classification_pipeline: Epoch 21/30
2026-08-11 21:16:14,441 INFO Code.src.training.classification_pipeline: Epoch 21: train loss 0.6080, val loss 0.6068, val accuracy 0.6613
2026-08-11 21:16:14,441 INFO Code.src.training.classification_pipeline: Epoch 22/30
2026-08-11 21:16:22,514 INFO Code.src.training.classification_pipeline: Epoch 22: train loss 0.6077, val loss 0.6065, val accuracy 0.6628
2026-08-11 21:16:22,514 INFO Code.src.training.classification_pipeline: Epoch 23/30
2026-08-11 21:16:30,669 INFO Code.src.training.classification_pipeline: Epoch 23: train loss 0.6073, val loss 0.6064, val accuracy 0.6616
2026-08-11 21:16:30,669 INFO Code.src.training.classification_pipeline: Epoch 24/30
2026-08-11 21:16:38,660 INFO Code.src.training.classification_pipeline: Epoch 24: train loss 0.6071, val loss 0.6061, val accuracy 0.6629
2026-08-11 21:16:38,660 INFO Code.src.training.classification_pipeline: Epoch 25/30
2026-08-11 21:16:46,627 INFO Code.src.training.classification_pipeline: Epoch 25: train loss 0.6068, val loss 0.6060, val accuracy 0.6632
2026-08-11 21:16:46,627 INFO Code.src.training.classification_pipeline: Epoch 26/30
2026-08-11 21:16:54,571 INFO Code.src.training.classification_pipeline: Epoch 26: train loss 0.6066, val loss 0.6055, val accuracy 0.6619
2026-08-11 21:16:54,572 INFO Code.src.training.classification_pipeline: Epoch 27/30
2026-08-11 21:17:02,641 INFO Code.src.training.classification_pipeline: Epoch 27: train loss 0.6064, val loss 0.6054, val accuracy 0.6628
2026-08-11 21:17:02,641 INFO Code.src.training.classification_pipeline: Epoch 28/30
2026-08-11 21:17:10,634 INFO Code.src.training.classification_pipeline: Epoch 28: train loss 0.6061, val loss 0.6052, val accuracy 0.6642
2026-08-11 21:17:10,634 INFO Code.src.training.classification_pipeline: Epoch 29/30
2026-08-11 21:17:18,680 INFO Code.src.training.classification_pipeline: Epoch 29: train loss 0.6058, val loss 0.6050, val accuracy 0.6651
2026-08-11 21:17:18,680 INFO Code.src.training.classification_pipeline: Epoch 30/30
2026-08-11 21:17:26,772 INFO Code.src.training.classification_pipeline: Epoch 30: train loss 0.6056, val loss 0.6049, val accuracy 0.6644
2026-08-11 21:17:26,914 INFO Code.src.training.classification_pipeline: Test Loss: 0.6688 | Test Acc: 0.6033 | Test F1 (Macro): 0.5862
