2026-08-06 02:55:05,942 INFO Code.src.utils.embedding_cache: Using cached frozen embeddings: /home/ubuntu/research/protein-sequence-augmentation/data/processed/embeddings/solubility/trained_autoencoder/shared/train_e447917681cc911d.pt
2026-08-06 02:55:05,987 INFO Code.src.utils.embedding_cache: Using cached frozen embeddings: /home/ubuntu/research/protein-sequence-augmentation/data/processed/embeddings/solubility/trained_autoencoder/shared/valid_06544c6ba7b82a45.pt
2026-08-06 02:55:06,117 INFO Code.src.training.classification_pipeline: Epoch 1/30
2026-08-06 02:55:15,765 INFO Code.src.training.classification_pipeline: Epoch 1: train loss 0.6286, val loss 0.6020, val accuracy 0.6502
2026-08-06 02:55:15,765 INFO Code.src.training.classification_pipeline: Epoch 2/30
2026-08-06 02:55:25,741 INFO Code.src.training.classification_pipeline: Epoch 2: train loss 0.5927, val loss 0.5806, val accuracy 0.6706
2026-08-06 02:55:25,742 INFO Code.src.training.classification_pipeline: Epoch 3/30
2026-08-06 02:55:35,376 INFO Code.src.training.classification_pipeline: Epoch 3: train loss 0.5705, val loss 0.5641, val accuracy 0.6842
2026-08-06 02:55:35,376 INFO Code.src.training.classification_pipeline: Epoch 4/30
2026-08-06 02:55:45,032 INFO Code.src.training.classification_pipeline: Epoch 4: train loss 0.5525, val loss 0.5535, val accuracy 0.7012
2026-08-06 02:55:45,032 INFO Code.src.training.classification_pipeline: Epoch 5/30
2026-08-06 02:55:54,789 INFO Code.src.training.classification_pipeline: Epoch 5: train loss 0.5389, val loss 0.5467, val accuracy 0.7040
2026-08-06 02:55:54,789 INFO Code.src.training.classification_pipeline: Epoch 6/30
2026-08-06 02:56:04,718 INFO Code.src.training.classification_pipeline: Epoch 6: train loss 0.5282, val loss 0.5440, val accuracy 0.7035
2026-08-06 02:56:04,718 INFO Code.src.training.classification_pipeline: Epoch 7/30
2026-08-06 02:56:14,723 INFO Code.src.training.classification_pipeline: Epoch 7: train loss 0.5188, val loss 0.5427, val accuracy 0.7076
2026-08-06 02:56:14,723 INFO Code.src.training.classification_pipeline: Epoch 8/30
2026-08-06 02:56:24,420 INFO Code.src.training.classification_pipeline: Epoch 8: train loss 0.5099, val loss 0.5419, val accuracy 0.7061
2026-08-06 02:56:24,420 INFO Code.src.training.classification_pipeline: Epoch 9/30
2026-08-06 02:56:34,164 INFO Code.src.training.classification_pipeline: Epoch 9: train loss 0.5006, val loss 0.5396, val accuracy 0.7119
2026-08-06 02:56:34,164 INFO Code.src.training.classification_pipeline: Epoch 10/30
2026-08-06 02:56:44,138 INFO Code.src.training.classification_pipeline: Epoch 10: train loss 0.4914, val loss 0.5416, val accuracy 0.7079
2026-08-06 02:56:44,139 INFO Code.src.training.classification_pipeline: Epoch 11/30
2026-08-06 02:56:53,908 INFO Code.src.training.classification_pipeline: Epoch 11: train loss 0.4840, val loss 0.5383, val accuracy 0.7064
2026-08-06 02:56:53,908 INFO Code.src.training.classification_pipeline: Epoch 12/30
2026-08-06 02:57:03,902 INFO Code.src.training.classification_pipeline: Epoch 12: train loss 0.4754, val loss 0.5415, val accuracy 0.7099
2026-08-06 02:57:03,902 INFO Code.src.training.classification_pipeline: Epoch 13/30
2026-08-06 02:57:13,881 INFO Code.src.training.classification_pipeline: Epoch 13: train loss 0.4670, val loss 0.5406, val accuracy 0.7142
2026-08-06 02:57:13,881 INFO Code.src.training.classification_pipeline: Epoch 14/30
2026-08-06 02:57:23,880 INFO Code.src.training.classification_pipeline: Epoch 14: train loss 0.4589, val loss 0.5427, val accuracy 0.7040
2026-08-06 02:57:23,880 INFO Code.src.training.classification_pipeline: Epoch 15/30
2026-08-06 02:57:33,780 INFO Code.src.training.classification_pipeline: Epoch 15: train loss 0.4502, val loss 0.5484, val accuracy 0.7027
2026-08-06 02:57:33,780 INFO Code.src.training.classification_pipeline: Epoch 16/30
2026-08-06 02:57:43,764 INFO Code.src.training.classification_pipeline: Epoch 16: train loss 0.4429, val loss 0.5485, val accuracy 0.7054
2026-08-06 02:57:43,764 INFO Code.src.training.classification_pipeline: Early stopping at epoch 16.
