2026-08-15 06:43:52,319 INFO Code.src.utils.embedding_cache: Using cached frozen embeddings: /home/ubuntu/protein-sequence-augmentation/data/processed/embeddings/solubility/trained_autoencoder+esm2/shared/train_3a70c42e2bd26da7.pt
2026-08-15 06:43:52,361 INFO Code.src.utils.embedding_cache: Using cached frozen embeddings: /home/ubuntu/protein-sequence-augmentation/data/processed/embeddings/solubility/trained_autoencoder+esm2/shared/valid_ee1b933f54bbe2fc.pt
2026-08-15 06:43:52,374 INFO Code.src.utils.embedding_cache: Using cached frozen embeddings: /home/ubuntu/protein-sequence-augmentation/data/processed/embeddings/solubility/trained_autoencoder+esm2/shared/test_ecffdcd859dd4e77.pt
2026-08-15 06:43:52,584 INFO Code.src.training.classification_pipeline: Epoch 1/30
2026-08-15 06:44:02,436 INFO Code.src.training.classification_pipeline: Epoch 1: train loss 0.5681, val loss 0.5384, val accuracy 0.7118
2026-08-15 06:44:02,436 INFO Code.src.training.classification_pipeline: Epoch 2/30
2026-08-15 06:44:12,105 INFO Code.src.training.classification_pipeline: Epoch 2: train loss 0.5199, val loss 0.5145, val accuracy 0.7345
2026-08-15 06:44:12,105 INFO Code.src.training.classification_pipeline: Epoch 3/30
2026-08-15 06:44:21,826 INFO Code.src.training.classification_pipeline: Epoch 3: train loss 0.4913, val loss 0.5018, val accuracy 0.7397
2026-08-15 06:44:21,826 INFO Code.src.training.classification_pipeline: Epoch 4/30
2026-08-15 06:44:31,529 INFO Code.src.training.classification_pipeline: Epoch 4: train loss 0.4695, val loss 0.5003, val accuracy 0.7421
2026-08-15 06:44:31,529 INFO Code.src.training.classification_pipeline: Epoch 5/30
2026-08-15 06:44:41,389 INFO Code.src.training.classification_pipeline: Epoch 5: train loss 0.4512, val loss 0.5021, val accuracy 0.7453
2026-08-15 06:44:41,389 INFO Code.src.training.classification_pipeline: Epoch 6/30
2026-08-15 06:44:51,339 INFO Code.src.training.classification_pipeline: Epoch 6: train loss 0.4353, val loss 0.5013, val accuracy 0.7465
2026-08-15 06:44:51,339 INFO Code.src.training.classification_pipeline: Epoch 7/30
2026-08-15 06:45:01,023 INFO Code.src.training.classification_pipeline: Epoch 7: train loss 0.4208, val loss 0.5055, val accuracy 0.7462
2026-08-15 06:45:01,023 INFO Code.src.training.classification_pipeline: Epoch 8/30
2026-08-15 06:45:10,876 INFO Code.src.training.classification_pipeline: Epoch 8: train loss 0.4063, val loss 0.5125, val accuracy 0.7433
2026-08-15 06:45:10,876 INFO Code.src.training.classification_pipeline: Epoch 9/30
2026-08-15 06:45:20,784 INFO Code.src.training.classification_pipeline: Epoch 9: train loss 0.3920, val loss 0.5195, val accuracy 0.7421
2026-08-15 06:45:20,784 INFO Code.src.training.classification_pipeline: Early stopping at epoch 9.
2026-08-15 06:45:20,943 INFO Code.src.training.classification_pipeline: Test Loss: 0.5405 | Test Acc: 0.7279 | Test F1 (Macro): 0.7269
