2026-07-30 03:50:02,467 INFO Code.src.utils.embedding_cache: Using cached frozen embeddings: /home/ubuntu/protein-sequence-augmentation/data/processed/embeddings/solubility/trained_autoencoder/shared/train_5865efccb4c0f33b.pt
2026-07-30 03:50:02,502 INFO Code.src.utils.embedding_cache: Using cached frozen embeddings: /home/ubuntu/protein-sequence-augmentation/data/processed/embeddings/solubility/trained_autoencoder/shared/valid_e57addc1474b2f72.pt
2026-07-30 03:50:02,505 INFO Code.src.training.classification_pipeline: Epoch 1/30
2026-07-30 03:50:09,863 INFO Code.src.training.classification_pipeline: Epoch 1: train loss 0.6514, val loss 0.6288, val accuracy 0.6243
2026-07-30 03:50:09,863 INFO Code.src.training.classification_pipeline: Epoch 2/30
2026-07-30 03:50:17,163 INFO Code.src.training.classification_pipeline: Epoch 2: train loss 0.6245, val loss 0.6186, val accuracy 0.6377
2026-07-30 03:50:17,164 INFO Code.src.training.classification_pipeline: Epoch 3/30
2026-07-30 03:50:24,440 INFO Code.src.training.classification_pipeline: Epoch 3: train loss 0.6191, val loss 0.6163, val accuracy 0.6399
2026-07-30 03:50:24,441 INFO Code.src.training.classification_pipeline: Epoch 4/30
2026-07-30 03:50:31,683 INFO Code.src.training.classification_pipeline: Epoch 4: train loss 0.6171, val loss 0.6154, val accuracy 0.6367
2026-07-30 03:50:31,683 INFO Code.src.training.classification_pipeline: Epoch 5/30
2026-07-30 03:50:38,965 INFO Code.src.training.classification_pipeline: Epoch 5: train loss 0.6162, val loss 0.6147, val accuracy 0.6366
2026-07-30 03:50:38,966 INFO Code.src.training.classification_pipeline: Epoch 6/30
2026-07-30 03:50:46,406 INFO Code.src.training.classification_pipeline: Epoch 6: train loss 0.6158, val loss 0.6145, val accuracy 0.6390
2026-07-30 03:50:46,406 INFO Code.src.training.classification_pipeline: Epoch 7/30
2026-07-30 03:50:53,669 INFO Code.src.training.classification_pipeline: Epoch 7: train loss 0.6155, val loss 0.6145, val accuracy 0.6366
2026-07-30 03:50:53,669 INFO Code.src.training.classification_pipeline: Epoch 8/30
2026-07-30 03:51:00,962 INFO Code.src.training.classification_pipeline: Epoch 8: train loss 0.6153, val loss 0.6147, val accuracy 0.6357
2026-07-30 03:51:00,963 INFO Code.src.training.classification_pipeline: Epoch 9/30
2026-07-30 03:51:08,309 INFO Code.src.training.classification_pipeline: Epoch 9: train loss 0.6152, val loss 0.6144, val accuracy 0.6367
2026-07-30 03:51:08,309 INFO Code.src.training.classification_pipeline: Epoch 10/30
2026-07-30 03:51:15,553 INFO Code.src.training.classification_pipeline: Epoch 10: train loss 0.6151, val loss 0.6148, val accuracy 0.6360
2026-07-30 03:51:15,553 INFO Code.src.training.classification_pipeline: Epoch 11/30
2026-07-30 03:51:22,887 INFO Code.src.training.classification_pipeline: Epoch 11: train loss 0.6150, val loss 0.6139, val accuracy 0.6380
2026-07-30 03:51:22,888 INFO Code.src.training.classification_pipeline: Epoch 12/30
2026-07-30 03:51:30,107 INFO Code.src.training.classification_pipeline: Epoch 12: train loss 0.6149, val loss 0.6141, val accuracy 0.6374
2026-07-30 03:51:30,107 INFO Code.src.training.classification_pipeline: Epoch 13/30
2026-07-30 03:51:37,373 INFO Code.src.training.classification_pipeline: Epoch 13: train loss 0.6148, val loss 0.6139, val accuracy 0.6373
2026-07-30 03:51:37,374 INFO Code.src.training.classification_pipeline: Epoch 14/30
2026-07-30 03:51:44,821 INFO Code.src.training.classification_pipeline: Epoch 14: train loss 0.6148, val loss 0.6141, val accuracy 0.6373
2026-07-30 03:51:44,821 INFO Code.src.training.classification_pipeline: Epoch 15/30
2026-07-30 03:51:52,212 INFO Code.src.training.classification_pipeline: Epoch 15: train loss 0.6148, val loss 0.6146, val accuracy 0.6360
2026-07-30 03:51:52,212 INFO Code.src.training.classification_pipeline: Epoch 16/30
2026-07-30 03:51:59,477 INFO Code.src.training.classification_pipeline: Epoch 16: train loss 0.6148, val loss 0.6142, val accuracy 0.6384
2026-07-30 03:51:59,477 INFO Code.src.training.classification_pipeline: Epoch 17/30
2026-07-30 03:52:06,882 INFO Code.src.training.classification_pipeline: Epoch 17: train loss 0.6148, val loss 0.6140, val accuracy 0.6370
2026-07-30 03:52:06,882 INFO Code.src.training.classification_pipeline: Epoch 18/30
2026-07-30 03:52:14,292 INFO Code.src.training.classification_pipeline: Epoch 18: train loss 0.6147, val loss 0.6142, val accuracy 0.6380
2026-07-30 03:52:14,292 INFO Code.src.training.classification_pipeline: Early stopping at epoch 18.
