2026-07-25 00:04:46,725 INFO __main__: Using cached frozen embeddings: /home/ubuntu/research/protein-sequence-augmentation/data/processed/embeddings/solubility/trained_autoencoder/shared/train_aca2e7f82ea59e5f.pt
2026-07-25 00:04:46,769 INFO __main__: Using cached frozen embeddings: /home/ubuntu/research/protein-sequence-augmentation/data/processed/embeddings/solubility/trained_autoencoder/shared/valid_04c5b7b88272c605.pt
2026-07-25 00:04:46,777 INFO Code.src.training.classification_pipeline: Epoch 1/30
2026-07-25 00:05:43,605 INFO Code.src.training.classification_pipeline: Epoch 1: train loss 0.6021, val loss 0.5835, val accuracy 0.6851
2026-07-25 00:05:43,605 INFO Code.src.training.classification_pipeline: Epoch 2/30
2026-07-25 00:06:25,812 INFO Code.src.training.classification_pipeline: Epoch 2: train loss 0.5884, val loss 0.5827, val accuracy 0.6819
2026-07-25 00:06:25,812 INFO Code.src.training.classification_pipeline: Epoch 3/30
2026-07-25 00:07:22,312 INFO Code.src.training.classification_pipeline: Epoch 3: train loss 0.5859, val loss 0.5809, val accuracy 0.6789
2026-07-25 00:07:22,312 INFO Code.src.training.classification_pipeline: Epoch 4/30
2026-07-25 00:08:18,853 INFO Code.src.training.classification_pipeline: Epoch 4: train loss 0.5846, val loss 0.5816, val accuracy 0.6799
2026-07-25 00:08:18,853 INFO Code.src.training.classification_pipeline: Epoch 5/30
2026-07-25 00:09:01,775 INFO Code.src.training.classification_pipeline: Epoch 5: train loss 0.5839, val loss 0.5813, val accuracy 0.6786
2026-07-25 00:09:01,775 INFO Code.src.training.classification_pipeline: Epoch 6/30
2026-07-25 00:09:58,246 INFO Code.src.training.classification_pipeline: Epoch 6: train loss 0.5835, val loss 0.5790, val accuracy 0.6805
2026-07-25 00:09:58,246 INFO Code.src.training.classification_pipeline: Epoch 7/30
2026-07-25 00:10:54,667 INFO Code.src.training.classification_pipeline: Epoch 7: train loss 0.5826, val loss 0.5776, val accuracy 0.6864
2026-07-25 00:10:54,667 INFO Code.src.training.classification_pipeline: Epoch 8/30
2026-07-25 00:11:36,509 INFO Code.src.training.classification_pipeline: Epoch 8: train loss 0.5821, val loss 0.5777, val accuracy 0.6812
2026-07-25 00:11:36,509 INFO Code.src.training.classification_pipeline: Epoch 9/30
2026-07-25 00:12:33,049 INFO Code.src.training.classification_pipeline: Epoch 9: train loss 0.5816, val loss 0.5782, val accuracy 0.6848
2026-07-25 00:12:33,049 INFO Code.src.training.classification_pipeline: Epoch 10/30
2026-07-25 00:13:29,539 INFO Code.src.training.classification_pipeline: Epoch 10: train loss 0.5812, val loss 0.5795, val accuracy 0.6822
2026-07-25 00:13:29,539 INFO Code.src.training.classification_pipeline: Epoch 11/30
2026-07-25 00:14:11,674 INFO Code.src.training.classification_pipeline: Epoch 11: train loss 0.5809, val loss 0.5753, val accuracy 0.6811
2026-07-25 00:14:11,674 INFO Code.src.training.classification_pipeline: Epoch 12/30
2026-07-25 00:15:08,163 INFO Code.src.training.classification_pipeline: Epoch 12: train loss 0.5810, val loss 0.5762, val accuracy 0.6831
2026-07-25 00:15:08,163 INFO Code.src.training.classification_pipeline: Epoch 13/30
2026-07-25 00:16:04,736 INFO Code.src.training.classification_pipeline: Epoch 13: train loss 0.5803, val loss 0.5755, val accuracy 0.6868
2026-07-25 00:16:04,736 INFO Code.src.training.classification_pipeline: Epoch 14/30
2026-07-25 00:16:47,650 INFO Code.src.training.classification_pipeline: Epoch 14: train loss 0.5799, val loss 0.5764, val accuracy 0.6850
2026-07-25 00:16:47,651 INFO Code.src.training.classification_pipeline: Epoch 15/30
2026-07-25 00:17:44,097 INFO Code.src.training.classification_pipeline: Epoch 15: train loss 0.5798, val loss 0.5774, val accuracy 0.6847
2026-07-25 00:17:44,097 INFO Code.src.training.classification_pipeline: Epoch 16/30
2026-07-25 00:18:40,682 INFO Code.src.training.classification_pipeline: Epoch 16: train loss 0.5794, val loss 0.5755, val accuracy 0.6868
2026-07-25 00:18:40,682 INFO Code.src.training.classification_pipeline: Early stopping at epoch 16.
