2026-08-04 14:53:03,228 INFO Code.src.models.classifier: Using ESM-2 encoder on cuda:0
2026-08-04 14:53:03,230 INFO Code.src.training.classification_pipeline: Unfreezing the complete ESM-2 encoder.
2026-08-04 14:53:03,230 INFO Code.src.training.classification_pipeline: Epoch 1/30
2026-08-04 15:13:40,122 INFO Code.src.training.classification_pipeline: Epoch 1: train loss 0.5121, val loss 0.4779, val accuracy 0.7642
2026-08-04 15:13:40,122 INFO Code.src.training.classification_pipeline: Epoch 2/30
2026-08-04 15:34:09,588 INFO Code.src.training.classification_pipeline: Epoch 2: train loss 0.4569, val loss 0.4822, val accuracy 0.7630
2026-08-04 15:34:09,588 INFO Code.src.training.classification_pipeline: Epoch 3/30
2026-08-04 15:54:32,875 INFO Code.src.training.classification_pipeline: Epoch 3: train loss 0.4292, val loss 0.4607, val accuracy 0.7692
2026-08-04 15:54:32,875 INFO Code.src.training.classification_pipeline: Epoch 4/30
2026-08-04 16:15:00,792 INFO Code.src.training.classification_pipeline: Epoch 4: train loss 0.3981, val loss 0.4651, val accuracy 0.7736
2026-08-04 16:15:00,792 INFO Code.src.training.classification_pipeline: Epoch 5/30
2026-08-04 16:35:24,907 INFO Code.src.training.classification_pipeline: Epoch 5: train loss 0.3606, val loss 0.5122, val accuracy 0.7666
2026-08-04 16:35:24,907 INFO Code.src.training.classification_pipeline: Epoch 6/30
2026-08-04 16:55:48,761 INFO Code.src.training.classification_pipeline: Epoch 6: train loss 0.3160, val loss 0.6109, val accuracy 0.7573
2026-08-04 16:55:48,761 INFO Code.src.training.classification_pipeline: Epoch 7/30
2026-08-04 17:16:17,117 INFO Code.src.training.classification_pipeline: Epoch 7: train loss 0.2648, val loss 0.8207, val accuracy 0.7519
2026-08-04 17:16:17,117 INFO Code.src.training.classification_pipeline: Epoch 8/30
2026-08-04 17:36:46,896 INFO Code.src.training.classification_pipeline: Epoch 8: train loss 0.2166, val loss 1.0730, val accuracy 0.7528
2026-08-04 17:36:46,896 INFO Code.src.training.classification_pipeline: Early stopping at epoch 8.
2026-08-04 17:37:09,102 INFO Code.src.training.classification_pipeline: Test Loss: 0.5423 | Test Acc: 0.7119 | Test F1 (Macro): 0.7054
