2026-07-26 23:30:18,181 INFO __main__: Saved frozen embeddings: /home/ubuntu/research/protein-sequence-augmentation/data/processed/embeddings/solubility/random_autoencoder/seed_44/train_d7a4823b0b8c6ecf.pt
2026-07-26 23:31:03,353 INFO __main__: Saved frozen embeddings: /home/ubuntu/research/protein-sequence-augmentation/data/processed/embeddings/solubility/random_autoencoder/seed_44/valid_aa2db43572725688.pt
2026-07-26 23:31:16,835 INFO __main__: Saved frozen embeddings: /home/ubuntu/research/protein-sequence-augmentation/data/processed/embeddings/solubility/random_autoencoder/seed_44/test_22d34f846c4f5c61.pt
2026-07-26 23:31:16,962 INFO Code.src.training.classification_pipeline: Epoch 1/30
2026-07-26 23:32:18,118 INFO Code.src.training.classification_pipeline: Epoch 1: train loss 0.6744, val loss 0.6667, val accuracy 0.5909
2026-07-26 23:32:18,118 INFO Code.src.training.classification_pipeline: Epoch 2/30
2026-07-26 23:33:19,166 INFO Code.src.training.classification_pipeline: Epoch 2: train loss 0.6666, val loss 0.6622, val accuracy 0.6138
2026-07-26 23:33:19,166 INFO Code.src.training.classification_pipeline: Epoch 3/30
2026-07-26 23:34:20,271 INFO Code.src.training.classification_pipeline: Epoch 3: train loss 0.6627, val loss 0.6572, val accuracy 0.6155
2026-07-26 23:34:20,272 INFO Code.src.training.classification_pipeline: Epoch 4/30
2026-07-26 23:35:08,424 INFO Code.src.training.classification_pipeline: Epoch 4: train loss 0.6604, val loss 0.6550, val accuracy 0.6188
2026-07-26 23:35:08,424 INFO Code.src.training.classification_pipeline: Epoch 5/30
2026-07-26 23:36:09,809 INFO Code.src.training.classification_pipeline: Epoch 5: train loss 0.6593, val loss 0.6537, val accuracy 0.6142
2026-07-26 23:36:09,809 INFO Code.src.training.classification_pipeline: Epoch 6/30
2026-07-26 23:37:10,944 INFO Code.src.training.classification_pipeline: Epoch 6: train loss 0.6583, val loss 0.6541, val accuracy 0.6232
2026-07-26 23:37:10,944 INFO Code.src.training.classification_pipeline: Epoch 7/30
2026-07-26 23:38:12,141 INFO Code.src.training.classification_pipeline: Epoch 7: train loss 0.6574, val loss 0.6522, val accuracy 0.6178
2026-07-26 23:38:12,141 INFO Code.src.training.classification_pipeline: Epoch 8/30
2026-07-26 23:39:02,419 INFO Code.src.training.classification_pipeline: Epoch 8: train loss 0.6565, val loss 0.6502, val accuracy 0.6227
2026-07-26 23:39:02,419 INFO Code.src.training.classification_pipeline: Epoch 9/30
2026-07-26 23:39:48,697 INFO Code.src.training.classification_pipeline: Epoch 9: train loss 0.6561, val loss 0.6502, val accuracy 0.6174
2026-07-26 23:39:48,697 INFO Code.src.training.classification_pipeline: Epoch 10/30
2026-07-26 23:40:49,828 INFO Code.src.training.classification_pipeline: Epoch 10: train loss 0.6556, val loss 0.6516, val accuracy 0.6253
2026-07-26 23:40:49,828 INFO Code.src.training.classification_pipeline: Epoch 11/30
2026-07-26 23:41:51,041 INFO Code.src.training.classification_pipeline: Epoch 11: train loss 0.6548, val loss 0.6501, val accuracy 0.6196
2026-07-26 23:41:51,041 INFO Code.src.training.classification_pipeline: Epoch 12/30
2026-07-26 23:42:52,155 INFO Code.src.training.classification_pipeline: Epoch 12: train loss 0.6546, val loss 0.6509, val accuracy 0.6171
2026-07-26 23:42:52,155 INFO Code.src.training.classification_pipeline: Epoch 13/30
2026-07-26 23:43:29,125 INFO Code.src.training.classification_pipeline: Epoch 13: train loss 0.6541, val loss 0.6529, val accuracy 0.6160
2026-07-26 23:43:29,125 INFO Code.src.training.classification_pipeline: Epoch 14/30
2026-07-26 23:44:28,335 INFO Code.src.training.classification_pipeline: Epoch 14: train loss 0.6537, val loss 0.6469, val accuracy 0.6253
2026-07-26 23:44:28,335 INFO Code.src.training.classification_pipeline: Epoch 15/30
2026-07-26 23:45:29,510 INFO Code.src.training.classification_pipeline: Epoch 15: train loss 0.6534, val loss 0.6466, val accuracy 0.6265
2026-07-26 23:45:29,511 INFO Code.src.training.classification_pipeline: Epoch 16/30
2026-07-26 23:46:30,611 INFO Code.src.training.classification_pipeline: Epoch 16: train loss 0.6530, val loss 0.6463, val accuracy 0.6292
2026-07-26 23:46:30,612 INFO Code.src.training.classification_pipeline: Epoch 17/30
2026-07-26 23:47:31,835 INFO Code.src.training.classification_pipeline: Epoch 17: train loss 0.6528, val loss 0.6464, val accuracy 0.6285
2026-07-26 23:47:31,835 INFO Code.src.training.classification_pipeline: Epoch 18/30
2026-07-26 23:48:07,922 INFO Code.src.training.classification_pipeline: Epoch 18: train loss 0.6523, val loss 0.6458, val accuracy 0.6214
2026-07-26 23:48:07,922 INFO Code.src.training.classification_pipeline: Epoch 19/30
2026-07-26 23:49:09,176 INFO Code.src.training.classification_pipeline: Epoch 19: train loss 0.6520, val loss 0.6452, val accuracy 0.6276
2026-07-26 23:49:09,176 INFO Code.src.training.classification_pipeline: Epoch 20/30
2026-07-26 23:50:10,410 INFO Code.src.training.classification_pipeline: Epoch 20: train loss 0.6517, val loss 0.6450, val accuracy 0.6243
2026-07-26 23:50:10,410 INFO Code.src.training.classification_pipeline: Epoch 21/30
2026-07-26 23:51:11,752 INFO Code.src.training.classification_pipeline: Epoch 21: train loss 0.6512, val loss 0.6478, val accuracy 0.6207
2026-07-26 23:51:11,753 INFO Code.src.training.classification_pipeline: Epoch 22/30
2026-07-26 23:52:06,161 INFO Code.src.training.classification_pipeline: Epoch 22: train loss 0.6511, val loss 0.6447, val accuracy 0.6312
2026-07-26 23:52:06,161 INFO Code.src.training.classification_pipeline: Epoch 23/30
2026-07-26 23:52:48,000 INFO Code.src.training.classification_pipeline: Epoch 23: train loss 0.6509, val loss 0.6456, val accuracy 0.6214
2026-07-26 23:52:48,000 INFO Code.src.training.classification_pipeline: Epoch 24/30
2026-07-26 23:53:49,322 INFO Code.src.training.classification_pipeline: Epoch 24: train loss 0.6504, val loss 0.6453, val accuracy 0.6292
2026-07-26 23:53:49,322 INFO Code.src.training.classification_pipeline: Epoch 25/30
2026-07-26 23:54:50,448 INFO Code.src.training.classification_pipeline: Epoch 25: train loss 0.6506, val loss 0.6435, val accuracy 0.6301
2026-07-26 23:54:50,448 INFO Code.src.training.classification_pipeline: Epoch 26/30
2026-07-26 23:55:51,660 INFO Code.src.training.classification_pipeline: Epoch 26: train loss 0.6501, val loss 0.6433, val accuracy 0.6309
2026-07-26 23:55:51,660 INFO Code.src.training.classification_pipeline: Epoch 27/30
2026-07-26 23:56:38,961 INFO Code.src.training.classification_pipeline: Epoch 27: train loss 0.6495, val loss 0.6499, val accuracy 0.6209
2026-07-26 23:56:38,961 INFO Code.src.training.classification_pipeline: Epoch 28/30
2026-07-26 23:57:27,671 INFO Code.src.training.classification_pipeline: Epoch 28: train loss 0.6496, val loss 0.6429, val accuracy 0.6305
2026-07-26 23:57:27,671 INFO Code.src.training.classification_pipeline: Epoch 29/30
2026-07-26 23:58:28,982 INFO Code.src.training.classification_pipeline: Epoch 29: train loss 0.6495, val loss 0.6434, val accuracy 0.6236
2026-07-26 23:58:28,982 INFO Code.src.training.classification_pipeline: Epoch 30/30
2026-07-26 23:59:30,315 INFO Code.src.training.classification_pipeline: Epoch 30: train loss 0.6490, val loss 0.6425, val accuracy 0.6301
2026-07-26 23:59:31,994 INFO Code.src.training.classification_pipeline: Test Loss: 0.6766 | Test Acc: 0.5778 | Test F1 (Macro): 0.5439
