2026-07-25 16:04:18,163 INFO __main__: Using cached frozen embeddings: /home/ubuntu/research/protein-sequence-augmentation/data/processed/embeddings/solubility/esm2/shared/train_0dcdabeb748fb865.pt
2026-07-25 16:04:18,199 INFO __main__: Using cached frozen embeddings: /home/ubuntu/research/protein-sequence-augmentation/data/processed/embeddings/solubility/esm2/shared/valid_c55c9076933759fb.pt
2026-07-25 16:04:18,210 INFO Code.src.training.classification_pipeline: Epoch 1/30
2026-07-25 16:05:16,681 INFO Code.src.training.classification_pipeline: Epoch 1: train loss 0.6154, val loss 0.6027, val accuracy 0.6684
2026-07-25 16:05:16,681 INFO Code.src.training.classification_pipeline: Epoch 2/30
2026-07-25 16:06:04,496 INFO Code.src.training.classification_pipeline: Epoch 2: train loss 0.5955, val loss 0.5875, val accuracy 0.6786
2026-07-25 16:06:04,496 INFO Code.src.training.classification_pipeline: Epoch 3/30
2026-07-25 16:07:02,914 INFO Code.src.training.classification_pipeline: Epoch 3: train loss 0.5833, val loss 0.5835, val accuracy 0.6858
2026-07-25 16:07:02,914 INFO Code.src.training.classification_pipeline: Epoch 4/30
2026-07-25 16:08:01,200 INFO Code.src.training.classification_pipeline: Epoch 4: train loss 0.5744, val loss 0.5712, val accuracy 0.6926
2026-07-25 16:08:01,200 INFO Code.src.training.classification_pipeline: Epoch 5/30
2026-07-25 16:08:49,650 INFO Code.src.training.classification_pipeline: Epoch 5: train loss 0.5665, val loss 0.5731, val accuracy 0.6873
2026-07-25 16:08:49,650 INFO Code.src.training.classification_pipeline: Epoch 6/30
2026-07-25 16:09:48,005 INFO Code.src.training.classification_pipeline: Epoch 6: train loss 0.5600, val loss 0.5757, val accuracy 0.6896
2026-07-25 16:09:48,005 INFO Code.src.training.classification_pipeline: Epoch 7/30
2026-07-25 16:10:46,386 INFO Code.src.training.classification_pipeline: Epoch 7: train loss 0.5524, val loss 0.5702, val accuracy 0.6976
2026-07-25 16:10:46,386 INFO Code.src.training.classification_pipeline: Epoch 8/30
2026-07-25 16:11:35,392 INFO Code.src.training.classification_pipeline: Epoch 8: train loss 0.5494, val loss 0.5685, val accuracy 0.6949
2026-07-25 16:11:35,392 INFO Code.src.training.classification_pipeline: Epoch 9/30
2026-07-25 16:12:33,785 INFO Code.src.training.classification_pipeline: Epoch 9: train loss 0.5449, val loss 0.5654, val accuracy 0.6975
2026-07-25 16:12:33,786 INFO Code.src.training.classification_pipeline: Epoch 10/30
2026-07-25 16:13:25,026 INFO Code.src.training.classification_pipeline: Epoch 10: train loss 0.5388, val loss 0.5712, val accuracy 0.6936
2026-07-25 16:13:25,026 INFO Code.src.training.classification_pipeline: Epoch 11/30
2026-07-25 16:14:16,640 INFO Code.src.training.classification_pipeline: Epoch 11: train loss 0.5359, val loss 0.5699, val accuracy 0.7001
2026-07-25 16:14:16,640 INFO Code.src.training.classification_pipeline: Epoch 12/30
2026-07-25 16:15:15,010 INFO Code.src.training.classification_pipeline: Epoch 12: train loss 0.5309, val loss 0.5691, val accuracy 0.6984
2026-07-25 16:15:15,010 INFO Code.src.training.classification_pipeline: Epoch 13/30
2026-07-25 16:16:01,552 INFO Code.src.training.classification_pipeline: Epoch 13: train loss 0.5280, val loss 0.5603, val accuracy 0.7034
2026-07-25 16:16:01,552 INFO Code.src.training.classification_pipeline: Epoch 14/30
2026-07-25 16:16:59,921 INFO Code.src.training.classification_pipeline: Epoch 14: train loss 0.5250, val loss 0.5631, val accuracy 0.7058
2026-07-25 16:16:59,921 INFO Code.src.training.classification_pipeline: Epoch 15/30
2026-07-25 16:17:58,309 INFO Code.src.training.classification_pipeline: Epoch 15: train loss 0.5197, val loss 0.5762, val accuracy 0.6973
2026-07-25 16:17:58,309 INFO Code.src.training.classification_pipeline: Epoch 16/30
2026-07-25 16:18:46,456 INFO Code.src.training.classification_pipeline: Epoch 16: train loss 0.5179, val loss 0.5730, val accuracy 0.7043
2026-07-25 16:18:46,456 INFO Code.src.training.classification_pipeline: Epoch 17/30
2026-07-25 16:19:45,004 INFO Code.src.training.classification_pipeline: Epoch 17: train loss 0.5150, val loss 0.5781, val accuracy 0.6988
2026-07-25 16:19:45,004 INFO Code.src.training.classification_pipeline: Epoch 18/30
2026-07-25 16:20:43,485 INFO Code.src.training.classification_pipeline: Epoch 18: train loss 0.5108, val loss 0.5680, val accuracy 0.7028
2026-07-25 16:20:43,485 INFO Code.src.training.classification_pipeline: Early stopping at epoch 18.
