2026-08-11 23:06:57,360 INFO Code.src.models.classifier: Using ESM-2 encoder on cuda:0
2026-08-11 23:15:26,056 INFO Code.src.utils.embedding_cache: Saved frozen embeddings: /home/ubuntu/protein-sequence-augmentation/data/processed/embeddings/solubility/esm2/shared/train_54ee3d5d42d1482a.pt
2026-08-11 23:16:25,223 INFO Code.src.utils.embedding_cache: Saved frozen embeddings: /home/ubuntu/protein-sequence-augmentation/data/processed/embeddings/solubility/esm2/shared/valid_f48b877da233da73.pt
2026-08-11 23:16:44,107 INFO Code.src.utils.embedding_cache: Saved frozen embeddings: /home/ubuntu/protein-sequence-augmentation/data/processed/embeddings/solubility/esm2/shared/test_ce41ee4f102f27a9.pt
2026-08-11 23:16:44,328 INFO Code.src.training.classification_pipeline: Epoch 1/30
2026-08-11 23:16:53,887 INFO Code.src.training.classification_pipeline: Epoch 1: train loss 0.6517, val loss 0.6351, val accuracy 0.6402
2026-08-11 23:16:53,887 INFO Code.src.training.classification_pipeline: Epoch 2/30
2026-08-11 23:17:02,993 INFO Code.src.training.classification_pipeline: Epoch 2: train loss 0.6322, val loss 0.6253, val accuracy 0.6525
2026-08-11 23:17:02,993 INFO Code.src.training.classification_pipeline: Epoch 3/30
2026-08-11 23:17:12,045 INFO Code.src.training.classification_pipeline: Epoch 3: train loss 0.6257, val loss 0.6209, val accuracy 0.6538
2026-08-11 23:17:12,045 INFO Code.src.training.classification_pipeline: Epoch 4/30
2026-08-11 23:17:21,234 INFO Code.src.training.classification_pipeline: Epoch 4: train loss 0.6220, val loss 0.6180, val accuracy 0.6570
2026-08-11 23:17:21,234 INFO Code.src.training.classification_pipeline: Epoch 5/30
2026-08-11 23:17:30,251 INFO Code.src.training.classification_pipeline: Epoch 5: train loss 0.6197, val loss 0.6164, val accuracy 0.6595
2026-08-11 23:17:30,251 INFO Code.src.training.classification_pipeline: Epoch 6/30
2026-08-11 23:17:39,281 INFO Code.src.training.classification_pipeline: Epoch 6: train loss 0.6179, val loss 0.6149, val accuracy 0.6569
2026-08-11 23:17:39,281 INFO Code.src.training.classification_pipeline: Epoch 7/30
2026-08-11 23:17:48,304 INFO Code.src.training.classification_pipeline: Epoch 7: train loss 0.6165, val loss 0.6141, val accuracy 0.6592
2026-08-11 23:17:48,304 INFO Code.src.training.classification_pipeline: Epoch 8/30
2026-08-11 23:17:57,321 INFO Code.src.training.classification_pipeline: Epoch 8: train loss 0.6154, val loss 0.6131, val accuracy 0.6590
2026-08-11 23:17:57,322 INFO Code.src.training.classification_pipeline: Epoch 9/30
2026-08-11 23:18:06,364 INFO Code.src.training.classification_pipeline: Epoch 9: train loss 0.6144, val loss 0.6127, val accuracy 0.6613
2026-08-11 23:18:06,364 INFO Code.src.training.classification_pipeline: Epoch 10/30
2026-08-11 23:18:15,378 INFO Code.src.training.classification_pipeline: Epoch 10: train loss 0.6136, val loss 0.6119, val accuracy 0.6603
2026-08-11 23:18:15,378 INFO Code.src.training.classification_pipeline: Epoch 11/30
2026-08-11 23:18:24,369 INFO Code.src.training.classification_pipeline: Epoch 11: train loss 0.6128, val loss 0.6107, val accuracy 0.6587
2026-08-11 23:18:24,369 INFO Code.src.training.classification_pipeline: Epoch 12/30
2026-08-11 23:18:33,387 INFO Code.src.training.classification_pipeline: Epoch 12: train loss 0.6121, val loss 0.6101, val accuracy 0.6570
2026-08-11 23:18:33,387 INFO Code.src.training.classification_pipeline: Epoch 13/30
2026-08-11 23:18:42,403 INFO Code.src.training.classification_pipeline: Epoch 13: train loss 0.6115, val loss 0.6097, val accuracy 0.6593
2026-08-11 23:18:42,403 INFO Code.src.training.classification_pipeline: Epoch 14/30
2026-08-11 23:18:51,409 INFO Code.src.training.classification_pipeline: Epoch 14: train loss 0.6108, val loss 0.6097, val accuracy 0.6634
2026-08-11 23:18:51,409 INFO Code.src.training.classification_pipeline: Epoch 15/30
2026-08-11 23:19:00,402 INFO Code.src.training.classification_pipeline: Epoch 15: train loss 0.6104, val loss 0.6091, val accuracy 0.6582
2026-08-11 23:19:00,403 INFO Code.src.training.classification_pipeline: Epoch 16/30
2026-08-11 23:19:09,526 INFO Code.src.training.classification_pipeline: Epoch 16: train loss 0.6100, val loss 0.6084, val accuracy 0.6583
2026-08-11 23:19:09,526 INFO Code.src.training.classification_pipeline: Epoch 17/30
2026-08-11 23:19:18,544 INFO Code.src.training.classification_pipeline: Epoch 17: train loss 0.6095, val loss 0.6083, val accuracy 0.6615
2026-08-11 23:19:18,544 INFO Code.src.training.classification_pipeline: Epoch 18/30
2026-08-11 23:19:27,578 INFO Code.src.training.classification_pipeline: Epoch 18: train loss 0.6091, val loss 0.6077, val accuracy 0.6590
2026-08-11 23:19:27,578 INFO Code.src.training.classification_pipeline: Epoch 19/30
2026-08-11 23:19:36,605 INFO Code.src.training.classification_pipeline: Epoch 19: train loss 0.6087, val loss 0.6073, val accuracy 0.6605
2026-08-11 23:19:36,605 INFO Code.src.training.classification_pipeline: Epoch 20/30
2026-08-11 23:19:45,613 INFO Code.src.training.classification_pipeline: Epoch 20: train loss 0.6083, val loss 0.6072, val accuracy 0.6593
2026-08-11 23:19:45,613 INFO Code.src.training.classification_pipeline: Epoch 21/30
2026-08-11 23:19:54,602 INFO Code.src.training.classification_pipeline: Epoch 21: train loss 0.6080, val loss 0.6068, val accuracy 0.6613
2026-08-11 23:19:54,602 INFO Code.src.training.classification_pipeline: Epoch 22/30
2026-08-11 23:20:03,607 INFO Code.src.training.classification_pipeline: Epoch 22: train loss 0.6077, val loss 0.6065, val accuracy 0.6628
2026-08-11 23:20:03,607 INFO Code.src.training.classification_pipeline: Epoch 23/30
2026-08-11 23:20:12,591 INFO Code.src.training.classification_pipeline: Epoch 23: train loss 0.6073, val loss 0.6064, val accuracy 0.6616
2026-08-11 23:20:12,591 INFO Code.src.training.classification_pipeline: Epoch 24/30
2026-08-11 23:20:21,604 INFO Code.src.training.classification_pipeline: Epoch 24: train loss 0.6071, val loss 0.6061, val accuracy 0.6629
2026-08-11 23:20:21,604 INFO Code.src.training.classification_pipeline: Epoch 25/30
2026-08-11 23:20:30,599 INFO Code.src.training.classification_pipeline: Epoch 25: train loss 0.6068, val loss 0.6060, val accuracy 0.6632
2026-08-11 23:20:30,599 INFO Code.src.training.classification_pipeline: Epoch 26/30
2026-08-11 23:20:39,565 INFO Code.src.training.classification_pipeline: Epoch 26: train loss 0.6066, val loss 0.6055, val accuracy 0.6619
2026-08-11 23:20:39,565 INFO Code.src.training.classification_pipeline: Epoch 27/30
2026-08-11 23:20:48,683 INFO Code.src.training.classification_pipeline: Epoch 27: train loss 0.6064, val loss 0.6054, val accuracy 0.6628
2026-08-11 23:20:48,683 INFO Code.src.training.classification_pipeline: Epoch 28/30
2026-08-11 23:20:57,692 INFO Code.src.training.classification_pipeline: Epoch 28: train loss 0.6061, val loss 0.6052, val accuracy 0.6642
2026-08-11 23:20:57,692 INFO Code.src.training.classification_pipeline: Epoch 29/30
2026-08-11 23:21:06,700 INFO Code.src.training.classification_pipeline: Epoch 29: train loss 0.6058, val loss 0.6050, val accuracy 0.6651
2026-08-11 23:21:06,700 INFO Code.src.training.classification_pipeline: Epoch 30/30
2026-08-11 23:21:15,740 INFO Code.src.training.classification_pipeline: Epoch 30: train loss 0.6056, val loss 0.6049, val accuracy 0.6644
2026-08-11 23:21:15,898 INFO Code.src.training.classification_pipeline: Test Loss: 0.6688 | Test Acc: 0.6033 | Test F1 (Macro): 0.5862
