2026-08-06 02:57:44,256 INFO Code.src.utils.embedding_cache: Using cached frozen embeddings: /home/ubuntu/research/protein-sequence-augmentation/data/processed/embeddings/solubility/trained_autoencoder/shared/train_e447917681cc911d.pt
2026-08-06 02:57:44,300 INFO Code.src.utils.embedding_cache: Using cached frozen embeddings: /home/ubuntu/research/protein-sequence-augmentation/data/processed/embeddings/solubility/trained_autoencoder/shared/valid_06544c6ba7b82a45.pt
2026-08-06 02:57:44,431 INFO Code.src.training.classification_pipeline: Epoch 1/30
2026-08-06 02:57:54,365 INFO Code.src.training.classification_pipeline: Epoch 1: train loss 0.6320, val loss 0.6054, val accuracy 0.6492
2026-08-06 02:57:54,365 INFO Code.src.training.classification_pipeline: Epoch 2/30
2026-08-06 02:58:04,148 INFO Code.src.training.classification_pipeline: Epoch 2: train loss 0.5980, val loss 0.5854, val accuracy 0.6655
2026-08-06 02:58:04,148 INFO Code.src.training.classification_pipeline: Epoch 3/30
2026-08-06 02:58:13,991 INFO Code.src.training.classification_pipeline: Epoch 3: train loss 0.5778, val loss 0.5701, val accuracy 0.6796
2026-08-06 02:58:13,991 INFO Code.src.training.classification_pipeline: Epoch 4/30
2026-08-06 02:58:23,728 INFO Code.src.training.classification_pipeline: Epoch 4: train loss 0.5619, val loss 0.5587, val accuracy 0.6959
2026-08-06 02:58:23,728 INFO Code.src.training.classification_pipeline: Epoch 5/30
2026-08-06 02:58:33,454 INFO Code.src.training.classification_pipeline: Epoch 5: train loss 0.5483, val loss 0.5511, val accuracy 0.6979
2026-08-06 02:58:33,454 INFO Code.src.training.classification_pipeline: Epoch 6/30
2026-08-06 02:58:43,176 INFO Code.src.training.classification_pipeline: Epoch 6: train loss 0.5397, val loss 0.5463, val accuracy 0.7012
2026-08-06 02:58:43,176 INFO Code.src.training.classification_pipeline: Epoch 7/30
2026-08-06 02:58:53,116 INFO Code.src.training.classification_pipeline: Epoch 7: train loss 0.5306, val loss 0.5444, val accuracy 0.7063
2026-08-06 02:58:53,116 INFO Code.src.training.classification_pipeline: Epoch 8/30
2026-08-06 02:59:03,008 INFO Code.src.training.classification_pipeline: Epoch 8: train loss 0.5235, val loss 0.5431, val accuracy 0.7074
2026-08-06 02:59:03,008 INFO Code.src.training.classification_pipeline: Epoch 9/30
2026-08-06 02:59:12,749 INFO Code.src.training.classification_pipeline: Epoch 9: train loss 0.5155, val loss 0.5399, val accuracy 0.7077
2026-08-06 02:59:12,749 INFO Code.src.training.classification_pipeline: Epoch 10/30
2026-08-06 02:59:22,983 INFO Code.src.training.classification_pipeline: Epoch 10: train loss 0.5086, val loss 0.5410, val accuracy 0.7064
2026-08-06 02:59:22,983 INFO Code.src.training.classification_pipeline: Epoch 11/30
2026-08-06 02:59:33,790 INFO Code.src.training.classification_pipeline: Epoch 11: train loss 0.5023, val loss 0.5360, val accuracy 0.7084
2026-08-06 02:59:33,790 INFO Code.src.training.classification_pipeline: Epoch 12/30
2026-08-06 02:59:43,882 INFO Code.src.training.classification_pipeline: Epoch 12: train loss 0.4967, val loss 0.5389, val accuracy 0.7102
2026-08-06 02:59:43,882 INFO Code.src.training.classification_pipeline: Epoch 13/30
2026-08-06 02:59:53,954 INFO Code.src.training.classification_pipeline: Epoch 13: train loss 0.4908, val loss 0.5371, val accuracy 0.7097
2026-08-06 02:59:53,954 INFO Code.src.training.classification_pipeline: Epoch 14/30
2026-08-06 03:00:03,902 INFO Code.src.training.classification_pipeline: Epoch 14: train loss 0.4847, val loss 0.5396, val accuracy 0.7047
2026-08-06 03:00:03,902 INFO Code.src.training.classification_pipeline: Epoch 15/30
2026-08-06 03:00:13,884 INFO Code.src.training.classification_pipeline: Epoch 15: train loss 0.4789, val loss 0.5409, val accuracy 0.7071
2026-08-06 03:00:13,884 INFO Code.src.training.classification_pipeline: Epoch 16/30
2026-08-06 03:00:24,036 INFO Code.src.training.classification_pipeline: Epoch 16: train loss 0.4736, val loss 0.5395, val accuracy 0.7119
2026-08-06 03:00:24,036 INFO Code.src.training.classification_pipeline: Early stopping at epoch 16.
