2026-07-26 23:59:32,475 INFO __main__: Using cached frozen embeddings: /home/ubuntu/research/protein-sequence-augmentation/data/processed/embeddings/solubility/random_autoencoder/seed_44/train_d7a4823b0b8c6ecf.pt
2026-07-26 23:59:32,516 INFO __main__: Using cached frozen embeddings: /home/ubuntu/research/protein-sequence-augmentation/data/processed/embeddings/solubility/random_autoencoder/seed_44/valid_aa2db43572725688.pt
2026-07-26 23:59:32,532 INFO __main__: Using cached frozen embeddings: /home/ubuntu/research/protein-sequence-augmentation/data/processed/embeddings/solubility/random_autoencoder/seed_44/test_22d34f846c4f5c61.pt
2026-07-26 23:59:32,544 INFO Code.src.training.classification_pipeline: Epoch 1/30
2026-07-27 00:00:36,425 INFO Code.src.training.classification_pipeline: Epoch 1: train loss 0.6746, val loss 0.6622, val accuracy 0.6103
2026-07-27 00:00:36,425 INFO Code.src.training.classification_pipeline: Epoch 2/30
2026-07-27 00:01:29,285 INFO Code.src.training.classification_pipeline: Epoch 2: train loss 0.6635, val loss 0.6589, val accuracy 0.6196
2026-07-27 00:01:29,286 INFO Code.src.training.classification_pipeline: Epoch 3/30
2026-07-27 00:02:33,196 INFO Code.src.training.classification_pipeline: Epoch 3: train loss 0.6606, val loss 0.6525, val accuracy 0.6199
2026-07-27 00:02:33,196 INFO Code.src.training.classification_pipeline: Epoch 4/30
2026-07-27 00:03:37,045 INFO Code.src.training.classification_pipeline: Epoch 4: train loss 0.6587, val loss 0.6556, val accuracy 0.6158
2026-07-27 00:03:37,045 INFO Code.src.training.classification_pipeline: Epoch 5/30
2026-07-27 00:04:40,795 INFO Code.src.training.classification_pipeline: Epoch 5: train loss 0.6579, val loss 0.6502, val accuracy 0.6222
2026-07-27 00:04:40,796 INFO Code.src.training.classification_pipeline: Epoch 6/30
2026-07-27 00:05:28,465 INFO Code.src.training.classification_pipeline: Epoch 6: train loss 0.6574, val loss 0.6569, val accuracy 0.6114
2026-07-27 00:05:28,465 INFO Code.src.training.classification_pipeline: Epoch 7/30
2026-07-27 00:06:25,124 INFO Code.src.training.classification_pipeline: Epoch 7: train loss 0.6563, val loss 0.6618, val accuracy 0.6059
2026-07-27 00:06:25,124 INFO Code.src.training.classification_pipeline: Epoch 8/30
2026-07-27 00:07:28,974 INFO Code.src.training.classification_pipeline: Epoch 8: train loss 0.6557, val loss 0.6472, val accuracy 0.6266
2026-07-27 00:07:28,974 INFO Code.src.training.classification_pipeline: Epoch 9/30
2026-07-27 00:08:32,754 INFO Code.src.training.classification_pipeline: Epoch 9: train loss 0.6550, val loss 0.6489, val accuracy 0.6211
2026-07-27 00:08:32,754 INFO Code.src.training.classification_pipeline: Epoch 10/30
2026-07-27 00:09:36,597 INFO Code.src.training.classification_pipeline: Epoch 10: train loss 0.6536, val loss 0.6590, val accuracy 0.6017
2026-07-27 00:09:36,597 INFO Code.src.training.classification_pipeline: Epoch 11/30
2026-07-27 00:10:19,034 INFO Code.src.training.classification_pipeline: Epoch 11: train loss 0.6536, val loss 0.6509, val accuracy 0.6139
2026-07-27 00:10:19,034 INFO Code.src.training.classification_pipeline: Epoch 12/30
2026-07-27 00:11:22,957 INFO Code.src.training.classification_pipeline: Epoch 12: train loss 0.6529, val loss 0.6630, val accuracy 0.6099
2026-07-27 00:11:22,957 INFO Code.src.training.classification_pipeline: Epoch 13/30
2026-07-27 00:12:26,792 INFO Code.src.training.classification_pipeline: Epoch 13: train loss 0.6517, val loss 0.6435, val accuracy 0.6209
2026-07-27 00:12:26,792 INFO Code.src.training.classification_pipeline: Epoch 14/30
2026-07-27 00:13:30,772 INFO Code.src.training.classification_pipeline: Epoch 14: train loss 0.6510, val loss 0.6466, val accuracy 0.6191
2026-07-27 00:13:30,772 INFO Code.src.training.classification_pipeline: Epoch 15/30
2026-07-27 00:14:21,560 INFO Code.src.training.classification_pipeline: Epoch 15: train loss 0.6506, val loss 0.6433, val accuracy 0.6273
2026-07-27 00:14:21,560 INFO Code.src.training.classification_pipeline: Epoch 16/30
2026-07-27 00:15:25,570 INFO Code.src.training.classification_pipeline: Epoch 16: train loss 0.6494, val loss 0.6415, val accuracy 0.6360
2026-07-27 00:15:25,570 INFO Code.src.training.classification_pipeline: Epoch 17/30
2026-07-27 00:16:29,348 INFO Code.src.training.classification_pipeline: Epoch 17: train loss 0.6492, val loss 0.6424, val accuracy 0.6292
2026-07-27 00:16:29,349 INFO Code.src.training.classification_pipeline: Epoch 18/30
2026-07-27 00:17:33,141 INFO Code.src.training.classification_pipeline: Epoch 18: train loss 0.6483, val loss 0.6401, val accuracy 0.6305
2026-07-27 00:17:33,141 INFO Code.src.training.classification_pipeline: Epoch 19/30
2026-07-27 00:18:35,624 INFO Code.src.training.classification_pipeline: Epoch 19: train loss 0.6477, val loss 0.6489, val accuracy 0.6137
2026-07-27 00:18:35,625 INFO Code.src.training.classification_pipeline: Epoch 20/30
2026-07-27 00:19:19,573 INFO Code.src.training.classification_pipeline: Epoch 20: train loss 0.6472, val loss 0.6370, val accuracy 0.6368
2026-07-27 00:19:19,573 INFO Code.src.training.classification_pipeline: Epoch 21/30
2026-07-27 00:20:23,526 INFO Code.src.training.classification_pipeline: Epoch 21: train loss 0.6461, val loss 0.6377, val accuracy 0.6363
2026-07-27 00:20:23,527 INFO Code.src.training.classification_pipeline: Epoch 22/30
2026-07-27 00:21:27,574 INFO Code.src.training.classification_pipeline: Epoch 22: train loss 0.6459, val loss 0.6373, val accuracy 0.6298
2026-07-27 00:21:27,575 INFO Code.src.training.classification_pipeline: Epoch 23/30
2026-07-27 00:22:31,482 INFO Code.src.training.classification_pipeline: Epoch 23: train loss 0.6449, val loss 0.6426, val accuracy 0.6204
2026-07-27 00:22:31,482 INFO Code.src.training.classification_pipeline: Epoch 24/30
2026-07-27 00:23:13,514 INFO Code.src.training.classification_pipeline: Epoch 24: train loss 0.6443, val loss 0.6344, val accuracy 0.6370
2026-07-27 00:23:13,514 INFO Code.src.training.classification_pipeline: Epoch 25/30
2026-07-27 00:24:16,119 INFO Code.src.training.classification_pipeline: Epoch 25: train loss 0.6446, val loss 0.6336, val accuracy 0.6307
2026-07-27 00:24:16,119 INFO Code.src.training.classification_pipeline: Epoch 26/30
2026-07-27 00:25:20,007 INFO Code.src.training.classification_pipeline: Epoch 26: train loss 0.6437, val loss 0.6327, val accuracy 0.6390
2026-07-27 00:25:20,008 INFO Code.src.training.classification_pipeline: Epoch 27/30
2026-07-27 00:26:23,898 INFO Code.src.training.classification_pipeline: Epoch 27: train loss 0.6423, val loss 0.6332, val accuracy 0.6357
2026-07-27 00:26:23,898 INFO Code.src.training.classification_pipeline: Epoch 28/30
2026-07-27 00:27:27,761 INFO Code.src.training.classification_pipeline: Epoch 28: train loss 0.6422, val loss 0.6365, val accuracy 0.6232
2026-07-27 00:27:27,761 INFO Code.src.training.classification_pipeline: Epoch 29/30
2026-07-27 00:28:21,232 INFO Code.src.training.classification_pipeline: Epoch 29: train loss 0.6416, val loss 0.6369, val accuracy 0.6161
2026-07-27 00:28:21,232 INFO Code.src.training.classification_pipeline: Epoch 30/30
2026-07-27 00:29:25,060 INFO Code.src.training.classification_pipeline: Epoch 30: train loss 0.6428, val loss 0.6352, val accuracy 0.6226
2026-07-27 00:29:26,765 INFO Code.src.training.classification_pipeline: Test Loss: 0.6691 | Test Acc: 0.5903 | Test F1 (Macro): 0.5636
