2026-08-06 02:49:56,162 INFO Code.src.utils.embedding_cache: Using cached frozen embeddings: /home/ubuntu/research/protein-sequence-augmentation/data/processed/embeddings/solubility/trained_autoencoder/shared/train_e447917681cc911d.pt
2026-08-06 02:49:56,207 INFO Code.src.utils.embedding_cache: Using cached frozen embeddings: /home/ubuntu/research/protein-sequence-augmentation/data/processed/embeddings/solubility/trained_autoencoder/shared/valid_06544c6ba7b82a45.pt
2026-08-06 02:49:56,338 INFO Code.src.training.classification_pipeline: Epoch 1/30
2026-08-06 02:50:05,820 INFO Code.src.training.classification_pipeline: Epoch 1: train loss 0.6286, val loss 0.6021, val accuracy 0.6501
2026-08-06 02:50:05,820 INFO Code.src.training.classification_pipeline: Epoch 2/30
2026-08-06 02:50:15,629 INFO Code.src.training.classification_pipeline: Epoch 2: train loss 0.5928, val loss 0.5809, val accuracy 0.6701
2026-08-06 02:50:15,629 INFO Code.src.training.classification_pipeline: Epoch 3/30
2026-08-06 02:50:25,481 INFO Code.src.training.classification_pipeline: Epoch 3: train loss 0.5707, val loss 0.5646, val accuracy 0.6863
2026-08-06 02:50:25,481 INFO Code.src.training.classification_pipeline: Epoch 4/30
2026-08-06 02:50:35,220 INFO Code.src.training.classification_pipeline: Epoch 4: train loss 0.5526, val loss 0.5540, val accuracy 0.7001
2026-08-06 02:50:35,220 INFO Code.src.training.classification_pipeline: Epoch 5/30
2026-08-06 02:50:44,943 INFO Code.src.training.classification_pipeline: Epoch 5: train loss 0.5386, val loss 0.5471, val accuracy 0.7035
2026-08-06 02:50:44,943 INFO Code.src.training.classification_pipeline: Epoch 6/30
2026-08-06 02:50:54,744 INFO Code.src.training.classification_pipeline: Epoch 6: train loss 0.5275, val loss 0.5442, val accuracy 0.7041
2026-08-06 02:50:54,744 INFO Code.src.training.classification_pipeline: Epoch 7/30
2026-08-06 02:51:04,377 INFO Code.src.training.classification_pipeline: Epoch 7: train loss 0.5178, val loss 0.5434, val accuracy 0.7080
2026-08-06 02:51:04,377 INFO Code.src.training.classification_pipeline: Epoch 8/30
2026-08-06 02:51:13,971 INFO Code.src.training.classification_pipeline: Epoch 8: train loss 0.5085, val loss 0.5420, val accuracy 0.7086
2026-08-06 02:51:13,972 INFO Code.src.training.classification_pipeline: Epoch 9/30
2026-08-06 02:51:23,464 INFO Code.src.training.classification_pipeline: Epoch 9: train loss 0.4986, val loss 0.5398, val accuracy 0.7107
2026-08-06 02:51:23,464 INFO Code.src.training.classification_pipeline: Epoch 10/30
2026-08-06 02:51:33,078 INFO Code.src.training.classification_pipeline: Epoch 10: train loss 0.4890, val loss 0.5422, val accuracy 0.7080
2026-08-06 02:51:33,078 INFO Code.src.training.classification_pipeline: Epoch 11/30
2026-08-06 02:51:42,825 INFO Code.src.training.classification_pipeline: Epoch 11: train loss 0.4810, val loss 0.5398, val accuracy 0.7086
2026-08-06 02:51:42,825 INFO Code.src.training.classification_pipeline: Epoch 12/30
2026-08-06 02:51:52,562 INFO Code.src.training.classification_pipeline: Epoch 12: train loss 0.4717, val loss 0.5439, val accuracy 0.7069
2026-08-06 02:51:52,562 INFO Code.src.training.classification_pipeline: Epoch 13/30
2026-08-06 02:52:02,274 INFO Code.src.training.classification_pipeline: Epoch 13: train loss 0.4625, val loss 0.5425, val accuracy 0.7100
2026-08-06 02:52:02,274 INFO Code.src.training.classification_pipeline: Epoch 14/30
2026-08-06 02:52:12,106 INFO Code.src.training.classification_pipeline: Epoch 14: train loss 0.4537, val loss 0.5452, val accuracy 0.7043
2026-08-06 02:52:12,106 INFO Code.src.training.classification_pipeline: Epoch 15/30
2026-08-06 02:52:21,960 INFO Code.src.training.classification_pipeline: Epoch 15: train loss 0.4443, val loss 0.5510, val accuracy 0.7038
2026-08-06 02:52:21,960 INFO Code.src.training.classification_pipeline: Epoch 16/30
2026-08-06 02:52:31,595 INFO Code.src.training.classification_pipeline: Epoch 16: train loss 0.4366, val loss 0.5521, val accuracy 0.7074
2026-08-06 02:52:31,595 INFO Code.src.training.classification_pipeline: Early stopping at epoch 16.
