2026-08-05 01:40:31,823 INFO Code.src.training.classification_pipeline: Unfreezing the autoencoder encoding path.
2026-08-05 01:40:31,824 INFO Code.src.training.classification_pipeline: Epoch 1/30
2026-08-05 01:46:27,360 INFO Code.src.training.classification_pipeline: Epoch 1: train loss 0.5336, val loss 0.5133, val accuracy 0.7380
2026-08-05 01:46:27,360 INFO Code.src.training.classification_pipeline: Epoch 2/30
2026-08-05 01:52:14,551 INFO Code.src.training.classification_pipeline: Epoch 2: train loss 0.4976, val loss 0.4940, val accuracy 0.7436
2026-08-05 01:52:14,551 INFO Code.src.training.classification_pipeline: Epoch 3/30
2026-08-05 01:58:00,899 INFO Code.src.training.classification_pipeline: Epoch 3: train loss 0.4832, val loss 0.5121, val accuracy 0.7439
2026-08-05 01:58:00,899 INFO Code.src.training.classification_pipeline: Epoch 4/30
2026-08-05 02:03:46,935 INFO Code.src.training.classification_pipeline: Epoch 4: train loss 0.4693, val loss 0.4958, val accuracy 0.7460
2026-08-05 02:03:46,935 INFO Code.src.training.classification_pipeline: Epoch 5/30
2026-08-05 02:09:32,819 INFO Code.src.training.classification_pipeline: Epoch 5: train loss 0.4521, val loss 0.4881, val accuracy 0.7531
2026-08-05 02:09:32,819 INFO Code.src.training.classification_pipeline: Epoch 6/30
2026-08-05 02:15:18,326 INFO Code.src.training.classification_pipeline: Epoch 6: train loss 0.4308, val loss 0.5215, val accuracy 0.7456
2026-08-05 02:15:18,326 INFO Code.src.training.classification_pipeline: Epoch 7/30
2026-08-05 02:21:04,394 INFO Code.src.training.classification_pipeline: Epoch 7: train loss 0.4014, val loss 0.5328, val accuracy 0.7319
2026-08-05 02:21:04,394 INFO Code.src.training.classification_pipeline: Epoch 8/30
2026-08-05 02:26:49,536 INFO Code.src.training.classification_pipeline: Epoch 8: train loss 0.3660, val loss 0.5861, val accuracy 0.7373
2026-08-05 02:26:49,536 INFO Code.src.training.classification_pipeline: Epoch 9/30
2026-08-05 02:32:35,640 INFO Code.src.training.classification_pipeline: Epoch 9: train loss 0.3281, val loss 0.6920, val accuracy 0.7332
2026-08-05 02:32:35,640 INFO Code.src.training.classification_pipeline: Epoch 10/30
2026-08-05 02:38:21,143 INFO Code.src.training.classification_pipeline: Epoch 10: train loss 0.2916, val loss 0.8763, val accuracy 0.7293
2026-08-05 02:38:21,143 INFO Code.src.training.classification_pipeline: Early stopping at epoch 10.
2026-08-05 02:38:29,512 INFO Code.src.training.classification_pipeline: Test Loss: 0.5269 | Test Acc: 0.7259 | Test F1 (Macro): 0.7213
