2026-07-26 17:24:09,352 INFO __main__: Saved frozen embeddings: /home/ubuntu/research/protein-sequence-augmentation/data/processed/embeddings/solubility/trained_autoencoder/shared/train_b6a98083cbdcf2b6.pt
2026-07-26 17:24:55,211 INFO __main__: Saved frozen embeddings: /home/ubuntu/research/protein-sequence-augmentation/data/processed/embeddings/solubility/trained_autoencoder/shared/valid_936244d146f5418b.pt
2026-07-26 17:25:08,734 INFO __main__: Saved frozen embeddings: /home/ubuntu/research/protein-sequence-augmentation/data/processed/embeddings/solubility/trained_autoencoder/shared/test_fab541465a619f84.pt
2026-07-26 17:25:08,853 INFO Code.src.training.classification_pipeline: Epoch 1/30
2026-07-26 17:25:56,775 INFO Code.src.training.classification_pipeline: Epoch 1: train loss 0.6020, val loss 0.5834, val accuracy 0.6850
2026-07-26 17:25:56,775 INFO Code.src.training.classification_pipeline: Epoch 2/30
2026-07-26 17:26:57,617 INFO Code.src.training.classification_pipeline: Epoch 2: train loss 0.5883, val loss 0.5826, val accuracy 0.6819
2026-07-26 17:26:57,617 INFO Code.src.training.classification_pipeline: Epoch 3/30
2026-07-26 17:27:58,256 INFO Code.src.training.classification_pipeline: Epoch 3: train loss 0.5858, val loss 0.5808, val accuracy 0.6801
2026-07-26 17:27:58,256 INFO Code.src.training.classification_pipeline: Epoch 4/30
2026-07-26 17:28:59,073 INFO Code.src.training.classification_pipeline: Epoch 4: train loss 0.5845, val loss 0.5815, val accuracy 0.6802
2026-07-26 17:28:59,073 INFO Code.src.training.classification_pipeline: Epoch 5/30
2026-07-26 17:29:55,416 INFO Code.src.training.classification_pipeline: Epoch 5: train loss 0.5838, val loss 0.5812, val accuracy 0.6792
2026-07-26 17:29:55,416 INFO Code.src.training.classification_pipeline: Epoch 6/30
2026-07-26 17:30:45,662 INFO Code.src.training.classification_pipeline: Epoch 6: train loss 0.5833, val loss 0.5788, val accuracy 0.6808
2026-07-26 17:30:45,662 INFO Code.src.training.classification_pipeline: Epoch 7/30
2026-07-26 17:31:46,572 INFO Code.src.training.classification_pipeline: Epoch 7: train loss 0.5824, val loss 0.5774, val accuracy 0.6867
2026-07-26 17:31:46,572 INFO Code.src.training.classification_pipeline: Epoch 8/30
2026-07-26 17:32:47,455 INFO Code.src.training.classification_pipeline: Epoch 8: train loss 0.5819, val loss 0.5775, val accuracy 0.6801
2026-07-26 17:32:47,455 INFO Code.src.training.classification_pipeline: Epoch 9/30
2026-07-26 17:33:48,351 INFO Code.src.training.classification_pipeline: Epoch 9: train loss 0.5813, val loss 0.5779, val accuracy 0.6845
2026-07-26 17:33:48,351 INFO Code.src.training.classification_pipeline: Epoch 10/30
2026-07-26 17:34:36,619 INFO Code.src.training.classification_pipeline: Epoch 10: train loss 0.5809, val loss 0.5791, val accuracy 0.6822
2026-07-26 17:34:36,619 INFO Code.src.training.classification_pipeline: Epoch 11/30
2026-07-26 17:35:37,326 INFO Code.src.training.classification_pipeline: Epoch 11: train loss 0.5805, val loss 0.5749, val accuracy 0.6809
2026-07-26 17:35:37,326 INFO Code.src.training.classification_pipeline: Epoch 12/30
2026-07-26 17:36:38,103 INFO Code.src.training.classification_pipeline: Epoch 12: train loss 0.5806, val loss 0.5757, val accuracy 0.6824
2026-07-26 17:36:38,103 INFO Code.src.training.classification_pipeline: Epoch 13/30
2026-07-26 17:37:38,832 INFO Code.src.training.classification_pipeline: Epoch 13: train loss 0.5798, val loss 0.5750, val accuracy 0.6867
2026-07-26 17:37:38,832 INFO Code.src.training.classification_pipeline: Epoch 14/30
2026-07-26 17:38:29,868 INFO Code.src.training.classification_pipeline: Epoch 14: train loss 0.5794, val loss 0.5758, val accuracy 0.6857
2026-07-26 17:38:29,868 INFO Code.src.training.classification_pipeline: Epoch 15/30
2026-07-26 17:39:16,363 INFO Code.src.training.classification_pipeline: Epoch 15: train loss 0.5792, val loss 0.5768, val accuracy 0.6855
2026-07-26 17:39:16,363 INFO Code.src.training.classification_pipeline: Epoch 16/30
2026-07-26 17:40:17,140 INFO Code.src.training.classification_pipeline: Epoch 16: train loss 0.5787, val loss 0.5747, val accuracy 0.6880
2026-07-26 17:40:17,140 INFO Code.src.training.classification_pipeline: Epoch 17/30
2026-07-26 17:41:17,841 INFO Code.src.training.classification_pipeline: Epoch 17: train loss 0.5785, val loss 0.5752, val accuracy 0.6868
2026-07-26 17:41:17,841 INFO Code.src.training.classification_pipeline: Epoch 18/30
2026-07-26 17:42:18,606 INFO Code.src.training.classification_pipeline: Epoch 18: train loss 0.5780, val loss 0.5722, val accuracy 0.6873
2026-07-26 17:42:18,607 INFO Code.src.training.classification_pipeline: Epoch 19/30
2026-07-26 17:42:53,253 INFO Code.src.training.classification_pipeline: Epoch 19: train loss 0.5777, val loss 0.5736, val accuracy 0.6871
2026-07-26 17:42:53,253 INFO Code.src.training.classification_pipeline: Epoch 20/30
2026-07-26 17:43:54,089 INFO Code.src.training.classification_pipeline: Epoch 20: train loss 0.5771, val loss 0.5780, val accuracy 0.6805
2026-07-26 17:43:54,089 INFO Code.src.training.classification_pipeline: Epoch 21/30
2026-07-26 17:44:54,899 INFO Code.src.training.classification_pipeline: Epoch 21: train loss 0.5770, val loss 0.5754, val accuracy 0.6863
2026-07-26 17:44:54,900 INFO Code.src.training.classification_pipeline: Epoch 22/30
2026-07-26 17:45:55,509 INFO Code.src.training.classification_pipeline: Epoch 22: train loss 0.5772, val loss 0.5747, val accuracy 0.6855
2026-07-26 17:45:55,509 INFO Code.src.training.classification_pipeline: Epoch 23/30
2026-07-26 17:46:56,329 INFO Code.src.training.classification_pipeline: Epoch 23: train loss 0.5766, val loss 0.5721, val accuracy 0.6874
2026-07-26 17:46:56,329 INFO Code.src.training.classification_pipeline: Epoch 24/30
2026-07-26 17:47:44,397 INFO Code.src.training.classification_pipeline: Epoch 24: train loss 0.5764, val loss 0.5714, val accuracy 0.6901
2026-07-26 17:47:44,397 INFO Code.src.training.classification_pipeline: Epoch 25/30
2026-07-26 17:48:45,160 INFO Code.src.training.classification_pipeline: Epoch 25: train loss 0.5765, val loss 0.5745, val accuracy 0.6837
2026-07-26 17:48:45,160 INFO Code.src.training.classification_pipeline: Epoch 26/30
2026-07-26 17:49:45,907 INFO Code.src.training.classification_pipeline: Epoch 26: train loss 0.5763, val loss 0.5707, val accuracy 0.6858
2026-07-26 17:49:45,907 INFO Code.src.training.classification_pipeline: Epoch 27/30
2026-07-26 17:50:46,733 INFO Code.src.training.classification_pipeline: Epoch 27: train loss 0.5756, val loss 0.5717, val accuracy 0.6867
2026-07-26 17:50:46,733 INFO Code.src.training.classification_pipeline: Epoch 28/30
2026-07-26 17:51:24,151 INFO Code.src.training.classification_pipeline: Epoch 28: train loss 0.5757, val loss 0.5725, val accuracy 0.6897
2026-07-26 17:51:24,151 INFO Code.src.training.classification_pipeline: Epoch 29/30
2026-07-26 17:52:23,175 INFO Code.src.training.classification_pipeline: Epoch 29: train loss 0.5750, val loss 0.5696, val accuracy 0.6887
2026-07-26 17:52:23,175 INFO Code.src.training.classification_pipeline: Epoch 30/30
2026-07-26 17:53:24,073 INFO Code.src.training.classification_pipeline: Epoch 30: train loss 0.5750, val loss 0.5697, val accuracy 0.6901
2026-07-26 17:53:25,684 INFO Code.src.training.classification_pipeline: Test Loss: 0.5984 | Test Acc: 0.6688 | Test F1 (Macro): 0.6638
