2026-08-15 06:38:43,837 INFO Code.src.utils.embedding_cache: Using cached frozen embeddings: /home/ubuntu/protein-sequence-augmentation/data/processed/embeddings/solubility/trained_autoencoder/shared/train_7ddb2cba877c4ff5.pt
2026-08-15 06:38:43,874 INFO Code.src.utils.embedding_cache: Using cached frozen embeddings: /home/ubuntu/protein-sequence-augmentation/data/processed/embeddings/solubility/trained_autoencoder/shared/valid_b654e1fc33006a74.pt
2026-08-15 06:38:43,886 INFO Code.src.utils.embedding_cache: Using cached frozen embeddings: /home/ubuntu/protein-sequence-augmentation/data/processed/embeddings/solubility/trained_autoencoder/shared/test_12cfdf2edaaaffae.pt
2026-08-15 06:38:43,999 INFO Code.src.training.classification_pipeline: Epoch 1/30
2026-08-15 06:38:54,005 INFO Code.src.training.classification_pipeline: Epoch 1: train loss 0.6054, val loss 0.5782, val accuracy 0.6756
2026-08-15 06:38:54,005 INFO Code.src.training.classification_pipeline: Epoch 2/30
2026-08-15 06:39:03,894 INFO Code.src.training.classification_pipeline: Epoch 2: train loss 0.5672, val loss 0.5573, val accuracy 0.6912
2026-08-15 06:39:03,894 INFO Code.src.training.classification_pipeline: Epoch 3/30
2026-08-15 06:39:13,731 INFO Code.src.training.classification_pipeline: Epoch 3: train loss 0.5436, val loss 0.5414, val accuracy 0.7079
2026-08-15 06:39:13,732 INFO Code.src.training.classification_pipeline: Epoch 4/30
2026-08-15 06:39:23,840 INFO Code.src.training.classification_pipeline: Epoch 4: train loss 0.5261, val loss 0.5332, val accuracy 0.7177
2026-08-15 06:39:23,841 INFO Code.src.training.classification_pipeline: Epoch 5/30
2026-08-15 06:39:33,821 INFO Code.src.training.classification_pipeline: Epoch 5: train loss 0.5133, val loss 0.5286, val accuracy 0.7218
2026-08-15 06:39:33,821 INFO Code.src.training.classification_pipeline: Epoch 6/30
2026-08-15 06:39:43,968 INFO Code.src.training.classification_pipeline: Epoch 6: train loss 0.5031, val loss 0.5266, val accuracy 0.7221
2026-08-15 06:39:43,968 INFO Code.src.training.classification_pipeline: Epoch 7/30
2026-08-15 06:39:53,940 INFO Code.src.training.classification_pipeline: Epoch 7: train loss 0.4949, val loss 0.5249, val accuracy 0.7263
2026-08-15 06:39:53,940 INFO Code.src.training.classification_pipeline: Epoch 8/30
2026-08-15 06:40:03,917 INFO Code.src.training.classification_pipeline: Epoch 8: train loss 0.4869, val loss 0.5248, val accuracy 0.7226
2026-08-15 06:40:03,917 INFO Code.src.training.classification_pipeline: Epoch 9/30
2026-08-15 06:40:13,940 INFO Code.src.training.classification_pipeline: Epoch 9: train loss 0.4792, val loss 0.5243, val accuracy 0.7263
2026-08-15 06:40:13,940 INFO Code.src.training.classification_pipeline: Epoch 10/30
2026-08-15 06:40:23,715 INFO Code.src.training.classification_pipeline: Epoch 10: train loss 0.4720, val loss 0.5236, val accuracy 0.7313
2026-08-15 06:40:23,715 INFO Code.src.training.classification_pipeline: Epoch 11/30
2026-08-15 06:40:33,689 INFO Code.src.training.classification_pipeline: Epoch 11: train loss 0.4653, val loss 0.5255, val accuracy 0.7270
2026-08-15 06:40:33,689 INFO Code.src.training.classification_pipeline: Epoch 12/30
2026-08-15 06:40:43,754 INFO Code.src.training.classification_pipeline: Epoch 12: train loss 0.4574, val loss 0.5270, val accuracy 0.7273
2026-08-15 06:40:43,754 INFO Code.src.training.classification_pipeline: Epoch 13/30
2026-08-15 06:40:53,918 INFO Code.src.training.classification_pipeline: Epoch 13: train loss 0.4520, val loss 0.5249, val accuracy 0.7283
2026-08-15 06:40:53,919 INFO Code.src.training.classification_pipeline: Epoch 14/30
2026-08-15 06:41:03,977 INFO Code.src.training.classification_pipeline: Epoch 14: train loss 0.4446, val loss 0.5306, val accuracy 0.7259
2026-08-15 06:41:03,977 INFO Code.src.training.classification_pipeline: Epoch 15/30
2026-08-15 06:41:14,113 INFO Code.src.training.classification_pipeline: Epoch 15: train loss 0.4386, val loss 0.5301, val accuracy 0.7257
2026-08-15 06:41:14,113 INFO Code.src.training.classification_pipeline: Early stopping at epoch 15.
2026-08-15 06:41:14,268 INFO Code.src.training.classification_pipeline: Test Loss: 0.5520 | Test Acc: 0.7044 | Test F1 (Macro): 0.6997
