2026-08-05 10:23:50,215 INFO Code.src.training.classification_pipeline: Unfreezing the autoencoder encoder and complete ESM-2 encoder.
2026-08-05 10:23:50,216 INFO Code.src.training.classification_pipeline: Epoch 1/30
2026-08-05 10:50:22,772 INFO Code.src.training.classification_pipeline: Epoch 1: train loss 0.5088, val loss 0.4745, val accuracy 0.7615
2026-08-05 10:50:22,773 INFO Code.src.training.classification_pipeline: Epoch 2/30
2026-08-05 11:16:57,672 INFO Code.src.training.classification_pipeline: Epoch 2: train loss 0.4653, val loss 0.4772, val accuracy 0.7557
2026-08-05 11:16:57,672 INFO Code.src.training.classification_pipeline: Epoch 3/30
2026-08-05 11:43:33,160 INFO Code.src.training.classification_pipeline: Epoch 3: train loss 0.4447, val loss 0.4701, val accuracy 0.7659
2026-08-05 11:43:33,160 INFO Code.src.training.classification_pipeline: Epoch 4/30
2026-08-05 12:10:06,067 INFO Code.src.training.classification_pipeline: Epoch 4: train loss 0.4252, val loss 0.4885, val accuracy 0.7596
2026-08-05 12:10:06,067 INFO Code.src.training.classification_pipeline: Epoch 5/30
2026-08-05 12:36:41,138 INFO Code.src.training.classification_pipeline: Epoch 5: train loss 0.4058, val loss 0.4691, val accuracy 0.7714
2026-08-05 12:36:41,138 INFO Code.src.training.classification_pipeline: Epoch 6/30
2026-08-05 13:03:10,354 INFO Code.src.training.classification_pipeline: Epoch 6: train loss 0.3816, val loss 0.5058, val accuracy 0.7638
2026-08-05 13:03:10,354 INFO Code.src.training.classification_pipeline: Epoch 7/30
2026-08-05 13:29:38,806 INFO Code.src.training.classification_pipeline: Epoch 7: train loss 0.3558, val loss 0.5547, val accuracy 0.7407
2026-08-05 13:29:38,807 INFO Code.src.training.classification_pipeline: Epoch 8/30
2026-08-05 13:56:10,065 INFO Code.src.training.classification_pipeline: Epoch 8: train loss 0.3293, val loss 0.6105, val accuracy 0.7586
2026-08-05 13:56:10,065 INFO Code.src.training.classification_pipeline: Epoch 9/30
2026-08-05 14:22:40,848 INFO Code.src.training.classification_pipeline: Epoch 9: train loss 0.3006, val loss 0.6297, val accuracy 0.7571
2026-08-05 14:22:40,848 INFO Code.src.training.classification_pipeline: Epoch 10/30
2026-08-05 14:49:13,022 INFO Code.src.training.classification_pipeline: Epoch 10: train loss 0.2747, val loss 0.6977, val accuracy 0.7571
2026-08-05 14:49:13,022 INFO Code.src.training.classification_pipeline: Early stopping at epoch 10.
2026-08-05 14:49:36,469 INFO Code.src.training.classification_pipeline: Test Loss: 0.5540 | Test Acc: 0.7374 | Test F1 (Macro): 0.7348
