2026-08-06 03:15:26,269 INFO Code.src.utils.embedding_cache: Using cached frozen embeddings: /home/ubuntu/protein-sequence-augmentation/data/processed/embeddings/solubility/trained_autoencoder+esm2/shared/train_dcfe06a62f306b78.pt
2026-08-06 03:15:26,315 INFO Code.src.utils.embedding_cache: Using cached frozen embeddings: /home/ubuntu/protein-sequence-augmentation/data/processed/embeddings/solubility/trained_autoencoder+esm2/shared/valid_384a5550d3ed6132.pt
2026-08-06 03:15:26,525 INFO Code.src.training.classification_pipeline: Epoch 1/30
2026-08-06 03:15:36,832 INFO Code.src.training.classification_pipeline: Epoch 1: train loss 0.5688, val loss 0.5392, val accuracy 0.7122
2026-08-06 03:15:36,832 INFO Code.src.training.classification_pipeline: Epoch 2/30
2026-08-06 03:15:47,107 INFO Code.src.training.classification_pipeline: Epoch 2: train loss 0.5212, val loss 0.5173, val accuracy 0.7337
2026-08-06 03:15:47,107 INFO Code.src.training.classification_pipeline: Epoch 3/30
2026-08-06 03:15:57,545 INFO Code.src.training.classification_pipeline: Epoch 3: train loss 0.4916, val loss 0.5059, val accuracy 0.7398
2026-08-06 03:15:57,545 INFO Code.src.training.classification_pipeline: Epoch 4/30
2026-08-06 03:16:07,901 INFO Code.src.training.classification_pipeline: Epoch 4: train loss 0.4706, val loss 0.5017, val accuracy 0.7466
2026-08-06 03:16:07,901 INFO Code.src.training.classification_pipeline: Epoch 5/30
2026-08-06 03:16:18,162 INFO Code.src.training.classification_pipeline: Epoch 5: train loss 0.4528, val loss 0.5020, val accuracy 0.7396
2026-08-06 03:16:18,162 INFO Code.src.training.classification_pipeline: Epoch 6/30
2026-08-06 03:16:28,669 INFO Code.src.training.classification_pipeline: Epoch 6: train loss 0.4385, val loss 0.5038, val accuracy 0.7442
2026-08-06 03:16:28,669 INFO Code.src.training.classification_pipeline: Epoch 7/30
2026-08-06 03:16:39,373 INFO Code.src.training.classification_pipeline: Epoch 7: train loss 0.4237, val loss 0.5020, val accuracy 0.7504
2026-08-06 03:16:39,373 INFO Code.src.training.classification_pipeline: Epoch 8/30
2026-08-06 03:16:50,003 INFO Code.src.training.classification_pipeline: Epoch 8: train loss 0.4091, val loss 0.5139, val accuracy 0.7495
2026-08-06 03:16:50,003 INFO Code.src.training.classification_pipeline: Epoch 9/30
2026-08-06 03:17:00,259 INFO Code.src.training.classification_pipeline: Epoch 9: train loss 0.3964, val loss 0.5189, val accuracy 0.7463
2026-08-06 03:17:00,259 INFO Code.src.training.classification_pipeline: Early stopping at epoch 9.
