2026-07-25 11:40:44,760 INFO __main__: Using cached frozen embeddings: /home/ubuntu/research/protein-sequence-augmentation/data/processed/embeddings/solubility/trained_autoencoder/shared/train_aca2e7f82ea59e5f.pt
2026-07-25 11:40:44,798 INFO __main__: Using cached frozen embeddings: /home/ubuntu/research/protein-sequence-augmentation/data/processed/embeddings/solubility/trained_autoencoder/shared/valid_04c5b7b88272c605.pt
2026-07-25 11:40:44,807 INFO Code.src.training.classification_pipeline: Epoch 1/30
2026-07-25 11:41:44,877 INFO Code.src.training.classification_pipeline: Epoch 1: train loss 0.5872, val loss 0.5499, val accuracy 0.7001
2026-07-25 11:41:44,877 INFO Code.src.training.classification_pipeline: Epoch 2/30
2026-07-25 11:42:41,182 INFO Code.src.training.classification_pipeline: Epoch 2: train loss 0.5385, val loss 0.5317, val accuracy 0.7158
2026-07-25 11:42:41,182 INFO Code.src.training.classification_pipeline: Epoch 3/30
2026-07-25 11:43:33,440 INFO Code.src.training.classification_pipeline: Epoch 3: train loss 0.5167, val loss 0.5239, val accuracy 0.7240
2026-07-25 11:43:33,440 INFO Code.src.training.classification_pipeline: Epoch 4/30
2026-07-25 11:44:33,422 INFO Code.src.training.classification_pipeline: Epoch 4: train loss 0.5018, val loss 0.5216, val accuracy 0.7283
2026-07-25 11:44:33,423 INFO Code.src.training.classification_pipeline: Epoch 5/30
2026-07-25 11:45:33,455 INFO Code.src.training.classification_pipeline: Epoch 5: train loss 0.4894, val loss 0.5252, val accuracy 0.7293
2026-07-25 11:45:33,455 INFO Code.src.training.classification_pipeline: Epoch 6/30
2026-07-25 11:46:23,342 INFO Code.src.training.classification_pipeline: Epoch 6: train loss 0.4776, val loss 0.5240, val accuracy 0.7318
2026-07-25 11:46:23,342 INFO Code.src.training.classification_pipeline: Epoch 7/30
2026-07-25 11:47:23,374 INFO Code.src.training.classification_pipeline: Epoch 7: train loss 0.4667, val loss 0.5273, val accuracy 0.7318
2026-07-25 11:47:23,374 INFO Code.src.training.classification_pipeline: Epoch 8/30
2026-07-25 11:48:23,420 INFO Code.src.training.classification_pipeline: Epoch 8: train loss 0.4561, val loss 0.5343, val accuracy 0.7295
2026-07-25 11:48:23,420 INFO Code.src.training.classification_pipeline: Epoch 9/30
2026-07-25 11:49:13,083 INFO Code.src.training.classification_pipeline: Epoch 9: train loss 0.4452, val loss 0.5380, val accuracy 0.7262
2026-07-25 11:49:13,083 INFO Code.src.training.classification_pipeline: Early stopping at epoch 9.
