2026-08-04 09:56:25,323 INFO Code.src.training.classification_pipeline: Unfreezing the autoencoder encoding path.
2026-08-04 09:56:25,324 INFO Code.src.training.classification_pipeline: Epoch 1/30
2026-08-04 10:02:21,998 INFO Code.src.training.classification_pipeline: Epoch 1: train loss 0.5667, val loss 0.5333, val accuracy 0.7084
2026-08-04 10:02:21,998 INFO Code.src.training.classification_pipeline: Epoch 2/30
2026-08-04 10:08:17,644 INFO Code.src.training.classification_pipeline: Epoch 2: train loss 0.5270, val loss 0.5035, val accuracy 0.7344
2026-08-04 10:08:17,645 INFO Code.src.training.classification_pipeline: Epoch 3/30
2026-08-04 10:14:10,880 INFO Code.src.training.classification_pipeline: Epoch 3: train loss 0.5072, val loss 0.5034, val accuracy 0.7325
2026-08-04 10:14:10,880 INFO Code.src.training.classification_pipeline: Epoch 4/30
2026-08-04 10:20:05,689 INFO Code.src.training.classification_pipeline: Epoch 4: train loss 0.4915, val loss 0.4899, val accuracy 0.7445
2026-08-04 10:20:05,689 INFO Code.src.training.classification_pipeline: Epoch 5/30
2026-08-04 10:25:59,103 INFO Code.src.training.classification_pipeline: Epoch 5: train loss 0.4760, val loss 0.5095, val accuracy 0.7316
2026-08-04 10:25:59,103 INFO Code.src.training.classification_pipeline: Epoch 6/30
2026-08-04 10:31:51,857 INFO Code.src.training.classification_pipeline: Epoch 6: train loss 0.4607, val loss 0.5184, val accuracy 0.7344
2026-08-04 10:31:51,857 INFO Code.src.training.classification_pipeline: Epoch 7/30
2026-08-04 10:37:45,442 INFO Code.src.training.classification_pipeline: Epoch 7: train loss 0.4425, val loss 0.5079, val accuracy 0.7374
2026-08-04 10:37:45,442 INFO Code.src.training.classification_pipeline: Epoch 8/30
2026-08-04 10:43:39,083 INFO Code.src.training.classification_pipeline: Epoch 8: train loss 0.4175, val loss 0.6098, val accuracy 0.7332
2026-08-04 10:43:39,083 INFO Code.src.training.classification_pipeline: Epoch 9/30
2026-08-04 10:49:33,260 INFO Code.src.training.classification_pipeline: Epoch 9: train loss 0.3850, val loss 0.5881, val accuracy 0.7279
2026-08-04 10:49:33,261 INFO Code.src.training.classification_pipeline: Early stopping at epoch 9.
2026-08-04 10:49:38,181 INFO Code.src.training.classification_pipeline: Test Loss: 0.5024 | Test Acc: 0.7199 | Test F1 (Macro): 0.7154
