2026-07-30 06:59:51,177 INFO Code.src.utils.embedding_cache: Using cached frozen embeddings: /home/ubuntu/protein-sequence-augmentation/data/processed/embeddings/solubility/trained_autoencoder+esm2/shared/train_f0d3f3e3f38a4324.pt
2026-07-30 06:59:51,213 INFO Code.src.utils.embedding_cache: Using cached frozen embeddings: /home/ubuntu/protein-sequence-augmentation/data/processed/embeddings/solubility/trained_autoencoder+esm2/shared/valid_4c11a0a456e5634c.pt
2026-07-30 06:59:51,217 INFO Code.src.training.classification_pipeline: Epoch 1/30
2026-07-30 06:59:59,974 INFO Code.src.training.classification_pipeline: Epoch 1: train loss 0.5744, val loss 0.5430, val accuracy 0.6973
2026-07-30 06:59:59,974 INFO Code.src.training.classification_pipeline: Epoch 2/30
2026-07-30 07:00:08,820 INFO Code.src.training.classification_pipeline: Epoch 2: train loss 0.5223, val loss 0.5168, val accuracy 0.7204
2026-07-30 07:00:08,820 INFO Code.src.training.classification_pipeline: Epoch 3/30
2026-07-30 07:00:17,703 INFO Code.src.training.classification_pipeline: Epoch 3: train loss 0.4981, val loss 0.5129, val accuracy 0.7247
2026-07-30 07:00:17,703 INFO Code.src.training.classification_pipeline: Epoch 4/30
2026-07-30 07:00:26,674 INFO Code.src.training.classification_pipeline: Epoch 4: train loss 0.4804, val loss 0.5126, val accuracy 0.7351
2026-07-30 07:00:26,674 INFO Code.src.training.classification_pipeline: Epoch 5/30
2026-07-30 07:00:35,403 INFO Code.src.training.classification_pipeline: Epoch 5: train loss 0.4638, val loss 0.5126, val accuracy 0.7264
2026-07-30 07:00:35,403 INFO Code.src.training.classification_pipeline: Epoch 6/30
2026-07-30 07:00:44,192 INFO Code.src.training.classification_pipeline: Epoch 6: train loss 0.4481, val loss 0.5294, val accuracy 0.7214
2026-07-30 07:00:44,193 INFO Code.src.training.classification_pipeline: Epoch 7/30
2026-07-30 07:00:53,014 INFO Code.src.training.classification_pipeline: Epoch 7: train loss 0.4339, val loss 0.5339, val accuracy 0.7273
2026-07-30 07:00:53,014 INFO Code.src.training.classification_pipeline: Epoch 8/30
2026-07-30 07:01:01,892 INFO Code.src.training.classification_pipeline: Epoch 8: train loss 0.4217, val loss 0.5402, val accuracy 0.7205
2026-07-30 07:01:01,892 INFO Code.src.training.classification_pipeline: Epoch 9/30
2026-07-30 07:01:10,749 INFO Code.src.training.classification_pipeline: Epoch 9: train loss 0.4095, val loss 0.5394, val accuracy 0.7253
2026-07-30 07:01:10,750 INFO Code.src.training.classification_pipeline: Epoch 10/30
2026-07-30 07:01:19,608 INFO Code.src.training.classification_pipeline: Epoch 10: train loss 0.3979, val loss 0.5534, val accuracy 0.7164
2026-07-30 07:01:19,608 INFO Code.src.training.classification_pipeline: Early stopping at epoch 10.
