2026-07-25 17:26:24,176 INFO __main__: Using cached frozen embeddings: /home/ubuntu/research/protein-sequence-augmentation/data/processed/embeddings/solubility/trained_autoencoder+esm2/shared/train_8244284d419f1dea.pt
2026-07-25 17:26:24,217 INFO __main__: Using cached frozen embeddings: /home/ubuntu/research/protein-sequence-augmentation/data/processed/embeddings/solubility/trained_autoencoder+esm2/shared/valid_e1c6419d18e74b81.pt
2026-07-25 17:26:24,230 INFO Code.src.training.classification_pipeline: Epoch 1/30
2026-07-25 17:27:23,234 INFO Code.src.training.classification_pipeline: Epoch 1: train loss 0.5752, val loss 0.5413, val accuracy 0.7105
2026-07-25 17:27:23,234 INFO Code.src.training.classification_pipeline: Epoch 2/30
2026-07-25 17:28:14,885 INFO Code.src.training.classification_pipeline: Epoch 2: train loss 0.5284, val loss 0.5194, val accuracy 0.7324
2026-07-25 17:28:14,885 INFO Code.src.training.classification_pipeline: Epoch 3/30
2026-07-25 17:29:09,943 INFO Code.src.training.classification_pipeline: Epoch 3: train loss 0.5001, val loss 0.5057, val accuracy 0.7368
2026-07-25 17:29:09,943 INFO Code.src.training.classification_pipeline: Epoch 4/30
2026-07-25 17:30:08,940 INFO Code.src.training.classification_pipeline: Epoch 4: train loss 0.4822, val loss 0.4980, val accuracy 0.7459
2026-07-25 17:30:08,940 INFO Code.src.training.classification_pipeline: Epoch 5/30
2026-07-25 17:30:57,259 INFO Code.src.training.classification_pipeline: Epoch 5: train loss 0.4657, val loss 0.4965, val accuracy 0.7478
2026-07-25 17:30:57,259 INFO Code.src.training.classification_pipeline: Epoch 6/30
2026-07-25 17:31:53,099 INFO Code.src.training.classification_pipeline: Epoch 6: train loss 0.4532, val loss 0.4954, val accuracy 0.7494
2026-07-25 17:31:53,099 INFO Code.src.training.classification_pipeline: Epoch 7/30
2026-07-25 17:32:52,324 INFO Code.src.training.classification_pipeline: Epoch 7: train loss 0.4403, val loss 0.4960, val accuracy 0.7502
2026-07-25 17:32:52,324 INFO Code.src.training.classification_pipeline: Epoch 8/30
2026-07-25 17:33:38,617 INFO Code.src.training.classification_pipeline: Epoch 8: train loss 0.4298, val loss 0.5032, val accuracy 0.7509
2026-07-25 17:33:38,617 INFO Code.src.training.classification_pipeline: Epoch 9/30
2026-07-25 17:34:37,656 INFO Code.src.training.classification_pipeline: Epoch 9: train loss 0.4191, val loss 0.5057, val accuracy 0.7463
2026-07-25 17:34:37,657 INFO Code.src.training.classification_pipeline: Epoch 10/30
2026-07-25 17:35:36,735 INFO Code.src.training.classification_pipeline: Epoch 10: train loss 0.4093, val loss 0.5043, val accuracy 0.7476
2026-07-25 17:35:36,735 INFO Code.src.training.classification_pipeline: Epoch 11/30
2026-07-25 17:36:22,993 INFO Code.src.training.classification_pipeline: Epoch 11: train loss 0.4006, val loss 0.5078, val accuracy 0.7460
2026-07-25 17:36:22,993 INFO Code.src.training.classification_pipeline: Early stopping at epoch 11.
