2026-07-30 15:23:52,349 INFO Code.src.utils.embedding_cache: Using cached frozen embeddings: /home/ubuntu/protein-sequence-augmentation/data/processed/embeddings/solubility/trained_autoencoder/shared/train_5865efccb4c0f33b.pt
2026-07-30 15:23:52,385 INFO Code.src.utils.embedding_cache: Using cached frozen embeddings: /home/ubuntu/protein-sequence-augmentation/data/processed/embeddings/solubility/trained_autoencoder/shared/valid_e57addc1474b2f72.pt
2026-07-30 15:23:52,395 INFO Code.src.utils.embedding_cache: Using cached frozen embeddings: /home/ubuntu/protein-sequence-augmentation/data/processed/embeddings/solubility/trained_autoencoder/shared/test_d02ae158b730724c.pt
2026-07-30 15:23:52,398 INFO Code.src.training.classification_pipeline: Epoch 1/30
2026-07-30 15:23:59,757 INFO Code.src.training.classification_pipeline: Epoch 1: train loss 0.6265, val loss 0.6190, val accuracy 0.6315
2026-07-30 15:23:59,758 INFO Code.src.training.classification_pipeline: Epoch 2/30
2026-07-30 15:24:07,291 INFO Code.src.training.classification_pipeline: Epoch 2: train loss 0.6210, val loss 0.6166, val accuracy 0.6413
2026-07-30 15:24:07,291 INFO Code.src.training.classification_pipeline: Epoch 3/30
2026-07-30 15:24:14,671 INFO Code.src.training.classification_pipeline: Epoch 3: train loss 0.6206, val loss 0.6161, val accuracy 0.6357
2026-07-30 15:24:14,671 INFO Code.src.training.classification_pipeline: Epoch 4/30
2026-07-30 15:24:22,101 INFO Code.src.training.classification_pipeline: Epoch 4: train loss 0.6202, val loss 0.6162, val accuracy 0.6364
2026-07-30 15:24:22,101 INFO Code.src.training.classification_pipeline: Epoch 5/30
2026-07-30 15:24:29,602 INFO Code.src.training.classification_pipeline: Epoch 5: train loss 0.6205, val loss 0.6175, val accuracy 0.6331
2026-07-30 15:24:29,602 INFO Code.src.training.classification_pipeline: Epoch 6/30
2026-07-30 15:24:37,036 INFO Code.src.training.classification_pipeline: Epoch 6: train loss 0.6206, val loss 0.6171, val accuracy 0.6367
2026-07-30 15:24:37,036 INFO Code.src.training.classification_pipeline: Epoch 7/30
2026-07-30 15:24:44,531 INFO Code.src.training.classification_pipeline: Epoch 7: train loss 0.6207, val loss 0.6171, val accuracy 0.6299
2026-07-30 15:24:44,531 INFO Code.src.training.classification_pipeline: Epoch 8/30
2026-07-30 15:24:51,868 INFO Code.src.training.classification_pipeline: Epoch 8: train loss 0.6202, val loss 0.6194, val accuracy 0.6330
2026-07-30 15:24:51,868 INFO Code.src.training.classification_pipeline: Early stopping at epoch 8.
2026-07-30 15:24:51,994 INFO Code.src.training.classification_pipeline: Test Loss: 0.6547 | Test Acc: 0.5988 | Test F1 (Macro): 0.5891
