2026-08-15 07:16:54,524 INFO Code.src.utils.embedding_cache: Using cached frozen embeddings: /home/ubuntu/protein-sequence-augmentation/data/processed/embeddings/solubility/trained_autoencoder+esm2/shared/train_3a70c42e2bd26da7.pt
2026-08-15 07:16:54,567 INFO Code.src.utils.embedding_cache: Using cached frozen embeddings: /home/ubuntu/protein-sequence-augmentation/data/processed/embeddings/solubility/trained_autoencoder+esm2/shared/valid_ee1b933f54bbe2fc.pt
2026-08-15 07:16:54,580 INFO Code.src.utils.embedding_cache: Using cached frozen embeddings: /home/ubuntu/protein-sequence-augmentation/data/processed/embeddings/solubility/trained_autoencoder+esm2/shared/test_ecffdcd859dd4e77.pt
2026-08-15 07:16:54,789 INFO Code.src.training.classification_pipeline: Epoch 1/30
2026-08-15 07:17:04,798 INFO Code.src.training.classification_pipeline: Epoch 1: train loss 0.5697, val loss 0.5471, val accuracy 0.7071
2026-08-15 07:17:04,798 INFO Code.src.training.classification_pipeline: Epoch 2/30
2026-08-15 07:17:14,684 INFO Code.src.training.classification_pipeline: Epoch 2: train loss 0.5225, val loss 0.5196, val accuracy 0.7331
2026-08-15 07:17:14,684 INFO Code.src.training.classification_pipeline: Epoch 3/30
2026-08-15 07:17:24,497 INFO Code.src.training.classification_pipeline: Epoch 3: train loss 0.4927, val loss 0.5058, val accuracy 0.7459
2026-08-15 07:17:24,497 INFO Code.src.training.classification_pipeline: Epoch 4/30
2026-08-15 07:17:34,305 INFO Code.src.training.classification_pipeline: Epoch 4: train loss 0.4700, val loss 0.5010, val accuracy 0.7446
2026-08-15 07:17:34,305 INFO Code.src.training.classification_pipeline: Epoch 5/30
2026-08-15 07:17:44,181 INFO Code.src.training.classification_pipeline: Epoch 5: train loss 0.4538, val loss 0.5007, val accuracy 0.7466
2026-08-15 07:17:44,181 INFO Code.src.training.classification_pipeline: Epoch 6/30
2026-08-15 07:17:53,983 INFO Code.src.training.classification_pipeline: Epoch 6: train loss 0.4371, val loss 0.5077, val accuracy 0.7409
2026-08-15 07:17:53,983 INFO Code.src.training.classification_pipeline: Epoch 7/30
2026-08-15 07:18:03,613 INFO Code.src.training.classification_pipeline: Epoch 7: train loss 0.4222, val loss 0.5074, val accuracy 0.7433
2026-08-15 07:18:03,613 INFO Code.src.training.classification_pipeline: Epoch 8/30
2026-08-15 07:18:13,426 INFO Code.src.training.classification_pipeline: Epoch 8: train loss 0.4075, val loss 0.5142, val accuracy 0.7439
2026-08-15 07:18:13,426 INFO Code.src.training.classification_pipeline: Epoch 9/30
2026-08-15 07:18:23,204 INFO Code.src.training.classification_pipeline: Epoch 9: train loss 0.3944, val loss 0.5213, val accuracy 0.7406
2026-08-15 07:18:23,204 INFO Code.src.training.classification_pipeline: Epoch 10/30
2026-08-15 07:18:33,089 INFO Code.src.training.classification_pipeline: Epoch 10: train loss 0.3810, val loss 0.5246, val accuracy 0.7460
2026-08-15 07:18:33,089 INFO Code.src.training.classification_pipeline: Early stopping at epoch 10.
2026-08-15 07:18:33,245 INFO Code.src.training.classification_pipeline: Test Loss: 0.5556 | Test Acc: 0.7159 | Test F1 (Macro): 0.7131
