2026-08-06 03:09:03,430 INFO Code.src.utils.embedding_cache: Using cached frozen embeddings: /home/ubuntu/protein-sequence-augmentation/data/processed/embeddings/solubility/trained_autoencoder/shared/train_32ec744182962352.pt
2026-08-06 03:09:03,480 INFO Code.src.utils.embedding_cache: Using cached frozen embeddings: /home/ubuntu/protein-sequence-augmentation/data/processed/embeddings/solubility/trained_autoencoder/shared/valid_c5a14ca0fc6e5426.pt
2026-08-06 03:09:03,615 INFO Code.src.training.classification_pipeline: Epoch 1/30
2026-08-06 03:09:13,979 INFO Code.src.training.classification_pipeline: Epoch 1: train loss 0.6096, val loss 0.5805, val accuracy 0.6753
2026-08-06 03:09:13,979 INFO Code.src.training.classification_pipeline: Epoch 2/30
2026-08-06 03:09:24,395 INFO Code.src.training.classification_pipeline: Epoch 2: train loss 0.5736, val loss 0.5611, val accuracy 0.6940
2026-08-06 03:09:24,395 INFO Code.src.training.classification_pipeline: Epoch 3/30
2026-08-06 03:09:34,696 INFO Code.src.training.classification_pipeline: Epoch 3: train loss 0.5518, val loss 0.5468, val accuracy 0.7035
2026-08-06 03:09:34,696 INFO Code.src.training.classification_pipeline: Epoch 4/30
2026-08-06 03:09:45,166 INFO Code.src.training.classification_pipeline: Epoch 4: train loss 0.5350, val loss 0.5378, val accuracy 0.7136
2026-08-06 03:09:45,167 INFO Code.src.training.classification_pipeline: Epoch 5/30
2026-08-06 03:09:55,469 INFO Code.src.training.classification_pipeline: Epoch 5: train loss 0.5229, val loss 0.5329, val accuracy 0.7151
2026-08-06 03:09:55,469 INFO Code.src.training.classification_pipeline: Epoch 6/30
2026-08-06 03:10:05,951 INFO Code.src.training.classification_pipeline: Epoch 6: train loss 0.5148, val loss 0.5283, val accuracy 0.7211
2026-08-06 03:10:05,951 INFO Code.src.training.classification_pipeline: Epoch 7/30
2026-08-06 03:10:16,666 INFO Code.src.training.classification_pipeline: Epoch 7: train loss 0.5068, val loss 0.5262, val accuracy 0.7256
2026-08-06 03:10:16,666 INFO Code.src.training.classification_pipeline: Epoch 8/30
2026-08-06 03:10:27,012 INFO Code.src.training.classification_pipeline: Epoch 8: train loss 0.4998, val loss 0.5266, val accuracy 0.7286
2026-08-06 03:10:27,012 INFO Code.src.training.classification_pipeline: Epoch 9/30
2026-08-06 03:10:37,409 INFO Code.src.training.classification_pipeline: Epoch 9: train loss 0.4934, val loss 0.5250, val accuracy 0.7286
2026-08-06 03:10:37,409 INFO Code.src.training.classification_pipeline: Epoch 10/30
2026-08-06 03:10:47,827 INFO Code.src.training.classification_pipeline: Epoch 10: train loss 0.4883, val loss 0.5264, val accuracy 0.7283
2026-08-06 03:10:47,827 INFO Code.src.training.classification_pipeline: Epoch 11/30
2026-08-06 03:10:58,177 INFO Code.src.training.classification_pipeline: Epoch 11: train loss 0.4820, val loss 0.5222, val accuracy 0.7309
2026-08-06 03:10:58,177 INFO Code.src.training.classification_pipeline: Epoch 12/30
2026-08-06 03:11:08,398 INFO Code.src.training.classification_pipeline: Epoch 12: train loss 0.4772, val loss 0.5241, val accuracy 0.7306
2026-08-06 03:11:08,398 INFO Code.src.training.classification_pipeline: Epoch 13/30
2026-08-06 03:11:18,645 INFO Code.src.training.classification_pipeline: Epoch 13: train loss 0.4724, val loss 0.5227, val accuracy 0.7300
2026-08-06 03:11:18,645 INFO Code.src.training.classification_pipeline: Epoch 14/30
2026-08-06 03:11:29,115 INFO Code.src.training.classification_pipeline: Epoch 14: train loss 0.4681, val loss 0.5241, val accuracy 0.7300
2026-08-06 03:11:29,115 INFO Code.src.training.classification_pipeline: Epoch 15/30
2026-08-06 03:11:39,490 INFO Code.src.training.classification_pipeline: Epoch 15: train loss 0.4636, val loss 0.5257, val accuracy 0.7303
2026-08-06 03:11:39,490 INFO Code.src.training.classification_pipeline: Epoch 16/30
2026-08-06 03:11:49,815 INFO Code.src.training.classification_pipeline: Epoch 16: train loss 0.4595, val loss 0.5254, val accuracy 0.7286
2026-08-06 03:11:49,815 INFO Code.src.training.classification_pipeline: Early stopping at epoch 16.
