2026-08-06 18:29:58,526 INFO Code.src.utils.embedding_cache: Using cached frozen embeddings: /home/ubuntu/protein-sequence-augmentation/data/processed/embeddings/solubility/trained_autoencoder+esm2/shared/train_b6e198121fce613d.pt
2026-08-06 18:29:58,590 INFO Code.src.utils.embedding_cache: Using cached frozen embeddings: /home/ubuntu/protein-sequence-augmentation/data/processed/embeddings/solubility/trained_autoencoder+esm2/shared/valid_42cf1a6956774264.pt
2026-08-06 18:29:58,929 INFO Code.src.training.classification_pipeline: Epoch 1/30
2026-08-06 18:30:19,684 INFO Code.src.training.classification_pipeline: Epoch 1: train loss 0.5688, val loss 0.5396, val accuracy 0.7128
2026-08-06 18:30:19,684 INFO Code.src.training.classification_pipeline: Epoch 2/30
2026-08-06 18:30:40,499 INFO Code.src.training.classification_pipeline: Epoch 2: train loss 0.5206, val loss 0.5172, val accuracy 0.7321
2026-08-06 18:30:40,499 INFO Code.src.training.classification_pipeline: Epoch 3/30
2026-08-06 18:31:02,677 INFO Code.src.training.classification_pipeline: Epoch 3: train loss 0.4908, val loss 0.5066, val accuracy 0.7384
2026-08-06 18:31:02,677 INFO Code.src.training.classification_pipeline: Epoch 4/30
2026-08-06 18:31:26,109 INFO Code.src.training.classification_pipeline: Epoch 4: train loss 0.4690, val loss 0.5024, val accuracy 0.7465
2026-08-06 18:31:26,109 INFO Code.src.training.classification_pipeline: Epoch 5/30
2026-08-06 18:31:57,314 INFO Code.src.training.classification_pipeline: Epoch 5: train loss 0.4506, val loss 0.5027, val accuracy 0.7463
2026-08-06 18:31:57,315 INFO Code.src.training.classification_pipeline: Epoch 6/30
2026-08-06 18:32:25,644 INFO Code.src.training.classification_pipeline: Epoch 6: train loss 0.4353, val loss 0.5060, val accuracy 0.7434
2026-08-06 18:32:25,644 INFO Code.src.training.classification_pipeline: Epoch 7/30
2026-08-06 18:32:42,231 INFO Code.src.training.classification_pipeline: Epoch 7: train loss 0.4193, val loss 0.5067, val accuracy 0.7466
2026-08-06 18:32:42,231 INFO Code.src.training.classification_pipeline: Epoch 8/30
2026-08-06 18:32:58,740 INFO Code.src.training.classification_pipeline: Epoch 8: train loss 0.4039, val loss 0.5182, val accuracy 0.7462
2026-08-06 18:32:58,740 INFO Code.src.training.classification_pipeline: Epoch 9/30
2026-08-06 18:33:19,326 INFO Code.src.training.classification_pipeline: Epoch 9: train loss 0.3899, val loss 0.5272, val accuracy 0.7391
2026-08-06 18:33:19,326 INFO Code.src.training.classification_pipeline: Early stopping at epoch 9.
