2026-08-07 10:42:17,833 INFO Code.src.training.classification_pipeline: Unfreezing the autoencoder encoding path.
2026-08-07 10:42:17,833 INFO Code.src.training.classification_pipeline: Unfreezing the complete ESM-2 encoder.
2026-08-07 10:42:17,835 INFO Code.src.training.classification_pipeline: Epoch 1/10
2026-08-07 11:08:44,139 INFO Code.src.training.classification_pipeline: Epoch 1: train loss 0.5289, val loss 0.4979, val accuracy 0.7426
2026-08-07 11:08:44,139 INFO Code.src.training.classification_pipeline: Epoch 2/10
2026-08-07 11:35:04,438 INFO Code.src.training.classification_pipeline: Epoch 2: train loss 0.5033, val loss 0.4931, val accuracy 0.7351
2026-08-07 11:35:04,438 INFO Code.src.training.classification_pipeline: Epoch 3/10
2026-08-07 12:01:23,064 INFO Code.src.training.classification_pipeline: Epoch 3: train loss 0.4946, val loss 0.4975, val accuracy 0.7409
2026-08-07 12:01:23,064 INFO Code.src.training.classification_pipeline: Epoch 4/10
2026-08-07 12:27:46,422 INFO Code.src.training.classification_pipeline: Epoch 4: train loss 0.4872, val loss 0.4893, val accuracy 0.7459
2026-08-07 12:27:46,422 INFO Code.src.training.classification_pipeline: Epoch 5/10
2026-08-07 12:54:06,347 INFO Code.src.training.classification_pipeline: Epoch 5: train loss 0.4829, val loss 0.4838, val accuracy 0.7469
2026-08-07 12:54:06,348 INFO Code.src.training.classification_pipeline: Epoch 6/10
2026-08-07 13:20:25,837 INFO Code.src.training.classification_pipeline: Epoch 6: train loss 0.4787, val loss 0.4756, val accuracy 0.7550
2026-08-07 13:20:25,837 INFO Code.src.training.classification_pipeline: Epoch 7/10
2026-08-07 13:46:48,958 INFO Code.src.training.classification_pipeline: Epoch 7: train loss 0.4754, val loss 0.4784, val accuracy 0.7545
2026-08-07 13:46:48,958 INFO Code.src.training.classification_pipeline: Epoch 8/10
2026-08-07 14:13:06,267 INFO Code.src.training.classification_pipeline: Epoch 8: train loss 0.4727, val loss 0.4811, val accuracy 0.7518
2026-08-07 14:13:06,267 INFO Code.src.training.classification_pipeline: Epoch 9/10
2026-08-07 14:39:28,278 INFO Code.src.training.classification_pipeline: Epoch 9: train loss 0.4698, val loss 0.4786, val accuracy 0.7519
2026-08-07 14:39:28,279 INFO Code.src.training.classification_pipeline: Early stopping at epoch 9.
