2026-07-30 15:12:13,382 INFO Code.src.utils.embedding_cache: Using cached frozen embeddings: /home/ubuntu/protein-sequence-augmentation/data/processed/embeddings/solubility/trained_autoencoder+esm2/shared/train_f0d3f3e3f38a4324.pt
2026-07-30 15:12:13,418 INFO Code.src.utils.embedding_cache: Using cached frozen embeddings: /home/ubuntu/protein-sequence-augmentation/data/processed/embeddings/solubility/trained_autoencoder+esm2/shared/valid_4c11a0a456e5634c.pt
2026-07-30 15:12:13,429 INFO Code.src.utils.embedding_cache: Using cached frozen embeddings: /home/ubuntu/protein-sequence-augmentation/data/processed/embeddings/solubility/trained_autoencoder+esm2/shared/test_fdd1735c961076e4.pt
2026-07-30 15:12:13,433 INFO Code.src.training.classification_pipeline: Epoch 1/30
2026-07-30 15:12:22,391 INFO Code.src.training.classification_pipeline: Epoch 1: train loss 0.5763, val loss 0.5424, val accuracy 0.7040
2026-07-30 15:12:22,391 INFO Code.src.training.classification_pipeline: Epoch 2/30
2026-07-30 15:12:31,307 INFO Code.src.training.classification_pipeline: Epoch 2: train loss 0.5229, val loss 0.5187, val accuracy 0.7162
2026-07-30 15:12:31,307 INFO Code.src.training.classification_pipeline: Epoch 3/30
2026-07-30 15:12:40,274 INFO Code.src.training.classification_pipeline: Epoch 3: train loss 0.4973, val loss 0.5103, val accuracy 0.7231
2026-07-30 15:12:40,275 INFO Code.src.training.classification_pipeline: Epoch 4/30
2026-07-30 15:12:49,283 INFO Code.src.training.classification_pipeline: Epoch 4: train loss 0.4802, val loss 0.5144, val accuracy 0.7289
2026-07-30 15:12:49,283 INFO Code.src.training.classification_pipeline: Epoch 5/30
2026-07-30 15:12:58,037 INFO Code.src.training.classification_pipeline: Epoch 5: train loss 0.4641, val loss 0.5131, val accuracy 0.7253
2026-07-30 15:12:58,037 INFO Code.src.training.classification_pipeline: Epoch 6/30
2026-07-30 15:13:06,764 INFO Code.src.training.classification_pipeline: Epoch 6: train loss 0.4487, val loss 0.5144, val accuracy 0.7277
2026-07-30 15:13:06,764 INFO Code.src.training.classification_pipeline: Epoch 7/30
2026-07-30 15:13:15,460 INFO Code.src.training.classification_pipeline: Epoch 7: train loss 0.4364, val loss 0.5197, val accuracy 0.7324
2026-07-30 15:13:15,460 INFO Code.src.training.classification_pipeline: Epoch 8/30
2026-07-30 15:13:24,465 INFO Code.src.training.classification_pipeline: Epoch 8: train loss 0.4231, val loss 0.5288, val accuracy 0.7243
2026-07-30 15:13:24,466 INFO Code.src.training.classification_pipeline: Early stopping at epoch 8.
2026-07-30 15:13:24,602 INFO Code.src.training.classification_pipeline: Test Loss: 0.5533 | Test Acc: 0.7039 | Test F1 (Macro): 0.7031
