2026-08-12 19:27:02,636 INFO Code.src.utils.embedding_cache: Using cached frozen embeddings: /home/ubuntu/research/protein-sequence-augmentation/data/processed/embeddings/solubility/random_autoencoder/seed_43/train_c8156c83ec5628f7.pt
2026-08-12 19:27:02,679 INFO Code.src.utils.embedding_cache: Using cached frozen embeddings: /home/ubuntu/research/protein-sequence-augmentation/data/processed/embeddings/solubility/random_autoencoder/seed_43/valid_d0186d0e4aca4c78.pt
2026-08-12 19:27:02,690 INFO Code.src.utils.embedding_cache: Using cached frozen embeddings: /home/ubuntu/research/protein-sequence-augmentation/data/processed/embeddings/solubility/random_autoencoder/seed_43/test_c82464f057ec7f7b.pt
2026-08-12 19:27:02,779 INFO Code.src.training.classification_pipeline: Epoch 1/30
2026-08-12 19:27:12,243 INFO Code.src.training.classification_pipeline: Epoch 1: train loss 0.6782, val loss 0.6751, val accuracy 0.5827
2026-08-12 19:27:12,243 INFO Code.src.training.classification_pipeline: Epoch 2/30
2026-08-12 19:27:21,848 INFO Code.src.training.classification_pipeline: Epoch 2: train loss 0.6736, val loss 0.6686, val accuracy 0.5879
2026-08-12 19:27:21,848 INFO Code.src.training.classification_pipeline: Epoch 3/30
2026-08-12 19:27:31,212 INFO Code.src.training.classification_pipeline: Epoch 3: train loss 0.6679, val loss 0.6613, val accuracy 0.6007
2026-08-12 19:27:31,212 INFO Code.src.training.classification_pipeline: Epoch 4/30
2026-08-12 19:27:40,592 INFO Code.src.training.classification_pipeline: Epoch 4: train loss 0.6634, val loss 0.6580, val accuracy 0.6132
2026-08-12 19:27:40,592 INFO Code.src.training.classification_pipeline: Epoch 5/30
2026-08-12 19:27:49,911 INFO Code.src.training.classification_pipeline: Epoch 5: train loss 0.6606, val loss 0.6545, val accuracy 0.6144
2026-08-12 19:27:49,911 INFO Code.src.training.classification_pipeline: Epoch 6/30
2026-08-12 19:27:59,456 INFO Code.src.training.classification_pipeline: Epoch 6: train loss 0.6592, val loss 0.6529, val accuracy 0.6134
2026-08-12 19:27:59,456 INFO Code.src.training.classification_pipeline: Epoch 7/30
2026-08-12 19:28:09,115 INFO Code.src.training.classification_pipeline: Epoch 7: train loss 0.6579, val loss 0.6515, val accuracy 0.6144
2026-08-12 19:28:09,115 INFO Code.src.training.classification_pipeline: Epoch 8/30
2026-08-12 19:28:18,552 INFO Code.src.training.classification_pipeline: Epoch 8: train loss 0.6566, val loss 0.6507, val accuracy 0.6213
2026-08-12 19:28:18,552 INFO Code.src.training.classification_pipeline: Epoch 9/30
2026-08-12 19:28:27,999 INFO Code.src.training.classification_pipeline: Epoch 9: train loss 0.6553, val loss 0.6498, val accuracy 0.6178
2026-08-12 19:28:27,999 INFO Code.src.training.classification_pipeline: Epoch 10/30
2026-08-12 19:28:37,554 INFO Code.src.training.classification_pipeline: Epoch 10: train loss 0.6549, val loss 0.6494, val accuracy 0.6216
2026-08-12 19:28:37,555 INFO Code.src.training.classification_pipeline: Epoch 11/30
2026-08-12 19:28:47,040 INFO Code.src.training.classification_pipeline: Epoch 11: train loss 0.6539, val loss 0.6475, val accuracy 0.6224
2026-08-12 19:28:47,040 INFO Code.src.training.classification_pipeline: Epoch 12/30
2026-08-12 19:28:56,617 INFO Code.src.training.classification_pipeline: Epoch 12: train loss 0.6528, val loss 0.6474, val accuracy 0.6249
2026-08-12 19:28:56,617 INFO Code.src.training.classification_pipeline: Epoch 13/30
2026-08-12 19:29:05,963 INFO Code.src.training.classification_pipeline: Epoch 13: train loss 0.6522, val loss 0.6465, val accuracy 0.6219
2026-08-12 19:29:05,963 INFO Code.src.training.classification_pipeline: Epoch 14/30
2026-08-12 19:29:15,627 INFO Code.src.training.classification_pipeline: Epoch 14: train loss 0.6511, val loss 0.6447, val accuracy 0.6252
2026-08-12 19:29:15,627 INFO Code.src.training.classification_pipeline: Epoch 15/30
2026-08-12 19:29:25,398 INFO Code.src.training.classification_pipeline: Epoch 15: train loss 0.6501, val loss 0.6437, val accuracy 0.6263
2026-08-12 19:29:25,398 INFO Code.src.training.classification_pipeline: Epoch 16/30
2026-08-12 19:29:34,844 INFO Code.src.training.classification_pipeline: Epoch 16: train loss 0.6492, val loss 0.6467, val accuracy 0.6262
2026-08-12 19:29:34,844 INFO Code.src.training.classification_pipeline: Epoch 17/30
2026-08-12 19:29:44,193 INFO Code.src.training.classification_pipeline: Epoch 17: train loss 0.6482, val loss 0.6416, val accuracy 0.6265
2026-08-12 19:29:44,193 INFO Code.src.training.classification_pipeline: Epoch 18/30
2026-08-12 19:29:53,742 INFO Code.src.training.classification_pipeline: Epoch 18: train loss 0.6473, val loss 0.6562, val accuracy 0.6073
2026-08-12 19:29:53,742 INFO Code.src.training.classification_pipeline: Epoch 19/30
2026-08-12 19:30:03,180 INFO Code.src.training.classification_pipeline: Epoch 19: train loss 0.6464, val loss 0.6419, val accuracy 0.6281
2026-08-12 19:30:03,180 INFO Code.src.training.classification_pipeline: Epoch 20/30
2026-08-12 19:30:12,633 INFO Code.src.training.classification_pipeline: Epoch 20: train loss 0.6454, val loss 0.6391, val accuracy 0.6259
2026-08-12 19:30:12,633 INFO Code.src.training.classification_pipeline: Epoch 21/30
2026-08-12 19:30:22,041 INFO Code.src.training.classification_pipeline: Epoch 21: train loss 0.6447, val loss 0.6415, val accuracy 0.6211
2026-08-12 19:30:22,041 INFO Code.src.training.classification_pipeline: Epoch 22/30
2026-08-12 19:30:31,430 INFO Code.src.training.classification_pipeline: Epoch 22: train loss 0.6437, val loss 0.6381, val accuracy 0.6286
2026-08-12 19:30:31,431 INFO Code.src.training.classification_pipeline: Epoch 23/30
2026-08-12 19:30:40,907 INFO Code.src.training.classification_pipeline: Epoch 23: train loss 0.6425, val loss 0.6366, val accuracy 0.6305
2026-08-12 19:30:40,907 INFO Code.src.training.classification_pipeline: Epoch 24/30
2026-08-12 19:30:50,470 INFO Code.src.training.classification_pipeline: Epoch 24: train loss 0.6419, val loss 0.6386, val accuracy 0.6232
2026-08-12 19:30:50,470 INFO Code.src.training.classification_pipeline: Epoch 25/30
2026-08-12 19:30:59,909 INFO Code.src.training.classification_pipeline: Epoch 25: train loss 0.6409, val loss 0.6373, val accuracy 0.6314
2026-08-12 19:30:59,910 INFO Code.src.training.classification_pipeline: Epoch 26/30
2026-08-12 19:31:09,308 INFO Code.src.training.classification_pipeline: Epoch 26: train loss 0.6403, val loss 0.6413, val accuracy 0.6269
2026-08-12 19:31:09,308 INFO Code.src.training.classification_pipeline: Epoch 27/30
2026-08-12 19:31:18,825 INFO Code.src.training.classification_pipeline: Epoch 27: train loss 0.6389, val loss 0.6379, val accuracy 0.6206
2026-08-12 19:31:18,825 INFO Code.src.training.classification_pipeline: Epoch 28/30
2026-08-12 19:31:28,487 INFO Code.src.training.classification_pipeline: Epoch 28: train loss 0.6386, val loss 0.6353, val accuracy 0.6327
2026-08-12 19:31:28,488 INFO Code.src.training.classification_pipeline: Epoch 29/30
2026-08-12 19:31:37,978 INFO Code.src.training.classification_pipeline: Epoch 29: train loss 0.6376, val loss 0.6328, val accuracy 0.6348
2026-08-12 19:31:37,978 INFO Code.src.training.classification_pipeline: Epoch 30/30
2026-08-12 19:31:47,600 INFO Code.src.training.classification_pipeline: Epoch 30: train loss 0.6374, val loss 0.6323, val accuracy 0.6249
2026-08-12 19:31:47,751 INFO Code.src.training.classification_pipeline: Test Loss: 0.6658 | Test Acc: 0.5808 | Test F1 (Macro): 0.5391
