2026-07-30 06:21:45,978 INFO Code.src.utils.embedding_cache: Using cached frozen embeddings: /home/ubuntu/protein-sequence-augmentation/data/processed/embeddings/solubility/esm2/shared/train_1d52cf25e8f803bf.pt
2026-07-30 06:21:46,013 INFO Code.src.utils.embedding_cache: Using cached frozen embeddings: /home/ubuntu/protein-sequence-augmentation/data/processed/embeddings/solubility/esm2/shared/valid_b2825cbd185e09fb.pt
2026-07-30 06:21:46,017 INFO Code.src.training.classification_pipeline: Epoch 1/30
2026-07-30 06:21:54,454 INFO Code.src.training.classification_pipeline: Epoch 1: train loss 0.6198, val loss 0.6024, val accuracy 0.6662
2026-07-30 06:21:54,454 INFO Code.src.training.classification_pipeline: Epoch 2/30
2026-07-30 06:22:02,909 INFO Code.src.training.classification_pipeline: Epoch 2: train loss 0.5991, val loss 0.5909, val accuracy 0.6750
2026-07-30 06:22:02,909 INFO Code.src.training.classification_pipeline: Epoch 3/30
2026-07-30 06:22:11,351 INFO Code.src.training.classification_pipeline: Epoch 3: train loss 0.5880, val loss 0.5849, val accuracy 0.6818
2026-07-30 06:22:11,351 INFO Code.src.training.classification_pipeline: Epoch 4/30
2026-07-30 06:22:19,903 INFO Code.src.training.classification_pipeline: Epoch 4: train loss 0.5798, val loss 0.5777, val accuracy 0.6851
2026-07-30 06:22:19,903 INFO Code.src.training.classification_pipeline: Epoch 5/30
2026-07-30 06:22:28,339 INFO Code.src.training.classification_pipeline: Epoch 5: train loss 0.5731, val loss 0.5742, val accuracy 0.6852
2026-07-30 06:22:28,339 INFO Code.src.training.classification_pipeline: Epoch 6/30
2026-07-30 06:22:36,993 INFO Code.src.training.classification_pipeline: Epoch 6: train loss 0.5678, val loss 0.5773, val accuracy 0.6894
2026-07-30 06:22:36,993 INFO Code.src.training.classification_pipeline: Epoch 7/30
2026-07-30 06:22:45,458 INFO Code.src.training.classification_pipeline: Epoch 7: train loss 0.5612, val loss 0.5706, val accuracy 0.6913
2026-07-30 06:22:45,458 INFO Code.src.training.classification_pipeline: Epoch 8/30
2026-07-30 06:22:53,985 INFO Code.src.training.classification_pipeline: Epoch 8: train loss 0.5570, val loss 0.5689, val accuracy 0.6919
2026-07-30 06:22:53,986 INFO Code.src.training.classification_pipeline: Epoch 9/30
2026-07-30 06:23:02,732 INFO Code.src.training.classification_pipeline: Epoch 9: train loss 0.5531, val loss 0.5642, val accuracy 0.6979
2026-07-30 06:23:02,732 INFO Code.src.training.classification_pipeline: Epoch 10/30
2026-07-30 06:23:11,400 INFO Code.src.training.classification_pipeline: Epoch 10: train loss 0.5489, val loss 0.5668, val accuracy 0.6943
2026-07-30 06:23:11,400 INFO Code.src.training.classification_pipeline: Epoch 11/30
2026-07-30 06:23:19,880 INFO Code.src.training.classification_pipeline: Epoch 11: train loss 0.5452, val loss 0.5633, val accuracy 0.7002
2026-07-30 06:23:19,880 INFO Code.src.training.classification_pipeline: Epoch 12/30
2026-07-30 06:23:28,443 INFO Code.src.training.classification_pipeline: Epoch 12: train loss 0.5414, val loss 0.5618, val accuracy 0.7018
2026-07-30 06:23:28,443 INFO Code.src.training.classification_pipeline: Epoch 13/30
2026-07-30 06:23:36,819 INFO Code.src.training.classification_pipeline: Epoch 13: train loss 0.5383, val loss 0.5585, val accuracy 0.7010
2026-07-30 06:23:36,819 INFO Code.src.training.classification_pipeline: Epoch 14/30
2026-07-30 06:23:45,427 INFO Code.src.training.classification_pipeline: Epoch 14: train loss 0.5355, val loss 0.5559, val accuracy 0.7027
2026-07-30 06:23:45,427 INFO Code.src.training.classification_pipeline: Epoch 15/30
2026-07-30 06:23:54,008 INFO Code.src.training.classification_pipeline: Epoch 15: train loss 0.5312, val loss 0.5674, val accuracy 0.6992
2026-07-30 06:23:54,008 INFO Code.src.training.classification_pipeline: Epoch 16/30
2026-07-30 06:24:02,637 INFO Code.src.training.classification_pipeline: Epoch 16: train loss 0.5286, val loss 0.5611, val accuracy 0.7064
2026-07-30 06:24:02,637 INFO Code.src.training.classification_pipeline: Epoch 17/30
2026-07-30 06:24:11,085 INFO Code.src.training.classification_pipeline: Epoch 17: train loss 0.5256, val loss 0.5624, val accuracy 0.7096
2026-07-30 06:24:11,085 INFO Code.src.training.classification_pipeline: Epoch 18/30
2026-07-30 06:24:19,621 INFO Code.src.training.classification_pipeline: Epoch 18: train loss 0.5220, val loss 0.5566, val accuracy 0.7056
2026-07-30 06:24:19,621 INFO Code.src.training.classification_pipeline: Epoch 19/30
2026-07-30 06:24:28,075 INFO Code.src.training.classification_pipeline: Epoch 19: train loss 0.5206, val loss 0.5588, val accuracy 0.7103
2026-07-30 06:24:28,076 INFO Code.src.training.classification_pipeline: Early stopping at epoch 19.
