2026-07-30 15:07:09,966 INFO Code.src.utils.embedding_cache: Using cached frozen embeddings: /home/ubuntu/protein-sequence-augmentation/data/processed/embeddings/solubility/esm2/shared/train_1d52cf25e8f803bf.pt
2026-07-30 15:07:10,002 INFO Code.src.utils.embedding_cache: Using cached frozen embeddings: /home/ubuntu/protein-sequence-augmentation/data/processed/embeddings/solubility/esm2/shared/valid_b2825cbd185e09fb.pt
2026-07-30 15:07:10,012 INFO Code.src.utils.embedding_cache: Using cached frozen embeddings: /home/ubuntu/protein-sequence-augmentation/data/processed/embeddings/solubility/esm2/shared/test_9974088dbbc318da.pt
2026-07-30 15:07:10,016 INFO Code.src.training.classification_pipeline: Epoch 1/30
2026-07-30 15:07:18,715 INFO Code.src.training.classification_pipeline: Epoch 1: train loss 0.6235, val loss 0.6034, val accuracy 0.6642
2026-07-30 15:07:18,715 INFO Code.src.training.classification_pipeline: Epoch 2/30
2026-07-30 15:07:27,435 INFO Code.src.training.classification_pipeline: Epoch 2: train loss 0.6036, val loss 0.5926, val accuracy 0.6763
2026-07-30 15:07:27,435 INFO Code.src.training.classification_pipeline: Epoch 3/30
2026-07-30 15:07:36,010 INFO Code.src.training.classification_pipeline: Epoch 3: train loss 0.5938, val loss 0.5866, val accuracy 0.6821
2026-07-30 15:07:36,010 INFO Code.src.training.classification_pipeline: Epoch 4/30
2026-07-30 15:07:44,702 INFO Code.src.training.classification_pipeline: Epoch 4: train loss 0.5866, val loss 0.5835, val accuracy 0.6793
2026-07-30 15:07:44,702 INFO Code.src.training.classification_pipeline: Epoch 5/30
2026-07-30 15:07:53,375 INFO Code.src.training.classification_pipeline: Epoch 5: train loss 0.5808, val loss 0.5787, val accuracy 0.6819
2026-07-30 15:07:53,375 INFO Code.src.training.classification_pipeline: Epoch 6/30
2026-07-30 15:08:02,164 INFO Code.src.training.classification_pipeline: Epoch 6: train loss 0.5764, val loss 0.5748, val accuracy 0.6894
2026-07-30 15:08:02,164 INFO Code.src.training.classification_pipeline: Epoch 7/30
2026-07-30 15:08:10,774 INFO Code.src.training.classification_pipeline: Epoch 7: train loss 0.5720, val loss 0.5713, val accuracy 0.6904
2026-07-30 15:08:10,774 INFO Code.src.training.classification_pipeline: Epoch 8/30
2026-07-30 15:08:19,363 INFO Code.src.training.classification_pipeline: Epoch 8: train loss 0.5676, val loss 0.5709, val accuracy 0.6939
2026-07-30 15:08:19,363 INFO Code.src.training.classification_pipeline: Epoch 9/30
2026-07-30 15:08:28,028 INFO Code.src.training.classification_pipeline: Epoch 9: train loss 0.5638, val loss 0.5689, val accuracy 0.6940
2026-07-30 15:08:28,028 INFO Code.src.training.classification_pipeline: Epoch 10/30
2026-07-30 15:08:36,535 INFO Code.src.training.classification_pipeline: Epoch 10: train loss 0.5609, val loss 0.5682, val accuracy 0.6922
2026-07-30 15:08:36,535 INFO Code.src.training.classification_pipeline: Epoch 11/30
2026-07-30 15:08:45,012 INFO Code.src.training.classification_pipeline: Epoch 11: train loss 0.5573, val loss 0.5672, val accuracy 0.6962
2026-07-30 15:08:45,012 INFO Code.src.training.classification_pipeline: Epoch 12/30
2026-07-30 15:08:53,654 INFO Code.src.training.classification_pipeline: Epoch 12: train loss 0.5537, val loss 0.5655, val accuracy 0.6972
2026-07-30 15:08:53,654 INFO Code.src.training.classification_pipeline: Epoch 13/30
2026-07-30 15:09:02,345 INFO Code.src.training.classification_pipeline: Epoch 13: train loss 0.5527, val loss 0.5608, val accuracy 0.6994
2026-07-30 15:09:02,346 INFO Code.src.training.classification_pipeline: Epoch 14/30
2026-07-30 15:09:10,938 INFO Code.src.training.classification_pipeline: Epoch 14: train loss 0.5486, val loss 0.5585, val accuracy 0.6997
2026-07-30 15:09:10,938 INFO Code.src.training.classification_pipeline: Epoch 15/30
2026-07-30 15:09:19,446 INFO Code.src.training.classification_pipeline: Epoch 15: train loss 0.5461, val loss 0.5583, val accuracy 0.7040
2026-07-30 15:09:19,446 INFO Code.src.training.classification_pipeline: Epoch 16/30
2026-07-30 15:09:28,157 INFO Code.src.training.classification_pipeline: Epoch 16: train loss 0.5452, val loss 0.5578, val accuracy 0.6991
2026-07-30 15:09:28,157 INFO Code.src.training.classification_pipeline: Epoch 17/30
2026-07-30 15:09:36,828 INFO Code.src.training.classification_pipeline: Epoch 17: train loss 0.5416, val loss 0.5597, val accuracy 0.7031
2026-07-30 15:09:36,828 INFO Code.src.training.classification_pipeline: Epoch 18/30
2026-07-30 15:09:45,526 INFO Code.src.training.classification_pipeline: Epoch 18: train loss 0.5398, val loss 0.5648, val accuracy 0.6958
2026-07-30 15:09:45,526 INFO Code.src.training.classification_pipeline: Epoch 19/30
2026-07-30 15:09:54,226 INFO Code.src.training.classification_pipeline: Epoch 19: train loss 0.5369, val loss 0.5588, val accuracy 0.7040
2026-07-30 15:09:54,226 INFO Code.src.training.classification_pipeline: Epoch 20/30
2026-07-30 15:10:02,900 INFO Code.src.training.classification_pipeline: Epoch 20: train loss 0.5356, val loss 0.5589, val accuracy 0.7057
2026-07-30 15:10:02,900 INFO Code.src.training.classification_pipeline: Epoch 21/30
2026-07-30 15:10:11,559 INFO Code.src.training.classification_pipeline: Epoch 21: train loss 0.5332, val loss 0.5570, val accuracy 0.7018
2026-07-30 15:10:11,559 INFO Code.src.training.classification_pipeline: Epoch 22/30
2026-07-30 15:10:20,014 INFO Code.src.training.classification_pipeline: Epoch 22: train loss 0.5315, val loss 0.5571, val accuracy 0.7043
2026-07-30 15:10:20,014 INFO Code.src.training.classification_pipeline: Epoch 23/30
2026-07-30 15:10:28,705 INFO Code.src.training.classification_pipeline: Epoch 23: train loss 0.5300, val loss 0.5536, val accuracy 0.7048
2026-07-30 15:10:28,705 INFO Code.src.training.classification_pipeline: Epoch 24/30
2026-07-30 15:10:37,367 INFO Code.src.training.classification_pipeline: Epoch 24: train loss 0.5278, val loss 0.5574, val accuracy 0.7054
2026-07-30 15:10:37,367 INFO Code.src.training.classification_pipeline: Epoch 25/30
2026-07-30 15:10:45,872 INFO Code.src.training.classification_pipeline: Epoch 25: train loss 0.5285, val loss 0.5574, val accuracy 0.7066
2026-07-30 15:10:45,872 INFO Code.src.training.classification_pipeline: Epoch 26/30
2026-07-30 15:10:54,420 INFO Code.src.training.classification_pipeline: Epoch 26: train loss 0.5255, val loss 0.5668, val accuracy 0.7031
2026-07-30 15:10:54,420 INFO Code.src.training.classification_pipeline: Epoch 27/30
2026-07-30 15:11:03,092 INFO Code.src.training.classification_pipeline: Epoch 27: train loss 0.5224, val loss 0.5539, val accuracy 0.7053
2026-07-30 15:11:03,092 INFO Code.src.training.classification_pipeline: Epoch 28/30
2026-07-30 15:11:11,824 INFO Code.src.training.classification_pipeline: Epoch 28: train loss 0.5196, val loss 0.5564, val accuracy 0.7106
2026-07-30 15:11:11,824 INFO Code.src.training.classification_pipeline: Early stopping at epoch 28.
2026-07-30 15:11:11,964 INFO Code.src.training.classification_pipeline: Test Loss: 0.6607 | Test Acc: 0.6483 | Test F1 (Macro): 0.6391
