2026-07-25 12:28:51,161 INFO __main__: Using cached frozen embeddings: /home/ubuntu/research/protein-sequence-augmentation/data/processed/embeddings/solubility/trained_autoencoder/shared/train_aca2e7f82ea59e5f.pt
2026-07-25 12:28:51,198 INFO __main__: Using cached frozen embeddings: /home/ubuntu/research/protein-sequence-augmentation/data/processed/embeddings/solubility/trained_autoencoder/shared/valid_04c5b7b88272c605.pt
2026-07-25 12:28:51,210 INFO Code.src.training.classification_pipeline: Epoch 1/30
2026-07-25 12:29:50,009 INFO Code.src.training.classification_pipeline: Epoch 1: train loss 0.5719, val loss 0.5365, val accuracy 0.7113
2026-07-25 12:29:50,010 INFO Code.src.training.classification_pipeline: Epoch 2/30
2026-07-25 12:30:49,042 INFO Code.src.training.classification_pipeline: Epoch 2: train loss 0.5324, val loss 0.5277, val accuracy 0.7192
2026-07-25 12:30:49,043 INFO Code.src.training.classification_pipeline: Epoch 3/30
2026-07-25 12:31:37,073 INFO Code.src.training.classification_pipeline: Epoch 3: train loss 0.5156, val loss 0.5208, val accuracy 0.7240
2026-07-25 12:31:37,073 INFO Code.src.training.classification_pipeline: Epoch 4/30
2026-07-25 12:32:35,799 INFO Code.src.training.classification_pipeline: Epoch 4: train loss 0.5050, val loss 0.5193, val accuracy 0.7210
2026-07-25 12:32:35,799 INFO Code.src.training.classification_pipeline: Epoch 5/30
2026-07-25 12:33:32,450 INFO Code.src.training.classification_pipeline: Epoch 5: train loss 0.4937, val loss 0.5223, val accuracy 0.7269
2026-07-25 12:33:32,450 INFO Code.src.training.classification_pipeline: Epoch 6/30
2026-07-25 12:34:22,238 INFO Code.src.training.classification_pipeline: Epoch 6: train loss 0.4842, val loss 0.5234, val accuracy 0.7264
2026-07-25 12:34:22,238 INFO Code.src.training.classification_pipeline: Epoch 7/30
2026-07-25 12:35:20,988 INFO Code.src.training.classification_pipeline: Epoch 7: train loss 0.4766, val loss 0.5272, val accuracy 0.7243
2026-07-25 12:35:20,988 INFO Code.src.training.classification_pipeline: Epoch 8/30
2026-07-25 12:36:08,554 INFO Code.src.training.classification_pipeline: Epoch 8: train loss 0.4689, val loss 0.5370, val accuracy 0.7228
2026-07-25 12:36:08,554 INFO Code.src.training.classification_pipeline: Epoch 9/30
2026-07-25 12:37:07,301 INFO Code.src.training.classification_pipeline: Epoch 9: train loss 0.4622, val loss 0.5423, val accuracy 0.7156
2026-07-25 12:37:07,301 INFO Code.src.training.classification_pipeline: Early stopping at epoch 9.
