2026-07-26 20:57:56,772 INFO __main__: Using cached frozen embeddings: /home/ubuntu/research/protein-sequence-augmentation/data/processed/embeddings/solubility/random_autoencoder/seed_43/train_eb6c20899c3bb661.pt
2026-07-26 20:57:56,813 INFO __main__: Using cached frozen embeddings: /home/ubuntu/research/protein-sequence-augmentation/data/processed/embeddings/solubility/random_autoencoder/seed_43/valid_6404a18e24fc43d3.pt
2026-07-26 20:57:56,825 INFO __main__: Using cached frozen embeddings: /home/ubuntu/research/protein-sequence-augmentation/data/processed/embeddings/solubility/random_autoencoder/seed_43/test_8cbc9ff708d0b344.pt
2026-07-26 20:57:56,829 INFO Code.src.training.classification_pipeline: Epoch 1/30
2026-07-26 20:58:54,009 INFO Code.src.training.classification_pipeline: Epoch 1: train loss 0.6732, val loss 0.6598, val accuracy 0.6063
2026-07-26 20:58:54,009 INFO Code.src.training.classification_pipeline: Epoch 2/30
2026-07-26 20:59:57,666 INFO Code.src.training.classification_pipeline: Epoch 2: train loss 0.6624, val loss 0.6533, val accuracy 0.6126
2026-07-26 20:59:57,666 INFO Code.src.training.classification_pipeline: Epoch 3/30
2026-07-26 21:01:01,279 INFO Code.src.training.classification_pipeline: Epoch 3: train loss 0.6591, val loss 0.6512, val accuracy 0.6150
2026-07-26 21:01:01,279 INFO Code.src.training.classification_pipeline: Epoch 4/30
2026-07-26 21:02:05,174 INFO Code.src.training.classification_pipeline: Epoch 4: train loss 0.6577, val loss 0.6647, val accuracy 0.6010
2026-07-26 21:02:05,174 INFO Code.src.training.classification_pipeline: Epoch 5/30
2026-07-26 21:02:57,785 INFO Code.src.training.classification_pipeline: Epoch 5: train loss 0.6545, val loss 0.6501, val accuracy 0.6213
2026-07-26 21:02:57,785 INFO Code.src.training.classification_pipeline: Epoch 6/30
2026-07-26 21:04:01,697 INFO Code.src.training.classification_pipeline: Epoch 6: train loss 0.6536, val loss 0.6464, val accuracy 0.6216
2026-07-26 21:04:01,697 INFO Code.src.training.classification_pipeline: Epoch 7/30
2026-07-26 21:05:05,660 INFO Code.src.training.classification_pipeline: Epoch 7: train loss 0.6521, val loss 0.6471, val accuracy 0.6222
2026-07-26 21:05:05,661 INFO Code.src.training.classification_pipeline: Epoch 8/30
2026-07-26 21:06:09,749 INFO Code.src.training.classification_pipeline: Epoch 8: train loss 0.6504, val loss 0.6471, val accuracy 0.6199
2026-07-26 21:06:09,749 INFO Code.src.training.classification_pipeline: Epoch 9/30
2026-07-26 21:06:57,059 INFO Code.src.training.classification_pipeline: Epoch 9: train loss 0.6479, val loss 0.6397, val accuracy 0.6207
2026-07-26 21:06:57,059 INFO Code.src.training.classification_pipeline: Epoch 10/30
2026-07-26 21:07:55,099 INFO Code.src.training.classification_pipeline: Epoch 10: train loss 0.6471, val loss 0.6386, val accuracy 0.6229
2026-07-26 21:07:55,099 INFO Code.src.training.classification_pipeline: Epoch 11/30
2026-07-26 21:08:58,914 INFO Code.src.training.classification_pipeline: Epoch 11: train loss 0.6447, val loss 0.6390, val accuracy 0.6245
2026-07-26 21:08:58,914 INFO Code.src.training.classification_pipeline: Epoch 12/30
2026-07-26 21:10:02,763 INFO Code.src.training.classification_pipeline: Epoch 12: train loss 0.6433, val loss 0.6358, val accuracy 0.6268
2026-07-26 21:10:02,763 INFO Code.src.training.classification_pipeline: Epoch 13/30
2026-07-26 21:11:06,566 INFO Code.src.training.classification_pipeline: Epoch 13: train loss 0.6428, val loss 0.6326, val accuracy 0.6295
2026-07-26 21:11:06,567 INFO Code.src.training.classification_pipeline: Epoch 14/30
2026-07-26 21:11:48,798 INFO Code.src.training.classification_pipeline: Epoch 14: train loss 0.6396, val loss 0.6375, val accuracy 0.6327
2026-07-26 21:11:48,798 INFO Code.src.training.classification_pipeline: Epoch 15/30
2026-07-26 21:12:52,674 INFO Code.src.training.classification_pipeline: Epoch 15: train loss 0.6389, val loss 0.6283, val accuracy 0.6311
2026-07-26 21:12:52,674 INFO Code.src.training.classification_pipeline: Epoch 16/30
2026-07-26 21:13:56,392 INFO Code.src.training.classification_pipeline: Epoch 16: train loss 0.6377, val loss 0.6303, val accuracy 0.6330
2026-07-26 21:13:56,392 INFO Code.src.training.classification_pipeline: Epoch 17/30
2026-07-26 21:15:00,147 INFO Code.src.training.classification_pipeline: Epoch 17: train loss 0.6377, val loss 0.6513, val accuracy 0.6089
2026-07-26 21:15:00,147 INFO Code.src.training.classification_pipeline: Epoch 18/30
2026-07-26 21:15:50,115 INFO Code.src.training.classification_pipeline: Epoch 18: train loss 0.6364, val loss 0.6523, val accuracy 0.6075
2026-07-26 21:15:50,115 INFO Code.src.training.classification_pipeline: Epoch 19/30
2026-07-26 21:16:44,392 INFO Code.src.training.classification_pipeline: Epoch 19: train loss 0.6359, val loss 0.6458, val accuracy 0.6102
2026-07-26 21:16:44,392 INFO Code.src.training.classification_pipeline: Epoch 20/30
2026-07-26 21:17:48,262 INFO Code.src.training.classification_pipeline: Epoch 20: train loss 0.6372, val loss 0.6258, val accuracy 0.6304
2026-07-26 21:17:48,262 INFO Code.src.training.classification_pipeline: Epoch 21/30
2026-07-26 21:18:51,935 INFO Code.src.training.classification_pipeline: Epoch 21: train loss 0.6352, val loss 0.6257, val accuracy 0.6288
2026-07-26 21:18:51,935 INFO Code.src.training.classification_pipeline: Epoch 22/30
2026-07-26 21:19:55,689 INFO Code.src.training.classification_pipeline: Epoch 22: train loss 0.6359, val loss 0.6259, val accuracy 0.6371
2026-07-26 21:19:55,689 INFO Code.src.training.classification_pipeline: Epoch 23/30
2026-07-26 21:20:38,433 INFO Code.src.training.classification_pipeline: Epoch 23: train loss 0.6352, val loss 0.6243, val accuracy 0.6384
2026-07-26 21:20:38,433 INFO Code.src.training.classification_pipeline: Epoch 24/30
2026-07-26 21:21:42,217 INFO Code.src.training.classification_pipeline: Epoch 24: train loss 0.6331, val loss 0.6395, val accuracy 0.6180
2026-07-26 21:21:42,217 INFO Code.src.training.classification_pipeline: Epoch 25/30
2026-07-26 21:22:45,887 INFO Code.src.training.classification_pipeline: Epoch 25: train loss 0.6334, val loss 0.6235, val accuracy 0.6413
2026-07-26 21:22:45,887 INFO Code.src.training.classification_pipeline: Epoch 26/30
2026-07-26 21:23:49,730 INFO Code.src.training.classification_pipeline: Epoch 26: train loss 0.6321, val loss 0.6236, val accuracy 0.6396
2026-07-26 21:23:49,730 INFO Code.src.training.classification_pipeline: Epoch 27/30
2026-07-26 21:24:43,673 INFO Code.src.training.classification_pipeline: Epoch 27: train loss 0.6325, val loss 0.6426, val accuracy 0.6210
2026-07-26 21:24:43,673 INFO Code.src.training.classification_pipeline: Epoch 28/30
2026-07-26 21:25:34,834 INFO Code.src.training.classification_pipeline: Epoch 28: train loss 0.6322, val loss 0.6372, val accuracy 0.6247
2026-07-26 21:25:34,834 INFO Code.src.training.classification_pipeline: Epoch 29/30
2026-07-26 21:26:38,588 INFO Code.src.training.classification_pipeline: Epoch 29: train loss 0.6311, val loss 0.6212, val accuracy 0.6422
2026-07-26 21:26:38,588 INFO Code.src.training.classification_pipeline: Epoch 30/30
2026-07-26 21:27:42,316 INFO Code.src.training.classification_pipeline: Epoch 30: train loss 0.6339, val loss 0.6218, val accuracy 0.6456
2026-07-26 21:27:43,988 INFO Code.src.training.classification_pipeline: Test Loss: 0.6361 | Test Acc: 0.6378 | Test F1 (Macro): 0.6319
