2026-08-04 00:30:52,436 INFO Code.src.models.classifier: Using ESM-2 encoder on cuda:0
2026-08-04 00:30:52,438 INFO Code.src.training.classification_pipeline: Unfreezing the complete ESM-2 encoder.
2026-08-04 00:30:52,438 INFO Code.src.training.classification_pipeline: Epoch 1/30
2026-08-04 00:51:24,343 INFO Code.src.training.classification_pipeline: Epoch 1: train loss 0.5104, val loss 0.4740, val accuracy 0.7596
2026-08-04 00:51:24,343 INFO Code.src.training.classification_pipeline: Epoch 2/30
2026-08-04 01:11:48,818 INFO Code.src.training.classification_pipeline: Epoch 2: train loss 0.4563, val loss 0.4735, val accuracy 0.7602
2026-08-04 01:11:48,818 INFO Code.src.training.classification_pipeline: Epoch 3/30
2026-08-04 01:32:14,060 INFO Code.src.training.classification_pipeline: Epoch 3: train loss 0.4274, val loss 0.4583, val accuracy 0.7694
2026-08-04 01:32:14,060 INFO Code.src.training.classification_pipeline: Epoch 4/30
2026-08-04 01:52:41,793 INFO Code.src.training.classification_pipeline: Epoch 4: train loss 0.3953, val loss 0.5196, val accuracy 0.7671
2026-08-04 01:52:41,793 INFO Code.src.training.classification_pipeline: Epoch 5/30
2026-08-04 02:13:06,435 INFO Code.src.training.classification_pipeline: Epoch 5: train loss 0.3569, val loss 0.5160, val accuracy 0.7665
2026-08-04 02:13:06,435 INFO Code.src.training.classification_pipeline: Epoch 6/30
2026-08-04 02:33:30,645 INFO Code.src.training.classification_pipeline: Epoch 6: train loss 0.3106, val loss 0.6552, val accuracy 0.7615
2026-08-04 02:33:30,645 INFO Code.src.training.classification_pipeline: Epoch 7/30
2026-08-04 02:53:59,374 INFO Code.src.training.classification_pipeline: Epoch 7: train loss 0.2554, val loss 0.8905, val accuracy 0.7545
2026-08-04 02:53:59,374 INFO Code.src.training.classification_pipeline: Epoch 8/30
2026-08-04 03:14:23,263 INFO Code.src.training.classification_pipeline: Epoch 8: train loss 0.2103, val loss 1.0861, val accuracy 0.7450
2026-08-04 03:14:23,263 INFO Code.src.training.classification_pipeline: Early stopping at epoch 8.
2026-08-04 03:14:45,603 INFO Code.src.training.classification_pipeline: Test Loss: 0.5270 | Test Acc: 0.7309 | Test F1 (Macro): 0.7282
